/home/guangzhao/zuogou/plugrl/bridges-venv/lib/python3.12/site-packages/tyro/_parsers.py:365: UserWarning: The field `wandb-entity` is annotated with type `<class 'str'>`, but the default value `None` has type `<class 'NoneType'>`. We'll try to handle this gracefully, but it may cause unexpected behavior.
  warnings.warn(message)
/home/guangzhao/zuogou/plugrl/bridges-venv/lib/python3.12/site-packages/tyro/_parsers.py:365: UserWarning: The field `target-kl` is annotated with type `<class 'float'>`, but the default value `None` has type `<class 'NoneType'>`. We'll try to handle this gracefully, but it may cause unexpected behavior.
  warnings.warn(message)
plugrl-bridges: slots 0-0 <- ('127.0.0.1', 47980)
plugrl-bridges: slots 1-1 <- ('127.0.0.1', 47996)
plugrl-bridges: slots 2-2 <- ('127.0.0.1', 48008)
plugrl-bridges: slots 3-3 <- ('127.0.0.1', 48020)
plugrl-bridges: slots 4-4 <- ('127.0.0.1', 48026)
plugrl-bridges: slots 5-5 <- ('127.0.0.1', 48042)
plugrl-bridges: slots 6-6 <- ('127.0.0.1', 48054)
plugrl-bridges: slots 7-7 <- ('127.0.0.1', 48066)
plugrl-bridges: slots 8-8 <- ('127.0.0.1', 48078)
plugrl-bridges: slots 9-9 <- ('127.0.0.1', 48082)
plugrl-bridges: slots 10-10 <- ('127.0.0.1', 48086)
plugrl-bridges: slots 11-11 <- ('127.0.0.1', 48108)
plugrl-bridges: slots 12-12 <- ('127.0.0.1', 48100)
plugrl-bridges: slots 13-13 <- ('127.0.0.1', 48122)
plugrl-bridges: slots 14-14 <- ('127.0.0.1', 48136)
plugrl-bridges: slots 15-15 <- ('127.0.0.1', 48140)
SPS: 5684
SPS: 5689
SPS: 5765
global_step=16000, episodic_return=-338.7896627083537
global_step=16000, episodic_return=-368.1031051713653
global_step=16000, episodic_return=-424.12147709087003
global_step=16000, episodic_return=-314.4840553329341
global_step=16000, episodic_return=-420.7430941364728
global_step=16000, episodic_return=-268.87472992003313
global_step=16000, episodic_return=-422.07525326436735
global_step=16000, episodic_return=-365.72223095699155
global_step=16000, episodic_return=-342.3234929435421
global_step=16000, episodic_return=-335.6077915400965
global_step=16000, episodic_return=-496.53144855235587
global_step=16000, episodic_return=-395.0701953479147
global_step=16000, episodic_return=-318.7620358633576
global_step=16000, episodic_return=-298.98760918613334
global_step=16000, episodic_return=-343.30751487032944
global_step=16000, episodic_return=-347.4580378649116
SPS: 5781
SPS: 5789
SPS: 5786
SPS: 5781
global_step=32000, episodic_return=-312.6485902359709
global_step=32000, episodic_return=-139.44091140147066
global_step=32000, episodic_return=-260.8045231850483
global_step=32000, episodic_return=-296.6043226069305
global_step=32000, episodic_return=-274.02770663937554
global_step=32000, episodic_return=-266.8354493173538
global_step=32000, episodic_return=-327.3410603088123
global_step=32000, episodic_return=-261.52312789822463
global_step=32000, episodic_return=-263.2140015063924
global_step=32000, episodic_return=-242.89022816577926
global_step=32000, episodic_return=-325.97153001975676
global_step=32000, episodic_return=-219.68361997161992
global_step=32000, episodic_return=-372.5017677247524
global_step=32000, episodic_return=-306.27848653506953
global_step=32000, episodic_return=-316.1145728675474
global_step=32000, episodic_return=-172.11748716403963
SPS: 5785
SPS: 5788
SPS: 5792
SPS: 5789
global_step=48000, episodic_return=-290.7264414911624
global_step=48000, episodic_return=-311.2103868102422
global_step=48000, episodic_return=-263.1384407574078
global_step=48000, episodic_return=-221.54520121056703
global_step=48000, episodic_return=-221.44316814601189
global_step=48000, episodic_return=-183.57950761908432
global_step=48000, episodic_return=-236.97937359643402
global_step=48000, episodic_return=-176.1257216836093
global_step=48000, episodic_return=-251.6178616283578
global_step=48000, episodic_return=-315.4429754877783
global_step=48000, episodic_return=-235.6270678442088
global_step=48000, episodic_return=-281.41206954504014
global_step=48000, episodic_return=-334.73590117460117
global_step=48000, episodic_return=-284.7238145624142
global_step=48000, episodic_return=-202.95682281037443
global_step=48000, episodic_return=-236.35024935629917
SPS: 5785
SPS: 5785
SPS: 5788
SPS: 5784
global_step=64000, episodic_return=-234.9492997317284
global_step=64000, episodic_return=-272.1766156630474
global_step=64000, episodic_return=-119.13115744253446
global_step=64000, episodic_return=-215.59548410447314
global_step=64000, episodic_return=-168.98800295154797
global_step=64000, episodic_return=-170.00244456288056
global_step=64000, episodic_return=-183.73117302014725
global_step=64000, episodic_return=-198.29424564695364
global_step=64000, episodic_return=-192.59028497950567
global_step=64000, episodic_return=-112.2110824182746
global_step=64000, episodic_return=-219.11481515169726
global_step=64000, episodic_return=-202.56130194780417
global_step=64000, episodic_return=-194.9218585802446
global_step=64000, episodic_return=-180.0343259830115
global_step=64000, episodic_return=-200.40032086279825
global_step=64000, episodic_return=-222.56297625866137
SPS: 5785
SPS: 5789
SPS: 5799
SPS: 5793
global_step=80000, episodic_return=-136.87920678625233
global_step=80000, episodic_return=-139.82003467087634
global_step=80000, episodic_return=-253.19952078239294
global_step=80000, episodic_return=-172.7832773856353
global_step=80000, episodic_return=-129.53612988302484
global_step=80000, episodic_return=-130.21282358589815
global_step=80000, episodic_return=-128.6371483722396
global_step=80000, episodic_return=-123.80851234833244
global_step=80000, episodic_return=-216.81989659002284
global_step=80000, episodic_return=-160.92531528824475
global_step=80000, episodic_return=-298.0807074768818
global_step=80000, episodic_return=-190.78094522177707
global_step=80000, episodic_return=-135.8278435140528
global_step=80000, episodic_return=-210.97179661109112
global_step=80000, episodic_return=-146.89510072034318
global_step=80000, episodic_return=-254.98002545681084
SPS: 5787
SPS: 5790
SPS: 5798
SPS: 5801
global_step=96000, episodic_return=-58.74040041642729
global_step=96000, episodic_return=-91.7235294940183
global_step=96000, episodic_return=-9.2113213094417
global_step=96000, episodic_return=-77.60464261553716
global_step=96000, episodic_return=-114.04251105105504
global_step=96000, episodic_return=10.426801564048219
global_step=96000, episodic_return=-70.24721612448047
global_step=96000, episodic_return=-57.6110405192012
global_step=96000, episodic_return=-93.30085946072359
global_step=96000, episodic_return=-36.50249910505954
global_step=96000, episodic_return=-2.9103269866755
global_step=96000, episodic_return=-87.94699862616835
global_step=96000, episodic_return=-29.751293668028666
global_step=96000, episodic_return=-122.92456909695466
global_step=96000, episodic_return=-69.39378902432509
global_step=96000, episodic_return=-62.53814579604659
SPS: 5802
SPS: 5801
SPS: 5799
SPS: 5802
global_step=112000, episodic_return=109.01132017164491
global_step=112000, episodic_return=14.894908448215574
global_step=112000, episodic_return=-11.363875516457483
global_step=112000, episodic_return=53.07921378001629
global_step=112000, episodic_return=74.1523848050274
global_step=112000, episodic_return=82.69024664442986
global_step=112000, episodic_return=81.89834011148196
global_step=112000, episodic_return=-31.02705696535122
global_step=112000, episodic_return=90.25770424189977
global_step=112000, episodic_return=36.04081654956099
global_step=112000, episodic_return=13.147032315144315
global_step=112000, episodic_return=5.621287819580175
global_step=112000, episodic_return=7.117134429397993
global_step=112000, episodic_return=13.256678656558506
global_step=112000, episodic_return=56.05560471769422
global_step=112000, episodic_return=72.84994277893566
SPS: 5798
SPS: 5804
SPS: 5807
SPS: 5808
global_step=128000, episodic_return=160.78324416218675
global_step=128000, episodic_return=141.7364454898052
global_step=128000, episodic_return=207.35318811218895
global_step=128000, episodic_return=208.37135542780743
global_step=128000, episodic_return=133.93003258982208
global_step=128000, episodic_return=126.55568988481537
global_step=128000, episodic_return=167.54843576229177
global_step=128000, episodic_return=119.563737338176
global_step=128000, episodic_return=112.13094540429302
global_step=128000, episodic_return=167.28544071537908
global_step=128000, episodic_return=136.2945182460826
global_step=128000, episodic_return=109.91196289262734
global_step=128000, episodic_return=177.16090748016723
global_step=128000, episodic_return=89.65166197845247
global_step=128000, episodic_return=143.14735827571712
global_step=128000, episodic_return=79.95248077320866
SPS: 5810
SPS: 5816
SPS: 5814
SPS: 5812
global_step=144000, episodic_return=208.7287083217816
global_step=144000, episodic_return=152.4859499958111
global_step=144000, episodic_return=290.3457944476977
global_step=144000, episodic_return=284.0375583693385
global_step=144000, episodic_return=289.0950966574601
global_step=144000, episodic_return=314.8110809060745
global_step=144000, episodic_return=227.34489200258395
global_step=144000, episodic_return=266.43622397165745
global_step=144000, episodic_return=265.02001103818475
global_step=144000, episodic_return=154.383466191357
global_step=144000, episodic_return=303.00203019790933
global_step=144000, episodic_return=239.39954977312118
global_step=144000, episodic_return=95.50057397862838
global_step=144000, episodic_return=209.96368872432504
global_step=144000, episodic_return=305.060804280336
global_step=144000, episodic_return=57.74351173301693
SPS: 5814
SPS: 5816
SPS: 5815
SPS: 5818
global_step=160000, episodic_return=377.70131219745963
global_step=160000, episodic_return=215.50632082941593
global_step=160000, episodic_return=314.91011331800837
global_step=160000, episodic_return=296.0875737546012
global_step=160000, episodic_return=347.6584052562248
global_step=160000, episodic_return=362.80739584111143
global_step=160000, episodic_return=93.21340316621354
global_step=160000, episodic_return=171.93907939561177
global_step=160000, episodic_return=345.75678778480506
global_step=160000, episodic_return=279.4999600299634
global_step=160000, episodic_return=258.4766678625019
global_step=160000, episodic_return=339.040810035076
global_step=160000, episodic_return=288.47262626397423
global_step=160000, episodic_return=258.757396267727
global_step=160000, episodic_return=387.49653727468103
global_step=160000, episodic_return=306.92018408630975
SPS: 5819
SPS: 5816
SPS: 5815
global_step=176000, episodic_return=336.87046947551426
global_step=176000, episodic_return=394.091287582065
global_step=176000, episodic_return=292.4033201132843
global_step=176000, episodic_return=443.0083713466229
global_step=176000, episodic_return=350.27268586307764
global_step=176000, episodic_return=448.0996925518848
global_step=176000, episodic_return=388.0557415074436
global_step=176000, episodic_return=360.8034607778209
global_step=176000, episodic_return=268.3656999665327
global_step=176000, episodic_return=392.81052566180006
global_step=176000, episodic_return=335.4971206143964
global_step=176000, episodic_return=401.37953185557853
global_step=176000, episodic_return=435.59302916994784
global_step=176000, episodic_return=445.1845591022866
global_step=176000, episodic_return=410.321877836599
global_step=176000, episodic_return=336.9861544323794
SPS: 5816
SPS: 5817
SPS: 5816
SPS: 5815
global_step=192000, episodic_return=491.075501044048
global_step=192000, episodic_return=452.1464770366438
global_step=192000, episodic_return=474.98320110014174
global_step=192000, episodic_return=335.18203392694704
global_step=192000, episodic_return=389.99226310569793
global_step=192000, episodic_return=503.95051122212317
global_step=192000, episodic_return=442.30194058606867
global_step=192000, episodic_return=429.3723182370886
global_step=192000, episodic_return=405.40977426356403
global_step=192000, episodic_return=491.4304539024015
global_step=192000, episodic_return=444.44203795457724
global_step=192000, episodic_return=550.2753391508013
global_step=192000, episodic_return=435.7227751472965
global_step=192000, episodic_return=479.3193030277034
global_step=192000, episodic_return=404.6279243224999
global_step=192000, episodic_return=512.8452499001287
SPS: 5811
SPS: 5810
SPS: 5811
SPS: 5810
global_step=208000, episodic_return=497.8343577355263
global_step=208000, episodic_return=410.1254768553772
global_step=208000, episodic_return=502.3716617227183
global_step=208000, episodic_return=471.6259147627279
global_step=208000, episodic_return=433.70373260496126
global_step=208000, episodic_return=342.9900384628854
global_step=208000, episodic_return=250.95089091134287
global_step=208000, episodic_return=502.62446867048857
global_step=208000, episodic_return=504.3591129210936
global_step=208000, episodic_return=467.6063867810881
global_step=208000, episodic_return=524.5147584487568
global_step=208000, episodic_return=458.34468316567654
global_step=208000, episodic_return=539.3022870144923
global_step=208000, episodic_return=455.51641707809176
global_step=208000, episodic_return=477.4281586345169
global_step=208000, episodic_return=470.48127383948304
SPS: 5813
SPS: 5815
SPS: 5811
SPS: 5815
global_step=224000, episodic_return=549.976604974363
global_step=224000, episodic_return=522.1846739889588
global_step=224000, episodic_return=461.1862221491174
global_step=224000, episodic_return=529.9466258455068
global_step=224000, episodic_return=464.27356730931206
global_step=224000, episodic_return=507.0658562888275
global_step=224000, episodic_return=576.9192548866849
global_step=224000, episodic_return=511.94234449754003
global_step=224000, episodic_return=447.42623156501213
global_step=224000, episodic_return=555.679409825243
global_step=224000, episodic_return=586.782679295371
global_step=224000, episodic_return=574.946179704275
global_step=224000, episodic_return=460.53483495139517
global_step=224000, episodic_return=543.2881767242216
global_step=224000, episodic_return=492.9763464315329
global_step=224000, episodic_return=488.025286985212
SPS: 5811
SPS: 5804
SPS: 5803
SPS: 5805
global_step=240000, episodic_return=500.0695283064342
global_step=240000, episodic_return=558.1797158755362
global_step=240000, episodic_return=633.7521358373342
global_step=240000, episodic_return=604.7915579150431
global_step=240000, episodic_return=608.6880171610974
global_step=240000, episodic_return=588.8795346012339
global_step=240000, episodic_return=587.6021600055974
global_step=240000, episodic_return=583.0403802925721
global_step=240000, episodic_return=532.8643355984823
global_step=240000, episodic_return=566.387759182835
global_step=240000, episodic_return=560.7580320738489
global_step=240000, episodic_return=698.4239322945941
global_step=240000, episodic_return=602.2852060060832
global_step=240000, episodic_return=605.9970440102625
global_step=240000, episodic_return=494.34509080118005
global_step=240000, episodic_return=523.5835326621309
SPS: 5802
SPS: 5797
SPS: 5800
SPS: 5800
global_step=256000, episodic_return=579.7439277543017
global_step=256000, episodic_return=562.0516503794352
global_step=256000, episodic_return=616.7642578309751
global_step=256000, episodic_return=689.2587727587088
global_step=256000, episodic_return=552.9333808244555
global_step=256000, episodic_return=592.2534507845994
global_step=256000, episodic_return=585.4097321860027
global_step=256000, episodic_return=630.2161775351851
global_step=256000, episodic_return=641.0266986967763
global_step=256000, episodic_return=517.9703301363625
global_step=256000, episodic_return=600.8708166189026
global_step=256000, episodic_return=600.7857129108161
global_step=256000, episodic_return=669.7135991482064
global_step=256000, episodic_return=586.0668204606336
global_step=256000, episodic_return=649.4678902778542
global_step=256000, episodic_return=606.1122084007366
SPS: 5801
SPS: 5799
SPS: 5800
SPS: 5794
global_step=272000, episodic_return=674.7890400547622
global_step=272000, episodic_return=723.2272381216753
global_step=272000, episodic_return=640.8431572425179
global_step=272000, episodic_return=751.6040500347735
global_step=272000, episodic_return=644.4322474035434
global_step=272000, episodic_return=515.3087829944161
global_step=272000, episodic_return=737.5580060330685
global_step=272000, episodic_return=595.3362135552161
global_step=272000, episodic_return=633.8454580340185
global_step=272000, episodic_return=604.8608127071057
global_step=272000, episodic_return=792.0139868477127
global_step=272000, episodic_return=626.2471286998061
global_step=272000, episodic_return=657.3783215649892
global_step=272000, episodic_return=637.8951631048112
global_step=272000, episodic_return=659.3309684710111
global_step=272000, episodic_return=569.1421033581864
SPS: 5787
SPS: 5784
SPS: 5782
SPS: 5785
global_step=288000, episodic_return=748.9223988894373
global_step=288000, episodic_return=685.4323528354289
global_step=288000, episodic_return=664.6213524118648
global_step=288000, episodic_return=692.5613427658755
global_step=288000, episodic_return=715.8532358753728
global_step=288000, episodic_return=665.5996835991391
global_step=288000, episodic_return=585.2409488398916
global_step=288000, episodic_return=725.9655642383732
global_step=288000, episodic_return=716.2367605111795
global_step=288000, episodic_return=635.0740343915531
global_step=288000, episodic_return=719.9903136247303
global_step=288000, episodic_return=719.4670538699211
global_step=288000, episodic_return=649.3674593679607
global_step=288000, episodic_return=756.6634293397947
global_step=288000, episodic_return=688.4018500462407
global_step=288000, episodic_return=704.7248247014359
SPS: 5785
SPS: 5785
SPS: 5785
SPS: 5785
global_step=304000, episodic_return=636.7767989024451
global_step=304000, episodic_return=658.8661208531703
global_step=304000, episodic_return=701.214495280059
global_step=304000, episodic_return=684.5535049305763
global_step=304000, episodic_return=734.2888201620663
global_step=304000, episodic_return=650.5055120731704
global_step=304000, episodic_return=662.3380201896653
global_step=304000, episodic_return=665.5818496468146
global_step=304000, episodic_return=706.9793364454545
global_step=304000, episodic_return=746.8170257656602
global_step=304000, episodic_return=665.9573560003773
global_step=304000, episodic_return=686.7445801423673
global_step=304000, episodic_return=703.623728554463
global_step=304000, episodic_return=701.7139915907755
global_step=304000, episodic_return=723.3843819471076
global_step=304000, episodic_return=725.3558520190418
SPS: 5783
SPS: 5783
SPS: 5785
SPS: 5785
global_step=320000, episodic_return=706.8229971351102
global_step=320000, episodic_return=537.2198249512585
global_step=320000, episodic_return=665.7818812759942
global_step=320000, episodic_return=675.6861555422001
global_step=320000, episodic_return=770.8273987256689
global_step=320000, episodic_return=798.3444582718657
global_step=320000, episodic_return=740.1105495100492
global_step=320000, episodic_return=744.4471536036581
global_step=320000, episodic_return=853.8731785091804
global_step=320000, episodic_return=686.0654407351103
global_step=320000, episodic_return=719.6487829624675
global_step=320000, episodic_return=458.49484612385277
global_step=320000, episodic_return=746.3116758114097
global_step=320000, episodic_return=825.4503124586772
global_step=320000, episodic_return=700.2076047472656
global_step=320000, episodic_return=840.0832842923119
SPS: 5784
SPS: 5786
SPS: 5787
SPS: 5789
global_step=336000, episodic_return=771.206966349273
global_step=336000, episodic_return=691.4746801953297
global_step=336000, episodic_return=742.6264034642372
global_step=336000, episodic_return=817.0223700511269
global_step=336000, episodic_return=684.3455493063666
global_step=336000, episodic_return=815.5851295236498
global_step=336000, episodic_return=778.1684945346497
global_step=336000, episodic_return=730.2171643616166
global_step=336000, episodic_return=796.2717185448855
global_step=336000, episodic_return=832.886008612877
global_step=336000, episodic_return=797.46427822439
global_step=336000, episodic_return=780.0840400856687
global_step=336000, episodic_return=735.7705923558678
global_step=336000, episodic_return=875.8640151217114
global_step=336000, episodic_return=808.0886296869721
global_step=336000, episodic_return=855.6690859296359
SPS: 5784
SPS: 5783
SPS: 5783
global_step=352000, episodic_return=810.6052502799557
global_step=352000, episodic_return=814.6182525199838
global_step=352000, episodic_return=818.1182398427627
global_step=352000, episodic_return=796.0140600264422
global_step=352000, episodic_return=673.7547655620147
global_step=352000, episodic_return=737.3972080510575
global_step=352000, episodic_return=794.9020748032781
global_step=352000, episodic_return=773.0736486737151
global_step=352000, episodic_return=774.9450592538342
global_step=352000, episodic_return=862.8747687612195
global_step=352000, episodic_return=816.1237239270558
global_step=352000, episodic_return=836.2664080647228
global_step=352000, episodic_return=743.6400908928772
global_step=352000, episodic_return=792.6817086513765
global_step=352000, episodic_return=748.6863958279137
global_step=352000, episodic_return=753.6512443916872
SPS: 5784
SPS: 5784
SPS: 5785
SPS: 5784
global_step=368000, episodic_return=662.6935506183654
global_step=368000, episodic_return=801.9715067659272
global_step=368000, episodic_return=791.3895513056777
global_step=368000, episodic_return=722.7722769574029
global_step=368000, episodic_return=760.0121775876032
global_step=368000, episodic_return=889.0812917971052
global_step=368000, episodic_return=799.5088043143041
global_step=368000, episodic_return=642.2121916979086
global_step=368000, episodic_return=738.6378004727885
global_step=368000, episodic_return=846.7227797966916
global_step=368000, episodic_return=786.3606954652932
global_step=368000, episodic_return=876.1377350435941
global_step=368000, episodic_return=827.8552762763575
global_step=368000, episodic_return=829.6193368092645
global_step=368000, episodic_return=799.1496518368949
global_step=368000, episodic_return=771.2362194876187
SPS: 5778
SPS: 5778
SPS: 5779
SPS: 5778
global_step=384000, episodic_return=697.9774544585962
global_step=384000, episodic_return=834.6591249099001
global_step=384000, episodic_return=834.73010487789
global_step=384000, episodic_return=678.7541833687574
global_step=384000, episodic_return=802.0678659535479
global_step=384000, episodic_return=825.5228289490042
global_step=384000, episodic_return=765.0024533636752
global_step=384000, episodic_return=781.6164579861215
global_step=384000, episodic_return=844.8187433499843
global_step=384000, episodic_return=844.4808510093717
global_step=384000, episodic_return=884.8732469053939
global_step=384000, episodic_return=824.1501365348231
global_step=384000, episodic_return=813.6664899386669
global_step=384000, episodic_return=815.7993196890311
global_step=384000, episodic_return=759.9866129722213
global_step=384000, episodic_return=868.4908857302507
SPS: 5777
SPS: 5773
SPS: 5776
SPS: 5775
global_step=400000, episodic_return=867.2943962758873
global_step=400000, episodic_return=878.775284640491
global_step=400000, episodic_return=834.5238992942031
global_step=400000, episodic_return=760.6241665973794
global_step=400000, episodic_return=814.2775482894504
global_step=400000, episodic_return=695.1300188801251
global_step=400000, episodic_return=889.5644160811207
global_step=400000, episodic_return=837.5661129006185
global_step=400000, episodic_return=829.4772042514523
global_step=400000, episodic_return=830.9025467227912
global_step=400000, episodic_return=819.6650923968991
global_step=400000, episodic_return=809.5731406365521
global_step=400000, episodic_return=760.3233974750619
global_step=400000, episodic_return=748.3655962349148
global_step=400000, episodic_return=814.2596982847317
global_step=400000, episodic_return=850.3029408133589
SPS: 5774
SPS: 5776
SPS: 5777
