# case: pair-d4rl-libero
# date: 2026-09-09T20:56:32Z

[project]
name = "e1m-pair-d4rl-libero"
version = "0.0.0"
requires-python = ">=3.11,<3.12"
dependencies = [

    "loguru>=0.7.3,<0.8.0",
    "gymnasium>=1.2.0,<2.0.0",
    "dm-tree>=0.1.9,<0.2.0",
    "websockets>=15.0.1,<16.0.0",
    "msgpack>=1.1.1,<2.0.0",
    "tyro>=0.9.31,<0.10.0",
    "plugrl-protocol @ git+https://github.com/PlugRL/plugrl-protocol.git@c7961da3ca050717ad3a01721f00afa1ed29bf47",
    "pandas>=2.3.3,<3.0.0",
    "imageio[ffmpeg]>=2.37.2,<3.0.0",

    "cython<3",
    "d4rl>=1.1,<2.0.0",
    "patchelf>=0.17.2.4,<0.18.0",
    "gymnasium-robotics[mujoco-py]>=1.4.1,<2.0.0",

    "libero @ git+https://github.com/CTP314/LIBERO.git@f3bf9428c0d7113b0b72d1462d9552fca35fcf92",

]

[build-system]
requires = ["setuptools>=77"]
build-backend = "setuptools.build_meta"

--- uv lock ---
Using CPython [36m3.11.14[39m[36m[39m
[2mResolved [1m175 packages[0m [2min 275ms[0m[0m
