# case: pair-atari-d4rl
# date: 2026-09-09T20:56:31Z

[project]
name = "e1m-pair-atari-d4rl"
version = "0.0.0"
requires-python = ">=3.11,<3.12"
dependencies = [

    "loguru>=0.7.3,<0.8.0",
    "gymnasium>=1.2.0,<2.0.0",
    "dm-tree>=0.1.9,<0.2.0",
    "websockets>=15.0.1,<16.0.0",
    "msgpack>=1.1.1,<2.0.0",
    "tyro>=0.9.31,<0.10.0",
    "plugrl-protocol @ git+https://github.com/PlugRL/plugrl-protocol.git@c7961da3ca050717ad3a01721f00afa1ed29bf47",
    "pandas>=2.3.3,<3.0.0",
    "imageio[ffmpeg]>=2.37.2,<3.0.0",

    "ale-py==0.9",
    "gymnasium[atari]>=1.2.1,<2.0.0",

    "cython<3",
    "d4rl>=1.1,<2.0.0",
    "patchelf>=0.17.2.4,<0.18.0",
    "gymnasium-robotics[mujoco-py]>=1.4.1,<2.0.0",

]

[build-system]
requires = ["setuptools>=77"]
build-backend = "setuptools.build_meta"

--- uv lock ---
Using CPython [36m3.11.14[39m[36m[39m
[2mResolved [1m73 packages[0m [2min 154ms[0m[0m
