Could not import DPPO algorithm module for reason: No module named 'dppo'
21:21:26|INFO|plugrl_server version: 0.1.0
21:21:26|INFO|Algorithm: fpo, Config: FPOAlgoConfig(global_steps=500000, buffer_size=4096, output_mode='u_but_supervise_as_eps', fpo_playground_trick=True, treat_truncated_as_done=False, discounting=0.995, reward_scaling=10.0, gae_lambda=0.95, batch_size=1024, num_updates_per_batch=16, learning_rate=0.0003, value_loss_coeff=0.25, clipping_epsilon=0.05, normalize_advantage=True, n_samples_per_action=8, discretize_t_for_training=True, average_losses_before_exp=True, save_interval=20)
21:21:26|INFO|Policy: fpo-policy, Config: FPOPolicyConfig(algo='fpo', device=device(type='cpu'), obs_dim=17, action_dim=6, flow_steps=10, timestep_embed_dim=8, action_horizon=1, feather_std=0.0, policy_mlp_output_scale=0.25, normalize_observations=True, hidden_dims=(32, 32, 32, 32), value_hidden_dims=(256, 256, 256, 256, 256))
21:21:26|INFO|Checkpoint Manager created: 
<plugrl_server.common.checkpoint_manager.CheckpointManager object at 0x0000024B86714E50> at D:\75128\Desktop\plugrl-work\plugrl-server\experiments\e6-first-learning-curve\results\fpo\fpo-policy\halfcheetah-seed0
21:21:27|INFO|Policy created...
21:21:27|INFO|Initialized RolloutBuffer buffer_size=4096 action_shape=(4096, 1, 6) value_shape=(4096, 1)
21:21:27|INFO|Algorithm created: 
<plugrl_server.algorithm.fpo.fpo.FPOAlgorithm object at 0x0000024B867A5310>
21:21:27|INFO|Agent Server is listening on 0.0.0.0:8600
21:21:27|ERROR|opening handshake failed
Traceback (most recent call last):
  File "D:\75128\Desktop\plugrl-work\plugrl-server\.venv\Lib\site-packages\websockets\http11.py", line 138, in parse
    request_line = yield from parse_line(read_line)
                   ^^^^^^^^^^^^^^^^^^^^^^^^^^^^^^^^
  File "D:\75128\Desktop\plugrl-work\plugrl-server\.venv\Lib\site-packages\websockets\http11.py", line 314, in parse_line
    raise EOFError("line without CRLF")
EOFError: line without CRLF

The above exception was the direct cause of the following exception:

Traceback (most recent call last):
  File "D:\75128\Desktop\plugrl-work\plugrl-server\.venv\Lib\site-packages\websockets\server.py", line 545, in parse
    request = yield from Request.parse(
              ^^^^^^^^^^^^^^^^^^^^^^^^^
  File "D:\75128\Desktop\plugrl-work\plugrl-server\.venv\Lib\site-packages\websockets\http11.py", line 140, in parse
    raise EOFError("connection closed while reading HTTP request line") from exc
EOFError: connection closed while reading HTTP request line

The above exception was the direct cause of the following exception:

Traceback (most recent call last):
  File "D:\75128\Desktop\plugrl-work\plugrl-server\.venv\Lib\site-packages\websockets\asyncio\server.py", line 356, in conn_handler
    await connection.handshake(
  File "D:\75128\Desktop\plugrl-work\plugrl-server\.venv\Lib\site-packages\websockets\asyncio\server.py", line 207, in handshake
    raise self.protocol.handshake_exc
websockets.exceptions.InvalidMessage: did not receive a valid HTTP request
21:43:07|INFO|Checkpoint saved at step 81920 to D:\75128\Desktop\plugrl-work\plugrl-server\experiments\e6-first-learning-curve\results\fpo\fpo-policy\halfcheetah-seed0\81920
21:59:42|INFO|Checkpoint saved at step 163841 to D:\75128\Desktop\plugrl-work\plugrl-server\experiments\e6-first-learning-curve\results\fpo\fpo-policy\halfcheetah-seed0\163841
22:17:10|INFO|Checkpoint saved at step 245760 to D:\75128\Desktop\plugrl-work\plugrl-server\experiments\e6-first-learning-curve\results\fpo\fpo-policy\halfcheetah-seed0\245760
22:31:48|INFO|Checkpoint saved at step 327681 to D:\75128\Desktop\plugrl-work\plugrl-server\experiments\e6-first-learning-curve\results\fpo\fpo-policy\halfcheetah-seed0\327681
22:47:45|INFO|Checkpoint saved at step 409600 to D:\75128\Desktop\plugrl-work\plugrl-server\experiments\e6-first-learning-curve\results\fpo\fpo-policy\halfcheetah-seed0\409600
23:03:49|INFO|Checkpoint saved at step 491520 to D:\75128\Desktop\plugrl-work\plugrl-server\experiments\e6-first-learning-curve\results\fpo\fpo-policy\halfcheetah-seed0\491520
23:05:15|INFO|Checkpoint saved at step 500000 to D:\75128\Desktop\plugrl-work\plugrl-server\experiments\e6-first-learning-curve\results\fpo\fpo-policy\halfcheetah-seed0\500000
23:05:15|INFO|Stopping server as the algorithm signaled to stop.
23:05:15|INFO|Shutdown started: aborting pending infer requests.
23:05:15|INFO|Shutdown cleanup finished: pending_futures=1, drained_requests=1
23:05:15|INFO|Shutdown closing 1 websocket connection(s).
23:05:15|INFO|Shutdown interrupted an in-flight inference request from ('127.0.0.1', 59001).
23:05:15|INFO|WebSocket server closed.
23:05:15|INFO|Scheduler task cancelled and cleaned up.
