Could not import DPPO algorithm module for reason: No module named 'dppo'
21:42:34|INFO|plugrl_server version: 0.1.0
21:42:34|INFO|Algorithm: fpo, Config: FPOAlgoConfig(global_steps=500000, buffer_size=4096, output_mode='u_but_supervise_as_eps', fpo_playground_trick=True, treat_truncated_as_done=False, discounting=0.995, reward_scaling=10.0, gae_lambda=0.95, batch_size=1024, num_updates_per_batch=16, learning_rate=0.0003, value_loss_coeff=0.25, clipping_epsilon=0.05, normalize_advantage=True, n_samples_per_action=8, discretize_t_for_training=True, average_losses_before_exp=True, save_interval=20)
21:42:34|INFO|Policy: fpo-policy, Config: FPOPolicyConfig(algo='fpo', device=device(type='cpu'), obs_dim=17, action_dim=6, flow_steps=10, timestep_embed_dim=8, action_horizon=1, feather_std=0.0, policy_mlp_output_scale=0.25, normalize_observations=True, hidden_dims=(32, 32, 32, 32), value_hidden_dims=(256, 256, 256, 256, 256))
21:42:34|INFO|Checkpoint Manager created: 
<plugrl_server.common.checkpoint_manager.CheckpointManager object at 0x0000014986890610> at D:\75128\Desktop\plugrl-work\plugrl-server\experiments\e6-first-learning-curve\results\fpo\fpo-policy\halfcheetah-seed2
21:42:35|INFO|Policy created...
21:42:35|INFO|Initialized RolloutBuffer buffer_size=4096 action_shape=(4096, 1, 6) value_shape=(4096, 1)
21:42:35|INFO|Algorithm created: 
<plugrl_server.algorithm.fpo.fpo.FPOAlgorithm object at 0x00000149857CADD0>
21:42:35|INFO|Agent Server is listening on 0.0.0.0:8602
21:59:14|INFO|Checkpoint saved at step 81920 to D:\75128\Desktop\plugrl-work\plugrl-server\experiments\e6-first-learning-curve\results\fpo\fpo-policy\halfcheetah-seed2\81920
22:16:46|INFO|Checkpoint saved at step 163841 to D:\75128\Desktop\plugrl-work\plugrl-server\experiments\e6-first-learning-curve\results\fpo\fpo-policy\halfcheetah-seed2\163841
22:31:38|INFO|Checkpoint saved at step 245760 to D:\75128\Desktop\plugrl-work\plugrl-server\experiments\e6-first-learning-curve\results\fpo\fpo-policy\halfcheetah-seed2\245760
22:48:17|INFO|Checkpoint saved at step 327680 to D:\75128\Desktop\plugrl-work\plugrl-server\experiments\e6-first-learning-curve\results\fpo\fpo-policy\halfcheetah-seed2\327680
23:05:36|INFO|Checkpoint saved at step 409600 to D:\75128\Desktop\plugrl-work\plugrl-server\experiments\e6-first-learning-curve\results\fpo\fpo-policy\halfcheetah-seed2\409600
23:21:33|INFO|Checkpoint saved at step 491520 to D:\75128\Desktop\plugrl-work\plugrl-server\experiments\e6-first-learning-curve\results\fpo\fpo-policy\halfcheetah-seed2\491520
23:23:13|INFO|Checkpoint saved at step 500000 to D:\75128\Desktop\plugrl-work\plugrl-server\experiments\e6-first-learning-curve\results\fpo\fpo-policy\halfcheetah-seed2\500000
23:23:13|INFO|Stopping server as the algorithm signaled to stop.
23:23:13|INFO|Shutdown started: aborting pending infer requests.
23:23:13|INFO|Shutdown cleanup finished: pending_futures=1, drained_requests=1
23:23:13|INFO|Shutdown closing 1 websocket connection(s).
23:23:13|INFO|Shutdown interrupted an in-flight inference request from ('127.0.0.1', 49708).
23:23:13|INFO|WebSocket server closed.
23:23:13|INFO|Scheduler task cancelled and cleaned up.
