Using Python 3.12.14 environment at: /home/guangzhao/zuogou/plugrl/e45-work/venv-lerobot-hilserl
Resolved 144 packages in 587ms
Downloading pillow (6.6MiB)
Downloading sympy (6.0MiB)
Downloading tokenizers (3.1MiB)
Downloading networkx (2.0MiB)
Downloading aiohttp (1.7MiB)
Downloading cmeel-octomap (1.1MiB)
Downloading pygments (1.2MiB)
Downloading nvidia-cuda-runtime (2.1MiB)
Downloading nvidia-cufile (1.2MiB)
Downloading jedi (4.7MiB)
Downloading nvidia-cudnn-cu13 (349.1MiB)
Downloading transformers (9.8MiB)
Downloading grpcio (6.8MiB)
Downloading cmake (28.3MiB)
Downloading eigenpy (4.7MiB)
Downloading nvidia-cusolver (191.6MiB)
Downloading hf-xet (4.3MiB)
Downloading pyarrow (47.8MiB)
Downloading nvidia-cufft (204.2MiB)
Downloading nvidia-nvshmem-cu13 (57.6MiB)
Downloading torchvision (7.2MiB)
Downloading cuda-bindings (6.8MiB)
Downloading coal-library (6.1MiB)
Downloading torchcodec (2.2MiB)
Downloading nvidia-cusparselt-cu13 (162.0MiB)
Downloading nvidia-curand (56.8MiB)
Downloading nvidia-nccl-cu13 (187.4MiB)
Downloading lerobot (1.6MiB)
Downloading nvidia-cuda-nvrtc (86.0MiB)
Downloading nvidia-nvjitlink (38.8MiB)
Downloading pygame (13.3MiB)
Downloading nvidia-cublas (403.5MiB)
Downloading torch (506.1MiB)
Downloading pyopengl (3.0MiB)
Downloading nvidia-cuda-cupti (10.2MiB)
Downloading triton (179.5MiB)
Downloading imageio-ffmpeg (28.1MiB)
Downloading pandas (11.8MiB)
Downloading meshcat (2.5MiB)
Downloading cmeel-qhull (3.1MiB)
Downloading nvidia-cusparse (139.2MiB)
Downloading cmeel-assimp (13.8MiB)
Downloading mujoco (7.0MiB)
Downloading opencv-python-headless (57.6MiB)
Downloading numpy (15.8MiB)
Downloading av (38.1MiB)
Downloading placo (2.1MiB)
Downloading cmeel-boost (34.3MiB)
Downloading pin (16.9MiB)
Downloading gym-hil (5.5MiB)
 Downloaded cmeel-octomap
Downloading hidapi (1.0MiB)
 Downloaded pygments
 Downloaded nvidia-cufile
Downloading setuptools (1.0MiB)
Downloading cmeel-zlib (1.0MiB)
 Downloaded lerobot
 Downloaded aiohttp
 Downloaded networkx
 Downloaded placo
 Downloaded hidapi
 Downloaded nvidia-cuda-runtime
 Downloaded torchcodec
 Downloaded setuptools
 Downloaded cmeel-zlib
 Downloaded meshcat
 Downloaded pyopengl
 Downloaded tokenizers
 Downloaded cmeel-qhull
   Building evdev==2.0.0
 Downloaded hf-xet
 Downloaded jedi
 Downloaded eigenpy
 Downloaded gym-hil
 Downloaded coal-library
 Downloaded sympy
 Downloaded pillow
 Downloaded grpcio
 Downloaded cuda-bindings
 Downloaded mujoco
 Downloaded torchvision
      Built evdev==2.0.0
 Downloaded transformers
 Downloaded nvidia-cuda-cupti
 Downloaded pandas
 Downloaded pygame
 Downloaded cmeel-assimp
 Downloaded numpy
 Downloaded pin
 Downloaded cmake
 Downloaded imageio-ffmpeg
 Downloaded cmeel-boost
 Downloaded av
 Downloaded nvidia-nvjitlink
 Downloaded pyarrow
 Downloaded nvidia-curand
 Downloaded opencv-python-headless
 Downloaded nvidia-nvshmem-cu13
 Downloaded nvidia-cuda-nvrtc
 Downloaded nvidia-cusparse
 Downloaded nvidia-cusparselt-cu13
 Downloaded triton
 Downloaded nvidia-nccl-cu13
 Downloaded nvidia-cusolver
 Downloaded nvidia-cufft
 Downloaded nvidia-cudnn-cu13
 Downloaded nvidia-cublas
 Downloaded torch
Prepared 144 packages in 27.21s
Installed 144 packages in 108ms
 + absl-py==2.5.0
 + aiohappyeyeballs==2.7.1
 + aiohttp==3.14.3
 + aiosignal==1.4.0
 + annotated-doc==0.0.5
 + anyio==4.15.1
 + asttokens==3.0.2
 + attrs==26.1.0
 + av==15.1.0
 + certifi==2026.7.22
 + charset-normalizer==3.5.1
 + click==8.5.0
 + cloudpickle==3.1.2
 + cmake==4.1.3
 + cmeel==0.61.0
 + cmeel-assimp==5.4.3.1
 + cmeel-boost==1.87.0.1
 + cmeel-console-bridge==1.0.2.3
 + cmeel-octomap==1.10.0
 + cmeel-qhull==8.0.2.1
 + cmeel-tinyxml2==10.0.0
 + cmeel-urdfdom==4.0.1
 + cmeel-zlib==1.3.2
 + coal-library==3.0.1
 + cuda-bindings==13.4.3
 + cuda-pathfinder==1.8.2
 + cuda-toolkit==13.0.2
 + datasets==4.8.5
 + dill==0.4.1
 + draccus==0.11.6
 + eigenpy==3.10.3
 + einops==0.8.2
 + eiquadprog==1.2.9
 + etils==1.14.0
 + evdev==2.0.0
 + executing==2.2.1
 + farama-notifications==0.0.6
 + filelock==4.0.6
 + frozenlist==1.8.0
 + fsspec==2026.2.0
 + glfw==2.10.2
 + grpcio==1.84.0
 + gym-hil==0.1.14
 + gymnasium==1.3.0
 + h11==0.16.0
 + hf-xet==1.6.0
 + hidapi==0.15.0
 + httpcore==1.0.9
 + httpx==0.28.1
 + huggingface-hub==1.33.0
 + idna==3.20
 + imageio==2.38.0
 + imageio-ffmpeg==0.6.0
 + ipython==9.17.1
 + ipython-pygments-lexers==1.1.1
 + ischedule==1.2.7
 + jedi==0.20.0
 + jinja2==3.1.6
 + jsonlines==4.0.0
 + lerobot==0.6.1
 + markdown-it-py==4.2.0
 + markupsafe==3.0.3
 + matplotlib-inline==0.2.2
 + mdurl==0.1.2
 + mergedeep==1.3.4
 + meshcat==0.3.2
 + mpmath==1.3.0
 + mujoco==3.8.1
 + multidict==6.9.1
 + multiprocess==0.70.19
 + mypy-extensions==1.1.0
 + networkx==3.7
 + numpy==2.2.6
 + nvidia-cublas==13.1.0.3
 + nvidia-cuda-cupti==13.0.85
 + nvidia-cuda-nvrtc==13.0.88
 + nvidia-cuda-runtime==13.0.96
 + nvidia-cudnn-cu13==9.19.0.56
 + nvidia-cufft==12.0.0.61
 + nvidia-cufile==1.15.1.6
 + nvidia-curand==10.4.0.35
 + nvidia-cusolver==12.0.4.66
 + nvidia-cusparse==12.6.3.3
 + nvidia-cusparselt-cu13==0.8.0
 + nvidia-nccl-cu13==2.28.9
 + nvidia-nvjitlink==13.0.88
 + nvidia-nvshmem-cu13==3.4.5
 + nvidia-nvtx==13.0.85
 + opencv-python-headless==4.13.0.92
 + packaging==25.0
 + pandas==2.3.3
 + parso==0.8.7
 + pexpect==4.9.0
 + pillow==12.3.0
 + pin==3.4.0
 + placo==0.9.15
 + prompt-toolkit==3.0.53
 + propcache==0.5.4
 + protobuf==7.36.2
 + psutil==7.2.2
 + ptyprocess==0.7.0
 + pure-eval==0.2.4
 + pyarrow==25.0.1
 + pygame==2.6.1
 + pygments==2.21.0
 + pyngrok==8.1.2
 + pynput==1.8.2
 + pyopengl==3.1.10
 + python-dateutil==2.9.0.post0
 + python-xlib==0.33
 + pytz==2026.4
 + pyyaml==6.0.3
 + pyzmq==27.2.0
 + regex==2026.9.29
 + requests==2.34.2
 + rhoban-cmeel-jsoncpp==1.9.4.9
 + rich==15.0.0
 + safetensors==0.8.0
 + setuptools==81.0.0
 + shellingham==1.5.4
 + six==1.17.0
 + stack-data==0.6.3
 + sympy==1.14.0
 + termcolor==3.3.0
 + tokenizers==0.22.2
 + toml==0.10.2
 + torch==2.11.0
 + torchcodec==0.11.1
 + torchvision==0.26.0
 + tornado==6.5.10
 + tqdm==4.70.1
 + traitlets==5.16.1
 + transformers==5.5.4
 + triton==3.6.0
 + typer==0.27.2
 + typing-extensions==4.16.0
 + typing-inspect==0.9.0
 + tzdata==2026.4
 + u-msgpack-python==2.8.0
 + urllib3==2.8.0
 + wcwidth==0.9.1
 + xxhash==4.0.1
 + yarl==1.25.1
 + zipp==4.1.0
