Using Python 3.11.16 environment at: /home/guangzhao/zuogou/plugrl/e45-work/venv-plugrl-env-client
Resolved 31 packages in 910ms
   Updating https://github.com/PlugRL/plugrl-env-client (3ea06099143f4764e1678d17e5463049c8aeffbb)
   Updating https://github.com/PlugRL/plugrl-protocol.git (840296ecbe39dddc6fb9f3ac92479decac0797bd)
Downloading pillow (6.6MiB)
Downloading pygments (1.2MiB)
Downloading pandas (12.2MiB)
Downloading imageio-ffmpeg (28.1MiB)
Downloading numpy (16.2MiB)
 Downloaded pygments
 Downloaded pillow
    Updated https://github.com/PlugRL/plugrl-protocol.git (840296ecbe39dddc6fb9f3ac92479decac0797bd)
   Building plugrl-protocol @ git+https://github.com/PlugRL/plugrl-protocol.git@840296ecbe39dddc6fb9f3ac92479decac0797bd
    Updated https://github.com/PlugRL/plugrl-env-client (3ea06099143f4764e1678d17e5463049c8aeffbb)
   Building plugrl-env-client @ git+https://github.com/PlugRL/plugrl-env-client@3ea06099143f4764e1678d17e5463049c8aeffbb
 Downloaded numpy
 Downloaded pandas
 Downloaded imageio-ffmpeg
      Built plugrl-protocol @ git+https://github.com/PlugRL/plugrl-protocol.git@840296ecbe39dddc6fb9f3ac92479decac0797bd
      Built plugrl-env-client @ git+https://github.com/PlugRL/plugrl-env-client@3ea06099143f4764e1678d17e5463049c8aeffbb
Prepared 31 packages in 961ms
Installed 31 packages in 13ms
 + absl-py==2.5.0
 + attrs==26.1.0
 + cloudpickle==3.1.2
 + dm-tree==0.1.10
 + docstring-parser==0.18.0
 + farama-notifications==0.0.6
 + gymnasium==1.3.0
 + imageio==2.38.0
 + imageio-ffmpeg==0.6.0
 + loguru==0.7.3
 + markdown-it-py==4.2.0
 + mdurl==0.1.2
 + msgpack==1.2.3
 + numpy==2.3.2
 + pandas==2.3.3
 + pillow==12.3.0
 + plugrl-env-client==0.1.0 (from git+https://github.com/PlugRL/plugrl-env-client@3ea06099143f4764e1678d17e5463049c8aeffbb)
 + plugrl-protocol==0.1.0 (from git+https://github.com/PlugRL/plugrl-protocol.git@840296ecbe39dddc6fb9f3ac92479decac0797bd)
 + psutil==7.2.2
 + pygments==2.21.0
 + python-dateutil==2.9.0.post0
 + pytz==2026.4
 + rich==15.0.0
 + shtab==1.12.1
 + six==1.17.0
 + typeguard==4.6.0
 + typing-extensions==4.16.0
 + tyro==0.9.35
 + tzdata==2026.4
 + websockets==15.0.1
 + wrapt==2.5.0
