Using Python 3.11.16 environment at: /home/guangzhao/zuogou/plugrl/e45-work/venv-rllib-rllink
Resolved 64 packages in 409ms
Downloading networkx (2.0MiB)
Downloading pydantic-core (2.0MiB)
Downloading nvidia-cufile (1.2MiB)
Downloading nvidia-cuda-runtime (2.1MiB)
Downloading nvidia-cuda-nvrtc (86.0MiB)
Downloading nvidia-curand (56.8MiB)
Downloading ray (74.7MiB)
Downloading nvidia-cusolver (191.6MiB)
Downloading nvidia-nccl-cu13 (206.0MiB)
Downloading nvidia-cudnn-cu13 (527.5MiB)
Downloading torch (528.9MiB)
Downloading nvidia-cufft (204.2MiB)
Downloading nvidia-nvshmem-cu13 (57.6MiB)
Downloading numpy (16.1MiB)
Downloading pyarrow (47.7MiB)
Downloading nvidia-cusparse (139.2MiB)
Downloading nvidia-nvjitlink (40.5MiB)
Downloading scipy (33.7MiB)
Downloading sympy (6.0MiB)
Downloading lz4 (1.3MiB)
Downloading pandas (10.6MiB)
Downloading nvidia-cusparselt-cu13 (162.3MiB)
Downloading nvidia-cublas (403.5MiB)
Downloading nvidia-cuda-cupti (10.2MiB)
Downloading cuda-bindings (6.8MiB)
Downloading triton (236.5MiB)
 Downloaded nvidia-cufile
 Downloaded lz4
 Downloaded pydantic-core
 Downloaded networkx
 Downloaded nvidia-cuda-runtime
 Downloaded sympy
 Downloaded cuda-bindings
 Downloaded nvidia-cuda-cupti
 Downloaded pandas
 Downloaded numpy
 Downloaded scipy
 Downloaded nvidia-nvjitlink
 Downloaded pyarrow
 Downloaded nvidia-curand
 Downloaded nvidia-nvshmem-cu13
 Downloaded ray
 Downloaded nvidia-cuda-nvrtc
 Downloaded nvidia-cusparse
 Downloaded nvidia-cusparselt-cu13
 Downloaded nvidia-cusolver
 Downloaded nvidia-cufft
 Downloaded nvidia-nccl-cu13
 Downloaded triton
 Downloaded nvidia-cublas
 Downloaded nvidia-cudnn-cu13
 Downloaded torch
Prepared 64 packages in 36.51s
Installed 64 packages in 76ms
 + absl-py==2.5.0
 + annotated-types==0.8.0
 + attrs==26.1.0
 + certifi==2026.7.22
 + charset-normalizer==3.5.1
 + click==8.5.0
 + cloudpickle==3.1.2
 + cuda-bindings==13.4.3
 + cuda-pathfinder==1.8.2
 + cuda-toolkit==13.0.3.0
 + dm-tree==0.1.10
 + farama-notifications==0.0.6
 + filelock==4.0.6
 + fsspec==2026.9.0
 + gymnasium==1.2.2
 + idna==3.20
 + jinja2==3.1.6
 + jsonschema==4.26.0
 + jsonschema-specifications==2025.9.1
 + lz4==4.4.5
 + markupsafe==3.0.3
 + mpmath==1.3.0
 + msgpack==1.2.3
 + networkx==3.6.1
 + numpy==2.4.6
 + nvidia-cublas==13.1.1.3
 + nvidia-cuda-cupti==13.0.85
 + nvidia-cuda-nvrtc==13.0.88
 + nvidia-cuda-runtime==13.0.96
 + nvidia-cudnn-cu13==9.24.0.43
 + nvidia-cufft==12.0.0.61
 + nvidia-cufile==1.15.1.6
 + nvidia-curand==10.4.0.35
 + nvidia-cusolver==12.0.4.66
 + nvidia-cusparse==12.6.3.3
 + nvidia-cusparselt-cu13==0.8.1
 + nvidia-nccl-cu13==2.30.7
 + nvidia-nvjitlink==13.4.92
 + nvidia-nvshmem-cu13==3.4.5
 + nvidia-nvtx==13.0.85
 + ormsgpack==1.12.2
 + packaging==26.3
 + pandas==3.0.6
 + protobuf==7.36.2
 + pyarrow==25.0.1
 + pydantic==2.13.5
 + pydantic-core==2.46.5
 + python-dateutil==2.9.0.post0
 + pyyaml==6.0.3
 + ray==2.58.0
 + referencing==0.37.0
 + requests==2.34.2
 + rpds-py==2026.6.3
 + scipy==1.17.1
 + setuptools==84.0.0
 + six==1.17.0
 + sympy==1.14.0
 + tensorboardx==2.6.5
 + torch==2.14.0
 + triton==3.8.0
 + typing-extensions==4.16.0
 + typing-inspection==0.4.4
 + urllib3==2.8.0
 + wrapt==2.5.0
