Using CPython 3.11.16
Creating virtual environment at: tmp/plugrl/.fp-work/envclient-libero-cpu
Activate with: source tmp/plugrl/.fp-work/envclient-libero-cpu/bin/activate
Using Python 3.11.16 environment at: tmp/plugrl/.fp-work/envclient-libero-cpu
Resolved 145 packages in 12.78s
   Building plugrl-protocol @ file:///home/gotham/tmp/plugrl/plugrl-protocol
   Building libero @ file:///home/gotham/tmp/plugrl/LIBERO
      Built plugrl-protocol @ file:///home/gotham/tmp/plugrl/plugrl-protocol
      Built libero @ file:///home/gotham/tmp/plugrl/LIBERO
Prepared 2 packages in 34.27s
Installed 145 packages in 12.93s
 + absl-py==2.5.0
 + annotated-doc==0.0.5
 + annotated-types==0.8.0
 + antlr4-python3-runtime==4.9.3
 + anyio==4.15.1
 + attrs==26.1.0
 + bddl==3.6.0
 + certifi==2026.7.22
 + cffi==2.1.1
 + charset-normalizer==3.5.1
 + click==8.5.0
 + cloudpickle==3.1.2
 + contourpy==1.3.3
 + cycler==0.12.1
 + cython==0.29.37
 + d4rl==1.1
 + defusedxml==0.7.1
 + dm-control==1.0.46
 + dm-env==1.6
 + dm-tree==0.1.10
 + docstring-parser==0.18.0
 + easydict==1.13
 + egl-probe==1.0.2
 + einops==0.8.2
 + etils==1.14.0
 + evdev==2.0.0
 + farama-notifications==0.0.6
 + fasteners==0.20
 + fastjsonschema==2.22.2
 + filelock==4.0.0
 + fonttools==4.65.0
 + fsspec==2026.9.0
 + future==1.0.0
 + glfw==2.10.2
 + googleapis-common-protos==1.75.3
 + grpcio==1.84.0
 + gym==0.24.1
 + gym-notices==0.1.0
 + gymnasium==1.3.0
 + h11==0.16.0
 + h5py==3.16.0
 + hf-xet==1.6.0
 + httpcore==1.0.9
 + httpx==0.28.1
 + huggingface-hub==1.32.0
 + hydra-core==1.3.7
 + idna==3.20
 + imageio==2.37.4
 + imageio-ffmpeg==0.6.0
 + iniconfig==2.3.0
 + jinja2==3.1.6
 + joblib==1.6.0
 + jsonschema==4.26.0
 + jsonschema-specifications==2025.9.1
 + jupyter-core==5.9.1
 + jupytext==1.19.5
 + kiwisolver==1.5.1
 + labmaze==1.0.6
 + libero==0.1.0 (from file:///home/gotham/tmp/plugrl/LIBERO)
 + llvmlite==0.49.0
 + loguru==0.7.3
 + lxml==6.1.3
 + markdown==3.10.3
 + markdown-it-py==4.2.0
 + markupsafe==3.0.3
 + matplotlib==3.11.2
 + mdit-py-plugins==0.6.1
 + mdurl==0.1.2
 + mpmath==1.3.0
 + msgpack==1.2.2
 + mujoco==3.13.0
 + mujoco-py==2.1.2.14
 + nbformat==5.11.1
 + networkx==3.6.1
 + nltk==3.10.3
 + numba==0.67.0
 + numpy==2.3.2
 + omegaconf==2.3.1
 + opencv-python==5.0.0.93
 + opentelemetry-api==1.44.0
 + opentelemetry-exporter-otlp-proto-common==1.44.0
 + opentelemetry-exporter-otlp-proto-http==1.44.0
 + opentelemetry-proto==1.44.0
 + opentelemetry-sdk==1.44.0
 + opentelemetry-semantic-conventions==0.65b0
 + packaging==26.3
 + pandas==2.3.3
 + patchelf==0.17.2.4
 + pillow==12.3.0
 + platformdirs==4.11.10
 + pluggy==1.6.0
 + plugrl-protocol==0.1.0 (from file:///home/gotham/tmp/plugrl/plugrl-protocol)
 + protobuf==7.36.2
 + psutil==7.2.2
 + pybullet==3.2.7
 + pycparser==3.0
 + pydantic==2.13.5
 + pydantic-core==2.46.5
 + pygments==2.21.0
 + pynput==1.8.2
 + pyopengl==3.1.4
 + pyparsing==3.3.2
 + pytest==9.1.1
 + python-dateutil==2.9.0.post0
 + python-xlib==0.33
 + pytz==2026.3.post1
 + pyyaml==6.0.3
 + referencing==0.37.0
 + regex==2026.9.10
 + requests==2.34.2
 + rich==15.0.0
 + robomimic==0.3.0
 + robosuite==1.4.1
 + rpds-py==2026.6.3
 + safetensors==0.8.0
 + scipy==1.17.1
 + setuptools==84.0.0
 + shellingham==1.5.4
 + shtab==1.12.1
 + six==1.17.0
 + sympy==1.14.0
 + tensorboard==2.21.0
 + tensorboard-data-server==0.7.2
 + tensorboardx==2.6.5
 + termcolor==3.3.0
 + thop==0.1.1.post2209072238
 + tokenizers==0.23.2
 + torch==2.14.0+cpu
 + torchvision==0.29.0+cpu
 + tqdm==4.70.1
 + traitlets==5.16.1
 + transformers==5.17.0
 + typeguard==4.6.0
 + typer==0.27.2
 + typing-extensions==4.16.0
 + typing-inspection==0.4.4
 + tyro==0.9.35
 + tzdata==2026.4
 + urllib3==2.8.0
 + wandb==0.30.0
 + websockets==15.0.1
 + werkzeug==3.1.8
 + wrapt==2.4.1
 + xxhash==4.0.1
 + zipp==4.1.0
[robosuite WARNING] No private macro file found! (macros.py:53)
[robosuite WARNING] It is recommended to use a private macro file (macros.py:54)
[robosuite WARNING] To setup, run: python /home/gotham/tmp/plugrl/.fp-work/envclient-libero-cpu/lib/python3.11/site-packages/robosuite/scripts/setup_macros.py (macros.py:55)
