18:07:50|INFO|plugrl_server version: 0.1.0
18:07:50|INFO|Algorithm: fpo, Config: FPOAlgoConfig(global_steps=409600, buffer_size=4096, output_mode='u_but_supervise_as_eps', fpo_playground_trick=True, treat_truncated_as_done=False, discounting=0.995, reward_scaling=10.0, gae_lambda=0.95, batch_size=1024, num_updates_per_batch=16, learning_rate=0.0003, value_loss_coeff=0.25, clipping_epsilon=0.05, normalize_advantage=True, n_critic_warmup_itrs=0, max_policy_drift=0.0, n_samples_per_action=8, discretize_t_for_training=True, average_losses_before_exp=True, save_interval=20, policy_checkpoint_path=None, restore='all', master_weights_device=None)
18:07:50|INFO|Policy: fpo-policy, Config: FPOPolicyConfig(algo='fpo', device=device(type='cpu'), obs_dim=17, action_dim=6, flow_steps=10, timestep_embed_dim=8, action_horizon=1, feather_std=0.0, policy_mlp_output_scale=0.25, normalize_observations=True, hidden_dims=(32, 32, 32, 32), value_hidden_dims=(256, 256, 256, 256, 256))
18:07:50|INFO|Seeded python, numpy and torch with 1. One env client is then reproducible; several are not, because batch composition depends on when their requests arrive.
18:07:50|INFO|Checkpoint Manager created: 
<plugrl_server.common.checkpoint_manager.CheckpointManager object at 0x7dec329af510> at /home/guangzhao/zuogou/plugrl/plugrl-server/experiments/e24-coverage/results/fpo-walker/fpo/fpo-policy/fpo-walker-seed1
18:07:50|INFO|Policy created...
18:07:50|INFO|Initialized RolloutBuffer buffer_size=4096 action_shape=(4096, 1, 6) value_shape=(4096, 1)
18:07:50|INFO|Algorithm created: 
<plugrl_server.algorithm.fpo.fpo.FPOAlgorithm object at 0x7dec3246c710>
18:07:50|INFO|Agent Server is listening on 0.0.0.0:9301
18:11:56|INFO|Checkpoint saved at step 81921 to /home/guangzhao/zuogou/plugrl/plugrl-server/experiments/e24-coverage/results/fpo-walker/fpo/fpo-policy/fpo-walker-seed1/81921
18:16:05|INFO|Checkpoint saved at step 163841 to /home/guangzhao/zuogou/plugrl/plugrl-server/experiments/e24-coverage/results/fpo-walker/fpo/fpo-policy/fpo-walker-seed1/163841
18:20:06|INFO|Checkpoint saved at step 245761 to /home/guangzhao/zuogou/plugrl/plugrl-server/experiments/e24-coverage/results/fpo-walker/fpo/fpo-policy/fpo-walker-seed1/245761
18:24:05|INFO|Checkpoint saved at step 327681 to /home/guangzhao/zuogou/plugrl/plugrl-server/experiments/e24-coverage/results/fpo-walker/fpo/fpo-policy/fpo-walker-seed1/327681
18:28:04|INFO|Checkpoint saved at step 409601 to /home/guangzhao/zuogou/plugrl/plugrl-server/experiments/e24-coverage/results/fpo-walker/fpo/fpo-policy/fpo-walker-seed1/409601
18:28:04|INFO|Stopping server as the algorithm signaled to stop.
18:28:04|INFO|Shutdown started: aborting pending infer requests.
18:28:04|INFO|Shutdown cleanup finished: pending_futures=1, drained_requests=1
18:28:04|INFO|Shutdown closing 1 websocket connection(s).
18:28:04|INFO|Shutdown interrupted an in-flight inference request from ('127.0.0.1', 45950).
18:28:04|INFO|WebSocket server closed.
18:28:04|INFO|Scheduler task cancelled and cleaned up.
