2026-10-02 03:26:38.405 | WARNING  | plugrl_env_client.envs:_load_env_modules:27 - Skip loading env module plugrl_env_client.envs.classic.classic_env: pygame is not installed. Please install it with pip install "plugrl-env-client[classic]".
2026-10-02 03:26:38.405 | WARNING  | plugrl_env_client.envs:_load_env_modules:27 - Skip loading env module plugrl_env_client.envs.atari.atari_env: Atari is not installed. Please install it with the 'atari' extra, e.g. 'pip install plugrl-env-client[atari]'
2026-10-02 03:26:38.406 | WARNING  | plugrl_env_client.envs:_load_env_modules:27 - Skip loading env module plugrl_env_client.envs.d4rl.d4rl_env: d4rl is not installed. Please install it with pip install "plugrl-env-client[d4rl]".
2026-10-02 03:26:38.406 | WARNING  | plugrl_env_client.envs:_load_env_modules:27 - Skip loading env module plugrl_env_client.envs.libero.libero_env: libero is not installed. Please install it with pip install "plugrl-env-client[libero]".
2026-10-02 03:26:38.406 | WARNING  | plugrl_env_client.envs:_load_env_modules:27 - Skip loading env module plugrl_env_client.envs.robomimic.robomimic_env: Robomimic is not installed. Please install it with the 'robomimic' extra, e.g. 'pip install plugrl-env-client[robomimic]'
2026-10-02 03:26:38.447 | INFO     | __main__:main:87 - Starting env client exp_name=clients output_dir=runs/clients recorder={'episode_freq': 0, 'thread0_only': True, 'record_video': False, 'video_fps': 30.0, 'record_full_rollout': False, 'record_obs_stats': True, 'record_episode_metrics': True, 'metric_window': 100}
2026-10-02 03:26:38.557 | WARNING  | plugrl_env_client.envs:_load_env_modules:27 - Skip loading env module plugrl_env_client.envs.classic.classic_env: pygame is not installed. Please install it with pip install "plugrl-env-client[classic]".
2026-10-02 03:26:38.557 | WARNING  | plugrl_env_client.envs:_load_env_modules:27 - Skip loading env module plugrl_env_client.envs.classic.classic_env: pygame is not installed. Please install it with pip install "plugrl-env-client[classic]".
2026-10-02 03:26:38.557 | WARNING  | plugrl_env_client.envs:_load_env_modules:27 - Skip loading env module plugrl_env_client.envs.atari.atari_env: Atari is not installed. Please install it with the 'atari' extra, e.g. 'pip install plugrl-env-client[atari]'
2026-10-02 03:26:38.557 | WARNING  | plugrl_env_client.envs:_load_env_modules:27 - Skip loading env module plugrl_env_client.envs.atari.atari_env: Atari is not installed. Please install it with the 'atari' extra, e.g. 'pip install plugrl-env-client[atari]'
2026-10-02 03:26:38.557 | WARNING  | plugrl_env_client.envs:_load_env_modules:27 - Skip loading env module plugrl_env_client.envs.d4rl.d4rl_env: d4rl is not installed. Please install it with pip install "plugrl-env-client[d4rl]".
2026-10-02 03:26:38.557 | WARNING  | plugrl_env_client.envs:_load_env_modules:27 - Skip loading env module plugrl_env_client.envs.d4rl.d4rl_env: d4rl is not installed. Please install it with pip install "plugrl-env-client[d4rl]".
2026-10-02 03:26:38.557 | WARNING  | plugrl_env_client.envs:_load_env_modules:27 - Skip loading env module plugrl_env_client.envs.libero.libero_env: libero is not installed. Please install it with pip install "plugrl-env-client[libero]".
2026-10-02 03:26:38.557 | WARNING  | plugrl_env_client.envs:_load_env_modules:27 - Skip loading env module plugrl_env_client.envs.libero.libero_env: libero is not installed. Please install it with pip install "plugrl-env-client[libero]".
2026-10-02 03:26:38.558 | WARNING  | plugrl_env_client.envs:_load_env_modules:27 - Skip loading env module plugrl_env_client.envs.robomimic.robomimic_env: Robomimic is not installed. Please install it with the 'robomimic' extra, e.g. 'pip install plugrl-env-client[robomimic]'
2026-10-02 03:26:38.558 | WARNING  | plugrl_env_client.envs:_load_env_modules:27 - Skip loading env module plugrl_env_client.envs.robomimic.robomimic_env: Robomimic is not installed. Please install it with the 'robomimic' extra, e.g. 'pip install plugrl-env-client[robomimic]'
2026-10-02 03:26:38.564 | WARNING  | plugrl_env_client.envs:_load_env_modules:27 - Skip loading env module plugrl_env_client.envs.classic.classic_env: pygame is not installed. Please install it with pip install "plugrl-env-client[classic]".
2026-10-02 03:26:38.564 | WARNING  | plugrl_env_client.envs:_load_env_modules:27 - Skip loading env module plugrl_env_client.envs.classic.classic_env: pygame is not installed. Please install it with pip install "plugrl-env-client[classic]".
2026-10-02 03:26:38.564 | WARNING  | plugrl_env_client.envs:_load_env_modules:27 - Skip loading env module plugrl_env_client.envs.atari.atari_env: Atari is not installed. Please install it with the 'atari' extra, e.g. 'pip install plugrl-env-client[atari]'
2026-10-02 03:26:38.564 | WARNING  | plugrl_env_client.envs:_load_env_modules:27 - Skip loading env module plugrl_env_client.envs.atari.atari_env: Atari is not installed. Please install it with the 'atari' extra, e.g. 'pip install plugrl-env-client[atari]'
2026-10-02 03:26:38.564 | WARNING  | plugrl_env_client.envs:_load_env_modules:27 - Skip loading env module plugrl_env_client.envs.d4rl.d4rl_env: d4rl is not installed. Please install it with pip install "plugrl-env-client[d4rl]".
2026-10-02 03:26:38.564 | WARNING  | plugrl_env_client.envs:_load_env_modules:27 - Skip loading env module plugrl_env_client.envs.d4rl.d4rl_env: d4rl is not installed. Please install it with pip install "plugrl-env-client[d4rl]".
2026-10-02 03:26:38.565 | WARNING  | plugrl_env_client.envs:_load_env_modules:27 - Skip loading env module plugrl_env_client.envs.libero.libero_env: libero is not installed. Please install it with pip install "plugrl-env-client[libero]".
2026-10-02 03:26:38.565 | WARNING  | plugrl_env_client.envs:_load_env_modules:27 - Skip loading env module plugrl_env_client.envs.libero.libero_env: libero is not installed. Please install it with pip install "plugrl-env-client[libero]".
2026-10-02 03:26:38.565 | WARNING  | plugrl_env_client.envs:_load_env_modules:27 - Skip loading env module plugrl_env_client.envs.robomimic.robomimic_env: Robomimic is not installed. Please install it with the 'robomimic' extra, e.g. 'pip install plugrl-env-client[robomimic]'
2026-10-02 03:26:38.565 | WARNING  | plugrl_env_client.envs:_load_env_modules:27 - Skip loading env module plugrl_env_client.envs.robomimic.robomimic_env: Robomimic is not installed. Please install it with the 'robomimic' extra, e.g. 'pip install plugrl-env-client[robomimic]'
2026-10-02 03:26:38.569 | WARNING  | plugrl_env_client.envs:_load_env_modules:27 - Skip loading env module plugrl_env_client.envs.classic.classic_env: pygame is not installed. Please install it with pip install "plugrl-env-client[classic]".
2026-10-02 03:26:38.569 | WARNING  | plugrl_env_client.envs:_load_env_modules:27 - Skip loading env module plugrl_env_client.envs.atari.atari_env: Atari is not installed. Please install it with the 'atari' extra, e.g. 'pip install plugrl-env-client[atari]'
2026-10-02 03:26:38.569 | WARNING  | plugrl_env_client.envs:_load_env_modules:27 - Skip loading env module plugrl_env_client.envs.d4rl.d4rl_env: d4rl is not installed. Please install it with pip install "plugrl-env-client[d4rl]".
2026-10-02 03:26:38.569 | WARNING  | plugrl_env_client.envs:_load_env_modules:27 - Skip loading env module plugrl_env_client.envs.libero.libero_env: libero is not installed. Please install it with pip install "plugrl-env-client[libero]".
2026-10-02 03:26:38.570 | WARNING  | plugrl_env_client.envs:_load_env_modules:27 - Skip loading env module plugrl_env_client.envs.robomimic.robomimic_env: Robomimic is not installed. Please install it with the 'robomimic' extra, e.g. 'pip install plugrl-env-client[robomimic]'
2026-10-02 03:26:38.572 | WARNING  | plugrl_env_client.envs:_load_env_modules:27 - Skip loading env module plugrl_env_client.envs.classic.classic_env: pygame is not installed. Please install it with pip install "plugrl-env-client[classic]".
2026-10-02 03:26:38.572 | WARNING  | plugrl_env_client.envs:_load_env_modules:27 - Skip loading env module plugrl_env_client.envs.atari.atari_env: Atari is not installed. Please install it with the 'atari' extra, e.g. 'pip install plugrl-env-client[atari]'
2026-10-02 03:26:38.573 | WARNING  | plugrl_env_client.envs:_load_env_modules:27 - Skip loading env module plugrl_env_client.envs.d4rl.d4rl_env: d4rl is not installed. Please install it with pip install "plugrl-env-client[d4rl]".
2026-10-02 03:26:38.573 | WARNING  | plugrl_env_client.envs:_load_env_modules:27 - Skip loading env module plugrl_env_client.envs.libero.libero_env: libero is not installed. Please install it with pip install "plugrl-env-client[libero]".
2026-10-02 03:26:38.573 | WARNING  | plugrl_env_client.envs:_load_env_modules:27 - Skip loading env module plugrl_env_client.envs.robomimic.robomimic_env: Robomimic is not installed. Please install it with the 'robomimic' extra, e.g. 'pip install plugrl-env-client[robomimic]'
2026-10-02 03:26:38.574 | WARNING  | plugrl_env_client.envs:_load_env_modules:27 - Skip loading env module plugrl_env_client.envs.classic.classic_env: pygame is not installed. Please install it with pip install "plugrl-env-client[classic]".
2026-10-02 03:26:38.574 | WARNING  | plugrl_env_client.envs:_load_env_modules:27 - Skip loading env module plugrl_env_client.envs.atari.atari_env: Atari is not installed. Please install it with the 'atari' extra, e.g. 'pip install plugrl-env-client[atari]'
2026-10-02 03:26:38.575 | WARNING  | plugrl_env_client.envs:_load_env_modules:27 - Skip loading env module plugrl_env_client.envs.d4rl.d4rl_env: d4rl is not installed. Please install it with pip install "plugrl-env-client[d4rl]".
2026-10-02 03:26:38.575 | WARNING  | plugrl_env_client.envs:_load_env_modules:27 - Skip loading env module plugrl_env_client.envs.libero.libero_env: libero is not installed. Please install it with pip install "plugrl-env-client[libero]".
2026-10-02 03:26:38.575 | WARNING  | plugrl_env_client.envs:_load_env_modules:27 - Skip loading env module plugrl_env_client.envs.robomimic.robomimic_env: Robomimic is not installed. Please install it with the 'robomimic' extra, e.g. 'pip install plugrl-env-client[robomimic]'
2026-10-02 03:26:38.586 | WARNING  | plugrl_env_client.envs:_load_env_modules:27 - Skip loading env module plugrl_env_client.envs.classic.classic_env: pygame is not installed. Please install it with pip install "plugrl-env-client[classic]".
2026-10-02 03:26:38.586 | WARNING  | plugrl_env_client.envs:_load_env_modules:27 - Skip loading env module plugrl_env_client.envs.classic.classic_env: pygame is not installed. Please install it with pip install "plugrl-env-client[classic]".
2026-10-02 03:26:38.586 | WARNING  | plugrl_env_client.envs:_load_env_modules:27 - Skip loading env module plugrl_env_client.envs.classic.classic_env: pygame is not installed. Please install it with pip install "plugrl-env-client[classic]".
2026-10-02 03:26:38.586 | WARNING  | plugrl_env_client.envs:_load_env_modules:27 - Skip loading env module plugrl_env_client.envs.atari.atari_env: Atari is not installed. Please install it with the 'atari' extra, e.g. 'pip install plugrl-env-client[atari]'
2026-10-02 03:26:38.586 | WARNING  | plugrl_env_client.envs:_load_env_modules:27 - Skip loading env module plugrl_env_client.envs.atari.atari_env: Atari is not installed. Please install it with the 'atari' extra, e.g. 'pip install plugrl-env-client[atari]'
2026-10-02 03:26:38.586 | WARNING  | plugrl_env_client.envs:_load_env_modules:27 - Skip loading env module plugrl_env_client.envs.atari.atari_env: Atari is not installed. Please install it with the 'atari' extra, e.g. 'pip install plugrl-env-client[atari]'
2026-10-02 03:26:38.587 | WARNING  | plugrl_env_client.envs:_load_env_modules:27 - Skip loading env module plugrl_env_client.envs.d4rl.d4rl_env: d4rl is not installed. Please install it with pip install "plugrl-env-client[d4rl]".
2026-10-02 03:26:38.587 | WARNING  | plugrl_env_client.envs:_load_env_modules:27 - Skip loading env module plugrl_env_client.envs.d4rl.d4rl_env: d4rl is not installed. Please install it with pip install "plugrl-env-client[d4rl]".
2026-10-02 03:26:38.587 | WARNING  | plugrl_env_client.envs:_load_env_modules:27 - Skip loading env module plugrl_env_client.envs.d4rl.d4rl_env: d4rl is not installed. Please install it with pip install "plugrl-env-client[d4rl]".
2026-10-02 03:26:38.587 | WARNING  | plugrl_env_client.envs:_load_env_modules:27 - Skip loading env module plugrl_env_client.envs.libero.libero_env: libero is not installed. Please install it with pip install "plugrl-env-client[libero]".
2026-10-02 03:26:38.587 | WARNING  | plugrl_env_client.envs:_load_env_modules:27 - Skip loading env module plugrl_env_client.envs.libero.libero_env: libero is not installed. Please install it with pip install "plugrl-env-client[libero]".
2026-10-02 03:26:38.587 | WARNING  | plugrl_env_client.envs:_load_env_modules:27 - Skip loading env module plugrl_env_client.envs.libero.libero_env: libero is not installed. Please install it with pip install "plugrl-env-client[libero]".
2026-10-02 03:26:38.588 | WARNING  | plugrl_env_client.envs:_load_env_modules:27 - Skip loading env module plugrl_env_client.envs.robomimic.robomimic_env: Robomimic is not installed. Please install it with the 'robomimic' extra, e.g. 'pip install plugrl-env-client[robomimic]'
2026-10-02 03:26:38.588 | WARNING  | plugrl_env_client.envs:_load_env_modules:27 - Skip loading env module plugrl_env_client.envs.robomimic.robomimic_env: Robomimic is not installed. Please install it with the 'robomimic' extra, e.g. 'pip install plugrl-env-client[robomimic]'
2026-10-02 03:26:38.588 | WARNING  | plugrl_env_client.envs:_load_env_modules:27 - Skip loading env module plugrl_env_client.envs.robomimic.robomimic_env: Robomimic is not installed. Please install it with the 'robomimic' extra, e.g. 'pip install plugrl-env-client[robomimic]'
2026-10-02 03:26:38.589 | WARNING  | plugrl_env_client.envs:_load_env_modules:27 - Skip loading env module plugrl_env_client.envs.classic.classic_env: pygame is not installed. Please install it with pip install "plugrl-env-client[classic]".
2026-10-02 03:26:38.589 | WARNING  | plugrl_env_client.envs:_load_env_modules:27 - Skip loading env module plugrl_env_client.envs.classic.classic_env: pygame is not installed. Please install it with pip install "plugrl-env-client[classic]".
2026-10-02 03:26:38.589 | WARNING  | plugrl_env_client.envs:_load_env_modules:27 - Skip loading env module plugrl_env_client.envs.atari.atari_env: Atari is not installed. Please install it with the 'atari' extra, e.g. 'pip install plugrl-env-client[atari]'
2026-10-02 03:26:38.589 | WARNING  | plugrl_env_client.envs:_load_env_modules:27 - Skip loading env module plugrl_env_client.envs.atari.atari_env: Atari is not installed. Please install it with the 'atari' extra, e.g. 'pip install plugrl-env-client[atari]'
2026-10-02 03:26:38.590 | WARNING  | plugrl_env_client.envs:_load_env_modules:27 - Skip loading env module plugrl_env_client.envs.d4rl.d4rl_env: d4rl is not installed. Please install it with pip install "plugrl-env-client[d4rl]".
2026-10-02 03:26:38.590 | WARNING  | plugrl_env_client.envs:_load_env_modules:27 - Skip loading env module plugrl_env_client.envs.d4rl.d4rl_env: d4rl is not installed. Please install it with pip install "plugrl-env-client[d4rl]".
2026-10-02 03:26:38.590 | WARNING  | plugrl_env_client.envs:_load_env_modules:27 - Skip loading env module plugrl_env_client.envs.libero.libero_env: libero is not installed. Please install it with pip install "plugrl-env-client[libero]".
2026-10-02 03:26:38.590 | WARNING  | plugrl_env_client.envs:_load_env_modules:27 - Skip loading env module plugrl_env_client.envs.libero.libero_env: libero is not installed. Please install it with pip install "plugrl-env-client[libero]".
2026-10-02 03:26:38.591 | WARNING  | plugrl_env_client.envs:_load_env_modules:27 - Skip loading env module plugrl_env_client.envs.classic.classic_env: pygame is not installed. Please install it with pip install "plugrl-env-client[classic]".
2026-10-02 03:26:38.591 | WARNING  | plugrl_env_client.envs:_load_env_modules:27 - Skip loading env module plugrl_env_client.envs.classic.classic_env: pygame is not installed. Please install it with pip install "plugrl-env-client[classic]".
2026-10-02 03:26:38.591 | WARNING  | plugrl_env_client.envs:_load_env_modules:27 - Skip loading env module plugrl_env_client.envs.classic.classic_env: pygame is not installed. Please install it with pip install "plugrl-env-client[classic]".
2026-10-02 03:26:38.591 | WARNING  | plugrl_env_client.envs:_load_env_modules:27 - Skip loading env module plugrl_env_client.envs.robomimic.robomimic_env: Robomimic is not installed. Please install it with the 'robomimic' extra, e.g. 'pip install plugrl-env-client[robomimic]'
2026-10-02 03:26:38.591 | WARNING  | plugrl_env_client.envs:_load_env_modules:27 - Skip loading env module plugrl_env_client.envs.classic.classic_env: pygame is not installed. Please install it with pip install "plugrl-env-client[classic]".
2026-10-02 03:26:38.591 | WARNING  | plugrl_env_client.envs:_load_env_modules:27 - Skip loading env module plugrl_env_client.envs.robomimic.robomimic_env: Robomimic is not installed. Please install it with the 'robomimic' extra, e.g. 'pip install plugrl-env-client[robomimic]'
2026-10-02 03:26:38.591 | WARNING  | plugrl_env_client.envs:_load_env_modules:27 - Skip loading env module plugrl_env_client.envs.atari.atari_env: Atari is not installed. Please install it with the 'atari' extra, e.g. 'pip install plugrl-env-client[atari]'
2026-10-02 03:26:38.591 | WARNING  | plugrl_env_client.envs:_load_env_modules:27 - Skip loading env module plugrl_env_client.envs.atari.atari_env: Atari is not installed. Please install it with the 'atari' extra, e.g. 'pip install plugrl-env-client[atari]'
2026-10-02 03:26:38.591 | WARNING  | plugrl_env_client.envs:_load_env_modules:27 - Skip loading env module plugrl_env_client.envs.atari.atari_env: Atari is not installed. Please install it with the 'atari' extra, e.g. 'pip install plugrl-env-client[atari]'
2026-10-02 03:26:38.591 | WARNING  | plugrl_env_client.envs:_load_env_modules:27 - Skip loading env module plugrl_env_client.envs.atari.atari_env: Atari is not installed. Please install it with the 'atari' extra, e.g. 'pip install plugrl-env-client[atari]'
2026-10-02 03:26:38.591 | WARNING  | plugrl_env_client.envs:_load_env_modules:27 - Skip loading env module plugrl_env_client.envs.d4rl.d4rl_env: d4rl is not installed. Please install it with pip install "plugrl-env-client[d4rl]".
2026-10-02 03:26:38.591 | WARNING  | plugrl_env_client.envs:_load_env_modules:27 - Skip loading env module plugrl_env_client.envs.d4rl.d4rl_env: d4rl is not installed. Please install it with pip install "plugrl-env-client[d4rl]".
2026-10-02 03:26:38.591 | WARNING  | plugrl_env_client.envs:_load_env_modules:27 - Skip loading env module plugrl_env_client.envs.d4rl.d4rl_env: d4rl is not installed. Please install it with pip install "plugrl-env-client[d4rl]".
2026-10-02 03:26:38.591 | WARNING  | plugrl_env_client.envs:_load_env_modules:27 - Skip loading env module plugrl_env_client.envs.d4rl.d4rl_env: d4rl is not installed. Please install it with pip install "plugrl-env-client[d4rl]".
2026-10-02 03:26:38.591 | WARNING  | plugrl_env_client.envs:_load_env_modules:27 - Skip loading env module plugrl_env_client.envs.libero.libero_env: libero is not installed. Please install it with pip install "plugrl-env-client[libero]".
2026-10-02 03:26:38.591 | WARNING  | plugrl_env_client.envs:_load_env_modules:27 - Skip loading env module plugrl_env_client.envs.libero.libero_env: libero is not installed. Please install it with pip install "plugrl-env-client[libero]".
2026-10-02 03:26:38.591 | WARNING  | plugrl_env_client.envs:_load_env_modules:27 - Skip loading env module plugrl_env_client.envs.libero.libero_env: libero is not installed. Please install it with pip install "plugrl-env-client[libero]".
2026-10-02 03:26:38.592 | WARNING  | plugrl_env_client.envs:_load_env_modules:27 - Skip loading env module plugrl_env_client.envs.libero.libero_env: libero is not installed. Please install it with pip install "plugrl-env-client[libero]".
2026-10-02 03:26:38.592 | WARNING  | plugrl_env_client.envs:_load_env_modules:27 - Skip loading env module plugrl_env_client.envs.robomimic.robomimic_env: Robomimic is not installed. Please install it with the 'robomimic' extra, e.g. 'pip install plugrl-env-client[robomimic]'
2026-10-02 03:26:38.592 | WARNING  | plugrl_env_client.envs:_load_env_modules:27 - Skip loading env module plugrl_env_client.envs.robomimic.robomimic_env: Robomimic is not installed. Please install it with the 'robomimic' extra, e.g. 'pip install plugrl-env-client[robomimic]'
2026-10-02 03:26:38.592 | WARNING  | plugrl_env_client.envs:_load_env_modules:27 - Skip loading env module plugrl_env_client.envs.robomimic.robomimic_env: Robomimic is not installed. Please install it with the 'robomimic' extra, e.g. 'pip install plugrl-env-client[robomimic]'
2026-10-02 03:26:38.592 | WARNING  | plugrl_env_client.envs:_load_env_modules:27 - Skip loading env module plugrl_env_client.envs.robomimic.robomimic_env: Robomimic is not installed. Please install it with the 'robomimic' extra, e.g. 'pip install plugrl-env-client[robomimic]'
2026-10-02 03:26:38.621 | INFO     | plugrl_env_client.agent.websocket_env_client_agent:_wait_for_server:203 - Waiting for server at ws://127.0.0.1:8810...
2026-10-02 03:26:38.622 | WARNING  | plugrl_env_client.agent.websocket_env_client_agent:_wait_for_server:252 - Server not available or connection failed. Retrying in 5 seconds...
2026-10-02 03:26:38.626 | INFO     | plugrl_env_client.agent.websocket_env_client_agent:_wait_for_server:203 - Waiting for server at ws://127.0.0.1:8810...
2026-10-02 03:26:38.627 | INFO     | plugrl_env_client.agent.websocket_env_client_agent:_wait_for_server:203 - Waiting for server at ws://127.0.0.1:8810...
2026-10-02 03:26:38.627 | WARNING  | plugrl_env_client.agent.websocket_env_client_agent:_wait_for_server:252 - Server not available or connection failed. Retrying in 5 seconds...
2026-10-02 03:26:38.628 | WARNING  | plugrl_env_client.agent.websocket_env_client_agent:_wait_for_server:252 - Server not available or connection failed. Retrying in 5 seconds...
2026-10-02 03:26:38.634 | INFO     | plugrl_env_client.agent.websocket_env_client_agent:_wait_for_server:203 - Waiting for server at ws://127.0.0.1:8810...
2026-10-02 03:26:38.635 | WARNING  | plugrl_env_client.agent.websocket_env_client_agent:_wait_for_server:252 - Server not available or connection failed. Retrying in 5 seconds...
2026-10-02 03:26:38.638 | INFO     | plugrl_env_client.agent.websocket_env_client_agent:_wait_for_server:203 - Waiting for server at ws://127.0.0.1:8810...
2026-10-02 03:26:38.639 | WARNING  | plugrl_env_client.agent.websocket_env_client_agent:_wait_for_server:252 - Server not available or connection failed. Retrying in 5 seconds...
2026-10-02 03:26:38.639 | INFO     | plugrl_env_client.agent.websocket_env_client_agent:_wait_for_server:203 - Waiting for server at ws://127.0.0.1:8810...
2026-10-02 03:26:38.640 | WARNING  | plugrl_env_client.agent.websocket_env_client_agent:_wait_for_server:252 - Server not available or connection failed. Retrying in 5 seconds...
2026-10-02 03:26:38.642 | INFO     | plugrl_env_client.agent.websocket_env_client_agent:_wait_for_server:203 - Waiting for server at ws://127.0.0.1:8810...
2026-10-02 03:26:38.643 | WARNING  | plugrl_env_client.agent.websocket_env_client_agent:_wait_for_server:252 - Server not available or connection failed. Retrying in 5 seconds...
2026-10-02 03:26:38.665 | INFO     | plugrl_env_client.agent.websocket_env_client_agent:_wait_for_server:203 - Waiting for server at ws://127.0.0.1:8810...
2026-10-02 03:26:38.667 | INFO     | plugrl_env_client.agent.websocket_env_client_agent:_wait_for_server:203 - Waiting for server at ws://127.0.0.1:8810...
2026-10-02 03:26:38.667 | INFO     | plugrl_env_client.agent.websocket_env_client_agent:_wait_for_server:203 - Waiting for server at ws://127.0.0.1:8810...
2026-10-02 03:26:38.667 | INFO     | plugrl_env_client.agent.websocket_env_client_agent:_wait_for_server:203 - Waiting for server at ws://127.0.0.1:8810...
2026-10-02 03:26:38.667 | WARNING  | plugrl_env_client.agent.websocket_env_client_agent:_wait_for_server:252 - Server not available or connection failed. Retrying in 5 seconds...
2026-10-02 03:26:38.667 | INFO     | plugrl_env_client.agent.websocket_env_client_agent:_wait_for_server:203 - Waiting for server at ws://127.0.0.1:8810...
2026-10-02 03:26:38.667 | INFO     | plugrl_env_client.agent.websocket_env_client_agent:_wait_for_server:203 - Waiting for server at ws://127.0.0.1:8810...
2026-10-02 03:26:38.667 | WARNING  | plugrl_env_client.agent.websocket_env_client_agent:_wait_for_server:252 - Server not available or connection failed. Retrying in 5 seconds...
2026-10-02 03:26:38.668 | WARNING  | plugrl_env_client.agent.websocket_env_client_agent:_wait_for_server:252 - Server not available or connection failed. Retrying in 5 seconds...
2026-10-02 03:26:38.668 | WARNING  | plugrl_env_client.agent.websocket_env_client_agent:_wait_for_server:252 - Server not available or connection failed. Retrying in 5 seconds...
2026-10-02 03:26:38.668 | WARNING  | plugrl_env_client.agent.websocket_env_client_agent:_wait_for_server:252 - Server not available or connection failed. Retrying in 5 seconds...
2026-10-02 03:26:38.668 | WARNING  | plugrl_env_client.agent.websocket_env_client_agent:_wait_for_server:252 - Server not available or connection failed. Retrying in 5 seconds...
2026-10-02 03:26:38.669 | INFO     | plugrl_env_client.agent.websocket_env_client_agent:_wait_for_server:203 - Waiting for server at ws://127.0.0.1:8810...
2026-10-02 03:26:38.669 | INFO     | plugrl_env_client.agent.websocket_env_client_agent:_wait_for_server:203 - Waiting for server at ws://127.0.0.1:8810...
2026-10-02 03:26:38.669 | WARNING  | plugrl_env_client.agent.websocket_env_client_agent:_wait_for_server:252 - Server not available or connection failed. Retrying in 5 seconds...
2026-10-02 03:26:38.670 | WARNING  | plugrl_env_client.agent.websocket_env_client_agent:_wait_for_server:252 - Server not available or connection failed. Retrying in 5 seconds...
2026-10-02 03:26:38.671 | INFO     | plugrl_env_client.agent.websocket_env_client_agent:_wait_for_server:203 - Waiting for server at ws://127.0.0.1:8810...
2026-10-02 03:26:38.671 | WARNING  | plugrl_env_client.agent.websocket_env_client_agent:_wait_for_server:252 - Server not available or connection failed. Retrying in 5 seconds...
2026-10-02 03:26:43.625 | INFO     | plugrl_env_client.runner.run:report_server_metadata:56 - Server metadata: {'protocol_version': 1, 'server': 'plugrl-bridges', 'action_horizon': 1, 'action_dim': 6, 'num_envs': 16, 'lockstep': True, 'features': ['reuse-feedback-obs']}
2026-10-02 03:26:43.630 | INFO     | plugrl_env_client.runner.run:report_server_metadata:56 - Server metadata: {'protocol_version': 1, 'server': 'plugrl-bridges', 'action_horizon': 1, 'action_dim': 6, 'num_envs': 16, 'lockstep': True, 'features': ['reuse-feedback-obs']}
2026-10-02 03:26:43.630 | INFO     | plugrl_env_client.runner.run:report_server_metadata:56 - Server metadata: {'protocol_version': 1, 'server': 'plugrl-bridges', 'action_horizon': 1, 'action_dim': 6, 'num_envs': 16, 'lockstep': True, 'features': ['reuse-feedback-obs']}
2026-10-02 03:26:43.637 | INFO     | plugrl_env_client.runner.run:report_server_metadata:56 - Server metadata: {'protocol_version': 1, 'server': 'plugrl-bridges', 'action_horizon': 1, 'action_dim': 6, 'num_envs': 16, 'lockstep': True, 'features': ['reuse-feedback-obs']}
2026-10-02 03:26:43.641 | INFO     | plugrl_env_client.runner.run:report_server_metadata:56 - Server metadata: {'protocol_version': 1, 'server': 'plugrl-bridges', 'action_horizon': 1, 'action_dim': 6, 'num_envs': 16, 'lockstep': True, 'features': ['reuse-feedback-obs']}
2026-10-02 03:26:43.641 | INFO     | plugrl_env_client.runner.run:report_server_metadata:56 - Server metadata: {'protocol_version': 1, 'server': 'plugrl-bridges', 'action_horizon': 1, 'action_dim': 6, 'num_envs': 16, 'lockstep': True, 'features': ['reuse-feedback-obs']}
2026-10-02 03:26:43.645 | INFO     | plugrl_env_client.runner.run:report_server_metadata:56 - Server metadata: {'protocol_version': 1, 'server': 'plugrl-bridges', 'action_horizon': 1, 'action_dim': 6, 'num_envs': 16, 'lockstep': True, 'features': ['reuse-feedback-obs']}
2026-10-02 03:26:43.670 | INFO     | plugrl_env_client.runner.run:report_server_metadata:56 - Server metadata: {'protocol_version': 1, 'server': 'plugrl-bridges', 'action_horizon': 1, 'action_dim': 6, 'num_envs': 16, 'lockstep': True, 'features': ['reuse-feedback-obs']}
2026-10-02 03:26:43.670 | INFO     | plugrl_env_client.runner.run:report_server_metadata:56 - Server metadata: {'protocol_version': 1, 'server': 'plugrl-bridges', 'action_horizon': 1, 'action_dim': 6, 'num_envs': 16, 'lockstep': True, 'features': ['reuse-feedback-obs']}
2026-10-02 03:26:43.670 | INFO     | plugrl_env_client.runner.run:report_server_metadata:56 - Server metadata: {'protocol_version': 1, 'server': 'plugrl-bridges', 'action_horizon': 1, 'action_dim': 6, 'num_envs': 16, 'lockstep': True, 'features': ['reuse-feedback-obs']}
2026-10-02 03:26:43.670 | INFO     | plugrl_env_client.runner.run:report_server_metadata:56 - Server metadata: {'protocol_version': 1, 'server': 'plugrl-bridges', 'action_horizon': 1, 'action_dim': 6, 'num_envs': 16, 'lockstep': True, 'features': ['reuse-feedback-obs']}
2026-10-02 03:26:43.670 | INFO     | plugrl_env_client.runner.run:report_server_metadata:56 - Server metadata: {'protocol_version': 1, 'server': 'plugrl-bridges', 'action_horizon': 1, 'action_dim': 6, 'num_envs': 16, 'lockstep': True, 'features': ['reuse-feedback-obs']}
2026-10-02 03:26:43.671 | INFO     | plugrl_env_client.runner.run:report_server_metadata:56 - Server metadata: {'protocol_version': 1, 'server': 'plugrl-bridges', 'action_horizon': 1, 'action_dim': 6, 'num_envs': 16, 'lockstep': True, 'features': ['reuse-feedback-obs']}
2026-10-02 03:26:43.672 | INFO     | plugrl_env_client.runner.run:report_server_metadata:56 - Server metadata: {'protocol_version': 1, 'server': 'plugrl-bridges', 'action_horizon': 1, 'action_dim': 6, 'num_envs': 16, 'lockstep': True, 'features': ['reuse-feedback-obs']}
2026-10-02 03:26:43.673 | INFO     | plugrl_env_client.runner.run:report_server_metadata:56 - Server metadata: {'protocol_version': 1, 'server': 'plugrl-bridges', 'action_horizon': 1, 'action_dim': 6, 'num_envs': 16, 'lockstep': True, 'features': ['reuse-feedback-obs']}
2026-10-02 03:26:43.674 | INFO     | plugrl_env_client.runner.run:report_server_metadata:56 - Server metadata: {'protocol_version': 1, 'server': 'plugrl-bridges', 'action_horizon': 1, 'action_dim': 6, 'num_envs': 16, 'lockstep': True, 'features': ['reuse-feedback-obs']}
2026-10-02 03:27:13.627 | INFO     | plugrl_env_client.runner.rollout:log_timing_summary:101 - Intermediate rollout timing summary: env_steps=8390 infer_calls=8390 feedback_calls=8390 infer_wait=28.169s infer_obs_pack=0.103s env_step=0.758s feedback_total=0.517s feedback_obs_pack=0.139s feedback_info_pack=0.023s effective_fps=283.95
2026-10-02 03:27:13.631 | INFO     | plugrl_env_client.runner.rollout:log_timing_summary:101 - Intermediate rollout timing summary: env_steps=8392 infer_calls=8392 feedback_calls=8392 infer_wait=28.218s infer_obs_pack=0.101s env_step=0.734s feedback_total=0.513s feedback_obs_pack=0.137s feedback_info_pack=0.023s effective_fps=283.84
2026-10-02 03:27:13.631 | INFO     | plugrl_env_client.runner.rollout:log_timing_summary:101 - Intermediate rollout timing summary: env_steps=8392 infer_calls=8392 feedback_calls=8392 infer_wait=28.236s infer_obs_pack=0.099s env_step=0.732s feedback_total=0.504s feedback_obs_pack=0.133s feedback_info_pack=0.024s effective_fps=283.79
2026-10-02 03:27:13.639 | INFO     | plugrl_env_client.runner.rollout:log_timing_summary:101 - Intermediate rollout timing summary: env_steps=8397 infer_calls=8397 feedback_calls=8397 infer_wait=28.210s infer_obs_pack=0.103s env_step=0.732s feedback_total=0.524s feedback_obs_pack=0.139s feedback_info_pack=0.024s effective_fps=283.98
2026-10-02 03:27:13.642 | INFO     | plugrl_env_client.runner.rollout:log_timing_summary:101 - Intermediate rollout timing summary: env_steps=8399 infer_calls=8399 feedback_calls=8399 infer_wait=28.297s infer_obs_pack=0.102s env_step=0.706s feedback_total=0.507s feedback_obs_pack=0.135s feedback_info_pack=0.023s effective_fps=283.63
2026-10-02 03:27:13.643 | INFO     | plugrl_env_client.runner.rollout:log_timing_summary:101 - Intermediate rollout timing summary: env_steps=8399 infer_calls=8399 feedback_calls=8399 infer_wait=28.220s infer_obs_pack=0.103s env_step=0.741s feedback_total=0.524s feedback_obs_pack=0.140s feedback_info_pack=0.024s effective_fps=283.86
2026-10-02 03:27:13.646 | INFO     | plugrl_env_client.runner.rollout:log_timing_summary:101 - Intermediate rollout timing summary: env_steps=8401 infer_calls=8401 feedback_calls=8401 infer_wait=28.273s infer_obs_pack=0.103s env_step=0.713s feedback_total=0.512s feedback_obs_pack=0.139s feedback_info_pack=0.023s effective_fps=283.81
2026-10-02 03:27:13.671 | INFO     | plugrl_env_client.runner.rollout:log_timing_summary:101 - Intermediate rollout timing summary: env_steps=8416 infer_calls=8416 feedback_calls=8416 infer_wait=28.285s infer_obs_pack=0.105s env_step=0.709s feedback_total=0.521s feedback_obs_pack=0.140s feedback_info_pack=0.024s effective_fps=284.13
2026-10-02 03:27:13.671 | INFO     | plugrl_env_client.runner.rollout:log_timing_summary:101 - Intermediate rollout timing summary: env_steps=8416 infer_calls=8416 feedback_calls=8416 infer_wait=28.325s infer_obs_pack=0.105s env_step=0.687s feedback_total=0.520s feedback_obs_pack=0.139s feedback_info_pack=0.023s effective_fps=283.97
2026-10-02 03:27:13.671 | INFO     | plugrl_env_client.runner.rollout:log_timing_summary:101 - Intermediate rollout timing summary: env_steps=8416 infer_calls=8416 feedback_calls=8416 infer_wait=28.302s infer_obs_pack=0.106s env_step=0.696s feedback_total=0.527s feedback_obs_pack=0.140s feedback_info_pack=0.024s effective_fps=284.04
2026-10-02 03:27:13.671 | INFO     | plugrl_env_client.runner.rollout:log_timing_summary:101 - Intermediate rollout timing summary: env_steps=8416 infer_calls=8416 feedback_calls=8416 infer_wait=28.309s infer_obs_pack=0.105s env_step=0.690s feedback_total=0.528s feedback_obs_pack=0.140s feedback_info_pack=0.024s effective_fps=284.02
2026-10-02 03:27:13.671 | INFO     | plugrl_env_client.runner.rollout:log_timing_summary:101 - Intermediate rollout timing summary: env_steps=8416 infer_calls=8416 feedback_calls=8416 infer_wait=28.297s infer_obs_pack=0.105s env_step=0.701s feedback_total=0.515s feedback_obs_pack=0.137s feedback_info_pack=0.023s effective_fps=284.15
2026-10-02 03:27:13.673 | INFO     | plugrl_env_client.runner.rollout:log_timing_summary:101 - Intermediate rollout timing summary: env_steps=8417 infer_calls=8417 feedback_calls=8417 infer_wait=28.329s infer_obs_pack=0.105s env_step=0.684s feedback_total=0.521s feedback_obs_pack=0.141s feedback_info_pack=0.023s effective_fps=283.99
2026-10-02 03:27:13.675 | INFO     | plugrl_env_client.runner.rollout:log_timing_summary:101 - Intermediate rollout timing summary: env_steps=8418 infer_calls=8418 feedback_calls=8418 infer_wait=28.301s infer_obs_pack=0.109s env_step=0.698s feedback_total=0.537s feedback_obs_pack=0.143s feedback_info_pack=0.026s effective_fps=283.96
2026-10-02 03:27:13.675 | INFO     | plugrl_env_client.runner.rollout:log_timing_summary:101 - Intermediate rollout timing summary: env_steps=8418 infer_calls=8418 feedback_calls=8418 infer_wait=28.340s infer_obs_pack=0.105s env_step=0.681s feedback_total=0.518s feedback_obs_pack=0.137s feedback_info_pack=0.024s effective_fps=283.98
2026-10-02 03:27:13.676 | INFO     | plugrl_env_client.runner.rollout:log_timing_summary:101 - Intermediate rollout timing summary: env_steps=8419 infer_calls=8419 feedback_calls=8419 infer_wait=28.279s infer_obs_pack=0.107s env_step=0.709s feedback_total=0.540s feedback_obs_pack=0.145s feedback_info_pack=0.024s effective_fps=284.10
2026-10-02 03:27:43.628 | INFO     | plugrl_env_client.runner.rollout:log_timing_summary:101 - Intermediate rollout timing summary: env_steps=16830 infer_calls=16830 feedback_calls=16830 infer_wait=56.320s infer_obs_pack=0.207s env_step=1.527s feedback_total=1.045s feedback_obs_pack=0.279s feedback_info_pack=0.045s effective_fps=284.77
2026-10-02 03:27:43.631 | INFO     | plugrl_env_client.runner.rollout:log_timing_summary:101 - Intermediate rollout timing summary: env_steps=16832 infer_calls=16832 feedback_calls=16832 infer_wait=56.469s infer_obs_pack=0.203s env_step=1.456s feedback_total=1.019s feedback_obs_pack=0.273s feedback_info_pack=0.049s effective_fps=284.58
2026-10-02 03:27:43.631 | INFO     | plugrl_env_client.runner.rollout:log_timing_summary:101 - Intermediate rollout timing summary: env_steps=16832 infer_calls=16832 feedback_calls=16832 infer_wait=56.418s infer_obs_pack=0.204s env_step=1.476s feedback_total=1.029s feedback_obs_pack=0.272s feedback_info_pack=0.046s effective_fps=284.68
2026-10-02 03:27:43.639 | INFO     | plugrl_env_client.runner.rollout:log_timing_summary:101 - Intermediate rollout timing summary: env_steps=16837 infer_calls=16837 feedback_calls=16837 infer_wait=56.468s infer_obs_pack=0.205s env_step=1.445s feedback_total=1.042s feedback_obs_pack=0.276s feedback_info_pack=0.047s effective_fps=284.60
2026-10-02 03:27:43.643 | INFO     | plugrl_env_client.runner.rollout:log_timing_summary:101 - Intermediate rollout timing summary: env_steps=16839 infer_calls=16839 feedback_calls=16839 infer_wait=56.466s infer_obs_pack=0.207s env_step=1.467s feedback_total=1.038s feedback_obs_pack=0.277s feedback_info_pack=0.047s effective_fps=284.55
2026-10-02 03:27:43.643 | INFO     | plugrl_env_client.runner.rollout:log_timing_summary:101 - Intermediate rollout timing summary: env_steps=16839 infer_calls=16839 feedback_calls=16839 infer_wait=56.537s infer_obs_pack=0.205s env_step=1.428s feedback_total=1.026s feedback_obs_pack=0.271s feedback_info_pack=0.046s effective_fps=284.46
2026-10-02 03:27:43.646 | INFO     | plugrl_env_client.runner.rollout:log_timing_summary:101 - Intermediate rollout timing summary: env_steps=16841 infer_calls=16841 feedback_calls=16841 infer_wait=56.548s infer_obs_pack=0.206s env_step=1.422s feedback_total=1.025s feedback_obs_pack=0.277s feedback_info_pack=0.046s effective_fps=284.47
2026-10-02 03:27:43.672 | INFO     | plugrl_env_client.runner.rollout:log_timing_summary:101 - Intermediate rollout timing summary: env_steps=16858 infer_calls=16858 feedback_calls=16858 infer_wait=56.575s infer_obs_pack=0.208s env_step=1.414s feedback_total=1.033s feedback_obs_pack=0.278s feedback_info_pack=0.048s effective_fps=284.61
2026-10-02 03:27:43.673 | INFO     | plugrl_env_client.runner.rollout:log_timing_summary:101 - Intermediate rollout timing summary: env_steps=16858 infer_calls=16858 feedback_calls=16858 infer_wait=56.575s infer_obs_pack=0.211s env_step=1.408s feedback_total=1.038s feedback_obs_pack=0.276s feedback_info_pack=0.047s effective_fps=284.61
2026-10-02 03:27:43.673 | INFO     | plugrl_env_client.runner.rollout:log_timing_summary:101 - Intermediate rollout timing summary: env_steps=16858 infer_calls=16858 feedback_calls=16858 infer_wait=56.579s infer_obs_pack=0.212s env_step=1.402s feedback_total=1.059s feedback_obs_pack=0.282s feedback_info_pack=0.049s effective_fps=284.51
2026-10-02 03:27:43.673 | INFO     | plugrl_env_client.runner.rollout:log_timing_summary:101 - Intermediate rollout timing summary: env_steps=16858 infer_calls=16858 feedback_calls=16858 infer_wait=56.631s infer_obs_pack=0.212s env_step=1.377s feedback_total=1.055s feedback_obs_pack=0.280s feedback_info_pack=0.048s effective_fps=284.41
2026-10-02 03:27:43.673 | INFO     | plugrl_env_client.runner.rollout:log_timing_summary:101 - Intermediate rollout timing summary: env_steps=16858 infer_calls=16858 feedback_calls=16858 infer_wait=56.626s infer_obs_pack=0.210s env_step=1.388s feedback_total=1.043s feedback_obs_pack=0.278s feedback_info_pack=0.048s effective_fps=284.45
2026-10-02 03:27:43.674 | INFO     | plugrl_env_client.runner.rollout:log_timing_summary:101 - Intermediate rollout timing summary: env_steps=16859 infer_calls=16859 feedback_calls=16859 infer_wait=56.670s infer_obs_pack=0.209s env_step=1.363s feedback_total=1.038s feedback_obs_pack=0.281s feedback_info_pack=0.045s effective_fps=284.40
2026-10-02 03:27:43.676 | INFO     | plugrl_env_client.runner.rollout:log_timing_summary:101 - Intermediate rollout timing summary: env_steps=16860 infer_calls=16860 feedback_calls=16860 infer_wait=56.624s infer_obs_pack=0.217s env_step=1.386s feedback_total=1.066s feedback_obs_pack=0.285s feedback_info_pack=0.051s effective_fps=284.36
2026-10-02 03:27:43.676 | INFO     | plugrl_env_client.runner.rollout:log_timing_summary:101 - Intermediate rollout timing summary: env_steps=16860 infer_calls=16860 feedback_calls=16860 infer_wait=56.641s infer_obs_pack=0.212s env_step=1.376s feedback_total=1.047s feedback_obs_pack=0.279s feedback_info_pack=0.048s effective_fps=284.43
2026-10-02 03:27:43.678 | INFO     | plugrl_env_client.runner.rollout:log_timing_summary:101 - Intermediate rollout timing summary: env_steps=16861 infer_calls=16861 feedback_calls=16861 infer_wait=56.587s infer_obs_pack=0.214s env_step=1.399s feedback_total=1.079s feedback_obs_pack=0.289s feedback_info_pack=0.048s effective_fps=284.43
2026-10-02 03:28:13.628 | INFO     | plugrl_env_client.runner.rollout:log_timing_summary:101 - Intermediate rollout timing summary: env_steps=25233 infer_calls=25233 feedback_calls=25233 infer_wait=84.496s infer_obs_pack=0.314s env_step=2.283s feedback_total=1.571s feedback_obs_pack=0.419s feedback_info_pack=0.069s effective_fps=284.59
2026-10-02 03:28:13.631 | INFO     | plugrl_env_client.runner.rollout:log_timing_summary:101 - Intermediate rollout timing summary: env_steps=25235 infer_calls=25235 feedback_calls=25235 infer_wait=84.603s infer_obs_pack=0.310s env_step=2.231s feedback_total=1.550s feedback_obs_pack=0.408s feedback_info_pack=0.069s effective_fps=284.52
2026-10-02 03:28:13.631 | INFO     | plugrl_env_client.runner.rollout:log_timing_summary:101 - Intermediate rollout timing summary: env_steps=25235 infer_calls=25235 feedback_calls=25235 infer_wait=84.675s infer_obs_pack=0.309s env_step=2.192s feedback_total=1.537s feedback_obs_pack=0.411s feedback_info_pack=0.073s effective_fps=284.46
2026-10-02 03:28:13.640 | INFO     | plugrl_env_client.runner.rollout:log_timing_summary:101 - Intermediate rollout timing summary: env_steps=25240 infer_calls=25240 feedback_calls=25240 infer_wait=84.671s infer_obs_pack=0.309s env_step=2.181s feedback_total=1.567s feedback_obs_pack=0.415s feedback_info_pack=0.071s effective_fps=284.46
2026-10-02 03:28:13.643 | INFO     | plugrl_env_client.runner.rollout:log_timing_summary:101 - Intermediate rollout timing summary: env_steps=25242 infer_calls=25242 feedback_calls=25242 infer_wait=84.724s infer_obs_pack=0.312s env_step=2.181s feedback_total=1.551s feedback_obs_pack=0.414s feedback_info_pack=0.071s effective_fps=284.36
2026-10-02 03:28:13.645 | INFO     | plugrl_env_client.runner.rollout:log_timing_summary:101 - Intermediate rollout timing summary: env_steps=25243 infer_calls=25243 feedback_calls=25243 infer_wait=84.798s infer_obs_pack=0.307s env_step=2.144s feedback_total=1.537s feedback_obs_pack=0.407s feedback_info_pack=0.069s effective_fps=284.31
2026-10-02 03:28:13.647 | INFO     | plugrl_env_client.runner.rollout:log_timing_summary:101 - Intermediate rollout timing summary: env_steps=25244 infer_calls=25244 feedback_calls=25244 infer_wait=84.825s infer_obs_pack=0.311s env_step=2.129s feedback_total=1.538s feedback_obs_pack=0.413s feedback_info_pack=0.069s effective_fps=284.27
2026-10-02 03:28:13.673 | INFO     | plugrl_env_client.runner.rollout:log_timing_summary:101 - Intermediate rollout timing summary: env_steps=25260 infer_calls=25260 feedback_calls=25260 infer_wait=84.833s infer_obs_pack=0.315s env_step=2.128s feedback_total=1.558s feedback_obs_pack=0.418s feedback_info_pack=0.072s effective_fps=284.35
2026-10-02 03:28:13.673 | INFO     | plugrl_env_client.runner.rollout:log_timing_summary:101 - Intermediate rollout timing summary: env_steps=25260 infer_calls=25260 feedback_calls=25260 infer_wait=84.862s infer_obs_pack=0.320s env_step=2.111s feedback_total=1.561s feedback_obs_pack=0.416s feedback_info_pack=0.070s effective_fps=284.28
2026-10-02 03:28:13.673 | INFO     | plugrl_env_client.runner.rollout:log_timing_summary:101 - Intermediate rollout timing summary: env_steps=25260 infer_calls=25260 feedback_calls=25260 infer_wait=84.947s infer_obs_pack=0.319s env_step=2.061s feedback_total=1.579s feedback_obs_pack=0.419s feedback_info_pack=0.071s effective_fps=284.12
2026-10-02 03:28:13.673 | INFO     | plugrl_env_client.runner.rollout:log_timing_summary:101 - Intermediate rollout timing summary: env_steps=25260 infer_calls=25260 feedback_calls=25260 infer_wait=84.904s infer_obs_pack=0.317s env_step=2.095s feedback_total=1.569s feedback_obs_pack=0.418s feedback_info_pack=0.073s effective_fps=284.19
2026-10-02 03:28:13.673 | INFO     | plugrl_env_client.runner.rollout:log_timing_summary:101 - Intermediate rollout timing summary: env_steps=25260 infer_calls=25260 feedback_calls=25260 infer_wait=84.884s infer_obs_pack=0.318s env_step=2.099s feedback_total=1.581s feedback_obs_pack=0.421s feedback_info_pack=0.072s effective_fps=284.20
2026-10-02 03:28:13.675 | INFO     | plugrl_env_client.runner.rollout:log_timing_summary:101 - Intermediate rollout timing summary: env_steps=25261 infer_calls=25261 feedback_calls=25261 infer_wait=84.988s infer_obs_pack=0.314s env_step=2.045s feedback_total=1.560s feedback_obs_pack=0.423s feedback_info_pack=0.068s effective_fps=284.13
2026-10-02 03:28:13.676 | INFO     | plugrl_env_client.runner.rollout:log_timing_summary:101 - Intermediate rollout timing summary: env_steps=25262 infer_calls=25262 feedback_calls=25262 infer_wait=84.957s infer_obs_pack=0.323s env_step=2.071s feedback_total=1.588s feedback_obs_pack=0.424s feedback_info_pack=0.076s effective_fps=284.04
2026-10-02 03:28:13.678 | INFO     | plugrl_env_client.runner.rollout:log_timing_summary:101 - Intermediate rollout timing summary: env_steps=25263 infer_calls=25263 feedback_calls=25263 infer_wait=84.984s infer_obs_pack=0.318s env_step=2.051s feedback_total=1.569s feedback_obs_pack=0.419s feedback_info_pack=0.071s effective_fps=284.10
2026-10-02 03:28:13.679 | INFO     | plugrl_env_client.runner.rollout:log_timing_summary:101 - Intermediate rollout timing summary: env_steps=25264 infer_calls=25264 feedback_calls=25264 infer_wait=84.914s infer_obs_pack=0.321s env_step=2.079s feedback_total=1.611s feedback_obs_pack=0.433s feedback_info_pack=0.071s effective_fps=284.11
2026-10-02 03:28:15.188 | INFO     | plugrl_env_client.runner.rollout:log_timing_summary:101 - Final rollout timing summary: env_steps=25600 infer_calls=25600 feedback_calls=25600 infer_wait=85.518s infer_obs_pack=0.318s env_step=2.315s feedback_total=1.592s feedback_obs_pack=0.425s feedback_info_pack=0.070s effective_fps=285.26
2026-10-02 03:28:15.188 | INFO     | plugrl_env_client.runner.run:run:156 - Server signalled the end of the run; collection stopped after 25/1000000 episodes.
2026-10-02 03:28:15.189 | INFO     | plugrl_env_client.runner.rollout:log_timing_summary:101 - Final rollout timing summary: env_steps=25600 infer_calls=25600 feedback_calls=25600 infer_wait=85.625s infer_obs_pack=0.314s env_step=2.261s feedback_total=1.571s feedback_obs_pack=0.413s feedback_info_pack=0.070s effective_fps=285.17
2026-10-02 03:28:15.189 | INFO     | plugrl_env_client.runner.run:run:156 - Server signalled the end of the run; collection stopped after 25/1000000 episodes.
2026-10-02 03:28:15.191 | INFO     | plugrl_env_client.runner.rollout:log_timing_summary:101 - Final rollout timing summary: env_steps=25600 infer_calls=25600 feedback_calls=25600 infer_wait=85.682s infer_obs_pack=0.313s env_step=2.212s feedback_total=1.588s feedback_obs_pack=0.421s feedback_info_pack=0.072s effective_fps=285.09
2026-10-02 03:28:15.191 | INFO     | plugrl_env_client.runner.run:run:156 - Server signalled the end of the run; collection stopped after 25/1000000 episodes.
2026-10-02 03:28:15.191 | INFO     | plugrl_env_client.runner.rollout:log_timing_summary:101 - Final rollout timing summary: env_steps=25600 infer_calls=25600 feedback_calls=25600 infer_wait=85.735s infer_obs_pack=0.317s env_step=2.211s feedback_total=1.572s feedback_obs_pack=0.420s feedback_info_pack=0.072s effective_fps=284.97
2026-10-02 03:28:15.191 | INFO     | plugrl_env_client.runner.run:run:156 - Server signalled the end of the run; collection stopped after 25/1000000 episodes.
2026-10-02 03:28:15.192 | INFO     | plugrl_env_client.runner.rollout:log_timing_summary:101 - Final rollout timing summary: env_steps=25600 infer_calls=25600 feedback_calls=25600 infer_wait=85.696s infer_obs_pack=0.313s env_step=2.222s feedback_total=1.559s feedback_obs_pack=0.417s feedback_info_pack=0.074s effective_fps=285.11
2026-10-02 03:28:15.192 | INFO     | plugrl_env_client.runner.rollout:log_timing_summary:101 - Final rollout timing summary: env_steps=25600 infer_calls=25600 feedback_calls=25600 infer_wait=85.808s infer_obs_pack=0.312s env_step=2.174s feedback_total=1.558s feedback_obs_pack=0.412s feedback_info_pack=0.070s effective_fps=284.91
2026-10-02 03:28:15.192 | INFO     | plugrl_env_client.runner.run:run:156 - Server signalled the end of the run; collection stopped after 25/1000000 episodes.
2026-10-02 03:28:15.192 | INFO     | plugrl_env_client.runner.run:run:156 - Server signalled the end of the run; collection stopped after 25/1000000 episodes.
2026-10-02 03:28:15.192 | INFO     | plugrl_env_client.runner.rollout:log_timing_summary:101 - Final rollout timing summary: env_steps=25600 infer_calls=25600 feedback_calls=25600 infer_wait=85.834s infer_obs_pack=0.316s env_step=2.158s feedback_total=1.560s feedback_obs_pack=0.419s feedback_info_pack=0.070s effective_fps=284.86
2026-10-02 03:28:15.192 | INFO     | plugrl_env_client.runner.run:run:156 - Server signalled the end of the run; collection stopped after 25/1000000 episodes.
2026-10-02 03:28:15.197 | INFO     | plugrl_env_client.runner.rollout:log_timing_summary:101 - Final rollout timing summary: env_steps=25600 infer_calls=25600 feedback_calls=25600 infer_wait=85.850s infer_obs_pack=0.324s env_step=2.138s feedback_total=1.581s feedback_obs_pack=0.421s feedback_info_pack=0.071s effective_fps=284.78
2026-10-02 03:28:15.197 | INFO     | plugrl_env_client.runner.run:run:156 - Server signalled the end of the run; collection stopped after 25/1000000 episodes.
2026-10-02 03:28:15.198 | INFO     | plugrl_env_client.runner.rollout:log_timing_summary:101 - Final rollout timing summary: env_steps=25600 infer_calls=25600 feedback_calls=25600 infer_wait=85.818s infer_obs_pack=0.319s env_step=2.155s feedback_total=1.579s feedback_obs_pack=0.423s feedback_info_pack=0.073s effective_fps=284.85
2026-10-02 03:28:15.198 | INFO     | plugrl_env_client.runner.run:run:156 - Server signalled the end of the run; collection stopped after 25/1000000 episodes.
2026-10-02 03:28:15.201 | INFO     | plugrl_env_client.runner.rollout:log_timing_summary:101 - Final rollout timing summary: env_steps=25600 infer_calls=25600 feedback_calls=25600 infer_wait=85.869s infer_obs_pack=0.322s env_step=2.127s feedback_total=1.602s feedback_obs_pack=0.426s feedback_info_pack=0.073s effective_fps=284.70
2026-10-02 03:28:15.201 | INFO     | plugrl_env_client.runner.run:run:156 - Server signalled the end of the run; collection stopped after 25/1000000 episodes.
2026-10-02 03:28:15.201 | INFO     | plugrl_env_client.runner.rollout:log_timing_summary:101 - Final rollout timing summary: env_steps=25600 infer_calls=25600 feedback_calls=25600 infer_wait=85.892s infer_obs_pack=0.321s env_step=2.122s feedback_total=1.590s feedback_obs_pack=0.424s feedback_info_pack=0.074s effective_fps=284.68
2026-10-02 03:28:15.201 | INFO     | plugrl_env_client.runner.run:run:156 - Server signalled the end of the run; collection stopped after 25/1000000 episodes.
2026-10-02 03:28:15.201 | INFO     | plugrl_env_client.runner.rollout:log_timing_summary:101 - Final rollout timing summary: env_steps=25600 infer_calls=25600 feedback_calls=25600 infer_wait=85.977s infer_obs_pack=0.318s env_step=2.071s feedback_total=1.580s feedback_obs_pack=0.428s feedback_info_pack=0.068s effective_fps=284.62
2026-10-02 03:28:15.202 | INFO     | plugrl_env_client.runner.run:run:156 - Server signalled the end of the run; collection stopped after 25/1000000 episodes.
2026-10-02 03:28:15.203 | INFO     | plugrl_env_client.runner.rollout:log_timing_summary:101 - Final rollout timing summary: env_steps=25600 infer_calls=25600 feedback_calls=25600 infer_wait=85.936s infer_obs_pack=0.323s env_step=2.088s feedback_total=1.600s feedback_obs_pack=0.425s feedback_info_pack=0.072s effective_fps=284.61
2026-10-02 03:28:15.203 | INFO     | plugrl_env_client.runner.run:run:156 - Server signalled the end of the run; collection stopped after 25/1000000 episodes.
2026-10-02 03:28:15.205 | INFO     | plugrl_env_client.runner.rollout:log_timing_summary:101 - Final rollout timing summary: env_steps=25600 infer_calls=25600 feedback_calls=25600 infer_wait=85.970s infer_obs_pack=0.322s env_step=2.077s feedback_total=1.589s feedback_obs_pack=0.424s feedback_info_pack=0.072s effective_fps=284.58
2026-10-02 03:28:15.205 | INFO     | plugrl_env_client.runner.run:run:156 - Server signalled the end of the run; collection stopped after 25/1000000 episodes.
2026-10-02 03:28:15.211 | INFO     | plugrl_env_client.runner.rollout:log_timing_summary:101 - Final rollout timing summary: env_steps=25600 infer_calls=25600 feedback_calls=25600 infer_wait=85.940s infer_obs_pack=0.328s env_step=2.098s feedback_total=1.610s feedback_obs_pack=0.430s feedback_info_pack=0.077s effective_fps=284.52
2026-10-02 03:28:15.211 | INFO     | plugrl_env_client.runner.run:run:156 - Server signalled the end of the run; collection stopped after 25/1000000 episodes.
2026-10-02 03:28:15.219 | INFO     | plugrl_env_client.runner.rollout:log_timing_summary:101 - Final rollout timing summary: env_steps=25600 infer_calls=25600 feedback_calls=25600 infer_wait=85.887s infer_obs_pack=0.325s env_step=2.108s feedback_total=1.634s feedback_obs_pack=0.439s feedback_info_pack=0.072s effective_fps=284.59
2026-10-02 03:28:15.219 | INFO     | plugrl_env_client.runner.run:run:156 - Server signalled the end of the run; collection stopped after 25/1000000 episodes.
