plugrl-bridges: slots 0-0 <- ('127.0.0.1', 38876)
plugrl-bridges: slots 1-1 <- ('127.0.0.1', 38888)
plugrl-bridges: slots 2-2 <- ('127.0.0.1', 38902)
plugrl-bridges: slots 3-3 <- ('127.0.0.1', 38908)
plugrl-bridges: slots 4-4 <- ('127.0.0.1', 38914)
plugrl-bridges: slots 5-5 <- ('127.0.0.1', 38926)
plugrl-bridges: slots 6-6 <- ('127.0.0.1', 38936)
plugrl-bridges: slots 7-7 <- ('127.0.0.1', 38950)
plugrl-bridges: slots 8-8 <- ('127.0.0.1', 38938)
plugrl-bridges: slots 9-9 <- ('127.0.0.1', 38972)
plugrl-bridges: slots 10-10 <- ('127.0.0.1', 38982)
plugrl-bridges: slots 11-11 <- ('127.0.0.1', 38956)
plugrl-bridges: slots 12-12 <- ('127.0.0.1', 38994)
plugrl-bridges: slots 13-13 <- ('127.0.0.1', 39010)
plugrl-bridges: slots 14-14 <- ('127.0.0.1', 39016)
plugrl-bridges: slots 15-15 <- ('127.0.0.1', 39024)
Using cpu device
Logging to /home/guangzhao/zuogou/plugrl/e49/registered/sb3-halfcheetah-seed0/trainer-logs/PPO_1
-----------------------------
| time/              |      |
|    fps             | 9577 |
|    iterations      | 1    |
|    time_elapsed    | 0    |
|    total_timesteps | 4096 |
-----------------------------
-----------------------------------------
| time/                   |             |
|    fps                  | 6265        |
|    iterations           | 2           |
|    time_elapsed         | 1           |
|    total_timesteps      | 8192        |
| train/                  |             |
|    approx_kl            | 0.013005832 |
|    clip_fraction        | 0.131       |
|    clip_range           | 0.2         |
|    entropy_loss         | -8.49       |
|    explained_variance   | -0.445      |
|    learning_rate        | 0.0003      |
|    loss                 | 0.182       |
|    n_updates            | 10          |
|    policy_gradient_loss | -0.016      |
|    std                  | 0.995       |
|    value_loss           | 0.629       |
-----------------------------------------
-----------------------------------------
| time/                   |             |
|    fps                  | 5523        |
|    iterations           | 3           |
|    time_elapsed         | 2           |
|    total_timesteps      | 12288       |
| train/                  |             |
|    approx_kl            | 0.011000993 |
|    clip_fraction        | 0.114       |
|    clip_range           | 0.2         |
|    entropy_loss         | -8.43       |
|    explained_variance   | -0.172      |
|    learning_rate        | 0.0003      |
|    loss                 | 0.0512      |
|    n_updates            | 20          |
|    policy_gradient_loss | -0.0152     |
|    std                  | 0.983       |
|    value_loss           | 0.112       |
-----------------------------------------
-----------------------------------------
| rollout/                |             |
|    ep_len_mean          | 1e+03       |
|    ep_rew_mean          | -387        |
| time/                   |             |
|    fps                  | 5214        |
|    iterations           | 4           |
|    time_elapsed         | 3           |
|    total_timesteps      | 16384       |
| train/                  |             |
|    approx_kl            | 0.010555662 |
|    clip_fraction        | 0.114       |
|    clip_range           | 0.2         |
|    entropy_loss         | -8.4        |
|    explained_variance   | 0.1         |
|    learning_rate        | 0.0003      |
|    loss                 | 0.0579      |
|    n_updates            | 30          |
|    policy_gradient_loss | -0.0146     |
|    std                  | 0.981       |
|    value_loss           | 0.0792      |
-----------------------------------------
-----------------------------------------
| rollout/                |             |
|    ep_len_mean          | 1e+03       |
|    ep_rew_mean          | -387        |
| time/                   |             |
|    fps                  | 5070        |
|    iterations           | 5           |
|    time_elapsed         | 4           |
|    total_timesteps      | 20480       |
| train/                  |             |
|    approx_kl            | 0.011370208 |
|    clip_fraction        | 0.136       |
|    clip_range           | 0.2         |
|    entropy_loss         | -8.36       |
|    explained_variance   | -0.0255     |
|    learning_rate        | 0.0003      |
|    loss                 | 0.00027     |
|    n_updates            | 40          |
|    policy_gradient_loss | -0.0178     |
|    std                  | 0.971       |
|    value_loss           | 0.046       |
-----------------------------------------
-----------------------------------------
| rollout/                |             |
|    ep_len_mean          | 1e+03       |
|    ep_rew_mean          | -387        |
| time/                   |             |
|    fps                  | 4958        |
|    iterations           | 6           |
|    time_elapsed         | 4           |
|    total_timesteps      | 24576       |
| train/                  |             |
|    approx_kl            | 0.010925754 |
|    clip_fraction        | 0.123       |
|    clip_range           | 0.2         |
|    entropy_loss         | -8.32       |
|    explained_variance   | 0.261       |
|    learning_rate        | 0.0003      |
|    loss                 | -0.0124     |
|    n_updates            | 50          |
|    policy_gradient_loss | -0.016      |
|    std                  | 0.966       |
|    value_loss           | 0.101       |
-----------------------------------------
-----------------------------------------
| rollout/                |             |
|    ep_len_mean          | 1e+03       |
|    ep_rew_mean          | -387        |
| time/                   |             |
|    fps                  | 4885        |
|    iterations           | 7           |
|    time_elapsed         | 5           |
|    total_timesteps      | 28672       |
| train/                  |             |
|    approx_kl            | 0.010213789 |
|    clip_fraction        | 0.111       |
|    clip_range           | 0.2         |
|    entropy_loss         | -8.29       |
|    explained_variance   | 0.284       |
|    learning_rate        | 0.0003      |
|    loss                 | 0.0118      |
|    n_updates            | 60          |
|    policy_gradient_loss | -0.0154     |
|    std                  | 0.963       |
|    value_loss           | 0.065       |
-----------------------------------------
-----------------------------------------
| rollout/                |             |
|    ep_len_mean          | 1e+03       |
|    ep_rew_mean          | -336        |
| time/                   |             |
|    fps                  | 4850        |
|    iterations           | 8           |
|    time_elapsed         | 6           |
|    total_timesteps      | 32768       |
| train/                  |             |
|    approx_kl            | 0.011722757 |
|    clip_fraction        | 0.132       |
|    clip_range           | 0.2         |
|    entropy_loss         | -8.25       |
|    explained_variance   | 0.221       |
|    learning_rate        | 0.0003      |
|    loss                 | -0.0338     |
|    n_updates            | 70          |
|    policy_gradient_loss | -0.0202     |
|    std                  | 0.953       |
|    value_loss           | 0.0383      |
-----------------------------------------
-----------------------------------------
| rollout/                |             |
|    ep_len_mean          | 1e+03       |
|    ep_rew_mean          | -336        |
| time/                   |             |
|    fps                  | 4801        |
|    iterations           | 9           |
|    time_elapsed         | 7           |
|    total_timesteps      | 36864       |
| train/                  |             |
|    approx_kl            | 0.010581737 |
|    clip_fraction        | 0.125       |
|    clip_range           | 0.2         |
|    entropy_loss         | -8.24       |
|    explained_variance   | 0.262       |
|    learning_rate        | 0.0003      |
|    loss                 | -0.0151     |
|    n_updates            | 80          |
|    policy_gradient_loss | -0.017      |
|    std                  | 0.958       |
|    value_loss           | 0.0385      |
-----------------------------------------
-----------------------------------------
| rollout/                |             |
|    ep_len_mean          | 1e+03       |
|    ep_rew_mean          | -336        |
| time/                   |             |
|    fps                  | 4760        |
|    iterations           | 10          |
|    time_elapsed         | 8           |
|    total_timesteps      | 40960       |
| train/                  |             |
|    approx_kl            | 0.012867322 |
|    clip_fraction        | 0.156       |
|    clip_range           | 0.2         |
|    entropy_loss         | -8.23       |
|    explained_variance   | 0.391       |
|    learning_rate        | 0.0003      |
|    loss                 | -0.00221    |
|    n_updates            | 90          |
|    policy_gradient_loss | -0.0214     |
|    std                  | 0.954       |
|    value_loss           | 0.0649      |
-----------------------------------------
-----------------------------------------
| rollout/                |             |
|    ep_len_mean          | 1e+03       |
|    ep_rew_mean          | -336        |
| time/                   |             |
|    fps                  | 4734        |
|    iterations           | 11          |
|    time_elapsed         | 9           |
|    total_timesteps      | 45056       |
| train/                  |             |
|    approx_kl            | 0.013597587 |
|    clip_fraction        | 0.159       |
|    clip_range           | 0.2         |
|    entropy_loss         | -8.19       |
|    explained_variance   | 0.298       |
|    learning_rate        | 0.0003      |
|    loss                 | 0.00513     |
|    n_updates            | 100         |
|    policy_gradient_loss | -0.0198     |
|    std                  | 0.945       |
|    value_loss           | 0.0347      |
-----------------------------------------
----------------------------------------
| rollout/                |            |
|    ep_len_mean          | 1e+03      |
|    ep_rew_mean          | -305       |
| time/                   |            |
|    fps                  | 4719       |
|    iterations           | 12         |
|    time_elapsed         | 10         |
|    total_timesteps      | 49152      |
| train/                  |            |
|    approx_kl            | 0.01156506 |
|    clip_fraction        | 0.134      |
|    clip_range           | 0.2        |
|    entropy_loss         | -8.12      |
|    explained_variance   | 0.249      |
|    learning_rate        | 0.0003     |
|    loss                 | -0.00968   |
|    n_updates            | 110        |
|    policy_gradient_loss | -0.0201    |
|    std                  | 0.933      |
|    value_loss           | 0.0325     |
----------------------------------------
-----------------------------------------
| rollout/                |             |
|    ep_len_mean          | 1e+03       |
|    ep_rew_mean          | -305        |
| time/                   |             |
|    fps                  | 4700        |
|    iterations           | 13          |
|    time_elapsed         | 11          |
|    total_timesteps      | 53248       |
| train/                  |             |
|    approx_kl            | 0.011664202 |
|    clip_fraction        | 0.133       |
|    clip_range           | 0.2         |
|    entropy_loss         | -8.05       |
|    explained_variance   | 0.444       |
|    learning_rate        | 0.0003      |
|    loss                 | -0.000911   |
|    n_updates            | 120         |
|    policy_gradient_loss | -0.0187     |
|    std                  | 0.921       |
|    value_loss           | 0.0672      |
-----------------------------------------
-----------------------------------------
| rollout/                |             |
|    ep_len_mean          | 1e+03       |
|    ep_rew_mean          | -305        |
| time/                   |             |
|    fps                  | 4674        |
|    iterations           | 14          |
|    time_elapsed         | 12          |
|    total_timesteps      | 57344       |
| train/                  |             |
|    approx_kl            | 0.011041347 |
|    clip_fraction        | 0.128       |
|    clip_range           | 0.2         |
|    entropy_loss         | -7.98       |
|    explained_variance   | 0.342       |
|    learning_rate        | 0.0003      |
|    loss                 | -0.0137     |
|    n_updates            | 130         |
|    policy_gradient_loss | -0.0181     |
|    std                  | 0.912       |
|    value_loss           | 0.0674      |
-----------------------------------------
------------------------------------------
| rollout/                |              |
|    ep_len_mean          | 1e+03        |
|    ep_rew_mean          | -305         |
| time/                   |              |
|    fps                  | 4654         |
|    iterations           | 15           |
|    time_elapsed         | 13           |
|    total_timesteps      | 61440        |
| train/                  |              |
|    approx_kl            | 0.0108195245 |
|    clip_fraction        | 0.129        |
|    clip_range           | 0.2          |
|    entropy_loss         | -7.92        |
|    explained_variance   | 0.254        |
|    learning_rate        | 0.0003       |
|    loss                 | -0.0263      |
|    n_updates            | 140          |
|    policy_gradient_loss | -0.0189      |
|    std                  | 0.904        |
|    value_loss           | 0.0311       |
------------------------------------------
-----------------------------------------
| rollout/                |             |
|    ep_len_mean          | 1e+03       |
|    ep_rew_mean          | -279        |
| time/                   |             |
|    fps                  | 4635        |
|    iterations           | 16          |
|    time_elapsed         | 14          |
|    total_timesteps      | 65536       |
| train/                  |             |
|    approx_kl            | 0.013069397 |
|    clip_fraction        | 0.157       |
|    clip_range           | 0.2         |
|    entropy_loss         | -7.85       |
|    explained_variance   | 0.259       |
|    learning_rate        | 0.0003      |
|    loss                 | -0.0433     |
|    n_updates            | 150         |
|    policy_gradient_loss | -0.0215     |
|    std                  | 0.892       |
|    value_loss           | 0.028       |
-----------------------------------------
-----------------------------------------
| rollout/                |             |
|    ep_len_mean          | 1e+03       |
|    ep_rew_mean          | -279        |
| time/                   |             |
|    fps                  | 4619        |
|    iterations           | 17          |
|    time_elapsed         | 15          |
|    total_timesteps      | 69632       |
| train/                  |             |
|    approx_kl            | 0.011213258 |
|    clip_fraction        | 0.151       |
|    clip_range           | 0.2         |
|    entropy_loss         | -7.78       |
|    explained_variance   | 0.672       |
|    learning_rate        | 0.0003      |
|    loss                 | -0.00216    |
|    n_updates            | 160         |
|    policy_gradient_loss | -0.0208     |
|    std                  | 0.882       |
|    value_loss           | 0.042       |
-----------------------------------------
-----------------------------------------
| rollout/                |             |
|    ep_len_mean          | 1e+03       |
|    ep_rew_mean          | -279        |
| time/                   |             |
|    fps                  | 4606        |
|    iterations           | 18          |
|    time_elapsed         | 16          |
|    total_timesteps      | 73728       |
| train/                  |             |
|    approx_kl            | 0.009997824 |
|    clip_fraction        | 0.127       |
|    clip_range           | 0.2         |
|    entropy_loss         | -7.72       |
|    explained_variance   | 0.295       |
|    learning_rate        | 0.0003      |
|    loss                 | -0.00533    |
|    n_updates            | 170         |
|    policy_gradient_loss | -0.0193     |
|    std                  | 0.873       |
|    value_loss           | 0.0584      |
-----------------------------------------
-----------------------------------------
| rollout/                |             |
|    ep_len_mean          | 1e+03       |
|    ep_rew_mean          | -279        |
| time/                   |             |
|    fps                  | 4594        |
|    iterations           | 19          |
|    time_elapsed         | 16          |
|    total_timesteps      | 77824       |
| train/                  |             |
|    approx_kl            | 0.011163621 |
|    clip_fraction        | 0.141       |
|    clip_range           | 0.2         |
|    entropy_loss         | -7.68       |
|    explained_variance   | 0.229       |
|    learning_rate        | 0.0003      |
|    loss                 | -0.00258    |
|    n_updates            | 180         |
|    policy_gradient_loss | -0.0216     |
|    std                  | 0.87        |
|    value_loss           | 0.0387      |
-----------------------------------------
-----------------------------------------
| rollout/                |             |
|    ep_len_mean          | 1e+03       |
|    ep_rew_mean          | -252        |
| time/                   |             |
|    fps                  | 4583        |
|    iterations           | 20          |
|    time_elapsed         | 17          |
|    total_timesteps      | 81920       |
| train/                  |             |
|    approx_kl            | 0.011948517 |
|    clip_fraction        | 0.144       |
|    clip_range           | 0.2         |
|    entropy_loss         | -7.64       |
|    explained_variance   | 0.386       |
|    learning_rate        | 0.0003      |
|    loss                 | -0.00766    |
|    n_updates            | 190         |
|    policy_gradient_loss | -0.0235     |
|    std                  | 0.863       |
|    value_loss           | 0.0399      |
-----------------------------------------
-----------------------------------------
| rollout/                |             |
|    ep_len_mean          | 1e+03       |
|    ep_rew_mean          | -252        |
| time/                   |             |
|    fps                  | 4583        |
|    iterations           | 21          |
|    time_elapsed         | 18          |
|    total_timesteps      | 86016       |
| train/                  |             |
|    approx_kl            | 0.011763481 |
|    clip_fraction        | 0.148       |
|    clip_range           | 0.2         |
|    entropy_loss         | -7.59       |
|    explained_variance   | 0.516       |
|    learning_rate        | 0.0003      |
|    loss                 | 0.00602     |
|    n_updates            | 200         |
|    policy_gradient_loss | -0.023      |
|    std                  | 0.855       |
|    value_loss           | 0.0744      |
-----------------------------------------
-----------------------------------------
| rollout/                |             |
|    ep_len_mean          | 1e+03       |
|    ep_rew_mean          | -252        |
| time/                   |             |
|    fps                  | 4581        |
|    iterations           | 22          |
|    time_elapsed         | 19          |
|    total_timesteps      | 90112       |
| train/                  |             |
|    approx_kl            | 0.014272157 |
|    clip_fraction        | 0.172       |
|    clip_range           | 0.2         |
|    entropy_loss         | -7.5        |
|    explained_variance   | 0.419       |
|    learning_rate        | 0.0003      |
|    loss                 | -0.00172    |
|    n_updates            | 210         |
|    policy_gradient_loss | -0.0254     |
|    std                  | 0.839       |
|    value_loss           | 0.0368      |
-----------------------------------------
-----------------------------------------
| rollout/                |             |
|    ep_len_mean          | 1e+03       |
|    ep_rew_mean          | -252        |
| time/                   |             |
|    fps                  | 4586        |
|    iterations           | 23          |
|    time_elapsed         | 20          |
|    total_timesteps      | 94208       |
| train/                  |             |
|    approx_kl            | 0.012863314 |
|    clip_fraction        | 0.17        |
|    clip_range           | 0.2         |
|    entropy_loss         | -7.41       |
|    explained_variance   | 0.502       |
|    learning_rate        | 0.0003      |
|    loss                 | -0.0291     |
|    n_updates            | 220         |
|    policy_gradient_loss | -0.0258     |
|    std                  | 0.829       |
|    value_loss           | 0.0322      |
-----------------------------------------
-----------------------------------------
| rollout/                |             |
|    ep_len_mean          | 1e+03       |
|    ep_rew_mean          | -223        |
| time/                   |             |
|    fps                  | 4589        |
|    iterations           | 24          |
|    time_elapsed         | 21          |
|    total_timesteps      | 98304       |
| train/                  |             |
|    approx_kl            | 0.011470752 |
|    clip_fraction        | 0.147       |
|    clip_range           | 0.2         |
|    entropy_loss         | -7.35       |
|    explained_variance   | 0.606       |
|    learning_rate        | 0.0003      |
|    loss                 | -0.011      |
|    n_updates            | 230         |
|    policy_gradient_loss | -0.0235     |
|    std                  | 0.824       |
|    value_loss           | 0.0341      |
-----------------------------------------
-----------------------------------------
| rollout/                |             |
|    ep_len_mean          | 1e+03       |
|    ep_rew_mean          | -223        |
| time/                   |             |
|    fps                  | 4587        |
|    iterations           | 25          |
|    time_elapsed         | 22          |
|    total_timesteps      | 102400      |
| train/                  |             |
|    approx_kl            | 0.012995506 |
|    clip_fraction        | 0.171       |
|    clip_range           | 0.2         |
|    entropy_loss         | -7.31       |
|    explained_variance   | 0.517       |
|    learning_rate        | 0.0003      |
|    loss                 | 0.0125      |
|    n_updates            | 240         |
|    policy_gradient_loss | -0.0263     |
|    std                  | 0.817       |
|    value_loss           | 0.0695      |
-----------------------------------------
-----------------------------------------
| rollout/                |             |
|    ep_len_mean          | 1e+03       |
|    ep_rew_mean          | -223        |
| time/                   |             |
|    fps                  | 4584        |
|    iterations           | 26          |
|    time_elapsed         | 23          |
|    total_timesteps      | 106496      |
| train/                  |             |
|    approx_kl            | 0.013241847 |
|    clip_fraction        | 0.159       |
|    clip_range           | 0.2         |
|    entropy_loss         | -7.22       |
|    explained_variance   | 0.395       |
|    learning_rate        | 0.0003      |
|    loss                 | -0.00874    |
|    n_updates            | 250         |
|    policy_gradient_loss | -0.0255     |
|    std                  | 0.803       |
|    value_loss           | 0.0406      |
-----------------------------------------
-----------------------------------------
| rollout/                |             |
|    ep_len_mean          | 1e+03       |
|    ep_rew_mean          | -223        |
| time/                   |             |
|    fps                  | 4568        |
|    iterations           | 27          |
|    time_elapsed         | 24          |
|    total_timesteps      | 110592      |
| train/                  |             |
|    approx_kl            | 0.013651214 |
|    clip_fraction        | 0.161       |
|    clip_range           | 0.2         |
|    entropy_loss         | -7.14       |
|    explained_variance   | 0.276       |
|    learning_rate        | 0.0003      |
|    loss                 | -0.001      |
|    n_updates            | 260         |
|    policy_gradient_loss | -0.0239     |
|    std                  | 0.792       |
|    value_loss           | 0.0346      |
-----------------------------------------
-----------------------------------------
| rollout/                |             |
|    ep_len_mean          | 1e+03       |
|    ep_rew_mean          | -165        |
| time/                   |             |
|    fps                  | 4564        |
|    iterations           | 28          |
|    time_elapsed         | 25          |
|    total_timesteps      | 114688      |
| train/                  |             |
|    approx_kl            | 0.013990479 |
|    clip_fraction        | 0.176       |
|    clip_range           | 0.2         |
|    entropy_loss         | -7.05       |
|    explained_variance   | 0.28        |
|    learning_rate        | 0.0003      |
|    loss                 | -0.0228     |
|    n_updates            | 270         |
|    policy_gradient_loss | -0.025      |
|    std                  | 0.783       |
|    value_loss           | 0.0362      |
-----------------------------------------
-----------------------------------------
| rollout/                |             |
|    ep_len_mean          | 1e+03       |
|    ep_rew_mean          | -165        |
| time/                   |             |
|    fps                  | 4566        |
|    iterations           | 29          |
|    time_elapsed         | 26          |
|    total_timesteps      | 118784      |
| train/                  |             |
|    approx_kl            | 0.014107902 |
|    clip_fraction        | 0.166       |
|    clip_range           | 0.2         |
|    entropy_loss         | -6.97       |
|    explained_variance   | 0.38        |
|    learning_rate        | 0.0003      |
|    loss                 | -0.0144     |
|    n_updates            | 280         |
|    policy_gradient_loss | -0.0262     |
|    std                  | 0.771       |
|    value_loss           | 0.0566      |
-----------------------------------------
------------------------------------------
| rollout/                |              |
|    ep_len_mean          | 1e+03        |
|    ep_rew_mean          | -165         |
| time/                   |              |
|    fps                  | 4564         |
|    iterations           | 30           |
|    time_elapsed         | 26           |
|    total_timesteps      | 122880       |
| train/                  |              |
|    approx_kl            | 0.0145513555 |
|    clip_fraction        | 0.181        |
|    clip_range           | 0.2          |
|    entropy_loss         | -6.87        |
|    explained_variance   | 0.299        |
|    learning_rate        | 0.0003       |
|    loss                 | -0.00298     |
|    n_updates            | 290          |
|    policy_gradient_loss | -0.0266      |
|    std                  | 0.759        |
|    value_loss           | 0.0317       |
------------------------------------------
-----------------------------------------
| rollout/                |             |
|    ep_len_mean          | 1e+03       |
|    ep_rew_mean          | -165        |
| time/                   |             |
|    fps                  | 4561        |
|    iterations           | 31          |
|    time_elapsed         | 27          |
|    total_timesteps      | 126976      |
| train/                  |             |
|    approx_kl            | 0.015507216 |
|    clip_fraction        | 0.19        |
|    clip_range           | 0.2         |
|    entropy_loss         | -6.76       |
|    explained_variance   | 0.359       |
|    learning_rate        | 0.0003      |
|    loss                 | -0.00996    |
|    n_updates            | 300         |
|    policy_gradient_loss | -0.0277     |
|    std                  | 0.746       |
|    value_loss           | 0.0369      |
-----------------------------------------
----------------------------------------
| rollout/                |            |
|    ep_len_mean          | 1e+03      |
|    ep_rew_mean          | -97.9      |
| time/                   |            |
|    fps                  | 4564       |
|    iterations           | 32         |
|    time_elapsed         | 28         |
|    total_timesteps      | 131072     |
| train/                  |            |
|    approx_kl            | 0.01663018 |
|    clip_fraction        | 0.197      |
|    clip_range           | 0.2        |
|    entropy_loss         | -6.64      |
|    explained_variance   | 0.256      |
|    learning_rate        | 0.0003     |
|    loss                 | -0.0281    |
|    n_updates            | 310        |
|    policy_gradient_loss | -0.0297    |
|    std                  | 0.73       |
|    value_loss           | 0.03       |
----------------------------------------
-----------------------------------------
| rollout/                |             |
|    ep_len_mean          | 1e+03       |
|    ep_rew_mean          | -97.9       |
| time/                   |             |
|    fps                  | 4564        |
|    iterations           | 33          |
|    time_elapsed         | 29          |
|    total_timesteps      | 135168      |
| train/                  |             |
|    approx_kl            | 0.015136087 |
|    clip_fraction        | 0.194       |
|    clip_range           | 0.2         |
|    entropy_loss         | -6.56       |
|    explained_variance   | 0.581       |
|    learning_rate        | 0.0003      |
|    loss                 | -0.0148     |
|    n_updates            | 320         |
|    policy_gradient_loss | -0.0268     |
|    std                  | 0.721       |
|    value_loss           | 0.0666      |
-----------------------------------------
-----------------------------------------
| rollout/                |             |
|    ep_len_mean          | 1e+03       |
|    ep_rew_mean          | -97.9       |
| time/                   |             |
|    fps                  | 4564        |
|    iterations           | 34          |
|    time_elapsed         | 30          |
|    total_timesteps      | 139264      |
| train/                  |             |
|    approx_kl            | 0.015361449 |
|    clip_fraction        | 0.178       |
|    clip_range           | 0.2         |
|    entropy_loss         | -6.48       |
|    explained_variance   | 0.663       |
|    learning_rate        | 0.0003      |
|    loss                 | -0.0197     |
|    n_updates            | 330         |
|    policy_gradient_loss | -0.0251     |
|    std                  | 0.713       |
|    value_loss           | 0.0337      |
-----------------------------------------
----------------------------------------
| rollout/                |            |
|    ep_len_mean          | 1e+03      |
|    ep_rew_mean          | -97.9      |
| time/                   |            |
|    fps                  | 4557       |
|    iterations           | 35         |
|    time_elapsed         | 31         |
|    total_timesteps      | 143360     |
| train/                  |            |
|    approx_kl            | 0.01567179 |
|    clip_fraction        | 0.178      |
|    clip_range           | 0.2        |
|    entropy_loss         | -6.41      |
|    explained_variance   | 0.742      |
|    learning_rate        | 0.0003     |
|    loss                 | -0.00559   |
|    n_updates            | 340        |
|    policy_gradient_loss | -0.027     |
|    std                  | 0.705      |
|    value_loss           | 0.0293     |
----------------------------------------
-----------------------------------------
| rollout/                |             |
|    ep_len_mean          | 1e+03       |
|    ep_rew_mean          | -23.9       |
| time/                   |             |
|    fps                  | 4556        |
|    iterations           | 36          |
|    time_elapsed         | 32          |
|    total_timesteps      | 147456      |
| train/                  |             |
|    approx_kl            | 0.018475533 |
|    clip_fraction        | 0.205       |
|    clip_range           | 0.2         |
|    entropy_loss         | -6.32       |
|    explained_variance   | 0.795       |
|    learning_rate        | 0.0003      |
|    loss                 | -0.0435     |
|    n_updates            | 350         |
|    policy_gradient_loss | -0.0303     |
|    std                  | 0.693       |
|    value_loss           | 0.0269      |
-----------------------------------------
-----------------------------------------
| rollout/                |             |
|    ep_len_mean          | 1e+03       |
|    ep_rew_mean          | -23.9       |
| time/                   |             |
|    fps                  | 4554        |
|    iterations           | 37          |
|    time_elapsed         | 33          |
|    total_timesteps      | 151552      |
| train/                  |             |
|    approx_kl            | 0.014424504 |
|    clip_fraction        | 0.174       |
|    clip_range           | 0.2         |
|    entropy_loss         | -6.24       |
|    explained_variance   | 0.608       |
|    learning_rate        | 0.0003      |
|    loss                 | -0.0172     |
|    n_updates            | 360         |
|    policy_gradient_loss | -0.0253     |
|    std                  | 0.685       |
|    value_loss           | 0.0518      |
-----------------------------------------
----------------------------------------
| rollout/                |            |
|    ep_len_mean          | 1e+03      |
|    ep_rew_mean          | -23.9      |
| time/                   |            |
|    fps                  | 4557       |
|    iterations           | 38         |
|    time_elapsed         | 34         |
|    total_timesteps      | 155648     |
| train/                  |            |
|    approx_kl            | 0.01660367 |
|    clip_fraction        | 0.204      |
|    clip_range           | 0.2        |
|    entropy_loss         | -6.17      |
|    explained_variance   | 0.851      |
|    learning_rate        | 0.0003     |
|    loss                 | -0.0358    |
|    n_updates            | 370        |
|    policy_gradient_loss | -0.0301    |
|    std                  | 0.678      |
|    value_loss           | 0.0241     |
----------------------------------------
-----------------------------------------
| rollout/                |             |
|    ep_len_mean          | 1e+03       |
|    ep_rew_mean          | -23.9       |
| time/                   |             |
|    fps                  | 4558        |
|    iterations           | 39          |
|    time_elapsed         | 35          |
|    total_timesteps      | 159744      |
| train/                  |             |
|    approx_kl            | 0.016874064 |
|    clip_fraction        | 0.192       |
|    clip_range           | 0.2         |
|    entropy_loss         | -6.08       |
|    explained_variance   | 0.856       |
|    learning_rate        | 0.0003      |
|    loss                 | -0.0259     |
|    n_updates            | 380         |
|    policy_gradient_loss | -0.0269     |
|    std                  | 0.667       |
|    value_loss           | 0.0295      |
-----------------------------------------
-----------------------------------------
| rollout/                |             |
|    ep_len_mean          | 1e+03       |
|    ep_rew_mean          | 65.7        |
| time/                   |             |
|    fps                  | 4552        |
|    iterations           | 40          |
|    time_elapsed         | 35          |
|    total_timesteps      | 163840      |
| train/                  |             |
|    approx_kl            | 0.016181197 |
|    clip_fraction        | 0.196       |
|    clip_range           | 0.2         |
|    entropy_loss         | -6          |
|    explained_variance   | 0.903       |
|    learning_rate        | 0.0003      |
|    loss                 | -0.0256     |
|    n_updates            | 390         |
|    policy_gradient_loss | -0.026      |
|    std                  | 0.659       |
|    value_loss           | 0.0292      |
-----------------------------------------
----------------------------------------
| rollout/                |            |
|    ep_len_mean          | 1e+03      |
|    ep_rew_mean          | 65.7       |
| time/                   |            |
|    fps                  | 4552       |
|    iterations           | 41         |
|    time_elapsed         | 36         |
|    total_timesteps      | 167936     |
| train/                  |            |
|    approx_kl            | 0.01907438 |
|    clip_fraction        | 0.22       |
|    clip_range           | 0.2        |
|    entropy_loss         | -5.92      |
|    explained_variance   | 0.765      |
|    learning_rate        | 0.0003     |
|    loss                 | -0.0119    |
|    n_updates            | 400        |
|    policy_gradient_loss | -0.0301    |
|    std                  | 0.65       |
|    value_loss           | 0.0498     |
----------------------------------------
-----------------------------------------
| rollout/                |             |
|    ep_len_mean          | 1e+03       |
|    ep_rew_mean          | 65.7        |
| time/                   |             |
|    fps                  | 4550        |
|    iterations           | 42          |
|    time_elapsed         | 37          |
|    total_timesteps      | 172032      |
| train/                  |             |
|    approx_kl            | 0.016856175 |
|    clip_fraction        | 0.203       |
|    clip_range           | 0.2         |
|    entropy_loss         | -5.84       |
|    explained_variance   | 0.929       |
|    learning_rate        | 0.0003      |
|    loss                 | -0.046      |
|    n_updates            | 410         |
|    policy_gradient_loss | -0.0292     |
|    std                  | 0.642       |
|    value_loss           | 0.0214      |
-----------------------------------------
----------------------------------------
| rollout/                |            |
|    ep_len_mean          | 1e+03      |
|    ep_rew_mean          | 153        |
| time/                   |            |
|    fps                  | 4547       |
|    iterations           | 43         |
|    time_elapsed         | 38         |
|    total_timesteps      | 176128     |
| train/                  |            |
|    approx_kl            | 0.01778182 |
|    clip_fraction        | 0.204      |
|    clip_range           | 0.2        |
|    entropy_loss         | -5.76      |
|    explained_variance   | 0.948      |
|    learning_rate        | 0.0003     |
|    loss                 | -0.033     |
|    n_updates            | 420        |
|    policy_gradient_loss | -0.0275    |
|    std                  | 0.634      |
|    value_loss           | 0.0199     |
----------------------------------------
-----------------------------------------
| rollout/                |             |
|    ep_len_mean          | 1e+03       |
|    ep_rew_mean          | 153         |
| time/                   |             |
|    fps                  | 4547        |
|    iterations           | 44          |
|    time_elapsed         | 39          |
|    total_timesteps      | 180224      |
| train/                  |             |
|    approx_kl            | 0.018486757 |
|    clip_fraction        | 0.207       |
|    clip_range           | 0.2         |
|    entropy_loss         | -5.7        |
|    explained_variance   | 0.951       |
|    learning_rate        | 0.0003      |
|    loss                 | -0.0282     |
|    n_updates            | 430         |
|    policy_gradient_loss | -0.0286     |
|    std                  | 0.628       |
|    value_loss           | 0.02        |
-----------------------------------------
-----------------------------------------
| rollout/                |             |
|    ep_len_mean          | 1e+03       |
|    ep_rew_mean          | 153         |
| time/                   |             |
|    fps                  | 4548        |
|    iterations           | 45          |
|    time_elapsed         | 40          |
|    total_timesteps      | 184320      |
| train/                  |             |
|    approx_kl            | 0.017113037 |
|    clip_fraction        | 0.201       |
|    clip_range           | 0.2         |
|    entropy_loss         | -5.64       |
|    explained_variance   | 0.568       |
|    learning_rate        | 0.0003      |
|    loss                 | -0.0222     |
|    n_updates            | 440         |
|    policy_gradient_loss | -0.028      |
|    std                  | 0.621       |
|    value_loss           | 0.0302      |
-----------------------------------------
-----------------------------------------
| rollout/                |             |
|    ep_len_mean          | 1e+03       |
|    ep_rew_mean          | 153         |
| time/                   |             |
|    fps                  | 4548        |
|    iterations           | 46          |
|    time_elapsed         | 41          |
|    total_timesteps      | 188416      |
| train/                  |             |
|    approx_kl            | 0.017953092 |
|    clip_fraction        | 0.204       |
|    clip_range           | 0.2         |
|    entropy_loss         | -5.55       |
|    explained_variance   | 0.305       |
|    learning_rate        | 0.0003      |
|    loss                 | -0.0286     |
|    n_updates            | 450         |
|    policy_gradient_loss | -0.026      |
|    std                  | 0.613       |
|    value_loss           | 0.0197      |
-----------------------------------------
-----------------------------------------
| rollout/                |             |
|    ep_len_mean          | 1e+03       |
|    ep_rew_mean          | 256         |
| time/                   |             |
|    fps                  | 4545        |
|    iterations           | 47          |
|    time_elapsed         | 42          |
|    total_timesteps      | 192512      |
| train/                  |             |
|    approx_kl            | 0.018671468 |
|    clip_fraction        | 0.2         |
|    clip_range           | 0.2         |
|    entropy_loss         | -5.5        |
|    explained_variance   | 0.261       |
|    learning_rate        | 0.0003      |
|    loss                 | -0.0397     |
|    n_updates            | 460         |
|    policy_gradient_loss | -0.0265     |
|    std                  | 0.609       |
|    value_loss           | 0.016       |
-----------------------------------------
-----------------------------------------
| rollout/                |             |
|    ep_len_mean          | 1e+03       |
|    ep_rew_mean          | 256         |
| time/                   |             |
|    fps                  | 4539        |
|    iterations           | 48          |
|    time_elapsed         | 43          |
|    total_timesteps      | 196608      |
| train/                  |             |
|    approx_kl            | 0.018045336 |
|    clip_fraction        | 0.202       |
|    clip_range           | 0.2         |
|    entropy_loss         | -5.46       |
|    explained_variance   | 0.784       |
|    learning_rate        | 0.0003      |
|    loss                 | -0.0372     |
|    n_updates            | 470         |
|    policy_gradient_loss | -0.026      |
|    std                  | 0.605       |
|    value_loss           | 0.0229      |
-----------------------------------------
---------------------------------------
| rollout/                |           |
|    ep_len_mean          | 1e+03     |
|    ep_rew_mean          | 256       |
| time/                   |           |
|    fps                  | 4540      |
|    iterations           | 49        |
|    time_elapsed         | 44        |
|    total_timesteps      | 200704    |
| train/                  |           |
|    approx_kl            | 0.0206572 |
|    clip_fraction        | 0.218     |
|    clip_range           | 0.2       |
|    entropy_loss         | -5.4      |
|    explained_variance   | 0.581     |
|    learning_rate        | 0.0003    |
|    loss                 | -0.0275   |
|    n_updates            | 480       |
|    policy_gradient_loss | -0.028    |
|    std                  | 0.598     |
|    value_loss           | 0.0187    |
---------------------------------------
-----------------------------------------
| rollout/                |             |
|    ep_len_mean          | 1e+03       |
|    ep_rew_mean          | 256         |
| time/                   |             |
|    fps                  | 4542        |
|    iterations           | 50          |
|    time_elapsed         | 45          |
|    total_timesteps      | 204800      |
| train/                  |             |
|    approx_kl            | 0.019336363 |
|    clip_fraction        | 0.212       |
|    clip_range           | 0.2         |
|    entropy_loss         | -5.33       |
|    explained_variance   | 0.338       |
|    learning_rate        | 0.0003      |
|    loss                 | -0.0231     |
|    n_updates            | 490         |
|    policy_gradient_loss | -0.0271     |
|    std                  | 0.592       |
|    value_loss           | 0.0144      |
-----------------------------------------
-----------------------------------------
| rollout/                |             |
|    ep_len_mean          | 1e+03       |
|    ep_rew_mean          | 355         |
| time/                   |             |
|    fps                  | 4541        |
|    iterations           | 51          |
|    time_elapsed         | 46          |
|    total_timesteps      | 208896      |
| train/                  |             |
|    approx_kl            | 0.019954387 |
|    clip_fraction        | 0.22        |
|    clip_range           | 0.2         |
|    entropy_loss         | -5.26       |
|    explained_variance   | 0.9         |
|    learning_rate        | 0.0003      |
|    loss                 | -0.0466     |
|    n_updates            | 500         |
|    policy_gradient_loss | -0.0278     |
|    std                  | 0.584       |
|    value_loss           | 0.0152      |
-----------------------------------------
----------------------------------------
| rollout/                |            |
|    ep_len_mean          | 1e+03      |
|    ep_rew_mean          | 355        |
| time/                   |            |
|    fps                  | 4542       |
|    iterations           | 52         |
|    time_elapsed         | 46         |
|    total_timesteps      | 212992     |
| train/                  |            |
|    approx_kl            | 0.01926138 |
|    clip_fraction        | 0.203      |
|    clip_range           | 0.2        |
|    entropy_loss         | -5.18      |
|    explained_variance   | 0.895      |
|    learning_rate        | 0.0003     |
|    loss                 | -0.038     |
|    n_updates            | 510        |
|    policy_gradient_loss | -0.0256    |
|    std                  | 0.577      |
|    value_loss           | 0.0232     |
----------------------------------------
-----------------------------------------
| rollout/                |             |
|    ep_len_mean          | 1e+03       |
|    ep_rew_mean          | 355         |
| time/                   |             |
|    fps                  | 4543        |
|    iterations           | 53          |
|    time_elapsed         | 47          |
|    total_timesteps      | 217088      |
| train/                  |             |
|    approx_kl            | 0.020027071 |
|    clip_fraction        | 0.216       |
|    clip_range           | 0.2         |
|    entropy_loss         | -5.11       |
|    explained_variance   | 0.751       |
|    learning_rate        | 0.0003      |
|    loss                 | -0.0157     |
|    n_updates            | 520         |
|    policy_gradient_loss | -0.0256     |
|    std                  | 0.572       |
|    value_loss           | 0.0164      |
-----------------------------------------
-----------------------------------------
| rollout/                |             |
|    ep_len_mean          | 1e+03       |
|    ep_rew_mean          | 355         |
| time/                   |             |
|    fps                  | 4541        |
|    iterations           | 54          |
|    time_elapsed         | 48          |
|    total_timesteps      | 221184      |
| train/                  |             |
|    approx_kl            | 0.023173925 |
|    clip_fraction        | 0.238       |
|    clip_range           | 0.2         |
|    entropy_loss         | -5.04       |
|    explained_variance   | 0.352       |
|    learning_rate        | 0.0003      |
|    loss                 | -0.0452     |
|    n_updates            | 530         |
|    policy_gradient_loss | -0.0289     |
|    std                  | 0.565       |
|    value_loss           | 0.0124      |
-----------------------------------------
-----------------------------------------
| rollout/                |             |
|    ep_len_mean          | 1e+03       |
|    ep_rew_mean          | 447         |
| time/                   |             |
|    fps                  | 4541        |
|    iterations           | 55          |
|    time_elapsed         | 49          |
|    total_timesteps      | 225280      |
| train/                  |             |
|    approx_kl            | 0.019577213 |
|    clip_fraction        | 0.225       |
|    clip_range           | 0.2         |
|    entropy_loss         | -4.97       |
|    explained_variance   | 0.35        |
|    learning_rate        | 0.0003      |
|    loss                 | -0.0395     |
|    n_updates            | 540         |
|    policy_gradient_loss | -0.0256     |
|    std                  | 0.56        |
|    value_loss           | 0.0109      |
-----------------------------------------
-----------------------------------------
| rollout/                |             |
|    ep_len_mean          | 1e+03       |
|    ep_rew_mean          | 447         |
| time/                   |             |
|    fps                  | 4540        |
|    iterations           | 56          |
|    time_elapsed         | 50          |
|    total_timesteps      | 229376      |
| train/                  |             |
|    approx_kl            | 0.022957005 |
|    clip_fraction        | 0.249       |
|    clip_range           | 0.2         |
|    entropy_loss         | -4.92       |
|    explained_variance   | 0.579       |
|    learning_rate        | 0.0003      |
|    loss                 | -0.0148     |
|    n_updates            | 550         |
|    policy_gradient_loss | -0.0296     |
|    std                  | 0.555       |
|    value_loss           | 0.0141      |
-----------------------------------------
----------------------------------------
| rollout/                |            |
|    ep_len_mean          | 1e+03      |
|    ep_rew_mean          | 447        |
| time/                   |            |
|    fps                  | 4539       |
|    iterations           | 57         |
|    time_elapsed         | 51         |
|    total_timesteps      | 233472     |
| train/                  |            |
|    approx_kl            | 0.02126826 |
|    clip_fraction        | 0.228      |
|    clip_range           | 0.2        |
|    entropy_loss         | -4.84      |
|    explained_variance   | 0.349      |
|    learning_rate        | 0.0003     |
|    loss                 | -0.0444    |
|    n_updates            | 560        |
|    policy_gradient_loss | -0.0279    |
|    std                  | 0.546      |
|    value_loss           | 0.0105     |
----------------------------------------
-----------------------------------------
| rollout/                |             |
|    ep_len_mean          | 1e+03       |
|    ep_rew_mean          | 447         |
| time/                   |             |
|    fps                  | 4539        |
|    iterations           | 58          |
|    time_elapsed         | 52          |
|    total_timesteps      | 237568      |
| train/                  |             |
|    approx_kl            | 0.021538168 |
|    clip_fraction        | 0.238       |
|    clip_range           | 0.2         |
|    entropy_loss         | -4.74       |
|    explained_variance   | 0.335       |
|    learning_rate        | 0.0003      |
|    loss                 | -0.0266     |
|    n_updates            | 570         |
|    policy_gradient_loss | -0.0275     |
|    std                  | 0.538       |
|    value_loss           | 0.0088      |
-----------------------------------------
-----------------------------------------
| rollout/                |             |
|    ep_len_mean          | 1e+03       |
|    ep_rew_mean          | 531         |
| time/                   |             |
|    fps                  | 4540        |
|    iterations           | 59          |
|    time_elapsed         | 53          |
|    total_timesteps      | 241664      |
| train/                  |             |
|    approx_kl            | 0.020954335 |
|    clip_fraction        | 0.236       |
|    clip_range           | 0.2         |
|    entropy_loss         | -4.65       |
|    explained_variance   | 0.365       |
|    learning_rate        | 0.0003      |
|    loss                 | -0.0432     |
|    n_updates            | 580         |
|    policy_gradient_loss | -0.0252     |
|    std                  | 0.53        |
|    value_loss           | 0.0096      |
-----------------------------------------
-----------------------------------------
| rollout/                |             |
|    ep_len_mean          | 1e+03       |
|    ep_rew_mean          | 531         |
| time/                   |             |
|    fps                  | 4533        |
|    iterations           | 60          |
|    time_elapsed         | 54          |
|    total_timesteps      | 245760      |
| train/                  |             |
|    approx_kl            | 0.020458955 |
|    clip_fraction        | 0.236       |
|    clip_range           | 0.2         |
|    entropy_loss         | -4.57       |
|    explained_variance   | 0.791       |
|    learning_rate        | 0.0003      |
|    loss                 | -0.0034     |
|    n_updates            | 590         |
|    policy_gradient_loss | -0.0275     |
|    std                  | 0.523       |
|    value_loss           | 0.0174      |
-----------------------------------------
-----------------------------------------
| rollout/                |             |
|    ep_len_mean          | 1e+03       |
|    ep_rew_mean          | 531         |
| time/                   |             |
|    fps                  | 4533        |
|    iterations           | 61          |
|    time_elapsed         | 55          |
|    total_timesteps      | 249856      |
| train/                  |             |
|    approx_kl            | 0.020116994 |
|    clip_fraction        | 0.236       |
|    clip_range           | 0.2         |
|    entropy_loss         | -4.49       |
|    explained_variance   | 0.361       |
|    learning_rate        | 0.0003      |
|    loss                 | -0.0596     |
|    n_updates            | 600         |
|    policy_gradient_loss | -0.025      |
|    std                  | 0.517       |
|    value_loss           | 0.00914     |
-----------------------------------------
-----------------------------------------
| rollout/                |             |
|    ep_len_mean          | 1e+03       |
|    ep_rew_mean          | 531         |
| time/                   |             |
|    fps                  | 4530        |
|    iterations           | 62          |
|    time_elapsed         | 56          |
|    total_timesteps      | 253952      |
| train/                  |             |
|    approx_kl            | 0.021998446 |
|    clip_fraction        | 0.239       |
|    clip_range           | 0.2         |
|    entropy_loss         | -4.43       |
|    explained_variance   | 0.343       |
|    learning_rate        | 0.0003      |
|    loss                 | -0.0433     |
|    n_updates            | 610         |
|    policy_gradient_loss | -0.0262     |
|    std                  | 0.512       |
|    value_loss           | 0.00688     |
-----------------------------------------
-----------------------------------------
| rollout/                |             |
|    ep_len_mean          | 1e+03       |
|    ep_rew_mean          | 609         |
| time/                   |             |
|    fps                  | 4529        |
|    iterations           | 63          |
|    time_elapsed         | 56          |
|    total_timesteps      | 258048      |
| train/                  |             |
|    approx_kl            | 0.021301333 |
|    clip_fraction        | 0.244       |
|    clip_range           | 0.2         |
|    entropy_loss         | -4.36       |
|    explained_variance   | 0.375       |
|    learning_rate        | 0.0003      |
|    loss                 | -0.035      |
|    n_updates            | 620         |
|    policy_gradient_loss | -0.0256     |
|    std                  | 0.506       |
|    value_loss           | 0.00719     |
-----------------------------------------
----------------------------------------
| rollout/                |            |
|    ep_len_mean          | 1e+03      |
|    ep_rew_mean          | 609        |
| time/                   |            |
|    fps                  | 4531       |
|    iterations           | 64         |
|    time_elapsed         | 57         |
|    total_timesteps      | 262144     |
| train/                  |            |
|    approx_kl            | 0.02132455 |
|    clip_fraction        | 0.24       |
|    clip_range           | 0.2        |
|    entropy_loss         | -4.29      |
|    explained_variance   | 0.874      |
|    learning_rate        | 0.0003     |
|    loss                 | -0.0392    |
|    n_updates            | 630        |
|    policy_gradient_loss | -0.0255    |
|    std                  | 0.501      |
|    value_loss           | 0.0261     |
----------------------------------------
-----------------------------------------
| rollout/                |             |
|    ep_len_mean          | 1e+03       |
|    ep_rew_mean          | 609         |
| time/                   |             |
|    fps                  | 4534        |
|    iterations           | 65          |
|    time_elapsed         | 58          |
|    total_timesteps      | 266240      |
| train/                  |             |
|    approx_kl            | 0.022400834 |
|    clip_fraction        | 0.244       |
|    clip_range           | 0.2         |
|    entropy_loss         | -4.25       |
|    explained_variance   | 0.856       |
|    learning_rate        | 0.0003      |
|    loss                 | -0.0154     |
|    n_updates            | 640         |
|    policy_gradient_loss | -0.0234     |
|    std                  | 0.498       |
|    value_loss           | 0.0115      |
-----------------------------------------
-----------------------------------------
| rollout/                |             |
|    ep_len_mean          | 1e+03       |
|    ep_rew_mean          | 609         |
| time/                   |             |
|    fps                  | 4534        |
|    iterations           | 66          |
|    time_elapsed         | 59          |
|    total_timesteps      | 270336      |
| train/                  |             |
|    approx_kl            | 0.023017095 |
|    clip_fraction        | 0.256       |
|    clip_range           | 0.2         |
|    entropy_loss         | -4.19       |
|    explained_variance   | 0.352       |
|    learning_rate        | 0.0003      |
|    loss                 | 0.0399      |
|    n_updates            | 650         |
|    policy_gradient_loss | -0.0264     |
|    std                  | 0.492       |
|    value_loss           | 0.00769     |
-----------------------------------------
-----------------------------------------
| rollout/                |             |
|    ep_len_mean          | 1e+03       |
|    ep_rew_mean          | 684         |
| time/                   |             |
|    fps                  | 4534        |
|    iterations           | 67          |
|    time_elapsed         | 60          |
|    total_timesteps      | 274432      |
| train/                  |             |
|    approx_kl            | 0.024165869 |
|    clip_fraction        | 0.258       |
|    clip_range           | 0.2         |
|    entropy_loss         | -4.09       |
|    explained_variance   | 0.337       |
|    learning_rate        | 0.0003      |
|    loss                 | -0.0115     |
|    n_updates            | 660         |
|    policy_gradient_loss | -0.0258     |
|    std                  | 0.484       |
|    value_loss           | 0.00756     |
-----------------------------------------
-----------------------------------------
| rollout/                |             |
|    ep_len_mean          | 1e+03       |
|    ep_rew_mean          | 684         |
| time/                   |             |
|    fps                  | 4534        |
|    iterations           | 68          |
|    time_elapsed         | 61          |
|    total_timesteps      | 278528      |
| train/                  |             |
|    approx_kl            | 0.023552816 |
|    clip_fraction        | 0.242       |
|    clip_range           | 0.2         |
|    entropy_loss         | -4.02       |
|    explained_variance   | 0.863       |
|    learning_rate        | 0.0003      |
|    loss                 | -0.0163     |
|    n_updates            | 670         |
|    policy_gradient_loss | -0.0276     |
|    std                  | 0.48        |
|    value_loss           | 0.0272      |
-----------------------------------------
----------------------------------------
| rollout/                |            |
|    ep_len_mean          | 1e+03      |
|    ep_rew_mean          | 684        |
| time/                   |            |
|    fps                  | 4535       |
|    iterations           | 69         |
|    time_elapsed         | 62         |
|    total_timesteps      | 282624     |
| train/                  |            |
|    approx_kl            | 0.02350112 |
|    clip_fraction        | 0.261      |
|    clip_range           | 0.2        |
|    entropy_loss         | -3.94      |
|    explained_variance   | 0.334      |
|    learning_rate        | 0.0003     |
|    loss                 | -0.00952   |
|    n_updates            | 680        |
|    policy_gradient_loss | -0.0247    |
|    std                  | 0.474      |
|    value_loss           | 0.0078     |
----------------------------------------
----------------------------------------
| rollout/                |            |
|    ep_len_mean          | 1e+03      |
|    ep_rew_mean          | 684        |
| time/                   |            |
|    fps                  | 4534       |
|    iterations           | 70         |
|    time_elapsed         | 63         |
|    total_timesteps      | 286720     |
| train/                  |            |
|    approx_kl            | 0.02542948 |
|    clip_fraction        | 0.264      |
|    clip_range           | 0.2        |
|    entropy_loss         | -3.88      |
|    explained_variance   | 0.359      |
|    learning_rate        | 0.0003     |
|    loss                 | -0.0118    |
|    n_updates            | 690        |
|    policy_gradient_loss | -0.0253    |
|    std                  | 0.471      |
|    value_loss           | 0.00769    |
----------------------------------------
-----------------------------------------
| rollout/                |             |
|    ep_len_mean          | 1e+03       |
|    ep_rew_mean          | 743         |
| time/                   |             |
|    fps                  | 4535        |
|    iterations           | 71          |
|    time_elapsed         | 64          |
|    total_timesteps      | 290816      |
| train/                  |             |
|    approx_kl            | 0.024353351 |
|    clip_fraction        | 0.285       |
|    clip_range           | 0.2         |
|    entropy_loss         | -3.83       |
|    explained_variance   | 0.408       |
|    learning_rate        | 0.0003      |
|    loss                 | -0.0431     |
|    n_updates            | 700         |
|    policy_gradient_loss | -0.0287     |
|    std                  | 0.467       |
|    value_loss           | 0.00726     |
-----------------------------------------
---------------------------------------
| rollout/                |           |
|    ep_len_mean          | 1e+03     |
|    ep_rew_mean          | 743       |
| time/                   |           |
|    fps                  | 4534      |
|    iterations           | 72        |
|    time_elapsed         | 65        |
|    total_timesteps      | 294912    |
| train/                  |           |
|    approx_kl            | 0.0238041 |
|    clip_fraction        | 0.277     |
|    clip_range           | 0.2       |
|    entropy_loss         | -3.78     |
|    explained_variance   | 0.914     |
|    learning_rate        | 0.0003    |
|    loss                 | -0.0224   |
|    n_updates            | 710       |
|    policy_gradient_loss | -0.0256   |
|    std                  | 0.464     |
|    value_loss           | 0.0319    |
---------------------------------------
-----------------------------------------
| rollout/                |             |
|    ep_len_mean          | 1e+03       |
|    ep_rew_mean          | 743         |
| time/                   |             |
|    fps                  | 4532        |
|    iterations           | 73          |
|    time_elapsed         | 65          |
|    total_timesteps      | 299008      |
| train/                  |             |
|    approx_kl            | 0.023482949 |
|    clip_fraction        | 0.257       |
|    clip_range           | 0.2         |
|    entropy_loss         | -3.74       |
|    explained_variance   | 0.976       |
|    learning_rate        | 0.0003      |
|    loss                 | -0.0276     |
|    n_updates            | 720         |
|    policy_gradient_loss | -0.0206     |
|    std                  | 0.459       |
|    value_loss           | 0.00562     |
-----------------------------------------
-----------------------------------------
| rollout/                |             |
|    ep_len_mean          | 1e+03       |
|    ep_rew_mean          | 743         |
| time/                   |             |
|    fps                  | 4531        |
|    iterations           | 74          |
|    time_elapsed         | 66          |
|    total_timesteps      | 303104      |
| train/                  |             |
|    approx_kl            | 0.023202833 |
|    clip_fraction        | 0.265       |
|    clip_range           | 0.2         |
|    entropy_loss         | -3.67       |
|    explained_variance   | 0.971       |
|    learning_rate        | 0.0003      |
|    loss                 | -0.0337     |
|    n_updates            | 730         |
|    policy_gradient_loss | -0.023      |
|    std                  | 0.455       |
|    value_loss           | 0.0111      |
-----------------------------------------
-----------------------------------------
| rollout/                |             |
|    ep_len_mean          | 1e+03       |
|    ep_rew_mean          | 775         |
| time/                   |             |
|    fps                  | 4531        |
|    iterations           | 75          |
|    time_elapsed         | 67          |
|    total_timesteps      | 307200      |
| train/                  |             |
|    approx_kl            | 0.025702529 |
|    clip_fraction        | 0.28        |
|    clip_range           | 0.2         |
|    entropy_loss         | -3.61       |
|    explained_variance   | 0.972       |
|    learning_rate        | 0.0003      |
|    loss                 | -0.0229     |
|    n_updates            | 740         |
|    policy_gradient_loss | -0.0253     |
|    std                  | 0.451       |
|    value_loss           | 0.00808     |
-----------------------------------------
-----------------------------------------
| rollout/                |             |
|    ep_len_mean          | 1e+03       |
|    ep_rew_mean          | 775         |
| time/                   |             |
|    fps                  | 4531        |
|    iterations           | 76          |
|    time_elapsed         | 68          |
|    total_timesteps      | 311296      |
| train/                  |             |
|    approx_kl            | 0.023866396 |
|    clip_fraction        | 0.259       |
|    clip_range           | 0.2         |
|    entropy_loss         | -3.54       |
|    explained_variance   | 0.909       |
|    learning_rate        | 0.0003      |
|    loss                 | -0.0199     |
|    n_updates            | 750         |
|    policy_gradient_loss | -0.0225     |
|    std                  | 0.445       |
|    value_loss           | 0.0446      |
-----------------------------------------
-----------------------------------------
| rollout/                |             |
|    ep_len_mean          | 1e+03       |
|    ep_rew_mean          | 775         |
| time/                   |             |
|    fps                  | 4530        |
|    iterations           | 77          |
|    time_elapsed         | 69          |
|    total_timesteps      | 315392      |
| train/                  |             |
|    approx_kl            | 0.024420269 |
|    clip_fraction        | 0.291       |
|    clip_range           | 0.2         |
|    entropy_loss         | -3.45       |
|    explained_variance   | 0.946       |
|    learning_rate        | 0.0003      |
|    loss                 | -0.0469     |
|    n_updates            | 760         |
|    policy_gradient_loss | -0.0249     |
|    std                  | 0.438       |
|    value_loss           | 0.0108      |
-----------------------------------------
-----------------------------------------
| rollout/                |             |
|    ep_len_mean          | 1e+03       |
|    ep_rew_mean          | 775         |
| time/                   |             |
|    fps                  | 4530        |
|    iterations           | 78          |
|    time_elapsed         | 70          |
|    total_timesteps      | 319488      |
| train/                  |             |
|    approx_kl            | 0.025042415 |
|    clip_fraction        | 0.289       |
|    clip_range           | 0.2         |
|    entropy_loss         | -3.39       |
|    explained_variance   | 0.325       |
|    learning_rate        | 0.0003      |
|    loss                 | -0.0263     |
|    n_updates            | 770         |
|    policy_gradient_loss | -0.0223     |
|    std                  | 0.436       |
|    value_loss           | 0.00598     |
-----------------------------------------
-----------------------------------------
| rollout/                |             |
|    ep_len_mean          | 1e+03       |
|    ep_rew_mean          | 820         |
| time/                   |             |
|    fps                  | 4532        |
|    iterations           | 79          |
|    time_elapsed         | 71          |
|    total_timesteps      | 323584      |
| train/                  |             |
|    approx_kl            | 0.027872466 |
|    clip_fraction        | 0.296       |
|    clip_range           | 0.2         |
|    entropy_loss         | -3.32       |
|    explained_variance   | 0.343       |
|    learning_rate        | 0.0003      |
|    loss                 | -0.0514     |
|    n_updates            | 780         |
|    policy_gradient_loss | -0.0248     |
|    std                  | 0.429       |
|    value_loss           | 0.00499     |
-----------------------------------------
-----------------------------------------
| rollout/                |             |
|    ep_len_mean          | 1e+03       |
|    ep_rew_mean          | 820         |
| time/                   |             |
|    fps                  | 4531        |
|    iterations           | 80          |
|    time_elapsed         | 72          |
|    total_timesteps      | 327680      |
| train/                  |             |
|    approx_kl            | 0.025678486 |
|    clip_fraction        | 0.275       |
|    clip_range           | 0.2         |
|    entropy_loss         | -3.26       |
|    explained_variance   | 0.872       |
|    learning_rate        | 0.0003      |
|    loss                 | -0.018      |
|    n_updates            | 790         |
|    policy_gradient_loss | -0.0223     |
|    std                  | 0.426       |
|    value_loss           | 0.0283      |
-----------------------------------------
-----------------------------------------
| rollout/                |             |
|    ep_len_mean          | 1e+03       |
|    ep_rew_mean          | 820         |
| time/                   |             |
|    fps                  | 4530        |
|    iterations           | 81          |
|    time_elapsed         | 73          |
|    total_timesteps      | 331776      |
| train/                  |             |
|    approx_kl            | 0.024806414 |
|    clip_fraction        | 0.293       |
|    clip_range           | 0.2         |
|    entropy_loss         | -3.2        |
|    explained_variance   | 0.977       |
|    learning_rate        | 0.0003      |
|    loss                 | -0.0494     |
|    n_updates            | 800         |
|    policy_gradient_loss | -0.0208     |
|    std                  | 0.422       |
|    value_loss           | 0.00633     |
-----------------------------------------
-----------------------------------------
| rollout/                |             |
|    ep_len_mean          | 1e+03       |
|    ep_rew_mean          | 820         |
| time/                   |             |
|    fps                  | 4529        |
|    iterations           | 82          |
|    time_elapsed         | 74          |
|    total_timesteps      | 335872      |
| train/                  |             |
|    approx_kl            | 0.029250953 |
|    clip_fraction        | 0.285       |
|    clip_range           | 0.2         |
|    entropy_loss         | -3.15       |
|    explained_variance   | 0.859       |
|    learning_rate        | 0.0003      |
|    loss                 | -0.00922    |
|    n_updates            | 810         |
|    policy_gradient_loss | -0.021      |
|    std                  | 0.418       |
|    value_loss           | 0.00804     |
-----------------------------------------
-----------------------------------------
| rollout/                |             |
|    ep_len_mean          | 1e+03       |
|    ep_rew_mean          | 860         |
| time/                   |             |
|    fps                  | 4528        |
|    iterations           | 83          |
|    time_elapsed         | 75          |
|    total_timesteps      | 339968      |
| train/                  |             |
|    approx_kl            | 0.027410802 |
|    clip_fraction        | 0.299       |
|    clip_range           | 0.2         |
|    entropy_loss         | -3.12       |
|    explained_variance   | 0.39        |
|    learning_rate        | 0.0003      |
|    loss                 | -0.0188     |
|    n_updates            | 820         |
|    policy_gradient_loss | -0.0249     |
|    std                  | 0.417       |
|    value_loss           | 0.006       |
-----------------------------------------
----------------------------------------
| rollout/                |            |
|    ep_len_mean          | 1e+03      |
|    ep_rew_mean          | 860        |
| time/                   |            |
|    fps                  | 4529       |
|    iterations           | 84         |
|    time_elapsed         | 75         |
|    total_timesteps      | 344064     |
| train/                  |            |
|    approx_kl            | 0.02638207 |
|    clip_fraction        | 0.295      |
|    clip_range           | 0.2        |
|    entropy_loss         | -3.08      |
|    explained_variance   | 0.908      |
|    learning_rate        | 0.0003     |
|    loss                 | -0.0369    |
|    n_updates            | 830        |
|    policy_gradient_loss | -0.0219    |
|    std                  | 0.412      |
|    value_loss           | 0.0563     |
----------------------------------------
----------------------------------------
| rollout/                |            |
|    ep_len_mean          | 1e+03      |
|    ep_rew_mean          | 860        |
| time/                   |            |
|    fps                  | 4530       |
|    iterations           | 85         |
|    time_elapsed         | 76         |
|    total_timesteps      | 348160     |
| train/                  |            |
|    approx_kl            | 0.02887757 |
|    clip_fraction        | 0.294      |
|    clip_range           | 0.2        |
|    entropy_loss         | -2.99      |
|    explained_variance   | 0.424      |
|    learning_rate        | 0.0003     |
|    loss                 | -0.0053    |
|    n_updates            | 840        |
|    policy_gradient_loss | -0.0209    |
|    std                  | 0.407      |
|    value_loss           | 0.00662    |
----------------------------------------
----------------------------------------
| rollout/                |            |
|    ep_len_mean          | 1e+03      |
|    ep_rew_mean          | 901        |
| time/                   |            |
|    fps                  | 4530       |
|    iterations           | 86         |
|    time_elapsed         | 77         |
|    total_timesteps      | 352256     |
| train/                  |            |
|    approx_kl            | 0.02752695 |
|    clip_fraction        | 0.29       |
|    clip_range           | 0.2        |
|    entropy_loss         | -2.94      |
|    explained_variance   | 0.341      |
|    learning_rate        | 0.0003     |
|    loss                 | -0.0388    |
|    n_updates            | 850        |
|    policy_gradient_loss | -0.024     |
|    std                  | 0.404      |
|    value_loss           | 0.00519    |
----------------------------------------
-----------------------------------------
| rollout/                |             |
|    ep_len_mean          | 1e+03       |
|    ep_rew_mean          | 901         |
| time/                   |             |
|    fps                  | 4530        |
|    iterations           | 87          |
|    time_elapsed         | 78          |
|    total_timesteps      | 356352      |
| train/                  |             |
|    approx_kl            | 0.028073613 |
|    clip_fraction        | 0.301       |
|    clip_range           | 0.2         |
|    entropy_loss         | -2.88       |
|    explained_variance   | 0.923       |
|    learning_rate        | 0.0003      |
|    loss                 | 0.00646     |
|    n_updates            | 860         |
|    policy_gradient_loss | -0.024      |
|    std                  | 0.399       |
|    value_loss           | 0.0108      |
-----------------------------------------
-----------------------------------------
| rollout/                |             |
|    ep_len_mean          | 1e+03       |
|    ep_rew_mean          | 901         |
| time/                   |             |
|    fps                  | 4529        |
|    iterations           | 88          |
|    time_elapsed         | 79          |
|    total_timesteps      | 360448      |
| train/                  |             |
|    approx_kl            | 0.026037257 |
|    clip_fraction        | 0.297       |
|    clip_range           | 0.2         |
|    entropy_loss         | -2.84       |
|    explained_variance   | 0.891       |
|    learning_rate        | 0.0003      |
|    loss                 | 0.00814     |
|    n_updates            | 870         |
|    policy_gradient_loss | -0.021      |
|    std                  | 0.398       |
|    value_loss           | 0.0343      |
-----------------------------------------
-----------------------------------------
| rollout/                |             |
|    ep_len_mean          | 1e+03       |
|    ep_rew_mean          | 901         |
| time/                   |             |
|    fps                  | 4529        |
|    iterations           | 89          |
|    time_elapsed         | 80          |
|    total_timesteps      | 364544      |
| train/                  |             |
|    approx_kl            | 0.027798802 |
|    clip_fraction        | 0.304       |
|    clip_range           | 0.2         |
|    entropy_loss         | -2.78       |
|    explained_variance   | 0.389       |
|    learning_rate        | 0.0003      |
|    loss                 | -0.00696    |
|    n_updates            | 880         |
|    policy_gradient_loss | -0.0225     |
|    std                  | 0.394       |
|    value_loss           | 0.00529     |
-----------------------------------------
-----------------------------------------
| rollout/                |             |
|    ep_len_mean          | 1e+03       |
|    ep_rew_mean          | 938         |
| time/                   |             |
|    fps                  | 4530        |
|    iterations           | 90          |
|    time_elapsed         | 81          |
|    total_timesteps      | 368640      |
| train/                  |             |
|    approx_kl            | 0.028131682 |
|    clip_fraction        | 0.299       |
|    clip_range           | 0.2         |
|    entropy_loss         | -2.73       |
|    explained_variance   | 0.413       |
|    learning_rate        | 0.0003      |
|    loss                 | -0.00447    |
|    n_updates            | 890         |
|    policy_gradient_loss | -0.0221     |
|    std                  | 0.391       |
|    value_loss           | 0.0055      |
-----------------------------------------
-----------------------------------------
| rollout/                |             |
|    ep_len_mean          | 1e+03       |
|    ep_rew_mean          | 938         |
| time/                   |             |
|    fps                  | 4531        |
|    iterations           | 91          |
|    time_elapsed         | 82          |
|    total_timesteps      | 372736      |
| train/                  |             |
|    approx_kl            | 0.027710222 |
|    clip_fraction        | 0.3         |
|    clip_range           | 0.2         |
|    entropy_loss         | -2.68       |
|    explained_variance   | 0.861       |
|    learning_rate        | 0.0003      |
|    loss                 | -0.0387     |
|    n_updates            | 900         |
|    policy_gradient_loss | -0.0241     |
|    std                  | 0.387       |
|    value_loss           | 0.0175      |
-----------------------------------------
-----------------------------------------
| rollout/                |             |
|    ep_len_mean          | 1e+03       |
|    ep_rew_mean          | 938         |
| time/                   |             |
|    fps                  | 4531        |
|    iterations           | 92          |
|    time_elapsed         | 83          |
|    total_timesteps      | 376832      |
| train/                  |             |
|    approx_kl            | 0.033366907 |
|    clip_fraction        | 0.313       |
|    clip_range           | 0.2         |
|    entropy_loss         | -2.61       |
|    explained_variance   | 0.953       |
|    learning_rate        | 0.0003      |
|    loss                 | -0.0377     |
|    n_updates            | 910         |
|    policy_gradient_loss | -0.0188     |
|    std                  | 0.382       |
|    value_loss           | 0.0145      |
-----------------------------------------
-----------------------------------------
| rollout/                |             |
|    ep_len_mean          | 1e+03       |
|    ep_rew_mean          | 938         |
| time/                   |             |
|    fps                  | 4526        |
|    iterations           | 93          |
|    time_elapsed         | 84          |
|    total_timesteps      | 380928      |
| train/                  |             |
|    approx_kl            | 0.030551378 |
|    clip_fraction        | 0.308       |
|    clip_range           | 0.2         |
|    entropy_loss         | -2.55       |
|    explained_variance   | 0.975       |
|    learning_rate        | 0.0003      |
|    loss                 | -0.0268     |
|    n_updates            | 920         |
|    policy_gradient_loss | -0.0191     |
|    std                  | 0.378       |
|    value_loss           | 0.00659     |
-----------------------------------------
-----------------------------------------
| rollout/                |             |
|    ep_len_mean          | 1e+03       |
|    ep_rew_mean          | 972         |
| time/                   |             |
|    fps                  | 4526        |
|    iterations           | 94          |
|    time_elapsed         | 85          |
|    total_timesteps      | 385024      |
| train/                  |             |
|    approx_kl            | 0.029250657 |
|    clip_fraction        | 0.319       |
|    clip_range           | 0.2         |
|    entropy_loss         | -2.48       |
|    explained_variance   | 0.292       |
|    learning_rate        | 0.0003      |
|    loss                 | -0.0424     |
|    n_updates            | 930         |
|    policy_gradient_loss | -0.0249     |
|    std                  | 0.374       |
|    value_loss           | 0.00402     |
-----------------------------------------
-----------------------------------------
| rollout/                |             |
|    ep_len_mean          | 1e+03       |
|    ep_rew_mean          | 972         |
| time/                   |             |
|    fps                  | 4527        |
|    iterations           | 95          |
|    time_elapsed         | 85          |
|    total_timesteps      | 389120      |
| train/                  |             |
|    approx_kl            | 0.027109921 |
|    clip_fraction        | 0.286       |
|    clip_range           | 0.2         |
|    entropy_loss         | -2.43       |
|    explained_variance   | 0.898       |
|    learning_rate        | 0.0003      |
|    loss                 | -0.0474     |
|    n_updates            | 940         |
|    policy_gradient_loss | -0.0185     |
|    std                  | 0.371       |
|    value_loss           | 0.0187      |
-----------------------------------------
-----------------------------------------
| rollout/                |             |
|    ep_len_mean          | 1e+03       |
|    ep_rew_mean          | 972         |
| time/                   |             |
|    fps                  | 4526        |
|    iterations           | 96          |
|    time_elapsed         | 86          |
|    total_timesteps      | 393216      |
| train/                  |             |
|    approx_kl            | 0.032791063 |
|    clip_fraction        | 0.318       |
|    clip_range           | 0.2         |
|    entropy_loss         | -2.38       |
|    explained_variance   | 0.951       |
|    learning_rate        | 0.0003      |
|    loss                 | -0.0179     |
|    n_updates            | 950         |
|    policy_gradient_loss | -0.0208     |
|    std                  | 0.367       |
|    value_loss           | 0.0138      |
-----------------------------------------
----------------------------------------
| rollout/                |            |
|    ep_len_mean          | 1e+03      |
|    ep_rew_mean          | 972        |
| time/                   |            |
|    fps                  | 4525       |
|    iterations           | 97         |
|    time_elapsed         | 87         |
|    total_timesteps      | 397312     |
| train/                  |            |
|    approx_kl            | 0.03200774 |
|    clip_fraction        | 0.325      |
|    clip_range           | 0.2        |
|    entropy_loss         | -2.36      |
|    explained_variance   | 0.913      |
|    learning_rate        | 0.0003     |
|    loss                 | 0.00903    |
|    n_updates            | 960        |
|    policy_gradient_loss | -0.0208    |
|    std                  | 0.367      |
|    value_loss           | 0.0077     |
----------------------------------------
-----------------------------------------
| rollout/                |             |
|    ep_len_mean          | 1e+03       |
|    ep_rew_mean          | 1.02e+03    |
| time/                   |             |
|    fps                  | 4523        |
|    iterations           | 98          |
|    time_elapsed         | 88          |
|    total_timesteps      | 401408      |
| train/                  |             |
|    approx_kl            | 0.030808486 |
|    clip_fraction        | 0.304       |
|    clip_range           | 0.2         |
|    entropy_loss         | -2.31       |
|    explained_variance   | 0.433       |
|    learning_rate        | 0.0003      |
|    loss                 | -0.0435     |
|    n_updates            | 970         |
|    policy_gradient_loss | -0.0204     |
|    std                  | 0.363       |
|    value_loss           | 0.00495     |
-----------------------------------------
-----------------------------------------
| rollout/                |             |
|    ep_len_mean          | 1e+03       |
|    ep_rew_mean          | 1.02e+03    |
| time/                   |             |
|    fps                  | 4520        |
|    iterations           | 99          |
|    time_elapsed         | 89          |
|    total_timesteps      | 405504      |
| train/                  |             |
|    approx_kl            | 0.030747458 |
|    clip_fraction        | 0.32        |
|    clip_range           | 0.2         |
|    entropy_loss         | -2.26       |
|    explained_variance   | 0.817       |
|    learning_rate        | 0.0003      |
|    loss                 | -0.0158     |
|    n_updates            | 980         |
|    policy_gradient_loss | -0.0193     |
|    std                  | 0.36        |
|    value_loss           | 0.0152      |
-----------------------------------------
-----------------------------------------
| rollout/                |             |
|    ep_len_mean          | 1e+03       |
|    ep_rew_mean          | 1.02e+03    |
| time/                   |             |
|    fps                  | 4520        |
|    iterations           | 100         |
|    time_elapsed         | 90          |
|    total_timesteps      | 409600      |
| train/                  |             |
|    approx_kl            | 0.030828558 |
|    clip_fraction        | 0.31        |
|    clip_range           | 0.2         |
|    entropy_loss         | -2.19       |
|    explained_variance   | 0.434       |
|    learning_rate        | 0.0003      |
|    loss                 | -0.0184     |
|    n_updates            | 990         |
|    policy_gradient_loss | -0.0196     |
|    std                  | 0.357       |
|    value_loss           | 0.00392     |
-----------------------------------------
