plugrl-bridges: slots 0-0 <- ('127.0.0.1', 55328)
plugrl-bridges: slots 1-1 <- ('127.0.0.1', 55332)
plugrl-bridges: slots 2-2 <- ('127.0.0.1', 55334)
plugrl-bridges: slots 3-3 <- ('127.0.0.1', 55350)
plugrl-bridges: slots 4-4 <- ('127.0.0.1', 55362)
plugrl-bridges: slots 5-5 <- ('127.0.0.1', 55364)
plugrl-bridges: slots 6-6 <- ('127.0.0.1', 55376)
plugrl-bridges: slots 7-7 <- ('127.0.0.1', 55390)
plugrl-bridges: slots 8-8 <- ('127.0.0.1', 55400)
plugrl-bridges: slots 9-9 <- ('127.0.0.1', 55402)
plugrl-bridges: slots 10-10 <- ('127.0.0.1', 55428)
plugrl-bridges: slots 11-11 <- ('127.0.0.1', 55438)
plugrl-bridges: slots 12-12 <- ('127.0.0.1', 55444)
plugrl-bridges: slots 13-13 <- ('127.0.0.1', 55442)
plugrl-bridges: slots 14-14 <- ('127.0.0.1', 55446)
plugrl-bridges: slots 15-15 <- ('127.0.0.1', 55462)
Using cpu device
Logging to /home/guangzhao/zuogou/plugrl/e49/registered/sb3-pendulum-seed2/trainer-logs/PPO_1
----------------------------------
| rollout/           |           |
|    ep_len_mean     | 200       |
|    ep_rew_mean     | -1.27e+03 |
| time/              |           |
|    fps             | 14508     |
|    iterations      | 1         |
|    time_elapsed    | 0         |
|    total_timesteps | 4096      |
----------------------------------
-----------------------------------------
| rollout/                |             |
|    ep_len_mean          | 200         |
|    ep_rew_mean          | -1.25e+03   |
| time/                   |             |
|    fps                  | 7990        |
|    iterations           | 2           |
|    time_elapsed         | 1           |
|    total_timesteps      | 8192        |
| train/                  |             |
|    approx_kl            | 0.018494204 |
|    clip_fraction        | 0.126       |
|    clip_range           | 0.2         |
|    entropy_loss         | -2.62       |
|    explained_variance   | -0.0242     |
|    learning_rate        | 0.001       |
|    loss                 | 62.5        |
|    n_updates            | 10          |
|    policy_gradient_loss | -0.00993    |
|    std                  | 0.993       |
|    value_loss           | 681         |
-----------------------------------------
-----------------------------------------
| rollout/                |             |
|    ep_len_mean          | 200         |
|    ep_rew_mean          | -1.24e+03   |
| time/                   |             |
|    fps                  | 6922        |
|    iterations           | 3           |
|    time_elapsed         | 1           |
|    total_timesteps      | 12288       |
| train/                  |             |
|    approx_kl            | 0.018340677 |
|    clip_fraction        | 0.157       |
|    clip_range           | 0.2         |
|    entropy_loss         | -2.63       |
|    explained_variance   | 0.716       |
|    learning_rate        | 0.001       |
|    loss                 | 11.1        |
|    n_updates            | 20          |
|    policy_gradient_loss | -0.0117     |
|    std                  | 0.964       |
|    value_loss           | 80.7        |
-----------------------------------------
----------------------------------------
| rollout/                |            |
|    ep_len_mean          | 200        |
|    ep_rew_mean          | -1.21e+03  |
| time/                   |            |
|    fps                  | 6522       |
|    iterations           | 4          |
|    time_elapsed         | 2          |
|    total_timesteps      | 16384      |
| train/                  |            |
|    approx_kl            | 0.03399548 |
|    clip_fraction        | 0.226      |
|    clip_range           | 0.2        |
|    entropy_loss         | -2.59      |
|    explained_variance   | 0.899      |
|    learning_rate        | 0.001      |
|    loss                 | 8.68       |
|    n_updates            | 30         |
|    policy_gradient_loss | -0.0254    |
|    std                  | 0.813      |
|    value_loss           | 26.5       |
----------------------------------------
-----------------------------------------
| rollout/                |             |
|    ep_len_mean          | 200         |
|    ep_rew_mean          | -1.18e+03   |
| time/                   |             |
|    fps                  | 6273        |
|    iterations           | 5           |
|    time_elapsed         | 3           |
|    total_timesteps      | 20480       |
| train/                  |             |
|    approx_kl            | 0.037849836 |
|    clip_fraction        | 0.3         |
|    clip_range           | 0.2         |
|    entropy_loss         | -2.57       |
|    explained_variance   | 0.937       |
|    learning_rate        | 0.001       |
|    loss                 | 9.66        |
|    n_updates            | 40          |
|    policy_gradient_loss | -0.0489     |
|    std                  | 0.688       |
|    value_loss           | 18.5        |
-----------------------------------------
----------------------------------------
| rollout/                |            |
|    ep_len_mean          | 200        |
|    ep_rew_mean          | -1.14e+03  |
| time/                   |            |
|    fps                  | 6131       |
|    iterations           | 6          |
|    time_elapsed         | 4          |
|    total_timesteps      | 24576      |
| train/                  |            |
|    approx_kl            | 0.05262649 |
|    clip_fraction        | 0.295      |
|    clip_range           | 0.2        |
|    entropy_loss         | -2.44      |
|    explained_variance   | 0.945      |
|    learning_rate        | 0.001      |
|    loss                 | 5.27       |
|    n_updates            | 50         |
|    policy_gradient_loss | -0.0452    |
|    std                  | 0.57       |
|    value_loss           | 17.1       |
----------------------------------------
-----------------------------------------
| rollout/                |             |
|    ep_len_mean          | 200         |
|    ep_rew_mean          | -1.06e+03   |
| time/                   |             |
|    fps                  | 6021        |
|    iterations           | 7           |
|    time_elapsed         | 4           |
|    total_timesteps      | 28672       |
| train/                  |             |
|    approx_kl            | 0.054114252 |
|    clip_fraction        | 0.322       |
|    clip_range           | 0.2         |
|    entropy_loss         | -2.27       |
|    explained_variance   | 0.958       |
|    learning_rate        | 0.001       |
|    loss                 | 5.41        |
|    n_updates            | 60          |
|    policy_gradient_loss | -0.0476     |
|    std                  | 0.475       |
|    value_loss           | 15.1        |
-----------------------------------------
-----------------------------------------
| rollout/                |             |
|    ep_len_mean          | 200         |
|    ep_rew_mean          | -881        |
| time/                   |             |
|    fps                  | 5963        |
|    iterations           | 8           |
|    time_elapsed         | 5           |
|    total_timesteps      | 32768       |
| train/                  |             |
|    approx_kl            | 0.044659168 |
|    clip_fraction        | 0.297       |
|    clip_range           | 0.2         |
|    entropy_loss         | -2.01       |
|    explained_variance   | 0.973       |
|    learning_rate        | 0.001       |
|    loss                 | 4.69        |
|    n_updates            | 70          |
|    policy_gradient_loss | -0.0432     |
|    std                  | 0.398       |
|    value_loss           | 11.7        |
-----------------------------------------
-----------------------------------------
| rollout/                |             |
|    ep_len_mean          | 200         |
|    ep_rew_mean          | -774        |
| time/                   |             |
|    fps                  | 5907        |
|    iterations           | 9           |
|    time_elapsed         | 6           |
|    total_timesteps      | 36864       |
| train/                  |             |
|    approx_kl            | 0.041277148 |
|    clip_fraction        | 0.282       |
|    clip_range           | 0.2         |
|    entropy_loss         | -1.88       |
|    explained_variance   | 0.984       |
|    learning_rate        | 0.001       |
|    loss                 | 4.28        |
|    n_updates            | 80          |
|    policy_gradient_loss | -0.0349     |
|    std                  | 0.341       |
|    value_loss           | 8.17        |
-----------------------------------------
---------------------------------------
| rollout/                |           |
|    ep_len_mean          | 200       |
|    ep_rew_mean          | -677      |
| time/                   |           |
|    fps                  | 5869      |
|    iterations           | 10        |
|    time_elapsed         | 6         |
|    total_timesteps      | 40960     |
| train/                  |           |
|    approx_kl            | 0.0415304 |
|    clip_fraction        | 0.278     |
|    clip_range           | 0.2       |
|    entropy_loss         | -1.62     |
|    explained_variance   | 0.986     |
|    learning_rate        | 0.001     |
|    loss                 | 3.97      |
|    n_updates            | 90        |
|    policy_gradient_loss | -0.0251   |
|    std                  | 0.299     |
|    value_loss           | 5.95      |
---------------------------------------
----------------------------------------
| rollout/                |            |
|    ep_len_mean          | 200        |
|    ep_rew_mean          | -481       |
| time/                   |            |
|    fps                  | 5843       |
|    iterations           | 11         |
|    time_elapsed         | 7          |
|    total_timesteps      | 45056      |
| train/                  |            |
|    approx_kl            | 0.03731223 |
|    clip_fraction        | 0.284      |
|    clip_range           | 0.2        |
|    entropy_loss         | -1.44      |
|    explained_variance   | 0.991      |
|    learning_rate        | 0.001      |
|    loss                 | 1.76       |
|    n_updates            | 100        |
|    policy_gradient_loss | -0.0151    |
|    std                  | 0.265      |
|    value_loss           | 4.14       |
----------------------------------------
-----------------------------------------
| rollout/                |             |
|    ep_len_mean          | 200         |
|    ep_rew_mean          | -401        |
| time/                   |             |
|    fps                  | 5809        |
|    iterations           | 12          |
|    time_elapsed         | 8           |
|    total_timesteps      | 49152       |
| train/                  |             |
|    approx_kl            | 0.027415324 |
|    clip_fraction        | 0.258       |
|    clip_range           | 0.2         |
|    entropy_loss         | -1.29       |
|    explained_variance   | 0.995       |
|    learning_rate        | 0.001       |
|    loss                 | 0.53        |
|    n_updates            | 110         |
|    policy_gradient_loss | -0.0177     |
|    std                  | 0.241       |
|    value_loss           | 1.86        |
-----------------------------------------
-----------------------------------------
| rollout/                |             |
|    ep_len_mean          | 200         |
|    ep_rew_mean          | -341        |
| time/                   |             |
|    fps                  | 5778        |
|    iterations           | 13          |
|    time_elapsed         | 9           |
|    total_timesteps      | 53248       |
| train/                  |             |
|    approx_kl            | 0.032642387 |
|    clip_fraction        | 0.273       |
|    clip_range           | 0.2         |
|    entropy_loss         | -1.22       |
|    explained_variance   | 0.996       |
|    learning_rate        | 0.001       |
|    loss                 | 0.369       |
|    n_updates            | 120         |
|    policy_gradient_loss | -0.00785    |
|    std                  | 0.22        |
|    value_loss           | 1.05        |
-----------------------------------------
-----------------------------------------
| rollout/                |             |
|    ep_len_mean          | 200         |
|    ep_rew_mean          | -286        |
| time/                   |             |
|    fps                  | 5752        |
|    iterations           | 14          |
|    time_elapsed         | 9           |
|    total_timesteps      | 57344       |
| train/                  |             |
|    approx_kl            | 0.025478076 |
|    clip_fraction        | 0.287       |
|    clip_range           | 0.2         |
|    entropy_loss         | -1.13       |
|    explained_variance   | 0.996       |
|    learning_rate        | 0.001       |
|    loss                 | 0.899       |
|    n_updates            | 130         |
|    policy_gradient_loss | -0.00811    |
|    std                  | 0.211       |
|    value_loss           | 1.01        |
-----------------------------------------
-----------------------------------------
| rollout/                |             |
|    ep_len_mean          | 200         |
|    ep_rew_mean          | -214        |
| time/                   |             |
|    fps                  | 5726        |
|    iterations           | 15          |
|    time_elapsed         | 10          |
|    total_timesteps      | 61440       |
| train/                  |             |
|    approx_kl            | 0.075407445 |
|    clip_fraction        | 0.321       |
|    clip_range           | 0.2         |
|    entropy_loss         | -1.09       |
|    explained_variance   | 0.999       |
|    learning_rate        | 0.001       |
|    loss                 | 0.157       |
|    n_updates            | 140         |
|    policy_gradient_loss | -0.00522    |
|    std                  | 0.203       |
|    value_loss           | 0.249       |
-----------------------------------------
-----------------------------------------
| rollout/                |             |
|    ep_len_mean          | 200         |
|    ep_rew_mean          | -188        |
| time/                   |             |
|    fps                  | 5696        |
|    iterations           | 16          |
|    time_elapsed         | 11          |
|    total_timesteps      | 65536       |
| train/                  |             |
|    approx_kl            | 0.048065662 |
|    clip_fraction        | 0.318       |
|    clip_range           | 0.2         |
|    entropy_loss         | -1.08       |
|    explained_variance   | 0.999       |
|    learning_rate        | 0.001       |
|    loss                 | 0.111       |
|    n_updates            | 150         |
|    policy_gradient_loss | -0.0142     |
|    std                  | 0.195       |
|    value_loss           | 0.424       |
-----------------------------------------
----------------------------------------
| rollout/                |            |
|    ep_len_mean          | 200        |
|    ep_rew_mean          | -193       |
| time/                   |            |
|    fps                  | 5674       |
|    iterations           | 17         |
|    time_elapsed         | 12         |
|    total_timesteps      | 69632      |
| train/                  |            |
|    approx_kl            | 0.05322048 |
|    clip_fraction        | 0.274      |
|    clip_range           | 0.2        |
|    entropy_loss         | -0.986     |
|    explained_variance   | 0.999      |
|    learning_rate        | 0.001      |
|    loss                 | 0.0405     |
|    n_updates            | 160        |
|    policy_gradient_loss | -0.00613   |
|    std                  | 0.196      |
|    value_loss           | 0.316      |
----------------------------------------
-----------------------------------------
| rollout/                |             |
|    ep_len_mean          | 200         |
|    ep_rew_mean          | -186        |
| time/                   |             |
|    fps                  | 5655        |
|    iterations           | 18          |
|    time_elapsed         | 13          |
|    total_timesteps      | 73728       |
| train/                  |             |
|    approx_kl            | 0.021294978 |
|    clip_fraction        | 0.238       |
|    clip_range           | 0.2         |
|    entropy_loss         | -0.86       |
|    explained_variance   | 0.999       |
|    learning_rate        | 0.001       |
|    loss                 | 0.159       |
|    n_updates            | 170         |
|    policy_gradient_loss | 0.004       |
|    std                  | 0.19        |
|    value_loss           | 0.207       |
-----------------------------------------
----------------------------------------
| rollout/                |            |
|    ep_len_mean          | 200        |
|    ep_rew_mean          | -191       |
| time/                   |            |
|    fps                  | 5645       |
|    iterations           | 19         |
|    time_elapsed         | 13         |
|    total_timesteps      | 77824      |
| train/                  |            |
|    approx_kl            | 0.04053496 |
|    clip_fraction        | 0.303      |
|    clip_range           | 0.2        |
|    entropy_loss         | -0.852     |
|    explained_variance   | 0.999      |
|    learning_rate        | 0.001      |
|    loss                 | -0.00829   |
|    n_updates            | 180        |
|    policy_gradient_loss | -0.0115    |
|    std                  | 0.178      |
|    value_loss           | 0.171      |
----------------------------------------
-----------------------------------------
| rollout/                |             |
|    ep_len_mean          | 200         |
|    ep_rew_mean          | -194        |
| time/                   |             |
|    fps                  | 5644        |
|    iterations           | 20          |
|    time_elapsed         | 14          |
|    total_timesteps      | 81920       |
| train/                  |             |
|    approx_kl            | 0.040006433 |
|    clip_fraction        | 0.265       |
|    clip_range           | 0.2         |
|    entropy_loss         | -0.864      |
|    explained_variance   | 0.998       |
|    learning_rate        | 0.001       |
|    loss                 | 0.159       |
|    n_updates            | 190         |
|    policy_gradient_loss | -0.00713    |
|    std                  | 0.171       |
|    value_loss           | 0.427       |
-----------------------------------------
-----------------------------------------
| rollout/                |             |
|    ep_len_mean          | 200         |
|    ep_rew_mean          | -204        |
| time/                   |             |
|    fps                  | 5624        |
|    iterations           | 21          |
|    time_elapsed         | 15          |
|    total_timesteps      | 86016       |
| train/                  |             |
|    approx_kl            | 0.044284575 |
|    clip_fraction        | 0.342       |
|    clip_range           | 0.2         |
|    entropy_loss         | -0.65       |
|    explained_variance   | 0.999       |
|    learning_rate        | 0.001       |
|    loss                 | 0.0197      |
|    n_updates            | 200         |
|    policy_gradient_loss | -0.000508   |
|    std                  | 0.173       |
|    value_loss           | 0.101       |
-----------------------------------------
-----------------------------------------
| rollout/                |             |
|    ep_len_mean          | 200         |
|    ep_rew_mean          | -187        |
| time/                   |             |
|    fps                  | 5611        |
|    iterations           | 22          |
|    time_elapsed         | 16          |
|    total_timesteps      | 90112       |
| train/                  |             |
|    approx_kl            | 0.070725374 |
|    clip_fraction        | 0.292       |
|    clip_range           | 0.2         |
|    entropy_loss         | -0.514      |
|    explained_variance   | 0.999       |
|    learning_rate        | 0.001       |
|    loss                 | -0.0111     |
|    n_updates            | 210         |
|    policy_gradient_loss | -0.00734    |
|    std                  | 0.172       |
|    value_loss           | 0.0664      |
-----------------------------------------
-----------------------------------------
| rollout/                |             |
|    ep_len_mean          | 200         |
|    ep_rew_mean          | -189        |
| time/                   |             |
|    fps                  | 5600        |
|    iterations           | 23          |
|    time_elapsed         | 16          |
|    total_timesteps      | 94208       |
| train/                  |             |
|    approx_kl            | 0.045943096 |
|    clip_fraction        | 0.27        |
|    clip_range           | 0.2         |
|    entropy_loss         | -0.526      |
|    explained_variance   | 0.999       |
|    learning_rate        | 0.001       |
|    loss                 | 0.0545      |
|    n_updates            | 220         |
|    policy_gradient_loss | -0.00582    |
|    std                  | 0.161       |
|    value_loss           | 0.263       |
-----------------------------------------
----------------------------------------
| rollout/                |            |
|    ep_len_mean          | 200        |
|    ep_rew_mean          | -191       |
| time/                   |            |
|    fps                  | 5596       |
|    iterations           | 24         |
|    time_elapsed         | 17         |
|    total_timesteps      | 98304      |
| train/                  |            |
|    approx_kl            | 0.03698638 |
|    clip_fraction        | 0.225      |
|    clip_range           | 0.2        |
|    entropy_loss         | -0.417     |
|    explained_variance   | 0.999      |
|    learning_rate        | 0.001      |
|    loss                 | 0.0525     |
|    n_updates            | 230        |
|    policy_gradient_loss | -0.00674   |
|    std                  | 0.158      |
|    value_loss           | 0.195      |
----------------------------------------
----------------------------------------
| rollout/                |            |
|    ep_len_mean          | 200        |
|    ep_rew_mean          | -177       |
| time/                   |            |
|    fps                  | 5599       |
|    iterations           | 25         |
|    time_elapsed         | 18         |
|    total_timesteps      | 102400     |
| train/                  |            |
|    approx_kl            | 0.05603568 |
|    clip_fraction        | 0.33       |
|    clip_range           | 0.2        |
|    entropy_loss         | -0.323     |
|    explained_variance   | 0.999      |
|    learning_rate        | 0.001      |
|    loss                 | 0.0679     |
|    n_updates            | 240        |
|    policy_gradient_loss | 0.00264    |
|    std                  | 0.163      |
|    value_loss           | 0.0686     |
----------------------------------------
