Using CPython 3.11.14
Creating virtual environment at: /home/gotham/.e1-footprint/envclient-bare
Activate with: source /home/gotham/.e1-footprint/envclient-bare/bin/activate
Using Python 3.11.14 environment at: /home/gotham/.e1-footprint/envclient-bare
Resolved 30 packages in 160ms
   Building plugrl-protocol @ file:///mnt/d/75128/Desktop/plugrl-work/plugrl-protocol
      Built plugrl-protocol @ file:///mnt/d/75128/Desktop/plugrl-work/plugrl-protocol
Prepared 1 package in 1.64s
Installed 30 packages in 65ms
 + absl-py==2.5.0
 + attrs==26.1.0
 + cloudpickle==3.1.2
 + dm-tree==0.1.10
 + docstring-parser==0.18.0
 + farama-notifications==0.0.6
 + gymnasium==1.3.0
 + imageio==2.37.4
 + imageio-ffmpeg==0.6.0
 + loguru==0.7.3
 + markdown-it-py==4.2.0
 + mdurl==0.1.2
 + msgpack==1.2.2
 + numpy==2.3.2
 + pandas==2.3.3
 + pillow==12.3.0
 + plugrl-protocol==0.1.0 (from file:///mnt/d/75128/Desktop/plugrl-work/plugrl-protocol)
 + psutil==7.2.2
 + pygments==2.21.0
 + python-dateutil==2.9.0.post0
 + pytz==2026.3.post1
 + rich==15.0.0
 + shtab==1.12.1
 + six==1.17.0
 + typeguard==4.6.0
 + typing-extensions==4.16.0
 + tyro==0.9.35
 + tzdata==2026.3
 + websockets==15.0.1
 + wrapt==2.4.0
