Using CPython 3.11.14
Creating virtual environment at: /home/gotham/.e1-footprint/envclient-d4rl
Activate with: source /home/gotham/.e1-footprint/envclient-d4rl/bin/activate
Using Python 3.11.14 environment at: /home/gotham/.e1-footprint/envclient-d4rl
Resolved 69 packages in 508ms
   Building plugrl-protocol @ file:///mnt/d/75128/Desktop/plugrl-work/plugrl-protocol
      Built plugrl-protocol @ file:///mnt/d/75128/Desktop/plugrl-work/plugrl-protocol
Prepared 1 package in 2.69s
Installed 69 packages in 341ms
 + absl-py==2.5.0
 + attrs==26.1.0
 + certifi==2026.7.22
 + cffi==2.1.1
 + charset-normalizer==3.5.1
 + click==8.5.0
 + cloudpickle==3.1.2
 + cython==0.29.37
 + d4rl==1.1
 + dm-control==1.0.46
 + dm-env==1.6
 + dm-tree==0.1.10
 + docstring-parser==0.18.0
 + etils==1.14.0
 + farama-notifications==0.0.6
 + fasteners==0.20
 + fsspec==2026.7.0
 + glfw==2.10.2
 + gym==0.24.1
 + gym-notices==0.1.0
 + gymnasium==1.3.0
 + gymnasium-robotics==1.4.2
 + h5py==3.16.0
 + idna==3.19
 + imageio==2.37.4
 + imageio-ffmpeg==0.6.0
 + jinja2==3.1.6
 + labmaze==1.0.6
 + loguru==0.7.3
 + lxml==6.1.3
 + markdown-it-py==4.2.0
 + markupsafe==3.0.3
 + mdurl==0.1.2
 + msgpack==1.2.2
 + mujoco==3.13.0
 + mujoco-py==2.1.2.14
 + mujoco-py-cython3==2.1.2.15
 + numpy==2.3.2
 + packaging==26.3
 + pandas==2.3.3
 + patchelf==0.17.2.4
 + pettingzoo==1.27.0
 + pillow==12.3.0
 + plugrl-protocol==0.1.0 (from file:///mnt/d/75128/Desktop/plugrl-work/plugrl-protocol)
 + protobuf==7.36.1
 + psutil==7.2.2
 + pybullet==3.2.7
 + pycparser==3.0
 + pygments==2.21.0
 + pyopengl==3.1.10
 + pyparsing==3.3.2
 + python-dateutil==2.9.0.post0
 + pytz==2026.3.post1
 + requests==2.34.2
 + rich==15.0.0
 + scipy==1.17.1
 + setuptools==84.0.0
 + shtab==1.12.1
 + six==1.17.0
 + termcolor==3.3.0
 + tqdm==4.70.0
 + typeguard==4.6.0
 + typing-extensions==4.16.0
 + tyro==0.9.35
 + tzdata==2026.3
 + urllib3==2.7.0
 + websockets==15.0.1
 + wrapt==2.4.0
 + zipp==4.1.0
