Using CPython 3.11.14
Creating virtual environment at: /home/gotham/.e1-footprint/training-only
Activate with: source /home/gotham/.e1-footprint/training-only/bin/activate
Using Python 3.11.14 environment at: /home/gotham/.e1-footprint/training-only
Resolved 111 packages in 86ms
   Building plugrl-protocol @ file:///mnt/d/75128/Desktop/plugrl-work/plugrl-protocol
      Built plugrl-protocol @ file:///mnt/d/75128/Desktop/plugrl-work/plugrl-protocol
Prepared 1 package in 3.10s
Installed 111 packages in 193ms
 + absl-py==2.5.0
 + annotated-types==0.8.0
 + antlr4-python3-runtime==4.9.3
 + attrs==26.1.0
 + av==18.1.0
 + beautifulsoup4==4.15.0
 + boto3==1.43.91
 + botocore==1.43.91
 + certifi==2026.7.22
 + charset-normalizer==3.5.1
 + click==8.5.0
 + cloudpickle==3.1.2
 + colorama==0.4.6
 + contourpy==1.3.3
 + cycler==0.12.1
 + docstring-parser==0.18.0
 + dppo==0.8.0 (from git+https://github.com/CTP314/dppo.git@89ac4169b3c145a54ce4dc2f8f55ef6cc8980b1c)
 + einops==0.8.2
 + filelock==3.32.6
 + fonttools==4.64.0
 + fsspec==2026.7.0
 + gdown==6.2.0
 + gitdb==4.0.12
 + gitpython==3.1.62
 + grpcio==1.83.1
 + hydra-core==1.3.6
 + idna==3.19
 + imageio==2.37.4
 + importlib-metadata==9.0.1
 + jinja2==3.1.6
 + jmespath==1.1.0
 + jsonschema==4.26.0
 + jsonschema-specifications==2025.9.1
 + kiwisolver==1.5.1
 + loguru==0.7.3
 + markdown==3.10.3
 + markdown-it-py==4.2.0
 + markupsafe==3.0.3
 + matplotlib==3.11.1
 + mdurl==0.1.2
 + mpmath==1.3.0
 + msgpack==1.2.2
 + networkx==3.6.1
 + numpy==2.3.2
 + nvidia-cublas-cu12==12.6.4.1
 + nvidia-cuda-cupti-cu12==12.6.80
 + nvidia-cuda-nvrtc-cu12==12.6.77
 + nvidia-cuda-runtime-cu12==12.6.77
 + nvidia-cudnn-cu12==9.5.1.17
 + nvidia-cufft-cu12==11.3.0.4
 + nvidia-cufile-cu12==1.11.1.6
 + nvidia-curand-cu12==10.3.7.77
 + nvidia-cusolver-cu12==11.7.1.2
 + nvidia-cusparse-cu12==12.5.4.2
 + nvidia-cusparselt-cu12==0.6.3
 + nvidia-ml-py==13.610.43
 + nvidia-nccl-cu12==2.26.2
 + nvidia-nvjitlink-cu12==12.6.85
 + nvidia-nvtx-cu12==12.6.77
 + omegaconf==2.3.1
 + orjson==3.12.0
 + packaging==25.0
 + pillow==12.3.0
 + platformdirs==4.11.8
 + plugrl-protocol==0.1.0 (from file:///mnt/d/75128/Desktop/plugrl-work/plugrl-protocol)
 + pretty-errors==1.2.25
 + prettytable==3.18.0
 + protobuf==6.33.6
 + psutil==7.2.2
 + pydantic==2.13.5
 + pydantic-core==2.46.5
 + pyecharts==2.1.0
 + pygments==2.21.0
 + pyparsing==3.3.2
 + pysocks==1.7.1
 + python-dateutil==2.9.0.post0
 + pyvers==0.1.0
 + pyyaml==6.0.3
 + ray==2.58.0
 + referencing==0.37.0
 + requests==2.34.2
 + rich==13.9.4
 + rpds-py==2026.6.3
 + s3transfer==0.19.2
 + safetensors==0.5.3
 + sentry-sdk==2.69.1
 + setuptools==84.0.0
 + shtab==1.12.1
 + simplejson==4.1.2
 + six==1.17.0
 + smmap==5.0.3
 + soupsieve==2.9.2
 + swanlab==0.6.13
 + sympy==1.14.0
 + tensorboard==2.21.0
 + tensorboard-data-server==0.7.2
 + tensordict==0.10.0
 + torch==2.7.1
 + tqdm==4.70.0
 + triton==3.3.1
 + typeguard==4.6.0
 + typing-extensions==4.16.0
 + typing-inspection==0.4.4
 + tyro==0.9.35
 + urllib3==2.7.0
 + wandb==0.22.3
 + wcwidth==0.8.3
 + websockets==15.0.1
 + werkzeug==3.1.8
 + wrapt==2.4.0
 + zipp==4.1.0
