04:53:37|INFO|plugrl_server version: 0.1.0
04:53:37|INFO|Algorithm: dppo, Config: DPPOAlgoConfigHopper(global_steps=409600, gamma=0.99, gamma_denoising=0.99, actor_lr=0.0001, critic_lr=0.001, actor_weight_decay=0.0, critic_weight_decay=0.0, actor_lr_scheduler=SchedulerConfig(min_lr=0.0001, warmup_steps=10), critic_lr_scheduler=SchedulerConfig(min_lr=0.001, warmup_steps=10), buffer_size=4096, gae_lambda=0.95, update_epochs=5, norm_adv=True, clip_ploss_coef=0.01, clip_ploss_coef_base=0.01, clip_ploss_coef_rate=3, clip_vloss_coef=inf, ent_coef=0.0, vf_coef=0.5, max_grad_norm=inf, target_kl=inf, logprob_noise_level=1.0, sampling_noise_level=1.0, logprob_clamp_min=-5.0, logprob_clamp_max=2.0, clip_advantage_lower_quantile=0, clip_advantage_upper_quantile=1, n_critic_warmup_itrs=0, use_normalized_rewards=True, batch_size=2048, train_itrs=100, save_interval=20, grad_accum_steps=8, policy_checkpoint_path=None, restore='all')
04:53:37|INFO|Policy: fpo-policy, Config: FPOPolicyConfig(algo='dppo', device=device(type='cpu'), obs_dim=11, action_dim=3, flow_steps=20, timestep_embed_dim=8, action_horizon=1, feather_std=0.0, policy_mlp_output_scale=0.25, normalize_observations=True, hidden_dims=(32, 32, 32, 32), value_hidden_dims=(256, 256, 256, 256, 256), state_keys=('obs',))
04:53:37|INFO|Seeded python, numpy and torch with 0. One env client is then reproducible; several are not, because batch composition depends on when their requests arrive.
04:53:37|INFO|Checkpoint Manager created: 
<plugrl_server.common.checkpoint_manager.CheckpointManager object at 0x77b49c1eaf90> at /home/guangzhao/zuogou/plugrl/e30/experiments/e30-fpo-dppo-factors/results/steps20/dppo/fpo-policy/steps20-seed0
04:53:37|INFO|Policy created...
04:53:37|INFO|Initialized RolloutBuffer buffer_size=4096 action_shape=(4096, 20, 1, 3) value_shape=(4096,)
04:53:37|INFO|Algorithm created: 
<plugrl_server.algorithm.dppo.dppo.DPPOAlgorithm object at 0x77b49b566710>
04:53:37|INFO|Agent Server is listening on 0.0.0.0:9720
/home/guangzhao/zuogou/plugrl/plugrl-server/.venv/lib/python3.11/site-packages/torch/utils/data/dataloader.py:665: UserWarning: 'pin_memory' argument is set as true but no accelerator is found, then device pinned memory won't be used.
  warnings.warn(warn_msg)
05:00:53|INFO|Checkpoint saved at step 81921 to /home/guangzhao/zuogou/plugrl/e30/experiments/e30-fpo-dppo-factors/results/steps20/dppo/fpo-policy/steps20-seed0/81921
05:07:14|INFO|Checkpoint saved at step 163841 to /home/guangzhao/zuogou/plugrl/e30/experiments/e30-fpo-dppo-factors/results/steps20/dppo/fpo-policy/steps20-seed0/163841
05:13:16|INFO|Checkpoint saved at step 245760 to /home/guangzhao/zuogou/plugrl/e30/experiments/e30-fpo-dppo-factors/results/steps20/dppo/fpo-policy/steps20-seed0/245760
05:19:04|INFO|Checkpoint saved at step 327681 to /home/guangzhao/zuogou/plugrl/e30/experiments/e30-fpo-dppo-factors/results/steps20/dppo/fpo-policy/steps20-seed0/327681
05:24:21|INFO|Checkpoint saved at step 409601 to /home/guangzhao/zuogou/plugrl/e30/experiments/e30-fpo-dppo-factors/results/steps20/dppo/fpo-policy/steps20-seed0/409601
05:24:21|INFO|Stopping server as the algorithm signaled to stop.
05:24:21|INFO|Shutdown started: aborting pending infer requests.
05:24:21|INFO|Shutdown cleanup finished: pending_futures=1, drained_requests=1
05:24:21|INFO|Shutdown closing 1 websocket connection(s).
05:24:21|INFO|Shutdown interrupted an in-flight inference request from ('127.0.0.1', 47424).
05:24:21|INFO|WebSocket server closed.
05:24:21|INFO|Scheduler task cancelled and cleaned up.
