2026-10-02 03:33:06.873 | WARNING  | plugrl_env_client.envs:_load_env_modules:27 - Skip loading env module plugrl_env_client.envs.classic.classic_env: pygame is not installed. Please install it with pip install "plugrl-env-client[classic]".
2026-10-02 03:33:06.874 | WARNING  | plugrl_env_client.envs:_load_env_modules:27 - Skip loading env module plugrl_env_client.envs.atari.atari_env: Atari is not installed. Please install it with the 'atari' extra, e.g. 'pip install plugrl-env-client[atari]'
2026-10-02 03:33:06.874 | WARNING  | plugrl_env_client.envs:_load_env_modules:27 - Skip loading env module plugrl_env_client.envs.d4rl.d4rl_env: d4rl is not installed. Please install it with pip install "plugrl-env-client[d4rl]".
2026-10-02 03:33:06.874 | WARNING  | plugrl_env_client.envs:_load_env_modules:27 - Skip loading env module plugrl_env_client.envs.libero.libero_env: libero is not installed. Please install it with pip install "plugrl-env-client[libero]".
2026-10-02 03:33:06.875 | WARNING  | plugrl_env_client.envs:_load_env_modules:27 - Skip loading env module plugrl_env_client.envs.robomimic.robomimic_env: Robomimic is not installed. Please install it with the 'robomimic' extra, e.g. 'pip install plugrl-env-client[robomimic]'
2026-10-02 03:33:06.915 | INFO     | __main__:main:87 - Starting env client exp_name=clients output_dir=runs/clients recorder={'episode_freq': 0, 'thread0_only': True, 'record_video': False, 'video_fps': 30.0, 'record_full_rollout': False, 'record_obs_stats': True, 'record_episode_metrics': True, 'metric_window': 100}
2026-10-02 03:33:07.021 | WARNING  | plugrl_env_client.envs:_load_env_modules:27 - Skip loading env module plugrl_env_client.envs.classic.classic_env: pygame is not installed. Please install it with pip install "plugrl-env-client[classic]".
2026-10-02 03:33:07.021 | WARNING  | plugrl_env_client.envs:_load_env_modules:27 - Skip loading env module plugrl_env_client.envs.atari.atari_env: Atari is not installed. Please install it with the 'atari' extra, e.g. 'pip install plugrl-env-client[atari]'
2026-10-02 03:33:07.021 | WARNING  | plugrl_env_client.envs:_load_env_modules:27 - Skip loading env module plugrl_env_client.envs.d4rl.d4rl_env: d4rl is not installed. Please install it with pip install "plugrl-env-client[d4rl]".
2026-10-02 03:33:07.022 | WARNING  | plugrl_env_client.envs:_load_env_modules:27 - Skip loading env module plugrl_env_client.envs.libero.libero_env: libero is not installed. Please install it with pip install "plugrl-env-client[libero]".
2026-10-02 03:33:07.022 | WARNING  | plugrl_env_client.envs:_load_env_modules:27 - Skip loading env module plugrl_env_client.envs.robomimic.robomimic_env: Robomimic is not installed. Please install it with the 'robomimic' extra, e.g. 'pip install plugrl-env-client[robomimic]'
2026-10-02 03:33:07.028 | WARNING  | plugrl_env_client.envs:_load_env_modules:27 - Skip loading env module plugrl_env_client.envs.classic.classic_env: pygame is not installed. Please install it with pip install "plugrl-env-client[classic]".
2026-10-02 03:33:07.028 | WARNING  | plugrl_env_client.envs:_load_env_modules:27 - Skip loading env module plugrl_env_client.envs.classic.classic_env: pygame is not installed. Please install it with pip install "plugrl-env-client[classic]".
2026-10-02 03:33:07.028 | WARNING  | plugrl_env_client.envs:_load_env_modules:27 - Skip loading env module plugrl_env_client.envs.atari.atari_env: Atari is not installed. Please install it with the 'atari' extra, e.g. 'pip install plugrl-env-client[atari]'
2026-10-02 03:33:07.028 | WARNING  | plugrl_env_client.envs:_load_env_modules:27 - Skip loading env module plugrl_env_client.envs.atari.atari_env: Atari is not installed. Please install it with the 'atari' extra, e.g. 'pip install plugrl-env-client[atari]'
2026-10-02 03:33:07.028 | WARNING  | plugrl_env_client.envs:_load_env_modules:27 - Skip loading env module plugrl_env_client.envs.d4rl.d4rl_env: d4rl is not installed. Please install it with pip install "plugrl-env-client[d4rl]".
2026-10-02 03:33:07.028 | WARNING  | plugrl_env_client.envs:_load_env_modules:27 - Skip loading env module plugrl_env_client.envs.d4rl.d4rl_env: d4rl is not installed. Please install it with pip install "plugrl-env-client[d4rl]".
2026-10-02 03:33:07.028 | WARNING  | plugrl_env_client.envs:_load_env_modules:27 - Skip loading env module plugrl_env_client.envs.libero.libero_env: libero is not installed. Please install it with pip install "plugrl-env-client[libero]".
2026-10-02 03:33:07.028 | WARNING  | plugrl_env_client.envs:_load_env_modules:27 - Skip loading env module plugrl_env_client.envs.libero.libero_env: libero is not installed. Please install it with pip install "plugrl-env-client[libero]".
2026-10-02 03:33:07.029 | WARNING  | plugrl_env_client.envs:_load_env_modules:27 - Skip loading env module plugrl_env_client.envs.robomimic.robomimic_env: Robomimic is not installed. Please install it with the 'robomimic' extra, e.g. 'pip install plugrl-env-client[robomimic]'
2026-10-02 03:33:07.029 | WARNING  | plugrl_env_client.envs:_load_env_modules:27 - Skip loading env module plugrl_env_client.envs.robomimic.robomimic_env: Robomimic is not installed. Please install it with the 'robomimic' extra, e.g. 'pip install plugrl-env-client[robomimic]'
2026-10-02 03:33:07.029 | WARNING  | plugrl_env_client.envs:_load_env_modules:27 - Skip loading env module plugrl_env_client.envs.classic.classic_env: pygame is not installed. Please install it with pip install "plugrl-env-client[classic]".
2026-10-02 03:33:07.029 | WARNING  | plugrl_env_client.envs:_load_env_modules:27 - Skip loading env module plugrl_env_client.envs.classic.classic_env: pygame is not installed. Please install it with pip install "plugrl-env-client[classic]".
2026-10-02 03:33:07.030 | WARNING  | plugrl_env_client.envs:_load_env_modules:27 - Skip loading env module plugrl_env_client.envs.atari.atari_env: Atari is not installed. Please install it with the 'atari' extra, e.g. 'pip install plugrl-env-client[atari]'
2026-10-02 03:33:07.030 | WARNING  | plugrl_env_client.envs:_load_env_modules:27 - Skip loading env module plugrl_env_client.envs.atari.atari_env: Atari is not installed. Please install it with the 'atari' extra, e.g. 'pip install plugrl-env-client[atari]'
2026-10-02 03:33:07.030 | WARNING  | plugrl_env_client.envs:_load_env_modules:27 - Skip loading env module plugrl_env_client.envs.d4rl.d4rl_env: d4rl is not installed. Please install it with pip install "plugrl-env-client[d4rl]".
2026-10-02 03:33:07.030 | WARNING  | plugrl_env_client.envs:_load_env_modules:27 - Skip loading env module plugrl_env_client.envs.d4rl.d4rl_env: d4rl is not installed. Please install it with pip install "plugrl-env-client[d4rl]".
2026-10-02 03:33:07.030 | WARNING  | plugrl_env_client.envs:_load_env_modules:27 - Skip loading env module plugrl_env_client.envs.libero.libero_env: libero is not installed. Please install it with pip install "plugrl-env-client[libero]".
2026-10-02 03:33:07.030 | WARNING  | plugrl_env_client.envs:_load_env_modules:27 - Skip loading env module plugrl_env_client.envs.libero.libero_env: libero is not installed. Please install it with pip install "plugrl-env-client[libero]".
2026-10-02 03:33:07.031 | WARNING  | plugrl_env_client.envs:_load_env_modules:27 - Skip loading env module plugrl_env_client.envs.robomimic.robomimic_env: Robomimic is not installed. Please install it with the 'robomimic' extra, e.g. 'pip install plugrl-env-client[robomimic]'
2026-10-02 03:33:07.031 | WARNING  | plugrl_env_client.envs:_load_env_modules:27 - Skip loading env module plugrl_env_client.envs.robomimic.robomimic_env: Robomimic is not installed. Please install it with the 'robomimic' extra, e.g. 'pip install plugrl-env-client[robomimic]'
2026-10-02 03:33:07.031 | WARNING  | plugrl_env_client.envs:_load_env_modules:27 - Skip loading env module plugrl_env_client.envs.classic.classic_env: pygame is not installed. Please install it with pip install "plugrl-env-client[classic]".
2026-10-02 03:33:07.031 | WARNING  | plugrl_env_client.envs:_load_env_modules:27 - Skip loading env module plugrl_env_client.envs.atari.atari_env: Atari is not installed. Please install it with the 'atari' extra, e.g. 'pip install plugrl-env-client[atari]'
2026-10-02 03:33:07.032 | WARNING  | plugrl_env_client.envs:_load_env_modules:27 - Skip loading env module plugrl_env_client.envs.d4rl.d4rl_env: d4rl is not installed. Please install it with pip install "plugrl-env-client[d4rl]".
2026-10-02 03:33:07.032 | WARNING  | plugrl_env_client.envs:_load_env_modules:27 - Skip loading env module plugrl_env_client.envs.libero.libero_env: libero is not installed. Please install it with pip install "plugrl-env-client[libero]".
2026-10-02 03:33:07.033 | WARNING  | plugrl_env_client.envs:_load_env_modules:27 - Skip loading env module plugrl_env_client.envs.robomimic.robomimic_env: Robomimic is not installed. Please install it with the 'robomimic' extra, e.g. 'pip install plugrl-env-client[robomimic]'
2026-10-02 03:33:07.042 | WARNING  | plugrl_env_client.envs:_load_env_modules:27 - Skip loading env module plugrl_env_client.envs.classic.classic_env: pygame is not installed. Please install it with pip install "plugrl-env-client[classic]".
2026-10-02 03:33:07.042 | WARNING  | plugrl_env_client.envs:_load_env_modules:27 - Skip loading env module plugrl_env_client.envs.atari.atari_env: Atari is not installed. Please install it with the 'atari' extra, e.g. 'pip install plugrl-env-client[atari]'
2026-10-02 03:33:07.042 | WARNING  | plugrl_env_client.envs:_load_env_modules:27 - Skip loading env module plugrl_env_client.envs.d4rl.d4rl_env: d4rl is not installed. Please install it with pip install "plugrl-env-client[d4rl]".
2026-10-02 03:33:07.043 | WARNING  | plugrl_env_client.envs:_load_env_modules:27 - Skip loading env module plugrl_env_client.envs.libero.libero_env: libero is not installed. Please install it with pip install "plugrl-env-client[libero]".
2026-10-02 03:33:07.043 | WARNING  | plugrl_env_client.envs:_load_env_modules:27 - Skip loading env module plugrl_env_client.envs.robomimic.robomimic_env: Robomimic is not installed. Please install it with the 'robomimic' extra, e.g. 'pip install plugrl-env-client[robomimic]'
2026-10-02 03:33:07.046 | WARNING  | plugrl_env_client.envs:_load_env_modules:27 - Skip loading env module plugrl_env_client.envs.classic.classic_env: pygame is not installed. Please install it with pip install "plugrl-env-client[classic]".
2026-10-02 03:33:07.046 | WARNING  | plugrl_env_client.envs:_load_env_modules:27 - Skip loading env module plugrl_env_client.envs.atari.atari_env: Atari is not installed. Please install it with the 'atari' extra, e.g. 'pip install plugrl-env-client[atari]'
2026-10-02 03:33:07.046 | WARNING  | plugrl_env_client.envs:_load_env_modules:27 - Skip loading env module plugrl_env_client.envs.d4rl.d4rl_env: d4rl is not installed. Please install it with pip install "plugrl-env-client[d4rl]".
2026-10-02 03:33:07.047 | WARNING  | plugrl_env_client.envs:_load_env_modules:27 - Skip loading env module plugrl_env_client.envs.libero.libero_env: libero is not installed. Please install it with pip install "plugrl-env-client[libero]".
2026-10-02 03:33:07.047 | WARNING  | plugrl_env_client.envs:_load_env_modules:27 - Skip loading env module plugrl_env_client.envs.robomimic.robomimic_env: Robomimic is not installed. Please install it with the 'robomimic' extra, e.g. 'pip install plugrl-env-client[robomimic]'
2026-10-02 03:33:07.055 | WARNING  | plugrl_env_client.envs:_load_env_modules:27 - Skip loading env module plugrl_env_client.envs.classic.classic_env: pygame is not installed. Please install it with pip install "plugrl-env-client[classic]".
2026-10-02 03:33:07.055 | WARNING  | plugrl_env_client.envs:_load_env_modules:27 - Skip loading env module plugrl_env_client.envs.classic.classic_env: pygame is not installed. Please install it with pip install "plugrl-env-client[classic]".
2026-10-02 03:33:07.055 | WARNING  | plugrl_env_client.envs:_load_env_modules:27 - Skip loading env module plugrl_env_client.envs.atari.atari_env: Atari is not installed. Please install it with the 'atari' extra, e.g. 'pip install plugrl-env-client[atari]'
2026-10-02 03:33:07.055 | WARNING  | plugrl_env_client.envs:_load_env_modules:27 - Skip loading env module plugrl_env_client.envs.atari.atari_env: Atari is not installed. Please install it with the 'atari' extra, e.g. 'pip install plugrl-env-client[atari]'
2026-10-02 03:33:07.055 | WARNING  | plugrl_env_client.envs:_load_env_modules:27 - Skip loading env module plugrl_env_client.envs.d4rl.d4rl_env: d4rl is not installed. Please install it with pip install "plugrl-env-client[d4rl]".
2026-10-02 03:33:07.055 | WARNING  | plugrl_env_client.envs:_load_env_modules:27 - Skip loading env module plugrl_env_client.envs.d4rl.d4rl_env: d4rl is not installed. Please install it with pip install "plugrl-env-client[d4rl]".
2026-10-02 03:33:07.056 | WARNING  | plugrl_env_client.envs:_load_env_modules:27 - Skip loading env module plugrl_env_client.envs.libero.libero_env: libero is not installed. Please install it with pip install "plugrl-env-client[libero]".
2026-10-02 03:33:07.056 | WARNING  | plugrl_env_client.envs:_load_env_modules:27 - Skip loading env module plugrl_env_client.envs.libero.libero_env: libero is not installed. Please install it with pip install "plugrl-env-client[libero]".
2026-10-02 03:33:07.057 | WARNING  | plugrl_env_client.envs:_load_env_modules:27 - Skip loading env module plugrl_env_client.envs.robomimic.robomimic_env: Robomimic is not installed. Please install it with the 'robomimic' extra, e.g. 'pip install plugrl-env-client[robomimic]'
2026-10-02 03:33:07.057 | WARNING  | plugrl_env_client.envs:_load_env_modules:27 - Skip loading env module plugrl_env_client.envs.robomimic.robomimic_env: Robomimic is not installed. Please install it with the 'robomimic' extra, e.g. 'pip install plugrl-env-client[robomimic]'
2026-10-02 03:33:07.057 | WARNING  | plugrl_env_client.envs:_load_env_modules:27 - Skip loading env module plugrl_env_client.envs.classic.classic_env: pygame is not installed. Please install it with pip install "plugrl-env-client[classic]".
2026-10-02 03:33:07.057 | WARNING  | plugrl_env_client.envs:_load_env_modules:27 - Skip loading env module plugrl_env_client.envs.classic.classic_env: pygame is not installed. Please install it with pip install "plugrl-env-client[classic]".
2026-10-02 03:33:07.057 | WARNING  | plugrl_env_client.envs:_load_env_modules:27 - Skip loading env module plugrl_env_client.envs.classic.classic_env: pygame is not installed. Please install it with pip install "plugrl-env-client[classic]".
2026-10-02 03:33:07.057 | WARNING  | plugrl_env_client.envs:_load_env_modules:27 - Skip loading env module plugrl_env_client.envs.atari.atari_env: Atari is not installed. Please install it with the 'atari' extra, e.g. 'pip install plugrl-env-client[atari]'
2026-10-02 03:33:07.057 | WARNING  | plugrl_env_client.envs:_load_env_modules:27 - Skip loading env module plugrl_env_client.envs.atari.atari_env: Atari is not installed. Please install it with the 'atari' extra, e.g. 'pip install plugrl-env-client[atari]'
2026-10-02 03:33:07.057 | WARNING  | plugrl_env_client.envs:_load_env_modules:27 - Skip loading env module plugrl_env_client.envs.atari.atari_env: Atari is not installed. Please install it with the 'atari' extra, e.g. 'pip install plugrl-env-client[atari]'
2026-10-02 03:33:07.057 | WARNING  | plugrl_env_client.envs:_load_env_modules:27 - Skip loading env module plugrl_env_client.envs.d4rl.d4rl_env: d4rl is not installed. Please install it with pip install "plugrl-env-client[d4rl]".
2026-10-02 03:33:07.057 | WARNING  | plugrl_env_client.envs:_load_env_modules:27 - Skip loading env module plugrl_env_client.envs.d4rl.d4rl_env: d4rl is not installed. Please install it with pip install "plugrl-env-client[d4rl]".
2026-10-02 03:33:07.058 | WARNING  | plugrl_env_client.envs:_load_env_modules:27 - Skip loading env module plugrl_env_client.envs.d4rl.d4rl_env: d4rl is not installed. Please install it with pip install "plugrl-env-client[d4rl]".
2026-10-02 03:33:07.058 | WARNING  | plugrl_env_client.envs:_load_env_modules:27 - Skip loading env module plugrl_env_client.envs.libero.libero_env: libero is not installed. Please install it with pip install "plugrl-env-client[libero]".
2026-10-02 03:33:07.058 | WARNING  | plugrl_env_client.envs:_load_env_modules:27 - Skip loading env module plugrl_env_client.envs.libero.libero_env: libero is not installed. Please install it with pip install "plugrl-env-client[libero]".
2026-10-02 03:33:07.058 | WARNING  | plugrl_env_client.envs:_load_env_modules:27 - Skip loading env module plugrl_env_client.envs.libero.libero_env: libero is not installed. Please install it with pip install "plugrl-env-client[libero]".
2026-10-02 03:33:07.059 | WARNING  | plugrl_env_client.envs:_load_env_modules:27 - Skip loading env module plugrl_env_client.envs.robomimic.robomimic_env: Robomimic is not installed. Please install it with the 'robomimic' extra, e.g. 'pip install plugrl-env-client[robomimic]'
2026-10-02 03:33:07.059 | WARNING  | plugrl_env_client.envs:_load_env_modules:27 - Skip loading env module plugrl_env_client.envs.robomimic.robomimic_env: Robomimic is not installed. Please install it with the 'robomimic' extra, e.g. 'pip install plugrl-env-client[robomimic]'
2026-10-02 03:33:07.059 | WARNING  | plugrl_env_client.envs:_load_env_modules:27 - Skip loading env module plugrl_env_client.envs.robomimic.robomimic_env: Robomimic is not installed. Please install it with the 'robomimic' extra, e.g. 'pip install plugrl-env-client[robomimic]'
2026-10-02 03:33:07.061 | WARNING  | plugrl_env_client.envs:_load_env_modules:27 - Skip loading env module plugrl_env_client.envs.classic.classic_env: pygame is not installed. Please install it with pip install "plugrl-env-client[classic]".
2026-10-02 03:33:07.061 | WARNING  | plugrl_env_client.envs:_load_env_modules:27 - Skip loading env module plugrl_env_client.envs.classic.classic_env: pygame is not installed. Please install it with pip install "plugrl-env-client[classic]".
2026-10-02 03:33:07.061 | WARNING  | plugrl_env_client.envs:_load_env_modules:27 - Skip loading env module plugrl_env_client.envs.classic.classic_env: pygame is not installed. Please install it with pip install "plugrl-env-client[classic]".
2026-10-02 03:33:07.061 | WARNING  | plugrl_env_client.envs:_load_env_modules:27 - Skip loading env module plugrl_env_client.envs.atari.atari_env: Atari is not installed. Please install it with the 'atari' extra, e.g. 'pip install plugrl-env-client[atari]'
2026-10-02 03:33:07.061 | WARNING  | plugrl_env_client.envs:_load_env_modules:27 - Skip loading env module plugrl_env_client.envs.atari.atari_env: Atari is not installed. Please install it with the 'atari' extra, e.g. 'pip install plugrl-env-client[atari]'
2026-10-02 03:33:07.061 | WARNING  | plugrl_env_client.envs:_load_env_modules:27 - Skip loading env module plugrl_env_client.envs.atari.atari_env: Atari is not installed. Please install it with the 'atari' extra, e.g. 'pip install plugrl-env-client[atari]'
2026-10-02 03:33:07.062 | WARNING  | plugrl_env_client.envs:_load_env_modules:27 - Skip loading env module plugrl_env_client.envs.d4rl.d4rl_env: d4rl is not installed. Please install it with pip install "plugrl-env-client[d4rl]".
2026-10-02 03:33:07.062 | WARNING  | plugrl_env_client.envs:_load_env_modules:27 - Skip loading env module plugrl_env_client.envs.d4rl.d4rl_env: d4rl is not installed. Please install it with pip install "plugrl-env-client[d4rl]".
2026-10-02 03:33:07.062 | WARNING  | plugrl_env_client.envs:_load_env_modules:27 - Skip loading env module plugrl_env_client.envs.d4rl.d4rl_env: d4rl is not installed. Please install it with pip install "plugrl-env-client[d4rl]".
2026-10-02 03:33:07.062 | WARNING  | plugrl_env_client.envs:_load_env_modules:27 - Skip loading env module plugrl_env_client.envs.libero.libero_env: libero is not installed. Please install it with pip install "plugrl-env-client[libero]".
2026-10-02 03:33:07.062 | WARNING  | plugrl_env_client.envs:_load_env_modules:27 - Skip loading env module plugrl_env_client.envs.libero.libero_env: libero is not installed. Please install it with pip install "plugrl-env-client[libero]".
2026-10-02 03:33:07.062 | WARNING  | plugrl_env_client.envs:_load_env_modules:27 - Skip loading env module plugrl_env_client.envs.libero.libero_env: libero is not installed. Please install it with pip install "plugrl-env-client[libero]".
2026-10-02 03:33:07.063 | WARNING  | plugrl_env_client.envs:_load_env_modules:27 - Skip loading env module plugrl_env_client.envs.robomimic.robomimic_env: Robomimic is not installed. Please install it with the 'robomimic' extra, e.g. 'pip install plugrl-env-client[robomimic]'
2026-10-02 03:33:07.063 | WARNING  | plugrl_env_client.envs:_load_env_modules:27 - Skip loading env module plugrl_env_client.envs.robomimic.robomimic_env: Robomimic is not installed. Please install it with the 'robomimic' extra, e.g. 'pip install plugrl-env-client[robomimic]'
2026-10-02 03:33:07.063 | WARNING  | plugrl_env_client.envs:_load_env_modules:27 - Skip loading env module plugrl_env_client.envs.robomimic.robomimic_env: Robomimic is not installed. Please install it with the 'robomimic' extra, e.g. 'pip install plugrl-env-client[robomimic]'
2026-10-02 03:33:07.086 | INFO     | plugrl_env_client.agent.websocket_env_client_agent:_wait_for_server:203 - Waiting for server at ws://127.0.0.1:8810...
2026-10-02 03:33:07.087 | WARNING  | plugrl_env_client.agent.websocket_env_client_agent:_wait_for_server:252 - Server not available or connection failed. Retrying in 5 seconds...
2026-10-02 03:33:07.094 | INFO     | plugrl_env_client.agent.websocket_env_client_agent:_wait_for_server:203 - Waiting for server at ws://127.0.0.1:8810...
2026-10-02 03:33:07.095 | WARNING  | plugrl_env_client.agent.websocket_env_client_agent:_wait_for_server:252 - Server not available or connection failed. Retrying in 5 seconds...
2026-10-02 03:33:07.095 | INFO     | plugrl_env_client.agent.websocket_env_client_agent:_wait_for_server:203 - Waiting for server at ws://127.0.0.1:8810...
2026-10-02 03:33:07.096 | INFO     | plugrl_env_client.agent.websocket_env_client_agent:_wait_for_server:203 - Waiting for server at ws://127.0.0.1:8810...
2026-10-02 03:33:07.097 | WARNING  | plugrl_env_client.agent.websocket_env_client_agent:_wait_for_server:252 - Server not available or connection failed. Retrying in 5 seconds...
2026-10-02 03:33:07.097 | WARNING  | plugrl_env_client.agent.websocket_env_client_agent:_wait_for_server:252 - Server not available or connection failed. Retrying in 5 seconds...
2026-10-02 03:33:07.097 | INFO     | plugrl_env_client.agent.websocket_env_client_agent:_wait_for_server:203 - Waiting for server at ws://127.0.0.1:8810...
2026-10-02 03:33:07.098 | WARNING  | plugrl_env_client.agent.websocket_env_client_agent:_wait_for_server:252 - Server not available or connection failed. Retrying in 5 seconds...
2026-10-02 03:33:07.107 | INFO     | plugrl_env_client.agent.websocket_env_client_agent:_wait_for_server:203 - Waiting for server at ws://127.0.0.1:8810...
2026-10-02 03:33:07.107 | INFO     | plugrl_env_client.agent.websocket_env_client_agent:_wait_for_server:203 - Waiting for server at ws://127.0.0.1:8810...
2026-10-02 03:33:07.108 | WARNING  | plugrl_env_client.agent.websocket_env_client_agent:_wait_for_server:252 - Server not available or connection failed. Retrying in 5 seconds...
2026-10-02 03:33:07.108 | WARNING  | plugrl_env_client.agent.websocket_env_client_agent:_wait_for_server:252 - Server not available or connection failed. Retrying in 5 seconds...
2026-10-02 03:33:07.123 | INFO     | plugrl_env_client.agent.websocket_env_client_agent:_wait_for_server:203 - Waiting for server at ws://127.0.0.1:8810...
2026-10-02 03:33:07.124 | INFO     | plugrl_env_client.agent.websocket_env_client_agent:_wait_for_server:203 - Waiting for server at ws://127.0.0.1:8810...
2026-10-02 03:33:07.124 | WARNING  | plugrl_env_client.agent.websocket_env_client_agent:_wait_for_server:252 - Server not available or connection failed. Retrying in 5 seconds...
2026-10-02 03:33:07.124 | WARNING  | plugrl_env_client.agent.websocket_env_client_agent:_wait_for_server:252 - Server not available or connection failed. Retrying in 5 seconds...
2026-10-02 03:33:07.129 | INFO     | plugrl_env_client.agent.websocket_env_client_agent:_wait_for_server:203 - Waiting for server at ws://127.0.0.1:8810...
2026-10-02 03:33:07.130 | WARNING  | plugrl_env_client.agent.websocket_env_client_agent:_wait_for_server:252 - Server not available or connection failed. Retrying in 5 seconds...
2026-10-02 03:33:07.132 | INFO     | plugrl_env_client.agent.websocket_env_client_agent:_wait_for_server:203 - Waiting for server at ws://127.0.0.1:8810...
2026-10-02 03:33:07.133 | WARNING  | plugrl_env_client.agent.websocket_env_client_agent:_wait_for_server:252 - Server not available or connection failed. Retrying in 5 seconds...
2026-10-02 03:33:07.134 | INFO     | plugrl_env_client.agent.websocket_env_client_agent:_wait_for_server:203 - Waiting for server at ws://127.0.0.1:8810...
2026-10-02 03:33:07.135 | WARNING  | plugrl_env_client.agent.websocket_env_client_agent:_wait_for_server:252 - Server not available or connection failed. Retrying in 5 seconds...
2026-10-02 03:33:07.138 | INFO     | plugrl_env_client.agent.websocket_env_client_agent:_wait_for_server:203 - Waiting for server at ws://127.0.0.1:8810...
2026-10-02 03:33:07.139 | INFO     | plugrl_env_client.agent.websocket_env_client_agent:_wait_for_server:203 - Waiting for server at ws://127.0.0.1:8810...
2026-10-02 03:33:07.139 | INFO     | plugrl_env_client.agent.websocket_env_client_agent:_wait_for_server:203 - Waiting for server at ws://127.0.0.1:8810...
2026-10-02 03:33:07.139 | WARNING  | plugrl_env_client.agent.websocket_env_client_agent:_wait_for_server:252 - Server not available or connection failed. Retrying in 5 seconds...
2026-10-02 03:33:07.140 | WARNING  | plugrl_env_client.agent.websocket_env_client_agent:_wait_for_server:252 - Server not available or connection failed. Retrying in 5 seconds...
2026-10-02 03:33:07.140 | WARNING  | plugrl_env_client.agent.websocket_env_client_agent:_wait_for_server:252 - Server not available or connection failed. Retrying in 5 seconds...
2026-10-02 03:33:07.140 | INFO     | plugrl_env_client.agent.websocket_env_client_agent:_wait_for_server:203 - Waiting for server at ws://127.0.0.1:8810...
2026-10-02 03:33:07.141 | WARNING  | plugrl_env_client.agent.websocket_env_client_agent:_wait_for_server:252 - Server not available or connection failed. Retrying in 5 seconds...
2026-10-02 03:33:12.090 | INFO     | plugrl_env_client.runner.run:report_server_metadata:56 - Server metadata: {'protocol_version': 1, 'server': 'plugrl-bridges', 'action_horizon': 1, 'action_dim': 6, 'num_envs': 16, 'lockstep': True, 'features': ['reuse-feedback-obs']}
2026-10-02 03:33:12.098 | INFO     | plugrl_env_client.runner.run:report_server_metadata:56 - Server metadata: {'protocol_version': 1, 'server': 'plugrl-bridges', 'action_horizon': 1, 'action_dim': 6, 'num_envs': 16, 'lockstep': True, 'features': ['reuse-feedback-obs']}
2026-10-02 03:33:12.100 | INFO     | plugrl_env_client.runner.run:report_server_metadata:56 - Server metadata: {'protocol_version': 1, 'server': 'plugrl-bridges', 'action_horizon': 1, 'action_dim': 6, 'num_envs': 16, 'lockstep': True, 'features': ['reuse-feedback-obs']}
2026-10-02 03:33:12.100 | INFO     | plugrl_env_client.runner.run:report_server_metadata:56 - Server metadata: {'protocol_version': 1, 'server': 'plugrl-bridges', 'action_horizon': 1, 'action_dim': 6, 'num_envs': 16, 'lockstep': True, 'features': ['reuse-feedback-obs']}
2026-10-02 03:33:12.101 | INFO     | plugrl_env_client.runner.run:report_server_metadata:56 - Server metadata: {'protocol_version': 1, 'server': 'plugrl-bridges', 'action_horizon': 1, 'action_dim': 6, 'num_envs': 16, 'lockstep': True, 'features': ['reuse-feedback-obs']}
2026-10-02 03:33:12.110 | INFO     | plugrl_env_client.runner.run:report_server_metadata:56 - Server metadata: {'protocol_version': 1, 'server': 'plugrl-bridges', 'action_horizon': 1, 'action_dim': 6, 'num_envs': 16, 'lockstep': True, 'features': ['reuse-feedback-obs']}
2026-10-02 03:33:12.111 | INFO     | plugrl_env_client.runner.run:report_server_metadata:56 - Server metadata: {'protocol_version': 1, 'server': 'plugrl-bridges', 'action_horizon': 1, 'action_dim': 6, 'num_envs': 16, 'lockstep': True, 'features': ['reuse-feedback-obs']}
2026-10-02 03:33:12.127 | INFO     | plugrl_env_client.runner.run:report_server_metadata:56 - Server metadata: {'protocol_version': 1, 'server': 'plugrl-bridges', 'action_horizon': 1, 'action_dim': 6, 'num_envs': 16, 'lockstep': True, 'features': ['reuse-feedback-obs']}
2026-10-02 03:33:12.127 | INFO     | plugrl_env_client.runner.run:report_server_metadata:56 - Server metadata: {'protocol_version': 1, 'server': 'plugrl-bridges', 'action_horizon': 1, 'action_dim': 6, 'num_envs': 16, 'lockstep': True, 'features': ['reuse-feedback-obs']}
2026-10-02 03:33:12.132 | INFO     | plugrl_env_client.runner.run:report_server_metadata:56 - Server metadata: {'protocol_version': 1, 'server': 'plugrl-bridges', 'action_horizon': 1, 'action_dim': 6, 'num_envs': 16, 'lockstep': True, 'features': ['reuse-feedback-obs']}
2026-10-02 03:33:12.136 | INFO     | plugrl_env_client.runner.run:report_server_metadata:56 - Server metadata: {'protocol_version': 1, 'server': 'plugrl-bridges', 'action_horizon': 1, 'action_dim': 6, 'num_envs': 16, 'lockstep': True, 'features': ['reuse-feedback-obs']}
2026-10-02 03:33:12.137 | INFO     | plugrl_env_client.runner.run:report_server_metadata:56 - Server metadata: {'protocol_version': 1, 'server': 'plugrl-bridges', 'action_horizon': 1, 'action_dim': 6, 'num_envs': 16, 'lockstep': True, 'features': ['reuse-feedback-obs']}
2026-10-02 03:33:12.141 | INFO     | plugrl_env_client.runner.run:report_server_metadata:56 - Server metadata: {'protocol_version': 1, 'server': 'plugrl-bridges', 'action_horizon': 1, 'action_dim': 6, 'num_envs': 16, 'lockstep': True, 'features': ['reuse-feedback-obs']}
2026-10-02 03:33:12.142 | INFO     | plugrl_env_client.runner.run:report_server_metadata:56 - Server metadata: {'protocol_version': 1, 'server': 'plugrl-bridges', 'action_horizon': 1, 'action_dim': 6, 'num_envs': 16, 'lockstep': True, 'features': ['reuse-feedback-obs']}
2026-10-02 03:33:12.142 | INFO     | plugrl_env_client.runner.run:report_server_metadata:56 - Server metadata: {'protocol_version': 1, 'server': 'plugrl-bridges', 'action_horizon': 1, 'action_dim': 6, 'num_envs': 16, 'lockstep': True, 'features': ['reuse-feedback-obs']}
2026-10-02 03:33:12.143 | INFO     | plugrl_env_client.runner.run:report_server_metadata:56 - Server metadata: {'protocol_version': 1, 'server': 'plugrl-bridges', 'action_horizon': 1, 'action_dim': 6, 'num_envs': 16, 'lockstep': True, 'features': ['reuse-feedback-obs']}
2026-10-02 03:33:42.285 | INFO     | plugrl_env_client.runner.rollout:log_timing_summary:101 - Intermediate rollout timing summary: env_steps=10753 infer_calls=10753 feedback_calls=10753 infer_wait=27.780s infer_obs_pack=0.134s env_step=0.991s feedback_total=0.678s feedback_obs_pack=0.179s feedback_info_pack=0.030s effective_fps=363.48
2026-10-02 03:33:42.285 | INFO     | plugrl_env_client.runner.rollout:log_timing_summary:101 - Intermediate rollout timing summary: env_steps=10753 infer_calls=10753 feedback_calls=10753 infer_wait=27.866s infer_obs_pack=0.135s env_step=0.947s feedback_total=0.682s feedback_obs_pack=0.180s feedback_info_pack=0.030s effective_fps=362.91
2026-10-02 03:33:42.285 | INFO     | plugrl_env_client.runner.rollout:log_timing_summary:101 - Intermediate rollout timing summary: env_steps=10753 infer_calls=10753 feedback_calls=10753 infer_wait=27.906s infer_obs_pack=0.145s env_step=0.902s feedback_total=0.711s feedback_obs_pack=0.192s feedback_info_pack=0.031s effective_fps=362.49
2026-10-02 03:33:42.285 | INFO     | plugrl_env_client.runner.rollout:log_timing_summary:101 - Intermediate rollout timing summary: env_steps=10753 infer_calls=10753 feedback_calls=10753 infer_wait=27.899s infer_obs_pack=0.133s env_step=0.934s feedback_total=0.662s feedback_obs_pack=0.176s feedback_info_pack=0.029s effective_fps=362.93
2026-10-02 03:33:42.285 | INFO     | plugrl_env_client.runner.rollout:log_timing_summary:101 - Intermediate rollout timing summary: env_steps=10753 infer_calls=10753 feedback_calls=10753 infer_wait=27.845s infer_obs_pack=0.136s env_step=0.961s feedback_total=0.688s feedback_obs_pack=0.181s feedback_info_pack=0.035s effective_fps=362.91
2026-10-02 03:33:42.285 | INFO     | plugrl_env_client.runner.rollout:log_timing_summary:101 - Intermediate rollout timing summary: env_steps=10753 infer_calls=10753 feedback_calls=10753 infer_wait=27.925s infer_obs_pack=0.140s env_step=0.902s feedback_total=0.695s feedback_obs_pack=0.186s feedback_info_pack=0.032s effective_fps=362.51
2026-10-02 03:33:42.286 | INFO     | plugrl_env_client.runner.rollout:log_timing_summary:101 - Intermediate rollout timing summary: env_steps=10753 infer_calls=10753 feedback_calls=10753 infer_wait=27.813s infer_obs_pack=0.134s env_step=0.978s feedback_total=0.688s feedback_obs_pack=0.181s feedback_info_pack=0.031s effective_fps=363.13
2026-10-02 03:33:42.286 | INFO     | plugrl_env_client.runner.rollout:log_timing_summary:101 - Intermediate rollout timing summary: env_steps=10753 infer_calls=10753 feedback_calls=10753 infer_wait=27.836s infer_obs_pack=0.133s env_step=0.958s feedback_total=0.682s feedback_obs_pack=0.177s feedback_info_pack=0.030s effective_fps=363.17
2026-10-02 03:33:42.286 | INFO     | plugrl_env_client.runner.rollout:log_timing_summary:101 - Intermediate rollout timing summary: env_steps=10753 infer_calls=10753 feedback_calls=10753 infer_wait=27.869s infer_obs_pack=0.138s env_step=0.928s feedback_total=0.697s feedback_obs_pack=0.185s feedback_info_pack=0.030s effective_fps=362.89
2026-10-02 03:33:42.286 | INFO     | plugrl_env_client.runner.rollout:log_timing_summary:101 - Intermediate rollout timing summary: env_steps=10753 infer_calls=10753 feedback_calls=10753 infer_wait=27.866s infer_obs_pack=0.137s env_step=0.947s feedback_total=0.679s feedback_obs_pack=0.178s feedback_info_pack=0.031s effective_fps=362.92
2026-10-02 03:33:42.286 | INFO     | plugrl_env_client.runner.rollout:log_timing_summary:101 - Intermediate rollout timing summary: env_steps=10753 infer_calls=10753 feedback_calls=10753 infer_wait=27.945s infer_obs_pack=0.135s env_step=0.898s feedback_total=0.671s feedback_obs_pack=0.176s feedback_info_pack=0.030s effective_fps=362.68
2026-10-02 03:33:42.286 | INFO     | plugrl_env_client.runner.rollout:log_timing_summary:101 - Intermediate rollout timing summary: env_steps=10753 infer_calls=10753 feedback_calls=10753 infer_wait=27.863s infer_obs_pack=0.139s env_step=0.932s feedback_total=0.689s feedback_obs_pack=0.181s feedback_info_pack=0.034s effective_fps=363.00
2026-10-02 03:33:42.286 | INFO     | plugrl_env_client.runner.rollout:log_timing_summary:101 - Intermediate rollout timing summary: env_steps=10753 infer_calls=10753 feedback_calls=10753 infer_wait=27.916s infer_obs_pack=0.142s env_step=0.903s feedback_total=0.702s feedback_obs_pack=0.186s feedback_info_pack=0.031s effective_fps=362.51
2026-10-02 03:33:42.287 | INFO     | plugrl_env_client.runner.rollout:log_timing_summary:101 - Intermediate rollout timing summary: env_steps=10753 infer_calls=10753 feedback_calls=10753 infer_wait=27.916s infer_obs_pack=0.140s env_step=0.913s feedback_total=0.691s feedback_obs_pack=0.183s feedback_info_pack=0.032s effective_fps=362.54
2026-10-02 03:33:42.287 | INFO     | plugrl_env_client.runner.rollout:log_timing_summary:101 - Intermediate rollout timing summary: env_steps=10753 infer_calls=10753 feedback_calls=10753 infer_wait=27.920s infer_obs_pack=0.142s env_step=0.903s feedback_total=0.702s feedback_obs_pack=0.186s feedback_info_pack=0.031s effective_fps=362.45
2026-10-02 03:33:42.287 | INFO     | plugrl_env_client.runner.rollout:log_timing_summary:101 - Intermediate rollout timing summary: env_steps=10753 infer_calls=10753 feedback_calls=10753 infer_wait=27.930s infer_obs_pack=0.138s env_step=0.902s feedback_total=0.684s feedback_obs_pack=0.182s feedback_info_pack=0.030s effective_fps=362.63
2026-10-02 03:34:12.285 | INFO     | plugrl_env_client.runner.rollout:log_timing_summary:101 - Intermediate rollout timing summary: env_steps=21646 infer_calls=21646 feedback_calls=21646 infer_wait=55.364s infer_obs_pack=0.272s env_step=1.970s feedback_total=1.362s feedback_obs_pack=0.361s feedback_info_pack=0.060s effective_fps=367.08
2026-10-02 03:34:12.285 | INFO     | plugrl_env_client.runner.rollout:log_timing_summary:101 - Intermediate rollout timing summary: env_steps=21646 infer_calls=21646 feedback_calls=21646 infer_wait=55.649s infer_obs_pack=0.291s env_step=1.811s feedback_total=1.426s feedback_obs_pack=0.387s feedback_info_pack=0.062s effective_fps=365.78
2026-10-02 03:34:12.286 | INFO     | plugrl_env_client.runner.rollout:log_timing_summary:101 - Intermediate rollout timing summary: env_steps=21646 infer_calls=21646 feedback_calls=21646 infer_wait=55.378s infer_obs_pack=0.272s env_step=1.978s feedback_total=1.385s feedback_obs_pack=0.365s feedback_info_pack=0.064s effective_fps=366.80
2026-10-02 03:34:12.288 | INFO     | plugrl_env_client.runner.rollout:log_timing_summary:101 - Intermediate rollout timing summary: env_steps=21647 infer_calls=21647 feedback_calls=21647 infer_wait=55.621s infer_obs_pack=0.277s env_step=1.840s feedback_total=1.370s feedback_obs_pack=0.361s feedback_info_pack=0.068s effective_fps=366.23
2026-10-02 03:34:12.288 | INFO     | plugrl_env_client.runner.rollout:log_timing_summary:101 - Intermediate rollout timing summary: env_steps=21647 infer_calls=21647 feedback_calls=21647 infer_wait=55.588s infer_obs_pack=0.269s env_step=1.890s feedback_total=1.346s feedback_obs_pack=0.356s feedback_info_pack=0.060s effective_fps=366.33
2026-10-02 03:34:12.288 | INFO     | plugrl_env_client.runner.rollout:log_timing_summary:101 - Intermediate rollout timing summary: env_steps=21647 infer_calls=21647 feedback_calls=21647 infer_wait=55.707s infer_obs_pack=0.276s env_step=1.801s feedback_total=1.369s feedback_obs_pack=0.365s feedback_info_pack=0.061s effective_fps=365.95
2026-10-02 03:34:12.288 | INFO     | plugrl_env_client.runner.rollout:log_timing_summary:101 - Intermediate rollout timing summary: env_steps=21647 infer_calls=21647 feedback_calls=21647 infer_wait=55.605s infer_obs_pack=0.270s env_step=1.872s feedback_total=1.344s feedback_obs_pack=0.361s feedback_info_pack=0.060s effective_fps=366.33
2026-10-02 03:34:12.288 | INFO     | plugrl_env_client.runner.rollout:log_timing_summary:101 - Intermediate rollout timing summary: env_steps=21647 infer_calls=21647 feedback_calls=21647 infer_wait=55.677s infer_obs_pack=0.281s env_step=1.822s feedback_total=1.385s feedback_obs_pack=0.369s feedback_info_pack=0.063s effective_fps=365.88
2026-10-02 03:34:12.288 | INFO     | plugrl_env_client.runner.rollout:log_timing_summary:101 - Intermediate rollout timing summary: env_steps=21647 infer_calls=21647 feedback_calls=21647 infer_wait=55.514s infer_obs_pack=0.269s env_step=1.914s feedback_total=1.366s feedback_obs_pack=0.360s feedback_info_pack=0.068s effective_fps=366.51
2026-10-02 03:34:12.288 | INFO     | plugrl_env_client.runner.rollout:log_timing_summary:101 - Intermediate rollout timing summary: env_steps=21647 infer_calls=21647 feedback_calls=21647 infer_wait=55.695s infer_obs_pack=0.282s env_step=1.804s feedback_total=1.397s feedback_obs_pack=0.375s feedback_info_pack=0.065s effective_fps=365.79
2026-10-02 03:34:12.288 | INFO     | plugrl_env_client.runner.rollout:log_timing_summary:101 - Intermediate rollout timing summary: env_steps=21647 infer_calls=21647 feedback_calls=21647 infer_wait=55.708s infer_obs_pack=0.271s env_step=1.808s feedback_total=1.348s feedback_obs_pack=0.356s feedback_info_pack=0.062s effective_fps=366.06
2026-10-02 03:34:12.288 | INFO     | plugrl_env_client.runner.rollout:log_timing_summary:101 - Intermediate rollout timing summary: env_steps=21647 infer_calls=21647 feedback_calls=21647 infer_wait=55.728s infer_obs_pack=0.282s env_step=1.788s feedback_total=1.386s feedback_obs_pack=0.369s feedback_info_pack=0.062s effective_fps=365.76
2026-10-02 03:34:12.288 | INFO     | plugrl_env_client.runner.rollout:log_timing_summary:101 - Intermediate rollout timing summary: env_steps=21647 infer_calls=21647 feedback_calls=21647 infer_wait=55.732s infer_obs_pack=0.282s env_step=1.792s feedback_total=1.390s feedback_obs_pack=0.371s feedback_info_pack=0.063s effective_fps=365.68
2026-10-02 03:34:12.288 | INFO     | plugrl_env_client.runner.rollout:log_timing_summary:101 - Intermediate rollout timing summary: env_steps=21647 infer_calls=21647 feedback_calls=21647 infer_wait=55.536s infer_obs_pack=0.279s env_step=1.897s feedback_total=1.377s feedback_obs_pack=0.365s feedback_info_pack=0.063s effective_fps=366.34
2026-10-02 03:34:12.288 | INFO     | plugrl_env_client.runner.rollout:log_timing_summary:101 - Intermediate rollout timing summary: env_steps=21647 infer_calls=21647 feedback_calls=21647 infer_wait=55.633s infer_obs_pack=0.277s env_step=1.837s feedback_total=1.390s feedback_obs_pack=0.370s feedback_info_pack=0.060s effective_fps=366.04
2026-10-02 03:34:12.288 | INFO     | plugrl_env_client.runner.rollout:log_timing_summary:101 - Intermediate rollout timing summary: env_steps=21647 infer_calls=21647 feedback_calls=21647 infer_wait=55.542s infer_obs_pack=0.266s env_step=1.890s feedback_total=1.356s feedback_obs_pack=0.352s feedback_info_pack=0.061s effective_fps=366.56
2026-10-02 03:34:23.397 | INFO     | plugrl_env_client.runner.rollout:log_timing_summary:101 - Final rollout timing summary: env_steps=25600 infer_calls=25600 feedback_calls=25600 infer_wait=65.345s infer_obs_pack=0.318s env_step=2.342s feedback_total=1.623s feedback_obs_pack=0.426s feedback_info_pack=0.075s effective_fps=367.67
2026-10-02 03:34:23.397 | INFO     | plugrl_env_client.runner.run:run:156 - Server signalled the end of the run; collection stopped after 25/1000000 episodes.
2026-10-02 03:34:23.397 | INFO     | plugrl_env_client.runner.rollout:log_timing_summary:101 - Final rollout timing summary: env_steps=25600 infer_calls=25600 feedback_calls=25600 infer_wait=65.371s infer_obs_pack=0.320s env_step=2.322s feedback_total=1.600s feedback_obs_pack=0.423s feedback_info_pack=0.071s effective_fps=367.75
2026-10-02 03:34:23.397 | INFO     | plugrl_env_client.runner.run:run:156 - Server signalled the end of the run; collection stopped after 25/1000000 episodes.
2026-10-02 03:34:23.397 | INFO     | plugrl_env_client.runner.rollout:log_timing_summary:101 - Final rollout timing summary: env_steps=25600 infer_calls=25600 feedback_calls=25600 infer_wait=65.531s infer_obs_pack=0.314s env_step=2.251s feedback_total=1.600s feedback_obs_pack=0.417s feedback_info_pack=0.072s effective_fps=367.31
2026-10-02 03:34:23.398 | INFO     | plugrl_env_client.runner.run:run:156 - Server signalled the end of the run; collection stopped after 25/1000000 episodes.
2026-10-02 03:34:23.398 | INFO     | plugrl_env_client.runner.rollout:log_timing_summary:101 - Final rollout timing summary: env_steps=25600 infer_calls=25600 feedback_calls=25600 infer_wait=65.612s infer_obs_pack=0.319s env_step=2.227s feedback_total=1.598s feedback_obs_pack=0.424s feedback_info_pack=0.072s effective_fps=366.99
2026-10-02 03:34:23.398 | INFO     | plugrl_env_client.runner.run:run:156 - Server signalled the end of the run; collection stopped after 25/1000000 episodes.
2026-10-02 03:34:23.401 | INFO     | plugrl_env_client.runner.rollout:log_timing_summary:101 - Final rollout timing summary: env_steps=25600 infer_calls=25600 feedback_calls=25600 infer_wait=65.529s infer_obs_pack=0.317s env_step=2.260s feedback_total=1.611s feedback_obs_pack=0.426s feedback_info_pack=0.080s effective_fps=367.20
2026-10-02 03:34:23.401 | INFO     | plugrl_env_client.runner.run:run:156 - Server signalled the end of the run; collection stopped after 25/1000000 episodes.
2026-10-02 03:34:23.401 | INFO     | plugrl_env_client.runner.rollout:log_timing_summary:101 - Final rollout timing summary: env_steps=25600 infer_calls=25600 feedback_calls=25600 infer_wait=65.578s infer_obs_pack=0.328s env_step=2.230s feedback_total=1.621s feedback_obs_pack=0.431s feedback_info_pack=0.074s effective_fps=366.99
2026-10-02 03:34:23.401 | INFO     | plugrl_env_client.runner.run:run:156 - Server signalled the end of the run; collection stopped after 25/1000000 episodes.
2026-10-02 03:34:23.403 | INFO     | plugrl_env_client.runner.rollout:log_timing_summary:101 - Final rollout timing summary: env_steps=25600 infer_calls=25600 feedback_calls=25600 infer_wait=65.794s infer_obs_pack=0.319s env_step=2.121s feedback_total=1.585s feedback_obs_pack=0.419s feedback_info_pack=0.072s effective_fps=366.66
2026-10-02 03:34:23.403 | INFO     | plugrl_env_client.runner.run:run:156 - Server signalled the end of the run; collection stopped after 25/1000000 episodes.
2026-10-02 03:34:23.404 | INFO     | plugrl_env_client.runner.rollout:log_timing_summary:101 - Final rollout timing summary: env_steps=25600 infer_calls=25600 feedback_calls=25600 infer_wait=65.672s infer_obs_pack=0.318s env_step=2.197s feedback_total=1.583s feedback_obs_pack=0.424s feedback_info_pack=0.070s effective_fps=366.93
2026-10-02 03:34:23.404 | INFO     | plugrl_env_client.runner.run:run:156 - Server signalled the end of the run; collection stopped after 25/1000000 episodes.
2026-10-02 03:34:23.405 | INFO     | plugrl_env_client.runner.rollout:log_timing_summary:101 - Final rollout timing summary: env_steps=25600 infer_calls=25600 feedback_calls=25600 infer_wait=65.702s infer_obs_pack=0.325s env_step=2.153s feedback_total=1.613s feedback_obs_pack=0.426s feedback_info_pack=0.080s effective_fps=366.80
2026-10-02 03:34:23.405 | INFO     | plugrl_env_client.runner.run:run:156 - Server signalled the end of the run; collection stopped after 25/1000000 episodes.
2026-10-02 03:34:23.406 | INFO     | plugrl_env_client.runner.rollout:log_timing_summary:101 - Final rollout timing summary: env_steps=25600 infer_calls=25600 feedback_calls=25600 infer_wait=65.731s infer_obs_pack=0.332s env_step=2.145s feedback_total=1.633s feedback_obs_pack=0.435s feedback_info_pack=0.075s effective_fps=366.55
2026-10-02 03:34:23.406 | INFO     | plugrl_env_client.runner.run:run:156 - Server signalled the end of the run; collection stopped after 25/1000000 episodes.
2026-10-02 03:34:23.407 | INFO     | plugrl_env_client.runner.rollout:log_timing_summary:101 - Final rollout timing summary: env_steps=25600 infer_calls=25600 feedback_calls=25600 infer_wait=65.708s infer_obs_pack=0.325s env_step=2.159s feedback_total=1.632s feedback_obs_pack=0.435s feedback_info_pack=0.070s effective_fps=366.64
2026-10-02 03:34:23.407 | INFO     | plugrl_env_client.runner.run:run:156 - Server signalled the end of the run; collection stopped after 25/1000000 episodes.
2026-10-02 03:34:23.407 | INFO     | plugrl_env_client.runner.rollout:log_timing_summary:101 - Final rollout timing summary: env_steps=25600 infer_calls=25600 feedback_calls=25600 infer_wait=65.766s infer_obs_pack=0.326s env_step=2.123s feedback_total=1.612s feedback_obs_pack=0.430s feedback_info_pack=0.072s effective_fps=366.62
2026-10-02 03:34:23.407 | INFO     | plugrl_env_client.runner.run:run:156 - Server signalled the end of the run; collection stopped after 25/1000000 episodes.
2026-10-02 03:34:23.408 | INFO     | plugrl_env_client.runner.rollout:log_timing_summary:101 - Final rollout timing summary: env_steps=25600 infer_calls=25600 feedback_calls=25600 infer_wait=65.808s infer_obs_pack=0.331s env_step=2.103s feedback_total=1.629s feedback_obs_pack=0.434s feedback_info_pack=0.073s effective_fps=366.39
2026-10-02 03:34:23.408 | INFO     | plugrl_env_client.runner.run:run:156 - Server signalled the end of the run; collection stopped after 25/1000000 episodes.
2026-10-02 03:34:23.408 | INFO     | plugrl_env_client.runner.rollout:log_timing_summary:101 - Final rollout timing summary: env_steps=25600 infer_calls=25600 feedback_calls=25600 infer_wait=65.783s infer_obs_pack=0.331s env_step=2.114s feedback_total=1.643s feedback_obs_pack=0.442s feedback_info_pack=0.076s effective_fps=366.39
2026-10-02 03:34:23.408 | INFO     | plugrl_env_client.runner.run:run:156 - Server signalled the end of the run; collection stopped after 25/1000000 episodes.
2026-10-02 03:34:23.416 | INFO     | plugrl_env_client.runner.rollout:log_timing_summary:101 - Final rollout timing summary: env_steps=25600 infer_calls=25600 feedback_calls=25600 infer_wait=65.802s infer_obs_pack=0.332s env_step=2.112s feedback_total=1.639s feedback_obs_pack=0.437s feedback_info_pack=0.074s effective_fps=366.32
2026-10-02 03:34:23.416 | INFO     | plugrl_env_client.runner.run:run:156 - Server signalled the end of the run; collection stopped after 25/1000000 episodes.
2026-10-02 03:34:23.420 | INFO     | plugrl_env_client.runner.rollout:log_timing_summary:101 - Final rollout timing summary: env_steps=25600 infer_calls=25600 feedback_calls=25600 infer_wait=65.726s infer_obs_pack=0.342s env_step=2.127s feedback_total=1.675s feedback_obs_pack=0.454s feedback_info_pack=0.073s effective_fps=366.40
2026-10-02 03:34:23.420 | INFO     | plugrl_env_client.runner.run:run:156 - Server signalled the end of the run; collection stopped after 25/1000000 episodes.
