/home/guangzhao/zuogou/plugrl/bridges-venv/lib/python3.12/site-packages/tyro/_parsers.py:365: UserWarning: The field `wandb-entity` is annotated with type `<class 'str'>`, but the default value `None` has type `<class 'NoneType'>`. We'll try to handle this gracefully, but it may cause unexpected behavior.
  warnings.warn(message)
/home/guangzhao/zuogou/plugrl/bridges-venv/lib/python3.12/site-packages/tyro/_parsers.py:365: UserWarning: The field `target-kl` is annotated with type `<class 'float'>`, but the default value `None` has type `<class 'NoneType'>`. We'll try to handle this gracefully, but it may cause unexpected behavior.
  warnings.warn(message)
plugrl-bridges: slots 0-0 <- ('127.0.0.1', 37220)
plugrl-bridges: slots 1-1 <- ('127.0.0.1', 37224)
plugrl-bridges: slots 2-2 <- ('127.0.0.1', 37232)
plugrl-bridges: slots 3-3 <- ('127.0.0.1', 37240)
plugrl-bridges: slots 4-4 <- ('127.0.0.1', 37242)
plugrl-bridges: slots 5-5 <- ('127.0.0.1', 37270)
plugrl-bridges: slots 6-6 <- ('127.0.0.1', 37258)
plugrl-bridges: slots 7-7 <- ('127.0.0.1', 37288)
plugrl-bridges: slots 8-8 <- ('127.0.0.1', 37282)
plugrl-bridges: slots 9-9 <- ('127.0.0.1', 37304)
plugrl-bridges: slots 10-10 <- ('127.0.0.1', 37316)
plugrl-bridges: slots 11-11 <- ('127.0.0.1', 37328)
plugrl-bridges: slots 12-12 <- ('127.0.0.1', 37340)
plugrl-bridges: slots 13-13 <- ('127.0.0.1', 37352)
plugrl-bridges: slots 14-14 <- ('127.0.0.1', 37358)
plugrl-bridges: slots 15-15 <- ('127.0.0.1', 37370)
SPS: 5637
SPS: 5701
SPS: 5770
global_step=16000, episodic_return=-304.53936840884853
global_step=16000, episodic_return=-598.1650853813626
global_step=16000, episodic_return=-329.71070874424186
global_step=16000, episodic_return=-267.2181006075116
global_step=16000, episodic_return=-374.33147768699564
global_step=16000, episodic_return=-320.8647270698566
global_step=16000, episodic_return=-328.77480094193015
global_step=16000, episodic_return=-341.66964493109845
global_step=16000, episodic_return=-289.0223343933467
global_step=16000, episodic_return=-333.0895665974822
global_step=16000, episodic_return=-373.9448277506017
global_step=16000, episodic_return=-373.2841952670133
global_step=16000, episodic_return=-392.43509849964175
global_step=16000, episodic_return=-189.79627932823496
global_step=16000, episodic_return=-467.068289119401
global_step=16000, episodic_return=-389.1627137639589
SPS: 5779
SPS: 5773
SPS: 5794
SPS: 5815
global_step=32000, episodic_return=-398.36721279635094
global_step=32000, episodic_return=-219.12335203430848
global_step=32000, episodic_return=-474.37358366313856
global_step=32000, episodic_return=-205.15469867785578
global_step=32000, episodic_return=-361.53312336458475
global_step=32000, episodic_return=-384.4156113329809
global_step=32000, episodic_return=-241.8743783247046
global_step=32000, episodic_return=-222.12968083797023
global_step=32000, episodic_return=-248.6714959089295
global_step=32000, episodic_return=-394.7888601925224
global_step=32000, episodic_return=-183.43058768106857
global_step=32000, episodic_return=-210.8457868898986
global_step=32000, episodic_return=-259.67060266959015
global_step=32000, episodic_return=-386.2355074080406
global_step=32000, episodic_return=-324.68497367663076
global_step=32000, episodic_return=-322.2129429584602
SPS: 5814
SPS: 5838
SPS: 5844
SPS: 5813
global_step=48000, episodic_return=-289.161640495382
global_step=48000, episodic_return=-240.9252531285165
global_step=48000, episodic_return=-267.6455494669499
global_step=48000, episodic_return=-198.9303982135607
global_step=48000, episodic_return=-204.15668766399904
global_step=48000, episodic_return=-224.83761057723314
global_step=48000, episodic_return=-197.55183174280683
global_step=48000, episodic_return=-249.79040173551766
global_step=48000, episodic_return=-225.23996885083034
global_step=48000, episodic_return=-481.1235518271569
global_step=48000, episodic_return=-266.7514709812822
global_step=48000, episodic_return=-221.90265504978015
global_step=48000, episodic_return=-183.9568209327408
global_step=48000, episodic_return=-272.24935011801426
global_step=48000, episodic_return=-357.9057473290886
global_step=48000, episodic_return=-230.80150969175156
SPS: 5812
SPS: 5809
SPS: 5800
SPS: 5790
global_step=64000, episodic_return=-422.14428624731954
global_step=64000, episodic_return=-298.85001167008886
global_step=64000, episodic_return=-145.0913402226288
global_step=64000, episodic_return=-118.15130683846655
global_step=64000, episodic_return=-238.8560073740082
global_step=64000, episodic_return=-232.33614968601614
global_step=64000, episodic_return=-215.99595183477504
global_step=64000, episodic_return=-218.29984861791309
global_step=64000, episodic_return=-233.3499720171094
global_step=64000, episodic_return=-190.92214031715412
global_step=64000, episodic_return=-136.48098131176084
global_step=64000, episodic_return=-197.611789103481
global_step=64000, episodic_return=-257.3095046673552
global_step=64000, episodic_return=-159.02509113628184
global_step=64000, episodic_return=-164.50896691100206
global_step=64000, episodic_return=-142.68114318087464
SPS: 5791
SPS: 5789
SPS: 5782
SPS: 5789
global_step=80000, episodic_return=-124.83928650105372
global_step=80000, episodic_return=-147.37483876617625
global_step=80000, episodic_return=-298.2283155772602
global_step=80000, episodic_return=-220.8722147816443
global_step=80000, episodic_return=-102.10259882244281
global_step=80000, episodic_return=-108.78412632935215
global_step=80000, episodic_return=-88.82633219333366
global_step=80000, episodic_return=-79.35470761707984
global_step=80000, episodic_return=-76.22635546116908
global_step=80000, episodic_return=-134.50597299914807
global_step=80000, episodic_return=-139.96042032446712
global_step=80000, episodic_return=-206.23755384108517
global_step=80000, episodic_return=-268.15144309590687
global_step=80000, episodic_return=-144.85819027479738
global_step=80000, episodic_return=-166.46287429018412
global_step=80000, episodic_return=-123.25458544849971
SPS: 5792
SPS: 5791
SPS: 5779
SPS: 5774
global_step=96000, episodic_return=-83.03342109441292
global_step=96000, episodic_return=-70.59850350912893
global_step=96000, episodic_return=-38.855869171151426
global_step=96000, episodic_return=-80.93546365667135
global_step=96000, episodic_return=-78.87973862630315
global_step=96000, episodic_return=-104.64334438400692
global_step=96000, episodic_return=-161.0623661619611
global_step=96000, episodic_return=-32.52698351384606
global_step=96000, episodic_return=-105.22425191383809
global_step=96000, episodic_return=-124.18164569155488
global_step=96000, episodic_return=-150.27269451967004
global_step=96000, episodic_return=-138.9583019540878
global_step=96000, episodic_return=-87.80325876176357
global_step=96000, episodic_return=-55.74721466557821
global_step=96000, episodic_return=-44.429160155617865
global_step=96000, episodic_return=-3.838020503986627
SPS: 5781
SPS: 5775
SPS: 5766
SPS: 5768
global_step=112000, episodic_return=53.87542940169806
global_step=112000, episodic_return=30.222882099682465
global_step=112000, episodic_return=19.0680311282631
global_step=112000, episodic_return=2.043629596635583
global_step=112000, episodic_return=24.55874410533579
global_step=112000, episodic_return=42.4041841707658
global_step=112000, episodic_return=-3.6796772081870586
global_step=112000, episodic_return=82.3175517290365
global_step=112000, episodic_return=54.68773053516634
global_step=112000, episodic_return=10.82883227901766
global_step=112000, episodic_return=4.04145587576204
global_step=112000, episodic_return=46.64847815572284
global_step=112000, episodic_return=-6.148515133652836
global_step=112000, episodic_return=59.991688871290535
global_step=112000, episodic_return=4.238069025333971
global_step=112000, episodic_return=25.467255659634247
SPS: 5769
SPS: 5776
SPS: 5781
SPS: 5784
global_step=128000, episodic_return=189.85583403526107
global_step=128000, episodic_return=210.90729680191725
global_step=128000, episodic_return=155.97356255060004
global_step=128000, episodic_return=155.95571660948917
global_step=128000, episodic_return=156.37793664840865
global_step=128000, episodic_return=109.48222909546894
global_step=128000, episodic_return=78.30483709822875
global_step=128000, episodic_return=131.70196832090733
global_step=128000, episodic_return=143.44375201757066
global_step=128000, episodic_return=82.79055292578414
global_step=128000, episodic_return=143.48198619834147
global_step=128000, episodic_return=74.19657788280892
global_step=128000, episodic_return=186.53983150958084
global_step=128000, episodic_return=174.45776327082422
global_step=128000, episodic_return=35.58661254221806
global_step=128000, episodic_return=60.086616003776726
SPS: 5787
SPS: 5785
SPS: 5779
SPS: 5782
global_step=144000, episodic_return=235.27319518581498
global_step=144000, episodic_return=265.1585989953019
global_step=144000, episodic_return=266.40407503931783
global_step=144000, episodic_return=237.64726002281532
global_step=144000, episodic_return=244.7412973533501
global_step=144000, episodic_return=86.9321323686745
global_step=144000, episodic_return=266.0070973647453
global_step=144000, episodic_return=271.1406822572462
global_step=144000, episodic_return=212.38687786122318
global_step=144000, episodic_return=189.13139344216324
global_step=144000, episodic_return=243.7425143299315
global_step=144000, episodic_return=223.36612025665818
global_step=144000, episodic_return=369.6776124324533
global_step=144000, episodic_return=236.37442065717187
global_step=144000, episodic_return=143.0695415592636
global_step=144000, episodic_return=232.75768260049517
SPS: 5786
SPS: 5787
SPS: 5792
SPS: 5796
global_step=160000, episodic_return=446.4427544341888
global_step=160000, episodic_return=370.60146452508343
global_step=160000, episodic_return=390.5682819947833
global_step=160000, episodic_return=402.9013459268026
global_step=160000, episodic_return=354.688206909108
global_step=160000, episodic_return=434.54018543462735
global_step=160000, episodic_return=420.3951412946917
global_step=160000, episodic_return=418.2457076164428
global_step=160000, episodic_return=339.18618542235345
global_step=160000, episodic_return=-82.122075367035
global_step=160000, episodic_return=372.41353558423
global_step=160000, episodic_return=296.48641865025274
global_step=160000, episodic_return=331.1966123547936
global_step=160000, episodic_return=351.92712960980134
global_step=160000, episodic_return=385.53896674393764
global_step=160000, episodic_return=339.20582727569854
SPS: 5791
SPS: 5789
SPS: 5792
global_step=176000, episodic_return=512.6660916762194
global_step=176000, episodic_return=393.24442602333147
global_step=176000, episodic_return=513.916479516367
global_step=176000, episodic_return=-299.811659161991
global_step=176000, episodic_return=469.3673729522998
global_step=176000, episodic_return=492.5365969607956
global_step=176000, episodic_return=542.4073441200599
global_step=176000, episodic_return=558.0846666416619
global_step=176000, episodic_return=525.848474881408
global_step=176000, episodic_return=481.1630536619923
global_step=176000, episodic_return=513.4012933417689
global_step=176000, episodic_return=216.41376951045822
global_step=176000, episodic_return=503.30328576709144
global_step=176000, episodic_return=509.9147760733031
global_step=176000, episodic_return=578.9636120653595
global_step=176000, episodic_return=441.26105166831985
SPS: 5789
SPS: 5783
SPS: 5782
SPS: 5780
global_step=192000, episodic_return=567.7385790369008
global_step=192000, episodic_return=587.8858047344256
global_step=192000, episodic_return=564.2537262497935
global_step=192000, episodic_return=665.7342114837375
global_step=192000, episodic_return=684.2650254475884
global_step=192000, episodic_return=614.6888605909189
global_step=192000, episodic_return=539.1658350117505
global_step=192000, episodic_return=647.0380880518605
global_step=192000, episodic_return=709.3595361734042
global_step=192000, episodic_return=686.2882512511569
global_step=192000, episodic_return=648.2777971875621
global_step=192000, episodic_return=643.7464754021494
global_step=192000, episodic_return=647.1086678651627
global_step=192000, episodic_return=582.6985343045089
global_step=192000, episodic_return=599.0056578923832
global_step=192000, episodic_return=732.7560060557444
SPS: 5782
SPS: 5783
SPS: 5788
SPS: 5787
global_step=208000, episodic_return=702.9002122518723
global_step=208000, episodic_return=724.8047738361638
global_step=208000, episodic_return=723.7916042297147
global_step=208000, episodic_return=749.9955768852378
global_step=208000, episodic_return=845.1302440424915
global_step=208000, episodic_return=696.7877467211802
global_step=208000, episodic_return=744.0630992518854
global_step=208000, episodic_return=-342.560924211517
global_step=208000, episodic_return=749.0839241531212
global_step=208000, episodic_return=749.4068047050387
global_step=208000, episodic_return=742.8151534886565
global_step=208000, episodic_return=693.8817642328795
global_step=208000, episodic_return=662.0610946898814
global_step=208000, episodic_return=764.336035480781
global_step=208000, episodic_return=592.4177018897608
global_step=208000, episodic_return=669.323678420973
SPS: 5789
SPS: 5789
SPS: 5790
SPS: 5786
global_step=224000, episodic_return=662.0412188963091
global_step=224000, episodic_return=749.9613466416486
global_step=224000, episodic_return=741.1543863841798
global_step=224000, episodic_return=763.2808097449015
global_step=224000, episodic_return=786.6779284004588
global_step=224000, episodic_return=831.1352098659845
global_step=224000, episodic_return=767.6769775953144
global_step=224000, episodic_return=644.1298116603866
global_step=224000, episodic_return=640.8262869291939
global_step=224000, episodic_return=769.7515618492616
global_step=224000, episodic_return=783.4191077621654
global_step=224000, episodic_return=807.4695754327695
global_step=224000, episodic_return=717.446729168063
global_step=224000, episodic_return=818.5235450053588
global_step=224000, episodic_return=744.4364755693823
global_step=224000, episodic_return=699.0234743847977
SPS: 5783
SPS: 5782
SPS: 5782
SPS: 5781
global_step=240000, episodic_return=839.2902559081558
global_step=240000, episodic_return=903.7526313788258
global_step=240000, episodic_return=807.2280296494719
global_step=240000, episodic_return=814.5631552805426
global_step=240000, episodic_return=801.1866863002069
global_step=240000, episodic_return=806.8516176982084
global_step=240000, episodic_return=858.9273446325678
global_step=240000, episodic_return=655.1382094051223
global_step=240000, episodic_return=-277.15926068724366
global_step=240000, episodic_return=825.8785879038624
global_step=240000, episodic_return=900.2843102529296
global_step=240000, episodic_return=708.0373730028514
global_step=240000, episodic_return=776.9422676644754
global_step=240000, episodic_return=780.6962685770995
global_step=240000, episodic_return=820.8914918449009
global_step=240000, episodic_return=876.4839047918795
SPS: 5782
SPS: 5776
SPS: 5777
SPS: 5780
global_step=256000, episodic_return=768.483398900833
global_step=256000, episodic_return=924.8004403116647
global_step=256000, episodic_return=740.6719008450164
global_step=256000, episodic_return=955.7894014943304
global_step=256000, episodic_return=-293.7690700805688
global_step=256000, episodic_return=913.5513619240373
global_step=256000, episodic_return=802.835709774401
global_step=256000, episodic_return=973.119721674826
global_step=256000, episodic_return=809.6588740043808
global_step=256000, episodic_return=961.6674912029412
global_step=256000, episodic_return=796.6984878819785
global_step=256000, episodic_return=862.5058818071848
global_step=256000, episodic_return=881.1534117851406
global_step=256000, episodic_return=889.1101769053712
global_step=256000, episodic_return=836.7813544525998
global_step=256000, episodic_return=870.1392098585711
SPS: 5777
SPS: 5778
SPS: 5781
SPS: 5785
global_step=272000, episodic_return=829.1863939294126
global_step=272000, episodic_return=906.4484085111562
global_step=272000, episodic_return=912.5531372405821
global_step=272000, episodic_return=953.3542958376929
global_step=272000, episodic_return=983.2803211885039
global_step=272000, episodic_return=967.859452794306
global_step=272000, episodic_return=962.8948042371776
global_step=272000, episodic_return=877.688418893551
global_step=272000, episodic_return=905.9760595294647
global_step=272000, episodic_return=921.3552389764518
global_step=272000, episodic_return=933.5012012736406
global_step=272000, episodic_return=931.1447871011915
global_step=272000, episodic_return=914.0230076070875
global_step=272000, episodic_return=860.1352718956769
global_step=272000, episodic_return=977.5105423784116
global_step=272000, episodic_return=871.3979460955597
SPS: 5781
SPS: 5781
SPS: 5783
SPS: 5783
global_step=288000, episodic_return=940.1568636696902
global_step=288000, episodic_return=863.7868896654109
global_step=288000, episodic_return=1021.1878568347311
global_step=288000, episodic_return=785.0615140011068
global_step=288000, episodic_return=910.1515056630742
global_step=288000, episodic_return=1022.2947411428322
global_step=288000, episodic_return=987.3291274597868
global_step=288000, episodic_return=985.1322462749085
global_step=288000, episodic_return=909.0919182789512
global_step=288000, episodic_return=952.0963910963328
global_step=288000, episodic_return=894.2827780216467
global_step=288000, episodic_return=966.2163387102992
global_step=288000, episodic_return=840.1337262898451
global_step=288000, episodic_return=920.6049493959872
global_step=288000, episodic_return=904.0201250263781
global_step=288000, episodic_return=953.7594677493908
SPS: 5783
SPS: 5781
SPS: 5780
SPS: 5780
global_step=304000, episodic_return=978.345497953007
global_step=304000, episodic_return=998.5135455646086
global_step=304000, episodic_return=849.0825530551374
global_step=304000, episodic_return=956.0369478849607
global_step=304000, episodic_return=1015.9380490633193
global_step=304000, episodic_return=1040.9645803694875
global_step=304000, episodic_return=1054.977839864674
global_step=304000, episodic_return=910.8195886749309
global_step=304000, episodic_return=960.5995249659754
global_step=304000, episodic_return=951.1211457060417
global_step=304000, episodic_return=936.6233964154962
global_step=304000, episodic_return=1000.9292089212686
global_step=304000, episodic_return=808.7654744029278
global_step=304000, episodic_return=894.601484148443
global_step=304000, episodic_return=873.5083081759658
global_step=304000, episodic_return=851.0170775651932
SPS: 5781
SPS: 5783
SPS: 5783
SPS: 5785
global_step=320000, episodic_return=1058.539035925991
global_step=320000, episodic_return=1054.3570522287046
global_step=320000, episodic_return=893.1594946571859
global_step=320000, episodic_return=864.8032870693132
global_step=320000, episodic_return=968.8448340889881
global_step=320000, episodic_return=959.4825945837656
global_step=320000, episodic_return=1078.7776894993149
global_step=320000, episodic_return=1023.7837967865635
global_step=320000, episodic_return=1029.9754337091
global_step=320000, episodic_return=923.8561638947576
global_step=320000, episodic_return=939.3824406033091
global_step=320000, episodic_return=1010.8671540678479
global_step=320000, episodic_return=1059.6242882917286
global_step=320000, episodic_return=996.5373198357411
global_step=320000, episodic_return=892.538694451101
global_step=320000, episodic_return=1006.3941269441275
SPS: 5787
SPS: 5787
SPS: 5784
SPS: 5786
global_step=336000, episodic_return=1062.8888295349316
global_step=336000, episodic_return=1055.3925461629988
global_step=336000, episodic_return=1057.4135017837398
global_step=336000, episodic_return=1079.4058158145053
global_step=336000, episodic_return=1019.4965801049257
global_step=336000, episodic_return=967.6212260038592
global_step=336000, episodic_return=929.969405037351
global_step=336000, episodic_return=875.003328399267
global_step=336000, episodic_return=977.0719141778536
global_step=336000, episodic_return=947.5596381970972
global_step=336000, episodic_return=996.214818347944
global_step=336000, episodic_return=1045.0721499645151
global_step=336000, episodic_return=890.900025682
global_step=336000, episodic_return=1099.6886969022453
global_step=336000, episodic_return=962.110459800344
global_step=336000, episodic_return=1030.621050584421
SPS: 5787
SPS: 5787
SPS: 5788
global_step=352000, episodic_return=1060.8011563688342
global_step=352000, episodic_return=801.3014550410153
global_step=352000, episodic_return=-172.34424353926443
global_step=352000, episodic_return=1044.5297255746555
global_step=352000, episodic_return=998.1348574095755
global_step=352000, episodic_return=1133.2805648852955
global_step=352000, episodic_return=1061.5593060581014
global_step=352000, episodic_return=1123.9889085963368
global_step=352000, episodic_return=948.5461615496315
global_step=352000, episodic_return=1025.632755037921
global_step=352000, episodic_return=1042.7310469895601
global_step=352000, episodic_return=1049.0216339250328
global_step=352000, episodic_return=996.7722752788104
global_step=352000, episodic_return=1032.6008704798296
global_step=352000, episodic_return=885.5899888903368
global_step=352000, episodic_return=1060.7479991037399
SPS: 5788
SPS: 5790
SPS: 5791
SPS: 5791
global_step=368000, episodic_return=917.0793671633292
global_step=368000, episodic_return=978.9354231953621
global_step=368000, episodic_return=600.25079454761
global_step=368000, episodic_return=-75.95849766442552
global_step=368000, episodic_return=997.7175833192887
global_step=368000, episodic_return=1016.7217947784811
global_step=368000, episodic_return=1090.96682053525
global_step=368000, episodic_return=922.05363272252
global_step=368000, episodic_return=1092.4035482811742
global_step=368000, episodic_return=1041.785441733431
global_step=368000, episodic_return=1141.8237712173723
global_step=368000, episodic_return=1029.3386490377598
global_step=368000, episodic_return=1057.6931383041665
global_step=368000, episodic_return=1093.6278978336486
global_step=368000, episodic_return=1003.9562861528248
global_step=368000, episodic_return=1105.042502230499
SPS: 5783
SPS: 5782
SPS: 5782
SPS: 5781
global_step=384000, episodic_return=974.6191103206947
global_step=384000, episodic_return=1038.496058404271
global_step=384000, episodic_return=1077.595290612895
global_step=384000, episodic_return=988.6641038082234
global_step=384000, episodic_return=982.5375477309826
global_step=384000, episodic_return=1117.4808700652793
global_step=384000, episodic_return=1134.357501666993
global_step=384000, episodic_return=1019.5961469853064
global_step=384000, episodic_return=1055.1634977636859
global_step=384000, episodic_return=802.2037440328277
global_step=384000, episodic_return=720.5930900953808
global_step=384000, episodic_return=1003.8060481725261
global_step=384000, episodic_return=1069.863648227416
global_step=384000, episodic_return=1104.0082301446237
global_step=384000, episodic_return=1031.2272378158523
global_step=384000, episodic_return=1151.1354822426802
SPS: 5782
SPS: 5783
SPS: 5781
SPS: 5783
global_step=400000, episodic_return=1077.9165308399824
global_step=400000, episodic_return=1074.5263144849741
global_step=400000, episodic_return=1049.6259419405833
global_step=400000, episodic_return=1198.543714208492
global_step=400000, episodic_return=1074.5305145077873
global_step=400000, episodic_return=1089.3310735466657
global_step=400000, episodic_return=1111.3822017259663
global_step=400000, episodic_return=1064.3724353052894
global_step=400000, episodic_return=902.1738393518026
global_step=400000, episodic_return=975.6132509247691
global_step=400000, episodic_return=1080.2034756174544
global_step=400000, episodic_return=896.5695211146376
global_step=400000, episodic_return=1092.1823250935413
global_step=400000, episodic_return=1157.4243675717153
global_step=400000, episodic_return=805.8109133145772
global_step=400000, episodic_return=903.6082465401851
SPS: 5781
SPS: 5782
SPS: 5784
