# case:        baseline-training-openpi
# expectation: RESOLVED
# python:      3.11
# date:        2026-09-09T20:35:11Z
# uv:          uv 0.9.8 (85c5d3228 2025-11-07)

--- pyproject.toml ---
[project]
name = "e1-baseline-training-openpi"
version = "0.0.0"
requires-python = ">=3.11,<3.12"
dependencies = [

    "websockets>=15.0.1,<16.0.0",
    "tyro>=0.9.32,<0.10.0",
    "loguru>=0.7.3,<0.8.0",
    "torch>=2.7.0,<2.8.0",
    "safetensors>=0.5.3,<0.6.0",
    "packaging>=25.0,<26.0",
    "python-dateutil>=2.9.0.post0,<3.0.0",
    "pyyaml>=6.0.3,<7.0.0",
    "swanlab>=0.6.10,<0.7.0",
    "wandb>=0.22.0,<0.23.0",
    "plugrl-protocol @ git+https://github.com/PlugRL/plugrl-protocol.git@c7961da3ca050717ad3a01721f00afa1ed29bf47",
    "tensordict>=0.10.0,<0.11.0",
    "ray>=2.51.1,<3.0.0",
    "tensorboard>=2.20.0,<3.0.0",
    "tqdm>=4.67.1,<5.0.0",

    "huggingface-hub<1.0",
    "safetensors<0.6.0",
    "lerobot @ git+https://github.com/huggingface/lerobot.git@ed83cbd4f2091a3e97cdd0c48cc657020c037240",

]

[build-system]
requires = ["setuptools>=77"]
build-backend = "setuptools.build_meta"

--- uv lock ---
Using CPython [36m3.11.14[39m[36m[39m
[2mResolved [1m171 packages[0m [2min 3.21s[0m[0m
