# case:    solo-training
# date:    2026-09-09T20:50:25Z
# uv:      uv 0.9.9
# python:  3.11
# deps:
#   websockets>=15.0.1,<16.0.0
#   tyro>=0.9.32,<0.10.0
#   loguru>=0.7.3,<0.8.0
#   torch>=2.7.0,<2.8.0
#   safetensors>=0.5.3,<0.6.0
#   packaging>=25.0,<26.0
#   python-dateutil>=2.9.0.post0,<3.0.0
#   pyyaml>=6.0.3,<7.0.0
#   swanlab>=0.6.10,<0.7.0
#   wandb>=0.22.0,<0.23.0
#   plugrl-protocol @ file:///mnt/d/75128/Desktop/plugrl-work/plugrl-protocol
#   tensordict>=0.10.0,<0.11.0
#   ray>=2.51.1,<3.0.0
#   tensorboard>=2.20.0,<3.0.0
#   tqdm>=4.67.1,<5.0.0

Using CPython 3.11.14
Creating virtual environment at: /home/gotham/.e1-install/solo-training
Activate with: source /home/gotham/.e1-install/solo-training/bin/activate
Using Python 3.11.14 environment at: /home/gotham/.e1-install/solo-training
Resolved 92 packages in 1.03s
   Building plugrl-protocol @ file:///mnt/d/75128/Desktop/plugrl-work/plugrl-protocol
Downloading nvidia-cublas-cu12 (374.9MiB)
Downloading wandb (19.1MiB)
Downloading pydantic-core (2.0MiB)
Downloading networkx (2.0MiB)
Downloading pygments (1.2MiB)
Downloading botocore (15.1MiB)
Downloading pillow (6.6MiB)
Downloading numpy (16.2MiB)
Downloading grpcio (6.8MiB)
Downloading nvidia-cusolver-cu12 (150.9MiB)
Downloading tensorboard (5.3MiB)
Downloading ray (74.7MiB)
Downloading nvidia-cusparse-cu12 (206.5MiB)
Downloading nvidia-cufft-cu12 (190.9MiB)
Downloading nvidia-cufile-cu12 (1.1MiB)
Downloading nvidia-cusparselt-cu12 (149.5MiB)
Downloading nvidia-cuda-cupti-cu12 (8.5MiB)
Downloading torch (783.1MiB)
Downloading nvidia-nvjitlink-cu12 (18.8MiB)
Downloading nvidia-cudnn-cu12 (544.5MiB)
Downloading nvidia-nccl-cu12 (192.0MiB)
Downloading nvidia-curand-cu12 (53.7MiB)
Downloading nvidia-cuda-nvrtc-cu12 (22.6MiB)
Downloading triton (148.5MiB)
 Downloading nvidia-cufile-cu12
 Downloading pygments
 Downloading networkx
 Downloading pydantic-core
 Downloading tensorboard
 Downloading pillow
 Downloading grpcio
      Built plugrl-protocol @ file:///mnt/d/75128/Desktop/plugrl-work/plugrl-protocol
 Downloading nvidia-cuda-cupti-cu12
 Downloading botocore
 Downloading numpy
 Downloading wandb
 Downloading nvidia-nvjitlink-cu12
 Downloading nvidia-cuda-nvrtc-cu12
 Downloading nvidia-curand-cu12
 Downloading ray
 Downloading triton
 Downloading nvidia-cusparselt-cu12
 Downloading nvidia-cusolver-cu12
 Downloading nvidia-nccl-cu12
 Downloading nvidia-cufft-cu12
 Downloading nvidia-cusparse-cu12
 Downloading nvidia-cublas-cu12
 Downloading nvidia-cudnn-cu12
 Downloading torch
Prepared 82 packages in 1m 38s
Installed 92 packages in 206ms
 + absl-py==2.5.0
 + annotated-types==0.8.0
 + attrs==26.1.0
 + boto3==1.43.91
 + botocore==1.43.91
 + certifi==2026.7.22
 + charset-normalizer==3.5.1
 + click==8.5.0
 + cloudpickle==3.1.2
 + docstring-parser==0.18.0
 + filelock==3.32.6
 + fsspec==2026.7.0
 + gitdb==4.0.12
 + gitpython==3.1.62
 + grpcio==1.83.1
 + idna==3.19
 + importlib-metadata==9.0.1
 + jinja2==3.1.6
 + jmespath==1.1.0
 + jsonschema==4.26.0
 + jsonschema-specifications==2025.9.1
 + loguru==0.7.3
 + markdown==3.10.3
 + markdown-it-py==4.2.0
 + markupsafe==3.0.3
 + mdurl==0.1.2
 + mpmath==1.3.0
 + msgpack==1.2.2
 + networkx==3.6.1
 + numpy==2.3.2
 + nvidia-cublas-cu12==12.6.4.1
 + nvidia-cuda-cupti-cu12==12.6.80
 + nvidia-cuda-nvrtc-cu12==12.6.77
 + nvidia-cuda-runtime-cu12==12.6.77
 + nvidia-cudnn-cu12==9.5.1.17
 + nvidia-cufft-cu12==11.3.0.4
 + nvidia-cufile-cu12==1.11.1.6
 + nvidia-curand-cu12==10.3.7.77
 + nvidia-cusolver-cu12==11.7.1.2
 + nvidia-cusparse-cu12==12.5.4.2
 + nvidia-cusparselt-cu12==0.6.3
 + nvidia-ml-py==13.610.43
 + nvidia-nccl-cu12==2.26.2
 + nvidia-nvjitlink-cu12==12.6.85
 + nvidia-nvtx-cu12==12.6.77
 + orjson==3.12.0
 + packaging==25.0
 + pillow==12.3.0
 + platformdirs==4.11.8
 + plugrl-protocol==0.1.0 (from file:///mnt/d/75128/Desktop/plugrl-work/plugrl-protocol)
 + prettytable==3.18.0
 + protobuf==6.33.6
 + psutil==7.2.2
 + pydantic==2.13.5
 + pydantic-core==2.46.5
 + pyecharts==2.1.0
 + pygments==2.21.0
 + python-dateutil==2.9.0.post0
 + pyvers==0.1.0
 + pyyaml==6.0.3
 + ray==2.58.0
 + referencing==0.37.0
 + requests==2.34.2
 + rich==13.9.4
 + rpds-py==2026.6.3
 + s3transfer==0.19.2
 + safetensors==0.5.3
 + sentry-sdk==2.69.1
 + setuptools==84.0.0
 + shtab==1.12.1
 + simplejson==4.1.2
 + six==1.17.0
 + smmap==5.0.3
 + swanlab==0.6.13
 + sympy==1.14.0
 + tensorboard==2.21.0
 + tensorboard-data-server==0.7.2
 + tensordict==0.10.0
 + torch==2.7.1
 + tqdm==4.70.0
 + triton==3.3.1
 + typeguard==4.6.0
 + typing-extensions==4.16.0
 + typing-inspection==0.4.4
 + tyro==0.9.35
 + urllib3==2.7.0
 + wandb==0.22.3
 + wcwidth==0.8.3
 + websockets==15.0.1
 + werkzeug==3.1.8
 + wrapt==2.4.0
 + zipp==4.1.0
