2026-09-11 12:23:43.842 | WARNING  | plugrl_env_client.envs:_load_env_modules:27 - Skip loading env module plugrl_env_client.envs.atari.atari_env: Atari is not installed. Please install it with the 'atari' extra, e.g. 'pip install plugrl-env-client[atari]'
2026-09-11 12:23:43.843 | WARNING  | plugrl_env_client.envs:_load_env_modules:27 - Skip loading env module plugrl_env_client.envs.libero.libero_env: libero is not installed. Please install it with pip install "plugrl-env-client[libero]".
2026-09-11 12:23:43.844 | WARNING  | plugrl_env_client.envs:_load_env_modules:27 - Skip loading env module plugrl_env_client.envs.classic.classic_env: pygame is not installed. Please install it with pip install "plugrl-env-client[classic]".
2026-09-11 12:23:43.845 | WARNING  | plugrl_env_client.envs:_load_env_modules:27 - Skip loading env module plugrl_env_client.envs.robomimic.robomimic_env: Robomimic is not installed. Please install it with the 'robomimic' extra, e.g. 'pip install plugrl-env-client[robomimic]'
2026-09-11 12:23:43.845 | WARNING  | plugrl_env_client.envs:_load_env_modules:27 - Skip loading env module plugrl_env_client.envs.d4rl.d4rl_env: d4rl is not installed. Please install it with pip install "plugrl-env-client[d4rl]".
2026-09-11 12:23:43.941 | INFO     | plugrl_env_client.cli:main:83 - Starting env client exp_name=mujoco-v1-nenv1-20260911-122343-2b1cfe91 output_dir=runs/mujoco-v1-nenv1-20260911-122343-2b1cfe91 recorder={'episode_freq': 0, 'thread0_only': True, 'record_video': False, 'video_fps': 30.0, 'record_full_rollout': False, 'record_obs_stats': True, 'record_episode_metrics': True, 'metric_window': 100}
2026-09-11 12:23:44.042 | INFO     | plugrl_env_client.agent.websocket_env_client_agent:_wait_for_server:67 - Waiting for server at ws://127.0.0.1:8500...
2026-09-11 12:23:44.052 | INFO     | plugrl_env_client.runner.run:report_server_metadata:56 - Server metadata: {'protocol_version': 1, 'server': 'plugrl-server', 'server_version': '0.1.0', 'algorithm': 'FPOAlgorithm', 'policy': 'FPOPolicy', 'action_dim': 6, 'action_horizon': 1}
2026-09-11 12:24:14.059 | INFO     | plugrl_env_client.runner.rollout:log_timing_summary:98 - Intermediate rollout timing summary: env_steps=545 infer_calls=545 feedback_calls=545 infer_wait=29.547s infer_obs_pack=0.025s env_step=0.203s feedback_total=0.133s feedback_obs_pack=0.035s feedback_info_pack=0.006s effective_fps=18.22
2026-09-11 12:24:44.104 | INFO     | plugrl_env_client.runner.rollout:log_timing_summary:98 - Intermediate rollout timing summary: env_steps=1095 infer_calls=1095 feedback_calls=1095 infer_wait=59.127s infer_obs_pack=0.051s env_step=0.408s feedback_total=0.267s feedback_obs_pack=0.071s feedback_info_pack=0.012s effective_fps=18.29
2026-09-11 12:25:14.131 | INFO     | plugrl_env_client.runner.rollout:log_timing_summary:98 - Intermediate rollout timing summary: env_steps=1638 infer_calls=1638 feedback_calls=1638 infer_wait=88.758s infer_obs_pack=0.073s env_step=0.585s feedback_total=0.380s feedback_obs_pack=0.103s feedback_info_pack=0.017s effective_fps=18.24
2026-09-11 12:25:44.152 | INFO     | plugrl_env_client.runner.rollout:log_timing_summary:98 - Intermediate rollout timing summary: env_steps=2250 infer_calls=2250 feedback_calls=2250 infer_wait=118.344s infer_obs_pack=0.096s env_step=0.782s feedback_total=0.504s feedback_obs_pack=0.137s feedback_info_pack=0.023s effective_fps=18.79
2026-09-11 12:26:14.155 | INFO     | plugrl_env_client.runner.rollout:log_timing_summary:98 - Intermediate rollout timing summary: env_steps=2871 infer_calls=2871 feedback_calls=2871 infer_wait=147.934s infer_obs_pack=0.119s env_step=0.968s feedback_total=0.623s feedback_obs_pack=0.171s feedback_info_pack=0.029s effective_fps=19.19
2026-09-11 12:26:44.156 | INFO     | plugrl_env_client.runner.rollout:log_timing_summary:98 - Intermediate rollout timing summary: env_steps=3478 infer_calls=3478 feedback_calls=3478 infer_wait=177.479s infer_obs_pack=0.143s env_step=1.175s feedback_total=0.751s feedback_obs_pack=0.206s feedback_info_pack=0.034s effective_fps=19.37
2026-09-11 12:27:16.202 | INFO     | plugrl_env_client.runner.rollout:log_timing_summary:98 - Intermediate rollout timing summary: env_steps=4097 infer_calls=4097 feedback_calls=4097 infer_wait=209.057s infer_obs_pack=0.166s env_step=1.391s feedback_total=0.880s feedback_obs_pack=0.242s feedback_info_pack=0.040s effective_fps=19.37
2026-09-11 12:27:46.207 | INFO     | plugrl_env_client.runner.rollout:log_timing_summary:98 - Intermediate rollout timing summary: env_steps=4726 infer_calls=4726 feedback_calls=4726 infer_wait=238.638s infer_obs_pack=0.189s env_step=1.584s feedback_total=0.999s feedback_obs_pack=0.275s feedback_info_pack=0.046s effective_fps=19.58
2026-09-11 12:28:16.237 | INFO     | plugrl_env_client.runner.rollout:log_timing_summary:98 - Intermediate rollout timing summary: env_steps=5353 infer_calls=5353 feedback_calls=5353 infer_wait=268.248s infer_obs_pack=0.211s env_step=1.775s feedback_total=1.117s feedback_obs_pack=0.309s feedback_info_pack=0.052s effective_fps=19.73
2026-09-11 14:21:53.007 | WARNING  | plugrl_env_client.agent.websocket_env_client_agent:infer:193 - Connection closed during INFER/ACTION exchange. Error: sent 1011 (internal error) keepalive ping timeout; no close frame received. Retrying...
2026-09-11 14:21:53.007 | WARNING  | plugrl_env_client.agent.websocket_env_client_agent:_ensure_connection:131 - Connection closed. Attempting to re-establish connection.
2026-09-11 14:21:53.008 | INFO     | plugrl_env_client.agent.websocket_env_client_agent:_wait_for_server:67 - Waiting for server at ws://127.0.0.1:8500...
keepalive ping failed
TimeoutError: timed out while closing connection

The above exception was the direct cause of the following exception:

Traceback (most recent call last):
  File "/tmp/plugrl-stranger/plugrl-env-client/.venv/lib/python3.11/site-packages/websockets/sync/connection.py", line 777, in keepalive
    with self.send_context():
  File "/home/gotham/.local/share/uv/python/cpython-3.11.14-linux-x86_64-gnu/lib/python3.11/contextlib.py", line 144, in __exit__
    next(self.gen)
  File "/tmp/plugrl-stranger/plugrl-env-client/.venv/lib/python3.11/site-packages/websockets/sync/connection.py", line 1012, in send_context
    raise self.protocol.close_exc from original_exc
websockets.exceptions.ConnectionClosedError: sent 1011 (internal error) keepalive ping timeout; no close frame received
2026-09-11 14:22:04.586 | INFO     | plugrl_env_client.runner.rollout:log_timing_summary:98 - Intermediate rollout timing summary: env_steps=5541 infer_calls=5541 feedback_calls=5541 infer_wait=298.125s infer_obs_pack=0.218s env_step=1.836s feedback_total=1.164s feedback_obs_pack=0.319s feedback_info_pack=0.054s effective_fps=18.39
2026-09-11 14:22:34.627 | INFO     | plugrl_env_client.runner.rollout:log_timing_summary:98 - Intermediate rollout timing summary: env_steps=6126 infer_calls=6126 feedback_calls=6126 infer_wait=327.664s infer_obs_pack=0.246s env_step=2.053s feedback_total=1.313s feedback_obs_pack=0.358s feedback_info_pack=0.060s effective_fps=18.49
2026-09-11 14:23:04.639 | INFO     | plugrl_env_client.runner.rollout:log_timing_summary:98 - Intermediate rollout timing summary: env_steps=6742 infer_calls=6742 feedback_calls=6742 infer_wait=357.209s infer_obs_pack=0.271s env_step=2.259s feedback_total=1.451s feedback_obs_pack=0.394s feedback_info_pack=0.066s effective_fps=18.67
2026-09-11 14:23:34.665 | INFO     | plugrl_env_client.runner.rollout:log_timing_summary:98 - Intermediate rollout timing summary: env_steps=7351 infer_calls=7351 feedback_calls=7351 infer_wait=386.743s infer_obs_pack=0.296s env_step=2.477s feedback_total=1.593s feedback_obs_pack=0.432s feedback_info_pack=0.072s effective_fps=18.80
2026-09-11 14:24:04.683 | INFO     | plugrl_env_client.runner.rollout:log_timing_summary:98 - Intermediate rollout timing summary: env_steps=7936 infer_calls=7936 feedback_calls=7936 infer_wait=416.244s infer_obs_pack=0.323s env_step=2.702s feedback_total=1.745s feedback_obs_pack=0.470s feedback_info_pack=0.078s effective_fps=18.85
2026-09-11 14:24:34.727 | INFO     | plugrl_env_client.runner.rollout:log_timing_summary:98 - Intermediate rollout timing summary: env_steps=8471 infer_calls=8471 feedback_calls=8471 infer_wait=445.829s infer_obs_pack=0.347s env_step=2.903s feedback_total=1.880s feedback_obs_pack=0.503s feedback_info_pack=0.084s effective_fps=18.78
2026-09-11 14:25:04.748 | INFO     | plugrl_env_client.runner.rollout:log_timing_summary:98 - Intermediate rollout timing summary: env_steps=9063 infer_calls=9063 feedback_calls=9063 infer_wait=475.333s infer_obs_pack=0.374s env_step=3.130s feedback_total=2.031s feedback_obs_pack=0.542s feedback_info_pack=0.090s effective_fps=18.85
2026-09-11 14:25:34.792 | INFO     | plugrl_env_client.runner.rollout:log_timing_summary:98 - Intermediate rollout timing summary: env_steps=9656 infer_calls=9656 feedback_calls=9656 infer_wait=504.849s infer_obs_pack=0.401s env_step=3.363s feedback_total=2.186s feedback_obs_pack=0.582s feedback_info_pack=0.096s effective_fps=18.90
2026-09-11 14:26:04.829 | INFO     | plugrl_env_client.runner.rollout:log_timing_summary:98 - Intermediate rollout timing summary: env_steps=10272 infer_calls=10272 feedback_calls=10272 infer_wait=534.369s infer_obs_pack=0.427s env_step=3.593s feedback_total=2.335s feedback_obs_pack=0.622s feedback_info_pack=0.103s effective_fps=19.00
2026-09-11 14:26:34.875 | INFO     | plugrl_env_client.runner.rollout:log_timing_summary:98 - Intermediate rollout timing summary: env_steps=10892 infer_calls=10892 feedback_calls=10892 infer_wait=563.941s infer_obs_pack=0.451s env_step=3.807s feedback_total=2.469s feedback_obs_pack=0.657s feedback_info_pack=0.109s effective_fps=19.09
2026-09-11 14:27:04.918 | INFO     | plugrl_env_client.runner.rollout:log_timing_summary:98 - Intermediate rollout timing summary: env_steps=11512 infer_calls=11512 feedback_calls=11512 infer_wait=593.506s infer_obs_pack=0.474s env_step=4.020s feedback_total=2.610s feedback_obs_pack=0.695s feedback_info_pack=0.115s effective_fps=19.17
2026-09-11 14:27:30.916 | INFO     | plugrl_env_client.runner.run:run:156 - Server signalled the end of the run; collection stopped after 12/20 episodes.
