18:05:11|INFO|plugrl_server version: 0.1.0
18:05:11|INFO|Algorithm: ppo, Config: PPOAlgoConfig(global_steps=999424, learning_rate=0.0003, anneal_lr=True, buffer_size=2048, batch_size=64, update_epochs=10, gamma=0.99, gae_lambda=0.95, norm_adv=True, clip_coef=0.2, clip_vloss=True, ent_coef=0.0, vf_coef=0.5, max_grad_norm=0.5, target_kl=None, normalize_rewards=True, reward_clip=10.0, train_itrs=488, save_interval=20)
18:05:11|INFO|Policy: gaussian-policy, Config: GaussianPolicyConfig(algo='ppo', device=device(type='cpu'), obs_dim=17, action_dim=6, hidden_dims=(64, 64), state_keys=('obs',), normalize_observations=True, obs_clip=10.0, freeze_obs_stats=False, action_clip=1.0)
18:05:11|INFO|Seeded python, numpy and torch with 2. One env client is then reproducible; several are not, because batch composition depends on when their requests arrive.
18:05:11|INFO|Checkpoint Manager created: 
<plugrl_server.common.checkpoint_manager.CheckpointManager object at 0x7fd02da1ca10> at /home/guangzhao/zuogou/plugrl/e38/experiments/e38-gaussian-ppo/results/ppo-cheetah/ppo/gaussian-policy/ppo-cheetah-seed2
18:05:11|INFO|Policy created...
18:05:11|INFO|Initialized RolloutBuffer buffer_size=2048 action_shape=(2048, 6) value_shape=(2048,)
18:05:11|INFO|Algorithm created: 
<plugrl_server.algorithm.ppo.ppo.PPOAlgorithm object at 0x7fd02f1c2610>
18:05:11|INFO|Agent Server is listening on 0.0.0.0:9942
18:06:19|INFO|Checkpoint saved at step 40961 to /home/guangzhao/zuogou/plugrl/e38/experiments/e38-gaussian-ppo/results/ppo-cheetah/ppo/gaussian-policy/ppo-cheetah-seed2/40961
18:07:25|INFO|Checkpoint saved at step 81921 to /home/guangzhao/zuogou/plugrl/e38/experiments/e38-gaussian-ppo/results/ppo-cheetah/ppo/gaussian-policy/ppo-cheetah-seed2/81921
18:08:33|INFO|Checkpoint saved at step 122881 to /home/guangzhao/zuogou/plugrl/e38/experiments/e38-gaussian-ppo/results/ppo-cheetah/ppo/gaussian-policy/ppo-cheetah-seed2/122881
18:09:52|INFO|Checkpoint saved at step 163841 to /home/guangzhao/zuogou/plugrl/e38/experiments/e38-gaussian-ppo/results/ppo-cheetah/ppo/gaussian-policy/ppo-cheetah-seed2/163841
18:11:13|INFO|Checkpoint saved at step 204801 to /home/guangzhao/zuogou/plugrl/e38/experiments/e38-gaussian-ppo/results/ppo-cheetah/ppo/gaussian-policy/ppo-cheetah-seed2/204801
18:12:33|INFO|Checkpoint saved at step 245761 to /home/guangzhao/zuogou/plugrl/e38/experiments/e38-gaussian-ppo/results/ppo-cheetah/ppo/gaussian-policy/ppo-cheetah-seed2/245761
18:13:41|INFO|Checkpoint saved at step 286721 to /home/guangzhao/zuogou/plugrl/e38/experiments/e38-gaussian-ppo/results/ppo-cheetah/ppo/gaussian-policy/ppo-cheetah-seed2/286721
18:14:49|INFO|Checkpoint saved at step 327681 to /home/guangzhao/zuogou/plugrl/e38/experiments/e38-gaussian-ppo/results/ppo-cheetah/ppo/gaussian-policy/ppo-cheetah-seed2/327681
18:15:53|INFO|Checkpoint saved at step 368641 to /home/guangzhao/zuogou/plugrl/e38/experiments/e38-gaussian-ppo/results/ppo-cheetah/ppo/gaussian-policy/ppo-cheetah-seed2/368641
18:16:57|INFO|Checkpoint saved at step 409601 to /home/guangzhao/zuogou/plugrl/e38/experiments/e38-gaussian-ppo/results/ppo-cheetah/ppo/gaussian-policy/ppo-cheetah-seed2/409601
18:18:00|INFO|Checkpoint saved at step 450561 to /home/guangzhao/zuogou/plugrl/e38/experiments/e38-gaussian-ppo/results/ppo-cheetah/ppo/gaussian-policy/ppo-cheetah-seed2/450561
18:19:04|INFO|Checkpoint saved at step 491521 to /home/guangzhao/zuogou/plugrl/e38/experiments/e38-gaussian-ppo/results/ppo-cheetah/ppo/gaussian-policy/ppo-cheetah-seed2/491521
18:20:07|INFO|Checkpoint saved at step 532481 to /home/guangzhao/zuogou/plugrl/e38/experiments/e38-gaussian-ppo/results/ppo-cheetah/ppo/gaussian-policy/ppo-cheetah-seed2/532481
18:21:15|INFO|Checkpoint saved at step 573441 to /home/guangzhao/zuogou/plugrl/e38/experiments/e38-gaussian-ppo/results/ppo-cheetah/ppo/gaussian-policy/ppo-cheetah-seed2/573441
18:22:28|INFO|Checkpoint saved at step 614401 to /home/guangzhao/zuogou/plugrl/e38/experiments/e38-gaussian-ppo/results/ppo-cheetah/ppo/gaussian-policy/ppo-cheetah-seed2/614401
18:23:48|INFO|Checkpoint saved at step 655361 to /home/guangzhao/zuogou/plugrl/e38/experiments/e38-gaussian-ppo/results/ppo-cheetah/ppo/gaussian-policy/ppo-cheetah-seed2/655361
18:25:08|INFO|Checkpoint saved at step 696321 to /home/guangzhao/zuogou/plugrl/e38/experiments/e38-gaussian-ppo/results/ppo-cheetah/ppo/gaussian-policy/ppo-cheetah-seed2/696321
18:26:21|INFO|Checkpoint saved at step 737281 to /home/guangzhao/zuogou/plugrl/e38/experiments/e38-gaussian-ppo/results/ppo-cheetah/ppo/gaussian-policy/ppo-cheetah-seed2/737281
18:27:30|INFO|Checkpoint saved at step 778241 to /home/guangzhao/zuogou/plugrl/e38/experiments/e38-gaussian-ppo/results/ppo-cheetah/ppo/gaussian-policy/ppo-cheetah-seed2/778241
18:28:35|INFO|Checkpoint saved at step 819201 to /home/guangzhao/zuogou/plugrl/e38/experiments/e38-gaussian-ppo/results/ppo-cheetah/ppo/gaussian-policy/ppo-cheetah-seed2/819201
18:29:38|INFO|Checkpoint saved at step 860161 to /home/guangzhao/zuogou/plugrl/e38/experiments/e38-gaussian-ppo/results/ppo-cheetah/ppo/gaussian-policy/ppo-cheetah-seed2/860161
18:30:41|INFO|Checkpoint saved at step 901121 to /home/guangzhao/zuogou/plugrl/e38/experiments/e38-gaussian-ppo/results/ppo-cheetah/ppo/gaussian-policy/ppo-cheetah-seed2/901121
18:31:44|INFO|Checkpoint saved at step 942081 to /home/guangzhao/zuogou/plugrl/e38/experiments/e38-gaussian-ppo/results/ppo-cheetah/ppo/gaussian-policy/ppo-cheetah-seed2/942081
18:32:48|INFO|Checkpoint saved at step 983041 to /home/guangzhao/zuogou/plugrl/e38/experiments/e38-gaussian-ppo/results/ppo-cheetah/ppo/gaussian-policy/ppo-cheetah-seed2/983041
18:33:15|INFO|Checkpoint saved at step 999425 to /home/guangzhao/zuogou/plugrl/e38/experiments/e38-gaussian-ppo/results/ppo-cheetah/ppo/gaussian-policy/ppo-cheetah-seed2/999425
18:33:15|INFO|Stopping server as the algorithm signaled to stop.
18:33:15|INFO|Shutdown started: aborting pending infer requests.
18:33:15|INFO|Shutdown cleanup finished: pending_futures=1, drained_requests=1
18:33:15|INFO|Shutdown closing 1 websocket connection(s).
18:33:15|INFO|Shutdown interrupted an in-flight inference request from ('127.0.0.1', 60930).
18:33:15|INFO|WebSocket server closed.
18:33:15|INFO|Scheduler task cancelled and cleaned up.
