19:50:46|INFO|plugrl_server version: 0.1.0
19:50:46|INFO|Algorithm: dppo, Config: DPPOAlgoConfigWalker(global_steps=409600, gamma=0.99, gamma_denoising=0.99, actor_lr=0.0001, critic_lr=0.001, actor_weight_decay=0.0, critic_weight_decay=0.0, actor_lr_scheduler=SchedulerConfig(min_lr=0.0001, warmup_steps=10), critic_lr_scheduler=SchedulerConfig(min_lr=0.001, warmup_steps=10), buffer_size=4096, gae_lambda=0.95, update_epochs=5, norm_adv=True, clip_ploss_coef=0.01, clip_ploss_coef_base=0.01, clip_ploss_coef_rate=3, clip_vloss_coef=inf, ent_coef=0.0, vf_coef=0.5, max_grad_norm=inf, target_kl=inf, logprob_noise_level=0.1, sampling_noise_level=0.1, clip_advantage_lower_quantile=0, clip_advantage_upper_quantile=1, n_critic_warmup_itrs=0, use_normalized_rewards=True, batch_size=2048, train_itrs=100, save_interval=20, grad_accum_steps=8, policy_checkpoint_path=None, restore='all')
19:50:46|INFO|Policy: fpo-policy, Config: FPOPolicyConfig(algo='dppo', device=device(type='cpu'), obs_dim=17, action_dim=6, flow_steps=10, timestep_embed_dim=8, action_horizon=1, feather_std=0.0, policy_mlp_output_scale=0.25, normalize_observations=True, hidden_dims=(32, 32, 32, 32), value_hidden_dims=(256, 256, 256, 256, 256))
19:50:46|INFO|Seeded python, numpy and torch with 0. One env client is then reproducible; several are not, because batch composition depends on when their requests arrive.
19:50:46|INFO|Checkpoint Manager created: 
<plugrl_server.common.checkpoint_manager.CheckpointManager object at 0x721f16bedc90> at /home/guangzhao/zuogou/plugrl/e28/experiments/e28-dppo-learns/results/fpodppo-walker/dppo/fpo-policy/fpodppo-walker-seed0
19:50:46|INFO|Policy created...
19:50:46|INFO|Initialized RolloutBuffer buffer_size=4096 action_shape=(4096, 10, 1, 6) value_shape=(4096,)
19:50:46|INFO|Algorithm created: 
<plugrl_server.algorithm.dppo.dppo.DPPOAlgorithm object at 0x721f163e7710>
19:50:46|INFO|Agent Server is listening on 0.0.0.0:9540
/home/guangzhao/zuogou/plugrl/plugrl-server/.venv/lib/python3.11/site-packages/torch/utils/data/dataloader.py:665: UserWarning: 'pin_memory' argument is set as true but no accelerator is found, then device pinned memory won't be used.
  warnings.warn(warn_msg)
19:54:51|INFO|Checkpoint saved at step 81921 to /home/guangzhao/zuogou/plugrl/e28/experiments/e28-dppo-learns/results/fpodppo-walker/dppo/fpo-policy/fpodppo-walker-seed0/81921
19:58:53|INFO|Checkpoint saved at step 163841 to /home/guangzhao/zuogou/plugrl/e28/experiments/e28-dppo-learns/results/fpodppo-walker/dppo/fpo-policy/fpodppo-walker-seed0/163841
20:02:56|INFO|Checkpoint saved at step 245761 to /home/guangzhao/zuogou/plugrl/e28/experiments/e28-dppo-learns/results/fpodppo-walker/dppo/fpo-policy/fpodppo-walker-seed0/245761
20:06:59|INFO|Checkpoint saved at step 327681 to /home/guangzhao/zuogou/plugrl/e28/experiments/e28-dppo-learns/results/fpodppo-walker/dppo/fpo-policy/fpodppo-walker-seed0/327681
20:11:02|INFO|Checkpoint saved at step 409601 to /home/guangzhao/zuogou/plugrl/e28/experiments/e28-dppo-learns/results/fpodppo-walker/dppo/fpo-policy/fpodppo-walker-seed0/409601
20:11:02|INFO|Stopping server as the algorithm signaled to stop.
20:11:02|INFO|Shutdown started: aborting pending infer requests.
20:11:02|INFO|Shutdown cleanup finished: pending_futures=1, drained_requests=1
20:11:02|INFO|Shutdown closing 1 websocket connection(s).
20:11:02|INFO|Shutdown interrupted an in-flight inference request from ('127.0.0.1', 60602).
20:11:02|INFO|WebSocket server closed.
20:11:02|INFO|Scheduler task cancelled and cleaned up.
