18:13:20|INFO|plugrl_server version: 0.1.0
18:13:20|INFO|Algorithm: dppo, Config: DPPOAlgoConfigWalker(global_steps=20480, gamma=0.99, gamma_denoising=0.99, actor_lr=0.0001, critic_lr=0.001, actor_weight_decay=0.0, critic_weight_decay=0.0, actor_lr_scheduler=SchedulerConfig(min_lr=0.0001, warmup_steps=10), critic_lr_scheduler=SchedulerConfig(min_lr=0.001, warmup_steps=10), buffer_size=1024, gae_lambda=0.95, update_epochs=5, norm_adv=True, clip_ploss_coef=0.01, clip_ploss_coef_base=0.01, clip_ploss_coef_rate=3, clip_vloss_coef=inf, ent_coef=0.0, vf_coef=0.5, max_grad_norm=inf, target_kl=inf, logprob_noise_level=0.1, sampling_noise_level=0.1, clip_advantage_lower_quantile=0, clip_advantage_upper_quantile=1, n_critic_warmup_itrs=0, use_normalized_rewards=True, batch_size=512, train_itrs=20, save_interval=20, grad_accum_steps=8, policy_checkpoint_path=None, restore='all')
18:13:20|INFO|Policy: dppo-policy, Config: DPPOPolicyConfigWalker(algo='dppo', device=device(type='cpu'), env_type='gym', env_name='walker2d-medium-v2', checkpoint_path=None, critic=DPPOCriticObsConfig(mlp_dims=[256, 256, 256], activation='Mish', residual_style=True))
18:13:20|INFO|Seeded python, numpy and torch with 1. One env client is then reproducible; several are not, because batch composition depends on when their requests arrive.
18:13:20|INFO|Checkpoint Manager created: 
<plugrl_server.common.checkpoint_manager.CheckpointManager object at 0x77dfa4bc5e10> at /home/guangzhao/zuogou/plugrl/plugrl-server/experiments/e24-coverage/results/dppo-walker/dppo/dppo-policy/dppo-walker-seed1
18:13:20|INFO|Number of network parameters: 568392
18:13:20|INFO|Policy created...
18:13:20|INFO|Initialized RolloutBuffer buffer_size=1024 action_shape=(1024, 20, 4, 6) value_shape=(1024,)
18:13:20|INFO|Algorithm created: 
<plugrl_server.algorithm.dppo.dppo.DPPOAlgorithm object at 0x77dfa2f24810>
18:13:20|INFO|Agent Server is listening on 0.0.0.0:9351
/home/guangzhao/zuogou/plugrl/plugrl-server/.venv/lib/python3.11/site-packages/torch/utils/data/dataloader.py:665: UserWarning: 'pin_memory' argument is set as true but no accelerator is found, then device pinned memory won't be used.
  warnings.warn(warn_msg)
18:16:41|INFO|Checkpoint saved at step 20481 to /home/guangzhao/zuogou/plugrl/plugrl-server/experiments/e24-coverage/results/dppo-walker/dppo/dppo-policy/dppo-walker-seed1/20481
18:16:41|INFO|Stopping server as the algorithm signaled to stop.
18:16:41|INFO|Shutdown started: aborting pending infer requests.
18:16:41|INFO|Shutdown cleanup finished: pending_futures=1, drained_requests=1
18:16:41|INFO|Shutdown closing 1 websocket connection(s).
18:16:41|INFO|Shutdown interrupted an in-flight inference request from ('127.0.0.1', 56672).
18:16:41|INFO|WebSocket server closed.
18:16:41|INFO|Scheduler task cancelled and cleaned up.
