2026-10-02 03:30:02.704 | WARNING  | plugrl_env_client.envs:_load_env_modules:27 - Skip loading env module plugrl_env_client.envs.classic.classic_env: pygame is not installed. Please install it with pip install "plugrl-env-client[classic]".
2026-10-02 03:30:02.704 | WARNING  | plugrl_env_client.envs:_load_env_modules:27 - Skip loading env module plugrl_env_client.envs.atari.atari_env: Atari is not installed. Please install it with the 'atari' extra, e.g. 'pip install plugrl-env-client[atari]'
2026-10-02 03:30:02.704 | WARNING  | plugrl_env_client.envs:_load_env_modules:27 - Skip loading env module plugrl_env_client.envs.d4rl.d4rl_env: d4rl is not installed. Please install it with pip install "plugrl-env-client[d4rl]".
2026-10-02 03:30:02.704 | WARNING  | plugrl_env_client.envs:_load_env_modules:27 - Skip loading env module plugrl_env_client.envs.libero.libero_env: libero is not installed. Please install it with pip install "plugrl-env-client[libero]".
2026-10-02 03:30:02.705 | WARNING  | plugrl_env_client.envs:_load_env_modules:27 - Skip loading env module plugrl_env_client.envs.robomimic.robomimic_env: Robomimic is not installed. Please install it with the 'robomimic' extra, e.g. 'pip install plugrl-env-client[robomimic]'
2026-10-02 03:30:02.745 | INFO     | __main__:main:87 - Starting env client exp_name=clients output_dir=runs/clients recorder={'episode_freq': 0, 'thread0_only': True, 'record_video': False, 'video_fps': 30.0, 'record_full_rollout': False, 'record_obs_stats': True, 'record_episode_metrics': True, 'metric_window': 100}
2026-10-02 03:30:02.856 | WARNING  | plugrl_env_client.envs:_load_env_modules:27 - Skip loading env module plugrl_env_client.envs.classic.classic_env: pygame is not installed. Please install it with pip install "plugrl-env-client[classic]".
2026-10-02 03:30:02.856 | WARNING  | plugrl_env_client.envs:_load_env_modules:27 - Skip loading env module plugrl_env_client.envs.classic.classic_env: pygame is not installed. Please install it with pip install "plugrl-env-client[classic]".
2026-10-02 03:30:02.856 | WARNING  | plugrl_env_client.envs:_load_env_modules:27 - Skip loading env module plugrl_env_client.envs.classic.classic_env: pygame is not installed. Please install it with pip install "plugrl-env-client[classic]".
2026-10-02 03:30:02.856 | WARNING  | plugrl_env_client.envs:_load_env_modules:27 - Skip loading env module plugrl_env_client.envs.atari.atari_env: Atari is not installed. Please install it with the 'atari' extra, e.g. 'pip install plugrl-env-client[atari]'
2026-10-02 03:30:02.856 | WARNING  | plugrl_env_client.envs:_load_env_modules:27 - Skip loading env module plugrl_env_client.envs.atari.atari_env: Atari is not installed. Please install it with the 'atari' extra, e.g. 'pip install plugrl-env-client[atari]'
2026-10-02 03:30:02.856 | WARNING  | plugrl_env_client.envs:_load_env_modules:27 - Skip loading env module plugrl_env_client.envs.atari.atari_env: Atari is not installed. Please install it with the 'atari' extra, e.g. 'pip install plugrl-env-client[atari]'
2026-10-02 03:30:02.856 | WARNING  | plugrl_env_client.envs:_load_env_modules:27 - Skip loading env module plugrl_env_client.envs.d4rl.d4rl_env: d4rl is not installed. Please install it with pip install "plugrl-env-client[d4rl]".
2026-10-02 03:30:02.856 | WARNING  | plugrl_env_client.envs:_load_env_modules:27 - Skip loading env module plugrl_env_client.envs.d4rl.d4rl_env: d4rl is not installed. Please install it with pip install "plugrl-env-client[d4rl]".
2026-10-02 03:30:02.856 | WARNING  | plugrl_env_client.envs:_load_env_modules:27 - Skip loading env module plugrl_env_client.envs.d4rl.d4rl_env: d4rl is not installed. Please install it with pip install "plugrl-env-client[d4rl]".
2026-10-02 03:30:02.856 | WARNING  | plugrl_env_client.envs:_load_env_modules:27 - Skip loading env module plugrl_env_client.envs.libero.libero_env: libero is not installed. Please install it with pip install "plugrl-env-client[libero]".
2026-10-02 03:30:02.856 | WARNING  | plugrl_env_client.envs:_load_env_modules:27 - Skip loading env module plugrl_env_client.envs.libero.libero_env: libero is not installed. Please install it with pip install "plugrl-env-client[libero]".
2026-10-02 03:30:02.856 | WARNING  | plugrl_env_client.envs:_load_env_modules:27 - Skip loading env module plugrl_env_client.envs.libero.libero_env: libero is not installed. Please install it with pip install "plugrl-env-client[libero]".
2026-10-02 03:30:02.856 | WARNING  | plugrl_env_client.envs:_load_env_modules:27 - Skip loading env module plugrl_env_client.envs.classic.classic_env: pygame is not installed. Please install it with pip install "plugrl-env-client[classic]".
2026-10-02 03:30:02.857 | WARNING  | plugrl_env_client.envs:_load_env_modules:27 - Skip loading env module plugrl_env_client.envs.atari.atari_env: Atari is not installed. Please install it with the 'atari' extra, e.g. 'pip install plugrl-env-client[atari]'
2026-10-02 03:30:02.857 | WARNING  | plugrl_env_client.envs:_load_env_modules:27 - Skip loading env module plugrl_env_client.envs.d4rl.d4rl_env: d4rl is not installed. Please install it with pip install "plugrl-env-client[d4rl]".
2026-10-02 03:30:02.857 | WARNING  | plugrl_env_client.envs:_load_env_modules:27 - Skip loading env module plugrl_env_client.envs.robomimic.robomimic_env: Robomimic is not installed. Please install it with the 'robomimic' extra, e.g. 'pip install plugrl-env-client[robomimic]'
2026-10-02 03:30:02.857 | WARNING  | plugrl_env_client.envs:_load_env_modules:27 - Skip loading env module plugrl_env_client.envs.robomimic.robomimic_env: Robomimic is not installed. Please install it with the 'robomimic' extra, e.g. 'pip install plugrl-env-client[robomimic]'
2026-10-02 03:30:02.857 | WARNING  | plugrl_env_client.envs:_load_env_modules:27 - Skip loading env module plugrl_env_client.envs.robomimic.robomimic_env: Robomimic is not installed. Please install it with the 'robomimic' extra, e.g. 'pip install plugrl-env-client[robomimic]'
2026-10-02 03:30:02.857 | WARNING  | plugrl_env_client.envs:_load_env_modules:27 - Skip loading env module plugrl_env_client.envs.libero.libero_env: libero is not installed. Please install it with pip install "plugrl-env-client[libero]".
2026-10-02 03:30:02.858 | WARNING  | plugrl_env_client.envs:_load_env_modules:27 - Skip loading env module plugrl_env_client.envs.robomimic.robomimic_env: Robomimic is not installed. Please install it with the 'robomimic' extra, e.g. 'pip install plugrl-env-client[robomimic]'
2026-10-02 03:30:02.858 | WARNING  | plugrl_env_client.envs:_load_env_modules:27 - Skip loading env module plugrl_env_client.envs.classic.classic_env: pygame is not installed. Please install it with pip install "plugrl-env-client[classic]".
2026-10-02 03:30:02.859 | WARNING  | plugrl_env_client.envs:_load_env_modules:27 - Skip loading env module plugrl_env_client.envs.atari.atari_env: Atari is not installed. Please install it with the 'atari' extra, e.g. 'pip install plugrl-env-client[atari]'
2026-10-02 03:30:02.859 | WARNING  | plugrl_env_client.envs:_load_env_modules:27 - Skip loading env module plugrl_env_client.envs.d4rl.d4rl_env: d4rl is not installed. Please install it with pip install "plugrl-env-client[d4rl]".
2026-10-02 03:30:02.859 | WARNING  | plugrl_env_client.envs:_load_env_modules:27 - Skip loading env module plugrl_env_client.envs.libero.libero_env: libero is not installed. Please install it with pip install "plugrl-env-client[libero]".
2026-10-02 03:30:02.860 | WARNING  | plugrl_env_client.envs:_load_env_modules:27 - Skip loading env module plugrl_env_client.envs.robomimic.robomimic_env: Robomimic is not installed. Please install it with the 'robomimic' extra, e.g. 'pip install plugrl-env-client[robomimic]'
2026-10-02 03:30:02.866 | WARNING  | plugrl_env_client.envs:_load_env_modules:27 - Skip loading env module plugrl_env_client.envs.classic.classic_env: pygame is not installed. Please install it with pip install "plugrl-env-client[classic]".
2026-10-02 03:30:02.866 | WARNING  | plugrl_env_client.envs:_load_env_modules:27 - Skip loading env module plugrl_env_client.envs.atari.atari_env: Atari is not installed. Please install it with the 'atari' extra, e.g. 'pip install plugrl-env-client[atari]'
2026-10-02 03:30:02.866 | WARNING  | plugrl_env_client.envs:_load_env_modules:27 - Skip loading env module plugrl_env_client.envs.d4rl.d4rl_env: d4rl is not installed. Please install it with pip install "plugrl-env-client[d4rl]".
2026-10-02 03:30:02.867 | WARNING  | plugrl_env_client.envs:_load_env_modules:27 - Skip loading env module plugrl_env_client.envs.libero.libero_env: libero is not installed. Please install it with pip install "plugrl-env-client[libero]".
2026-10-02 03:30:02.867 | WARNING  | plugrl_env_client.envs:_load_env_modules:27 - Skip loading env module plugrl_env_client.envs.robomimic.robomimic_env: Robomimic is not installed. Please install it with the 'robomimic' extra, e.g. 'pip install plugrl-env-client[robomimic]'
2026-10-02 03:30:02.869 | WARNING  | plugrl_env_client.envs:_load_env_modules:27 - Skip loading env module plugrl_env_client.envs.classic.classic_env: pygame is not installed. Please install it with pip install "plugrl-env-client[classic]".
2026-10-02 03:30:02.869 | WARNING  | plugrl_env_client.envs:_load_env_modules:27 - Skip loading env module plugrl_env_client.envs.atari.atari_env: Atari is not installed. Please install it with the 'atari' extra, e.g. 'pip install plugrl-env-client[atari]'
2026-10-02 03:30:02.870 | WARNING  | plugrl_env_client.envs:_load_env_modules:27 - Skip loading env module plugrl_env_client.envs.d4rl.d4rl_env: d4rl is not installed. Please install it with pip install "plugrl-env-client[d4rl]".
2026-10-02 03:30:02.870 | WARNING  | plugrl_env_client.envs:_load_env_modules:27 - Skip loading env module plugrl_env_client.envs.libero.libero_env: libero is not installed. Please install it with pip install "plugrl-env-client[libero]".
2026-10-02 03:30:02.870 | WARNING  | plugrl_env_client.envs:_load_env_modules:27 - Skip loading env module plugrl_env_client.envs.robomimic.robomimic_env: Robomimic is not installed. Please install it with the 'robomimic' extra, e.g. 'pip install plugrl-env-client[robomimic]'
2026-10-02 03:30:02.876 | WARNING  | plugrl_env_client.envs:_load_env_modules:27 - Skip loading env module plugrl_env_client.envs.classic.classic_env: pygame is not installed. Please install it with pip install "plugrl-env-client[classic]".
2026-10-02 03:30:02.876 | WARNING  | plugrl_env_client.envs:_load_env_modules:27 - Skip loading env module plugrl_env_client.envs.atari.atari_env: Atari is not installed. Please install it with the 'atari' extra, e.g. 'pip install plugrl-env-client[atari]'
2026-10-02 03:30:02.877 | WARNING  | plugrl_env_client.envs:_load_env_modules:27 - Skip loading env module plugrl_env_client.envs.d4rl.d4rl_env: d4rl is not installed. Please install it with pip install "plugrl-env-client[d4rl]".
2026-10-02 03:30:02.877 | WARNING  | plugrl_env_client.envs:_load_env_modules:27 - Skip loading env module plugrl_env_client.envs.libero.libero_env: libero is not installed. Please install it with pip install "plugrl-env-client[libero]".
2026-10-02 03:30:02.878 | WARNING  | plugrl_env_client.envs:_load_env_modules:27 - Skip loading env module plugrl_env_client.envs.robomimic.robomimic_env: Robomimic is not installed. Please install it with the 'robomimic' extra, e.g. 'pip install plugrl-env-client[robomimic]'
2026-10-02 03:30:02.882 | WARNING  | plugrl_env_client.envs:_load_env_modules:27 - Skip loading env module plugrl_env_client.envs.classic.classic_env: pygame is not installed. Please install it with pip install "plugrl-env-client[classic]".
2026-10-02 03:30:02.883 | WARNING  | plugrl_env_client.envs:_load_env_modules:27 - Skip loading env module plugrl_env_client.envs.atari.atari_env: Atari is not installed. Please install it with the 'atari' extra, e.g. 'pip install plugrl-env-client[atari]'
2026-10-02 03:30:02.883 | WARNING  | plugrl_env_client.envs:_load_env_modules:27 - Skip loading env module plugrl_env_client.envs.d4rl.d4rl_env: d4rl is not installed. Please install it with pip install "plugrl-env-client[d4rl]".
2026-10-02 03:30:02.883 | WARNING  | plugrl_env_client.envs:_load_env_modules:27 - Skip loading env module plugrl_env_client.envs.libero.libero_env: libero is not installed. Please install it with pip install "plugrl-env-client[libero]".
2026-10-02 03:30:02.884 | WARNING  | plugrl_env_client.envs:_load_env_modules:27 - Skip loading env module plugrl_env_client.envs.robomimic.robomimic_env: Robomimic is not installed. Please install it with the 'robomimic' extra, e.g. 'pip install plugrl-env-client[robomimic]'
2026-10-02 03:30:02.885 | WARNING  | plugrl_env_client.envs:_load_env_modules:27 - Skip loading env module plugrl_env_client.envs.classic.classic_env: pygame is not installed. Please install it with pip install "plugrl-env-client[classic]".
2026-10-02 03:30:02.885 | WARNING  | plugrl_env_client.envs:_load_env_modules:27 - Skip loading env module plugrl_env_client.envs.classic.classic_env: pygame is not installed. Please install it with pip install "plugrl-env-client[classic]".
2026-10-02 03:30:02.885 | WARNING  | plugrl_env_client.envs:_load_env_modules:27 - Skip loading env module plugrl_env_client.envs.classic.classic_env: pygame is not installed. Please install it with pip install "plugrl-env-client[classic]".
2026-10-02 03:30:02.886 | WARNING  | plugrl_env_client.envs:_load_env_modules:27 - Skip loading env module plugrl_env_client.envs.atari.atari_env: Atari is not installed. Please install it with the 'atari' extra, e.g. 'pip install plugrl-env-client[atari]'
2026-10-02 03:30:02.886 | WARNING  | plugrl_env_client.envs:_load_env_modules:27 - Skip loading env module plugrl_env_client.envs.atari.atari_env: Atari is not installed. Please install it with the 'atari' extra, e.g. 'pip install plugrl-env-client[atari]'
2026-10-02 03:30:02.886 | WARNING  | plugrl_env_client.envs:_load_env_modules:27 - Skip loading env module plugrl_env_client.envs.atari.atari_env: Atari is not installed. Please install it with the 'atari' extra, e.g. 'pip install plugrl-env-client[atari]'
2026-10-02 03:30:02.886 | WARNING  | plugrl_env_client.envs:_load_env_modules:27 - Skip loading env module plugrl_env_client.envs.d4rl.d4rl_env: d4rl is not installed. Please install it with pip install "plugrl-env-client[d4rl]".
2026-10-02 03:30:02.886 | WARNING  | plugrl_env_client.envs:_load_env_modules:27 - Skip loading env module plugrl_env_client.envs.d4rl.d4rl_env: d4rl is not installed. Please install it with pip install "plugrl-env-client[d4rl]".
2026-10-02 03:30:02.886 | WARNING  | plugrl_env_client.envs:_load_env_modules:27 - Skip loading env module plugrl_env_client.envs.d4rl.d4rl_env: d4rl is not installed. Please install it with pip install "plugrl-env-client[d4rl]".
2026-10-02 03:30:02.886 | WARNING  | plugrl_env_client.envs:_load_env_modules:27 - Skip loading env module plugrl_env_client.envs.libero.libero_env: libero is not installed. Please install it with pip install "plugrl-env-client[libero]".
2026-10-02 03:30:02.886 | WARNING  | plugrl_env_client.envs:_load_env_modules:27 - Skip loading env module plugrl_env_client.envs.libero.libero_env: libero is not installed. Please install it with pip install "plugrl-env-client[libero]".
2026-10-02 03:30:02.886 | WARNING  | plugrl_env_client.envs:_load_env_modules:27 - Skip loading env module plugrl_env_client.envs.libero.libero_env: libero is not installed. Please install it with pip install "plugrl-env-client[libero]".
2026-10-02 03:30:02.887 | WARNING  | plugrl_env_client.envs:_load_env_modules:27 - Skip loading env module plugrl_env_client.envs.classic.classic_env: pygame is not installed. Please install it with pip install "plugrl-env-client[classic]".
2026-10-02 03:30:02.887 | WARNING  | plugrl_env_client.envs:_load_env_modules:27 - Skip loading env module plugrl_env_client.envs.classic.classic_env: pygame is not installed. Please install it with pip install "plugrl-env-client[classic]".
2026-10-02 03:30:02.887 | WARNING  | plugrl_env_client.envs:_load_env_modules:27 - Skip loading env module plugrl_env_client.envs.classic.classic_env: pygame is not installed. Please install it with pip install "plugrl-env-client[classic]".
2026-10-02 03:30:02.887 | WARNING  | plugrl_env_client.envs:_load_env_modules:27 - Skip loading env module plugrl_env_client.envs.classic.classic_env: pygame is not installed. Please install it with pip install "plugrl-env-client[classic]".
2026-10-02 03:30:02.887 | WARNING  | plugrl_env_client.envs:_load_env_modules:27 - Skip loading env module plugrl_env_client.envs.atari.atari_env: Atari is not installed. Please install it with the 'atari' extra, e.g. 'pip install plugrl-env-client[atari]'
2026-10-02 03:30:02.887 | WARNING  | plugrl_env_client.envs:_load_env_modules:27 - Skip loading env module plugrl_env_client.envs.atari.atari_env: Atari is not installed. Please install it with the 'atari' extra, e.g. 'pip install plugrl-env-client[atari]'
2026-10-02 03:30:02.887 | WARNING  | plugrl_env_client.envs:_load_env_modules:27 - Skip loading env module plugrl_env_client.envs.robomimic.robomimic_env: Robomimic is not installed. Please install it with the 'robomimic' extra, e.g. 'pip install plugrl-env-client[robomimic]'
2026-10-02 03:30:02.887 | WARNING  | plugrl_env_client.envs:_load_env_modules:27 - Skip loading env module plugrl_env_client.envs.robomimic.robomimic_env: Robomimic is not installed. Please install it with the 'robomimic' extra, e.g. 'pip install plugrl-env-client[robomimic]'
2026-10-02 03:30:02.887 | WARNING  | plugrl_env_client.envs:_load_env_modules:27 - Skip loading env module plugrl_env_client.envs.robomimic.robomimic_env: Robomimic is not installed. Please install it with the 'robomimic' extra, e.g. 'pip install plugrl-env-client[robomimic]'
2026-10-02 03:30:02.887 | WARNING  | plugrl_env_client.envs:_load_env_modules:27 - Skip loading env module plugrl_env_client.envs.atari.atari_env: Atari is not installed. Please install it with the 'atari' extra, e.g. 'pip install plugrl-env-client[atari]'
2026-10-02 03:30:02.887 | WARNING  | plugrl_env_client.envs:_load_env_modules:27 - Skip loading env module plugrl_env_client.envs.atari.atari_env: Atari is not installed. Please install it with the 'atari' extra, e.g. 'pip install plugrl-env-client[atari]'
2026-10-02 03:30:02.887 | WARNING  | plugrl_env_client.envs:_load_env_modules:27 - Skip loading env module plugrl_env_client.envs.d4rl.d4rl_env: d4rl is not installed. Please install it with pip install "plugrl-env-client[d4rl]".
2026-10-02 03:30:02.887 | WARNING  | plugrl_env_client.envs:_load_env_modules:27 - Skip loading env module plugrl_env_client.envs.d4rl.d4rl_env: d4rl is not installed. Please install it with pip install "plugrl-env-client[d4rl]".
2026-10-02 03:30:02.887 | WARNING  | plugrl_env_client.envs:_load_env_modules:27 - Skip loading env module plugrl_env_client.envs.d4rl.d4rl_env: d4rl is not installed. Please install it with pip install "plugrl-env-client[d4rl]".
2026-10-02 03:30:02.887 | WARNING  | plugrl_env_client.envs:_load_env_modules:27 - Skip loading env module plugrl_env_client.envs.d4rl.d4rl_env: d4rl is not installed. Please install it with pip install "plugrl-env-client[d4rl]".
2026-10-02 03:30:02.887 | WARNING  | plugrl_env_client.envs:_load_env_modules:27 - Skip loading env module plugrl_env_client.envs.libero.libero_env: libero is not installed. Please install it with pip install "plugrl-env-client[libero]".
2026-10-02 03:30:02.887 | WARNING  | plugrl_env_client.envs:_load_env_modules:27 - Skip loading env module plugrl_env_client.envs.libero.libero_env: libero is not installed. Please install it with pip install "plugrl-env-client[libero]".
2026-10-02 03:30:02.887 | WARNING  | plugrl_env_client.envs:_load_env_modules:27 - Skip loading env module plugrl_env_client.envs.libero.libero_env: libero is not installed. Please install it with pip install "plugrl-env-client[libero]".
2026-10-02 03:30:02.887 | WARNING  | plugrl_env_client.envs:_load_env_modules:27 - Skip loading env module plugrl_env_client.envs.libero.libero_env: libero is not installed. Please install it with pip install "plugrl-env-client[libero]".
2026-10-02 03:30:02.888 | WARNING  | plugrl_env_client.envs:_load_env_modules:27 - Skip loading env module plugrl_env_client.envs.robomimic.robomimic_env: Robomimic is not installed. Please install it with the 'robomimic' extra, e.g. 'pip install plugrl-env-client[robomimic]'
2026-10-02 03:30:02.888 | WARNING  | plugrl_env_client.envs:_load_env_modules:27 - Skip loading env module plugrl_env_client.envs.robomimic.robomimic_env: Robomimic is not installed. Please install it with the 'robomimic' extra, e.g. 'pip install plugrl-env-client[robomimic]'
2026-10-02 03:30:02.888 | WARNING  | plugrl_env_client.envs:_load_env_modules:27 - Skip loading env module plugrl_env_client.envs.robomimic.robomimic_env: Robomimic is not installed. Please install it with the 'robomimic' extra, e.g. 'pip install plugrl-env-client[robomimic]'
2026-10-02 03:30:02.888 | WARNING  | plugrl_env_client.envs:_load_env_modules:27 - Skip loading env module plugrl_env_client.envs.robomimic.robomimic_env: Robomimic is not installed. Please install it with the 'robomimic' extra, e.g. 'pip install plugrl-env-client[robomimic]'
2026-10-02 03:30:02.919 | INFO     | plugrl_env_client.agent.websocket_env_client_agent:_wait_for_server:203 - Waiting for server at ws://127.0.0.1:8810...
2026-10-02 03:30:02.920 | WARNING  | plugrl_env_client.agent.websocket_env_client_agent:_wait_for_server:252 - Server not available or connection failed. Retrying in 5 seconds...
2026-10-02 03:30:02.922 | INFO     | plugrl_env_client.agent.websocket_env_client_agent:_wait_for_server:203 - Waiting for server at ws://127.0.0.1:8810...
2026-10-02 03:30:02.922 | INFO     | plugrl_env_client.agent.websocket_env_client_agent:_wait_for_server:203 - Waiting for server at ws://127.0.0.1:8810...
2026-10-02 03:30:02.922 | INFO     | plugrl_env_client.agent.websocket_env_client_agent:_wait_for_server:203 - Waiting for server at ws://127.0.0.1:8810...
2026-10-02 03:30:02.923 | INFO     | plugrl_env_client.agent.websocket_env_client_agent:_wait_for_server:203 - Waiting for server at ws://127.0.0.1:8810...
2026-10-02 03:30:02.923 | WARNING  | plugrl_env_client.agent.websocket_env_client_agent:_wait_for_server:252 - Server not available or connection failed. Retrying in 5 seconds...
2026-10-02 03:30:02.923 | WARNING  | plugrl_env_client.agent.websocket_env_client_agent:_wait_for_server:252 - Server not available or connection failed. Retrying in 5 seconds...
2026-10-02 03:30:02.923 | WARNING  | plugrl_env_client.agent.websocket_env_client_agent:_wait_for_server:252 - Server not available or connection failed. Retrying in 5 seconds...
2026-10-02 03:30:02.924 | WARNING  | plugrl_env_client.agent.websocket_env_client_agent:_wait_for_server:252 - Server not available or connection failed. Retrying in 5 seconds...
2026-10-02 03:30:02.931 | INFO     | plugrl_env_client.agent.websocket_env_client_agent:_wait_for_server:203 - Waiting for server at ws://127.0.0.1:8810...
2026-10-02 03:30:02.932 | WARNING  | plugrl_env_client.agent.websocket_env_client_agent:_wait_for_server:252 - Server not available or connection failed. Retrying in 5 seconds...
2026-10-02 03:30:02.936 | INFO     | plugrl_env_client.agent.websocket_env_client_agent:_wait_for_server:203 - Waiting for server at ws://127.0.0.1:8810...
2026-10-02 03:30:02.937 | WARNING  | plugrl_env_client.agent.websocket_env_client_agent:_wait_for_server:252 - Server not available or connection failed. Retrying in 5 seconds...
2026-10-02 03:30:02.953 | INFO     | plugrl_env_client.agent.websocket_env_client_agent:_wait_for_server:203 - Waiting for server at ws://127.0.0.1:8810...
2026-10-02 03:30:02.954 | WARNING  | plugrl_env_client.agent.websocket_env_client_agent:_wait_for_server:252 - Server not available or connection failed. Retrying in 5 seconds...
2026-10-02 03:30:02.958 | INFO     | plugrl_env_client.agent.websocket_env_client_agent:_wait_for_server:203 - Waiting for server at ws://127.0.0.1:8810...
2026-10-02 03:30:02.959 | WARNING  | plugrl_env_client.agent.websocket_env_client_agent:_wait_for_server:252 - Server not available or connection failed. Retrying in 5 seconds...
2026-10-02 03:30:02.962 | INFO     | plugrl_env_client.agent.websocket_env_client_agent:_wait_for_server:203 - Waiting for server at ws://127.0.0.1:8810...
2026-10-02 03:30:02.962 | INFO     | plugrl_env_client.agent.websocket_env_client_agent:_wait_for_server:203 - Waiting for server at ws://127.0.0.1:8810...
2026-10-02 03:30:02.963 | WARNING  | plugrl_env_client.agent.websocket_env_client_agent:_wait_for_server:252 - Server not available or connection failed. Retrying in 5 seconds...
2026-10-02 03:30:02.963 | WARNING  | plugrl_env_client.agent.websocket_env_client_agent:_wait_for_server:252 - Server not available or connection failed. Retrying in 5 seconds...
2026-10-02 03:30:02.963 | INFO     | plugrl_env_client.agent.websocket_env_client_agent:_wait_for_server:203 - Waiting for server at ws://127.0.0.1:8810...
2026-10-02 03:30:02.964 | WARNING  | plugrl_env_client.agent.websocket_env_client_agent:_wait_for_server:252 - Server not available or connection failed. Retrying in 5 seconds...
2026-10-02 03:30:02.965 | INFO     | plugrl_env_client.agent.websocket_env_client_agent:_wait_for_server:203 - Waiting for server at ws://127.0.0.1:8810...
2026-10-02 03:30:02.966 | WARNING  | plugrl_env_client.agent.websocket_env_client_agent:_wait_for_server:252 - Server not available or connection failed. Retrying in 5 seconds...
2026-10-02 03:30:02.967 | INFO     | plugrl_env_client.agent.websocket_env_client_agent:_wait_for_server:203 - Waiting for server at ws://127.0.0.1:8810...
2026-10-02 03:30:02.967 | INFO     | plugrl_env_client.agent.websocket_env_client_agent:_wait_for_server:203 - Waiting for server at ws://127.0.0.1:8810...
2026-10-02 03:30:02.967 | WARNING  | plugrl_env_client.agent.websocket_env_client_agent:_wait_for_server:252 - Server not available or connection failed. Retrying in 5 seconds...
2026-10-02 03:30:02.968 | WARNING  | plugrl_env_client.agent.websocket_env_client_agent:_wait_for_server:252 - Server not available or connection failed. Retrying in 5 seconds...
2026-10-02 03:30:02.968 | INFO     | plugrl_env_client.agent.websocket_env_client_agent:_wait_for_server:203 - Waiting for server at ws://127.0.0.1:8810...
2026-10-02 03:30:02.969 | WARNING  | plugrl_env_client.agent.websocket_env_client_agent:_wait_for_server:252 - Server not available or connection failed. Retrying in 5 seconds...
2026-10-02 03:30:07.924 | INFO     | plugrl_env_client.runner.run:report_server_metadata:56 - Server metadata: {'protocol_version': 1, 'server': 'plugrl-bridges', 'action_horizon': 1, 'action_dim': 6, 'num_envs': 16, 'lockstep': True, 'features': ['reuse-feedback-obs']}
2026-10-02 03:30:07.926 | INFO     | plugrl_env_client.runner.run:report_server_metadata:56 - Server metadata: {'protocol_version': 1, 'server': 'plugrl-bridges', 'action_horizon': 1, 'action_dim': 6, 'num_envs': 16, 'lockstep': True, 'features': ['reuse-feedback-obs']}
2026-10-02 03:30:07.926 | INFO     | plugrl_env_client.runner.run:report_server_metadata:56 - Server metadata: {'protocol_version': 1, 'server': 'plugrl-bridges', 'action_horizon': 1, 'action_dim': 6, 'num_envs': 16, 'lockstep': True, 'features': ['reuse-feedback-obs']}
2026-10-02 03:30:07.927 | INFO     | plugrl_env_client.runner.run:report_server_metadata:56 - Server metadata: {'protocol_version': 1, 'server': 'plugrl-bridges', 'action_horizon': 1, 'action_dim': 6, 'num_envs': 16, 'lockstep': True, 'features': ['reuse-feedback-obs']}
2026-10-02 03:30:07.928 | INFO     | plugrl_env_client.runner.run:report_server_metadata:56 - Server metadata: {'protocol_version': 1, 'server': 'plugrl-bridges', 'action_horizon': 1, 'action_dim': 6, 'num_envs': 16, 'lockstep': True, 'features': ['reuse-feedback-obs']}
2026-10-02 03:30:07.935 | INFO     | plugrl_env_client.runner.run:report_server_metadata:56 - Server metadata: {'protocol_version': 1, 'server': 'plugrl-bridges', 'action_horizon': 1, 'action_dim': 6, 'num_envs': 16, 'lockstep': True, 'features': ['reuse-feedback-obs']}
2026-10-02 03:30:07.940 | INFO     | plugrl_env_client.runner.run:report_server_metadata:56 - Server metadata: {'protocol_version': 1, 'server': 'plugrl-bridges', 'action_horizon': 1, 'action_dim': 6, 'num_envs': 16, 'lockstep': True, 'features': ['reuse-feedback-obs']}
2026-10-02 03:30:07.957 | INFO     | plugrl_env_client.runner.run:report_server_metadata:56 - Server metadata: {'protocol_version': 1, 'server': 'plugrl-bridges', 'action_horizon': 1, 'action_dim': 6, 'num_envs': 16, 'lockstep': True, 'features': ['reuse-feedback-obs']}
2026-10-02 03:30:07.961 | INFO     | plugrl_env_client.runner.run:report_server_metadata:56 - Server metadata: {'protocol_version': 1, 'server': 'plugrl-bridges', 'action_horizon': 1, 'action_dim': 6, 'num_envs': 16, 'lockstep': True, 'features': ['reuse-feedback-obs']}
2026-10-02 03:30:07.965 | INFO     | plugrl_env_client.runner.run:report_server_metadata:56 - Server metadata: {'protocol_version': 1, 'server': 'plugrl-bridges', 'action_horizon': 1, 'action_dim': 6, 'num_envs': 16, 'lockstep': True, 'features': ['reuse-feedback-obs']}
2026-10-02 03:30:07.966 | INFO     | plugrl_env_client.runner.run:report_server_metadata:56 - Server metadata: {'protocol_version': 1, 'server': 'plugrl-bridges', 'action_horizon': 1, 'action_dim': 6, 'num_envs': 16, 'lockstep': True, 'features': ['reuse-feedback-obs']}
2026-10-02 03:30:07.966 | INFO     | plugrl_env_client.runner.run:report_server_metadata:56 - Server metadata: {'protocol_version': 1, 'server': 'plugrl-bridges', 'action_horizon': 1, 'action_dim': 6, 'num_envs': 16, 'lockstep': True, 'features': ['reuse-feedback-obs']}
2026-10-02 03:30:07.969 | INFO     | plugrl_env_client.runner.run:report_server_metadata:56 - Server metadata: {'protocol_version': 1, 'server': 'plugrl-bridges', 'action_horizon': 1, 'action_dim': 6, 'num_envs': 16, 'lockstep': True, 'features': ['reuse-feedback-obs']}
2026-10-02 03:30:07.970 | INFO     | plugrl_env_client.runner.run:report_server_metadata:56 - Server metadata: {'protocol_version': 1, 'server': 'plugrl-bridges', 'action_horizon': 1, 'action_dim': 6, 'num_envs': 16, 'lockstep': True, 'features': ['reuse-feedback-obs']}
2026-10-02 03:30:07.970 | INFO     | plugrl_env_client.runner.run:report_server_metadata:56 - Server metadata: {'protocol_version': 1, 'server': 'plugrl-bridges', 'action_horizon': 1, 'action_dim': 6, 'num_envs': 16, 'lockstep': True, 'features': ['reuse-feedback-obs']}
2026-10-02 03:30:07.972 | INFO     | plugrl_env_client.runner.run:report_server_metadata:56 - Server metadata: {'protocol_version': 1, 'server': 'plugrl-bridges', 'action_horizon': 1, 'action_dim': 6, 'num_envs': 16, 'lockstep': True, 'features': ['reuse-feedback-obs']}
2026-10-02 03:30:38.331 | INFO     | plugrl_env_client.runner.rollout:log_timing_summary:101 - Intermediate rollout timing summary: env_steps=8449 infer_calls=8449 feedback_calls=8449 infer_wait=28.581s infer_obs_pack=0.101s env_step=0.748s feedback_total=0.520s feedback_obs_pack=0.137s feedback_info_pack=0.025s effective_fps=282.10
2026-10-02 03:30:38.331 | INFO     | plugrl_env_client.runner.rollout:log_timing_summary:101 - Intermediate rollout timing summary: env_steps=8449 infer_calls=8449 feedback_calls=8449 infer_wait=28.589s infer_obs_pack=0.106s env_step=0.743s feedback_total=0.532s feedback_obs_pack=0.140s feedback_info_pack=0.024s effective_fps=281.92
2026-10-02 03:30:38.331 | INFO     | plugrl_env_client.runner.rollout:log_timing_summary:101 - Intermediate rollout timing summary: env_steps=8449 infer_calls=8449 feedback_calls=8449 infer_wait=28.567s infer_obs_pack=0.104s env_step=0.749s feedback_total=0.524s feedback_obs_pack=0.137s feedback_info_pack=0.026s effective_fps=282.17
2026-10-02 03:30:38.331 | INFO     | plugrl_env_client.runner.rollout:log_timing_summary:101 - Intermediate rollout timing summary: env_steps=8449 infer_calls=8449 feedback_calls=8449 infer_wait=28.595s infer_obs_pack=0.104s env_step=0.743s feedback_total=0.524s feedback_obs_pack=0.139s feedback_info_pack=0.023s effective_fps=281.95
2026-10-02 03:30:38.331 | INFO     | plugrl_env_client.runner.rollout:log_timing_summary:101 - Intermediate rollout timing summary: env_steps=8449 infer_calls=8449 feedback_calls=8449 infer_wait=28.537s infer_obs_pack=0.104s env_step=0.770s feedback_total=0.525s feedback_obs_pack=0.140s feedback_info_pack=0.024s effective_fps=282.23
2026-10-02 03:30:38.332 | INFO     | plugrl_env_client.runner.rollout:log_timing_summary:101 - Intermediate rollout timing summary: env_steps=8449 infer_calls=8449 feedback_calls=8449 infer_wait=28.589s infer_obs_pack=0.109s env_step=0.739s feedback_total=0.545s feedback_obs_pack=0.146s feedback_info_pack=0.023s effective_fps=281.80
2026-10-02 03:30:38.332 | INFO     | plugrl_env_client.runner.rollout:log_timing_summary:101 - Intermediate rollout timing summary: env_steps=8449 infer_calls=8449 feedback_calls=8449 infer_wait=28.591s infer_obs_pack=0.107s env_step=0.731s feedback_total=0.534s feedback_obs_pack=0.144s feedback_info_pack=0.025s effective_fps=281.99
2026-10-02 03:30:38.332 | INFO     | plugrl_env_client.runner.rollout:log_timing_summary:101 - Intermediate rollout timing summary: env_steps=8449 infer_calls=8449 feedback_calls=8449 infer_wait=28.603s infer_obs_pack=0.104s env_step=0.739s feedback_total=0.525s feedback_obs_pack=0.140s feedback_info_pack=0.024s effective_fps=281.90
2026-10-02 03:30:38.332 | INFO     | plugrl_env_client.runner.rollout:log_timing_summary:101 - Intermediate rollout timing summary: env_steps=8449 infer_calls=8449 feedback_calls=8449 infer_wait=28.660s infer_obs_pack=0.108s env_step=0.696s feedback_total=0.539s feedback_obs_pack=0.144s feedback_info_pack=0.025s effective_fps=281.60
2026-10-02 03:30:38.332 | INFO     | plugrl_env_client.runner.rollout:log_timing_summary:101 - Intermediate rollout timing summary: env_steps=8449 infer_calls=8449 feedback_calls=8449 infer_wait=28.680s infer_obs_pack=0.109s env_step=0.690s feedback_total=0.535s feedback_obs_pack=0.143s feedback_info_pack=0.024s effective_fps=281.51
2026-10-02 03:30:38.332 | INFO     | plugrl_env_client.runner.rollout:log_timing_summary:101 - Intermediate rollout timing summary: env_steps=8449 infer_calls=8449 feedback_calls=8449 infer_wait=28.651s infer_obs_pack=0.108s env_step=0.699s feedback_total=0.534s feedback_obs_pack=0.144s feedback_info_pack=0.024s effective_fps=281.71
2026-10-02 03:30:38.332 | INFO     | plugrl_env_client.runner.rollout:log_timing_summary:101 - Intermediate rollout timing summary: env_steps=8449 infer_calls=8449 feedback_calls=8449 infer_wait=28.630s infer_obs_pack=0.107s env_step=0.717s feedback_total=0.531s feedback_obs_pack=0.141s feedback_info_pack=0.024s effective_fps=281.77
2026-10-02 03:30:38.333 | INFO     | plugrl_env_client.runner.rollout:log_timing_summary:101 - Intermediate rollout timing summary: env_steps=8449 infer_calls=8449 feedback_calls=8449 infer_wait=28.594s infer_obs_pack=0.109s env_step=0.722s feedback_total=0.541s feedback_obs_pack=0.143s feedback_info_pack=0.025s effective_fps=281.95
2026-10-02 03:30:38.333 | INFO     | plugrl_env_client.runner.rollout:log_timing_summary:101 - Intermediate rollout timing summary: env_steps=8449 infer_calls=8449 feedback_calls=8449 infer_wait=28.620s infer_obs_pack=0.109s env_step=0.714s feedback_total=0.536s feedback_obs_pack=0.142s feedback_info_pack=0.025s effective_fps=281.82
2026-10-02 03:30:38.333 | INFO     | plugrl_env_client.runner.rollout:log_timing_summary:101 - Intermediate rollout timing summary: env_steps=8449 infer_calls=8449 feedback_calls=8449 infer_wait=28.615s infer_obs_pack=0.113s env_step=0.712s feedback_total=0.547s feedback_obs_pack=0.147s feedback_info_pack=0.024s effective_fps=281.76
2026-10-02 03:30:38.333 | INFO     | plugrl_env_client.runner.rollout:log_timing_summary:101 - Intermediate rollout timing summary: env_steps=8449 infer_calls=8449 feedback_calls=8449 infer_wait=28.636s infer_obs_pack=0.107s env_step=0.714s feedback_total=0.526s feedback_obs_pack=0.140s feedback_info_pack=0.024s effective_fps=281.79
2026-10-02 03:31:08.333 | INFO     | plugrl_env_client.runner.rollout:log_timing_summary:101 - Intermediate rollout timing summary: env_steps=16913 infer_calls=16913 feedback_calls=16913 infer_wait=56.839s infer_obs_pack=0.210s env_step=1.465s feedback_total=1.046s feedback_obs_pack=0.278s feedback_info_pack=0.048s effective_fps=283.97
2026-10-02 03:31:08.333 | INFO     | plugrl_env_client.runner.rollout:log_timing_summary:101 - Intermediate rollout timing summary: env_steps=16913 infer_calls=16913 feedback_calls=16913 infer_wait=56.722s infer_obs_pack=0.207s env_step=1.507s feedback_total=1.051s feedback_obs_pack=0.276s feedback_info_pack=0.050s effective_fps=284.31
2026-10-02 03:31:08.333 | INFO     | plugrl_env_client.runner.rollout:log_timing_summary:101 - Intermediate rollout timing summary: env_steps=16913 infer_calls=16913 feedback_calls=16913 infer_wait=56.767s infer_obs_pack=0.208s env_step=1.493s feedback_total=1.040s feedback_obs_pack=0.277s feedback_info_pack=0.048s effective_fps=284.22
2026-10-02 03:31:08.333 | INFO     | plugrl_env_client.runner.rollout:log_timing_summary:101 - Intermediate rollout timing summary: env_steps=16913 infer_calls=16913 feedback_calls=16913 infer_wait=56.747s infer_obs_pack=0.207s env_step=1.500s feedback_total=1.043s feedback_obs_pack=0.273s feedback_info_pack=0.053s effective_fps=284.27
2026-10-02 03:31:08.333 | INFO     | plugrl_env_client.runner.rollout:log_timing_summary:101 - Intermediate rollout timing summary: env_steps=16913 infer_calls=16913 feedback_calls=16913 infer_wait=56.836s infer_obs_pack=0.213s env_step=1.445s feedback_total=1.060s feedback_obs_pack=0.284s feedback_info_pack=0.050s effective_fps=284.00
2026-10-02 03:31:08.333 | INFO     | plugrl_env_client.runner.rollout:log_timing_summary:101 - Intermediate rollout timing summary: env_steps=16913 infer_calls=16913 feedback_calls=16913 infer_wait=56.778s infer_obs_pack=0.215s env_step=1.477s feedback_total=1.084s feedback_obs_pack=0.289s feedback_info_pack=0.047s effective_fps=284.00
2026-10-02 03:31:08.333 | INFO     | plugrl_env_client.runner.rollout:log_timing_summary:101 - Intermediate rollout timing summary: env_steps=16913 infer_calls=16913 feedback_calls=16913 infer_wait=56.882s infer_obs_pack=0.217s env_step=1.412s feedback_total=1.076s feedback_obs_pack=0.284s feedback_info_pack=0.049s effective_fps=283.84
2026-10-02 03:31:08.333 | INFO     | plugrl_env_client.runner.rollout:log_timing_summary:101 - Intermediate rollout timing summary: env_steps=16913 infer_calls=16913 feedback_calls=16913 infer_wait=56.831s infer_obs_pack=0.212s env_step=1.460s feedback_total=1.053s feedback_obs_pack=0.279s feedback_info_pack=0.047s effective_fps=283.98
2026-10-02 03:31:08.333 | INFO     | plugrl_env_client.runner.rollout:log_timing_summary:101 - Intermediate rollout timing summary: env_steps=16913 infer_calls=16913 feedback_calls=16913 infer_wait=56.778s infer_obs_pack=0.210s env_step=1.495s feedback_total=1.049s feedback_obs_pack=0.279s feedback_info_pack=0.046s effective_fps=284.10
2026-10-02 03:31:08.333 | INFO     | plugrl_env_client.runner.rollout:log_timing_summary:101 - Intermediate rollout timing summary: env_steps=16913 infer_calls=16913 feedback_calls=16913 infer_wait=56.954s infer_obs_pack=0.216s env_step=1.385s feedback_total=1.069s feedback_obs_pack=0.288s feedback_info_pack=0.049s effective_fps=283.66
2026-10-02 03:31:08.333 | INFO     | plugrl_env_client.runner.rollout:log_timing_summary:101 - Intermediate rollout timing summary: env_steps=16913 infer_calls=16913 feedback_calls=16913 infer_wait=56.930s infer_obs_pack=0.214s env_step=1.411s feedback_total=1.059s feedback_obs_pack=0.282s feedback_info_pack=0.048s effective_fps=283.70
2026-10-02 03:31:08.333 | INFO     | plugrl_env_client.runner.rollout:log_timing_summary:101 - Intermediate rollout timing summary: env_steps=16913 infer_calls=16913 feedback_calls=16913 infer_wait=56.957s infer_obs_pack=0.216s env_step=1.389s feedback_total=1.074s feedback_obs_pack=0.285s feedback_info_pack=0.049s effective_fps=283.60
2026-10-02 03:31:08.334 | INFO     | plugrl_env_client.runner.rollout:log_timing_summary:101 - Intermediate rollout timing summary: env_steps=16913 infer_calls=16913 feedback_calls=16913 infer_wait=56.830s infer_obs_pack=0.218s env_step=1.437s feedback_total=1.086s feedback_obs_pack=0.287s feedback_info_pack=0.051s effective_fps=283.92
2026-10-02 03:31:08.334 | INFO     | plugrl_env_client.runner.rollout:log_timing_summary:101 - Intermediate rollout timing summary: env_steps=16913 infer_calls=16913 feedback_calls=16913 infer_wait=56.974s infer_obs_pack=0.220s env_step=1.380s feedback_total=1.078s feedback_obs_pack=0.287s feedback_info_pack=0.049s effective_fps=283.53
2026-10-02 03:31:08.335 | INFO     | plugrl_env_client.runner.rollout:log_timing_summary:101 - Intermediate rollout timing summary: env_steps=16914 infer_calls=16914 feedback_calls=16914 infer_wait=56.892s infer_obs_pack=0.223s env_step=1.410s feedback_total=1.089s feedback_obs_pack=0.292s feedback_info_pack=0.048s effective_fps=283.72
2026-10-02 03:31:08.335 | INFO     | plugrl_env_client.runner.rollout:log_timing_summary:101 - Intermediate rollout timing summary: env_steps=16914 infer_calls=16914 feedback_calls=16914 infer_wait=56.874s infer_obs_pack=0.214s env_step=1.432s feedback_total=1.063s feedback_obs_pack=0.281s feedback_info_pack=0.049s effective_fps=283.87
2026-10-02 03:31:38.346 | INFO     | plugrl_env_client.runner.rollout:log_timing_summary:101 - Intermediate rollout timing summary: env_steps=25345 infer_calls=25345 feedback_calls=25345 infer_wait=85.090s infer_obs_pack=0.319s env_step=2.175s feedback_total=1.573s feedback_obs_pack=0.418s feedback_info_pack=0.071s effective_fps=284.27
2026-10-02 03:31:38.346 | INFO     | plugrl_env_client.runner.rollout:log_timing_summary:101 - Intermediate rollout timing summary: env_steps=25345 infer_calls=25345 feedback_calls=25345 infer_wait=84.992s infer_obs_pack=0.311s env_step=2.208s feedback_total=1.559s feedback_obs_pack=0.414s feedback_info_pack=0.072s effective_fps=284.55
2026-10-02 03:31:38.346 | INFO     | plugrl_env_client.runner.rollout:log_timing_summary:101 - Intermediate rollout timing summary: env_steps=25345 infer_calls=25345 feedback_calls=25345 infer_wait=84.837s infer_obs_pack=0.317s env_step=2.281s feedback_total=1.597s feedback_obs_pack=0.423s feedback_info_pack=0.075s effective_fps=284.67
2026-10-02 03:31:38.346 | INFO     | plugrl_env_client.runner.rollout:log_timing_summary:101 - Intermediate rollout timing summary: env_steps=25345 infer_calls=25345 feedback_calls=25345 infer_wait=84.983s infer_obs_pack=0.310s env_step=2.224s feedback_total=1.555s feedback_obs_pack=0.407s feedback_info_pack=0.078s effective_fps=284.55
2026-10-02 03:31:38.346 | INFO     | plugrl_env_client.runner.rollout:log_timing_summary:101 - Intermediate rollout timing summary: env_steps=25345 infer_calls=25345 feedback_calls=25345 infer_wait=84.999s infer_obs_pack=0.315s env_step=2.220s feedback_total=1.574s feedback_obs_pack=0.419s feedback_info_pack=0.070s effective_fps=284.43
2026-10-02 03:31:38.346 | INFO     | plugrl_env_client.runner.rollout:log_timing_summary:101 - Intermediate rollout timing summary: env_steps=25345 infer_calls=25345 feedback_calls=25345 infer_wait=85.149s infer_obs_pack=0.338s env_step=2.117s feedback_total=1.643s feedback_obs_pack=0.442s feedback_info_pack=0.073s effective_fps=283.99
2026-10-02 03:31:38.346 | INFO     | plugrl_env_client.runner.rollout:log_timing_summary:101 - Intermediate rollout timing summary: env_steps=25345 infer_calls=25345 feedback_calls=25345 infer_wait=85.097s infer_obs_pack=0.329s env_step=2.142s feedback_total=1.624s feedback_obs_pack=0.428s feedback_info_pack=0.076s effective_fps=284.16
2026-10-02 03:31:38.347 | INFO     | plugrl_env_client.runner.rollout:log_timing_summary:101 - Intermediate rollout timing summary: env_steps=25345 infer_calls=25345 feedback_calls=25345 infer_wait=85.347s infer_obs_pack=0.327s env_step=2.038s feedback_total=1.603s feedback_obs_pack=0.426s feedback_info_pack=0.073s effective_fps=283.77
2026-10-02 03:31:38.347 | INFO     | plugrl_env_client.runner.rollout:log_timing_summary:101 - Intermediate rollout timing summary: env_steps=25345 infer_calls=25345 feedback_calls=25345 infer_wait=85.187s infer_obs_pack=0.325s env_step=2.096s feedback_total=1.611s feedback_obs_pack=0.426s feedback_info_pack=0.073s effective_fps=284.08
2026-10-02 03:31:38.347 | INFO     | plugrl_env_client.runner.rollout:log_timing_summary:101 - Intermediate rollout timing summary: env_steps=25345 infer_calls=25345 feedback_calls=25345 infer_wait=85.249s infer_obs_pack=0.322s env_step=2.094s feedback_total=1.589s feedback_obs_pack=0.422s feedback_info_pack=0.071s effective_fps=283.96
2026-10-02 03:31:38.347 | INFO     | plugrl_env_client.runner.rollout:log_timing_summary:101 - Intermediate rollout timing summary: env_steps=25345 infer_calls=25345 feedback_calls=25345 infer_wait=85.161s infer_obs_pack=0.317s env_step=2.132s feedback_total=1.572s feedback_obs_pack=0.421s feedback_info_pack=0.074s effective_fps=284.20
2026-10-02 03:31:38.347 | INFO     | plugrl_env_client.runner.rollout:log_timing_summary:101 - Intermediate rollout timing summary: env_steps=25345 infer_calls=25345 feedback_calls=25345 infer_wait=85.151s infer_obs_pack=0.312s env_step=2.155s feedback_total=1.551s feedback_obs_pack=0.412s feedback_info_pack=0.071s effective_fps=284.23
2026-10-02 03:31:38.347 | INFO     | plugrl_env_client.runner.rollout:log_timing_summary:101 - Intermediate rollout timing summary: env_steps=25345 infer_calls=25345 feedback_calls=25345 infer_wait=85.022s infer_obs_pack=0.324s env_step=2.185s feedback_total=1.624s feedback_obs_pack=0.432s feedback_info_pack=0.071s effective_fps=284.28
2026-10-02 03:31:38.348 | INFO     | plugrl_env_client.runner.rollout:log_timing_summary:101 - Intermediate rollout timing summary: env_steps=25345 infer_calls=25345 feedback_calls=25345 infer_wait=85.138s infer_obs_pack=0.323s env_step=2.141s feedback_total=1.594s feedback_obs_pack=0.422s feedback_info_pack=0.074s effective_fps=284.15
2026-10-02 03:31:38.348 | INFO     | plugrl_env_client.runner.rollout:log_timing_summary:101 - Intermediate rollout timing summary: env_steps=25345 infer_calls=25345 feedback_calls=25345 infer_wait=85.304s infer_obs_pack=0.325s env_step=2.054s feedback_total=1.600s feedback_obs_pack=0.430s feedback_info_pack=0.073s effective_fps=283.87
2026-10-02 03:31:38.348 | INFO     | plugrl_env_client.runner.rollout:log_timing_summary:101 - Intermediate rollout timing summary: env_steps=25345 infer_calls=25345 feedback_calls=25345 infer_wait=85.275s infer_obs_pack=0.325s env_step=2.076s feedback_total=1.611s feedback_obs_pack=0.428s feedback_info_pack=0.074s effective_fps=283.86
2026-10-02 03:31:39.267 | INFO     | plugrl_env_client.runner.rollout:log_timing_summary:101 - Final rollout timing summary: env_steps=25600 infer_calls=25600 feedback_calls=25600 infer_wait=85.240s infer_obs_pack=0.320s env_step=2.302s feedback_total=1.612s feedback_obs_pack=0.426s feedback_info_pack=0.075s effective_fps=286.12
2026-10-02 03:31:39.267 | INFO     | plugrl_env_client.runner.run:run:156 - Server signalled the end of the run; collection stopped after 25/1000000 episodes.
2026-10-02 03:31:39.267 | INFO     | plugrl_env_client.runner.rollout:log_timing_summary:101 - Final rollout timing summary: env_steps=25600 infer_calls=25600 feedback_calls=25600 infer_wait=85.384s infer_obs_pack=0.313s env_step=2.245s feedback_total=1.571s feedback_obs_pack=0.412s feedback_info_pack=0.079s effective_fps=285.99
2026-10-02 03:31:39.267 | INFO     | plugrl_env_client.runner.run:run:156 - Server signalled the end of the run; collection stopped after 25/1000000 episodes.
2026-10-02 03:31:39.271 | INFO     | plugrl_env_client.runner.rollout:log_timing_summary:101 - Final rollout timing summary: env_steps=25600 infer_calls=25600 feedback_calls=25600 infer_wait=85.393s infer_obs_pack=0.315s env_step=2.229s feedback_total=1.575s feedback_obs_pack=0.419s feedback_info_pack=0.073s effective_fps=285.99
2026-10-02 03:31:39.271 | INFO     | plugrl_env_client.runner.run:run:156 - Server signalled the end of the run; collection stopped after 25/1000000 episodes.
2026-10-02 03:31:39.272 | INFO     | plugrl_env_client.runner.rollout:log_timing_summary:101 - Final rollout timing summary: env_steps=25600 infer_calls=25600 feedback_calls=25600 infer_wait=85.403s infer_obs_pack=0.318s env_step=2.241s feedback_total=1.588s feedback_obs_pack=0.422s feedback_info_pack=0.070s effective_fps=285.87
2026-10-02 03:31:39.272 | INFO     | plugrl_env_client.runner.run:run:156 - Server signalled the end of the run; collection stopped after 25/1000000 episodes.
2026-10-02 03:31:39.272 | INFO     | plugrl_env_client.runner.rollout:log_timing_summary:101 - Final rollout timing summary: env_steps=25600 infer_calls=25600 feedback_calls=25600 infer_wait=85.497s infer_obs_pack=0.322s env_step=2.196s feedback_total=1.588s feedback_obs_pack=0.422s feedback_info_pack=0.072s effective_fps=285.71
2026-10-02 03:31:39.272 | INFO     | plugrl_env_client.runner.run:run:156 - Server signalled the end of the run; collection stopped after 25/1000000 episodes.
2026-10-02 03:31:39.273 | INFO     | plugrl_env_client.runner.rollout:log_timing_summary:101 - Final rollout timing summary: env_steps=25600 infer_calls=25600 feedback_calls=25600 infer_wait=85.557s infer_obs_pack=0.316s env_step=2.175s feedback_total=1.566s feedback_obs_pack=0.416s feedback_info_pack=0.072s effective_fps=285.67
2026-10-02 03:31:39.273 | INFO     | plugrl_env_client.runner.run:run:156 - Server signalled the end of the run; collection stopped after 25/1000000 episodes.
2026-10-02 03:31:39.273 | INFO     | plugrl_env_client.runner.rollout:log_timing_summary:101 - Final rollout timing summary: env_steps=25600 infer_calls=25600 feedback_calls=25600 infer_wait=85.426s infer_obs_pack=0.327s env_step=2.206s feedback_total=1.639s feedback_obs_pack=0.436s feedback_info_pack=0.071s effective_fps=285.72
2026-10-02 03:31:39.273 | INFO     | plugrl_env_client.runner.run:run:156 - Server signalled the end of the run; collection stopped after 25/1000000 episodes.
2026-10-02 03:31:39.274 | INFO     | plugrl_env_client.runner.rollout:log_timing_summary:101 - Final rollout timing summary: env_steps=25600 infer_calls=25600 feedback_calls=25600 infer_wait=85.565s infer_obs_pack=0.320s env_step=2.153s feedback_total=1.588s feedback_obs_pack=0.425s feedback_info_pack=0.075s effective_fps=285.64
2026-10-02 03:31:39.274 | INFO     | plugrl_env_client.runner.run:run:156 - Server signalled the end of the run; collection stopped after 25/1000000 episodes.
2026-10-02 03:31:39.275 | INFO     | plugrl_env_client.runner.rollout:log_timing_summary:101 - Final rollout timing summary: env_steps=25600 infer_calls=25600 feedback_calls=25600 infer_wait=85.542s infer_obs_pack=0.326s env_step=2.161s feedback_total=1.610s feedback_obs_pack=0.427s feedback_info_pack=0.074s effective_fps=285.59
2026-10-02 03:31:39.275 | INFO     | plugrl_env_client.runner.run:run:156 - Server signalled the end of the run; collection stopped after 25/1000000 episodes.
2026-10-02 03:31:39.276 | INFO     | plugrl_env_client.runner.rollout:log_timing_summary:101 - Final rollout timing summary: env_steps=25600 infer_calls=25600 feedback_calls=25600 infer_wait=85.594s infer_obs_pack=0.328s env_step=2.115s feedback_total=1.626s feedback_obs_pack=0.430s feedback_info_pack=0.074s effective_fps=285.51
2026-10-02 03:31:39.276 | INFO     | plugrl_env_client.runner.run:run:156 - Server signalled the end of the run; collection stopped after 25/1000000 episodes.
2026-10-02 03:31:39.277 | INFO     | plugrl_env_client.runner.rollout:log_timing_summary:101 - Final rollout timing summary: env_steps=25600 infer_calls=25600 feedback_calls=25600 infer_wait=85.651s infer_obs_pack=0.326s env_step=2.115s feedback_total=1.605s feedback_obs_pack=0.427s feedback_info_pack=0.072s effective_fps=285.40
2026-10-02 03:31:39.277 | INFO     | plugrl_env_client.runner.run:run:156 - Server signalled the end of the run; collection stopped after 25/1000000 episodes.
2026-10-02 03:31:39.277 | INFO     | plugrl_env_client.runner.rollout:log_timing_summary:101 - Final rollout timing summary: env_steps=25600 infer_calls=25600 feedback_calls=25600 infer_wait=85.703s infer_obs_pack=0.328s env_step=2.077s feedback_total=1.617s feedback_obs_pack=0.435s feedback_info_pack=0.074s effective_fps=285.31
2026-10-02 03:31:39.277 | INFO     | plugrl_env_client.runner.run:run:156 - Server signalled the end of the run; collection stopped after 25/1000000 episodes.
2026-10-02 03:31:39.279 | INFO     | plugrl_env_client.runner.rollout:log_timing_summary:101 - Final rollout timing summary: env_steps=25600 infer_calls=25600 feedback_calls=25600 infer_wait=85.506s infer_obs_pack=0.332s env_step=2.161s feedback_total=1.639s feedback_obs_pack=0.432s feedback_info_pack=0.076s effective_fps=285.59
2026-10-02 03:31:39.279 | INFO     | plugrl_env_client.runner.run:run:156 - Server signalled the end of the run; collection stopped after 25/1000000 episodes.
2026-10-02 03:31:39.280 | INFO     | plugrl_env_client.runner.rollout:log_timing_summary:101 - Final rollout timing summary: env_steps=25600 infer_calls=25600 feedback_calls=25600 infer_wait=85.559s infer_obs_pack=0.341s env_step=2.136s feedback_total=1.658s feedback_obs_pack=0.446s feedback_info_pack=0.074s effective_fps=285.42
2026-10-02 03:31:39.280 | INFO     | plugrl_env_client.runner.run:run:156 - Server signalled the end of the run; collection stopped after 25/1000000 episodes.
2026-10-02 03:31:39.281 | INFO     | plugrl_env_client.runner.rollout:log_timing_summary:101 - Final rollout timing summary: env_steps=25600 infer_calls=25600 feedback_calls=25600 infer_wait=85.683s infer_obs_pack=0.328s env_step=2.095s feedback_total=1.626s feedback_obs_pack=0.432s feedback_info_pack=0.075s effective_fps=285.29
2026-10-02 03:31:39.281 | INFO     | plugrl_env_client.runner.run:run:156 - Server signalled the end of the run; collection stopped after 25/1000000 episodes.
2026-10-02 03:31:39.284 | INFO     | plugrl_env_client.runner.rollout:log_timing_summary:101 - Final rollout timing summary: env_steps=25600 infer_calls=25600 feedback_calls=25600 infer_wait=85.755s infer_obs_pack=0.330s env_step=2.057s feedback_total=1.617s feedback_obs_pack=0.430s feedback_info_pack=0.073s effective_fps=285.21
2026-10-02 03:31:39.284 | INFO     | plugrl_env_client.runner.run:run:156 - Server signalled the end of the run; collection stopped after 25/1000000 episodes.
