plugrl-bridges: slots 0-0 <- ('127.0.0.1', 52288)
plugrl-bridges: slots 1-1 <- ('127.0.0.1', 52312)
plugrl-bridges: slots 2-2 <- ('127.0.0.1', 52310)
plugrl-bridges: slots 3-3 <- ('127.0.0.1', 52298)
plugrl-bridges: slots 4-4 <- ('127.0.0.1', 52316)
plugrl-bridges: slots 5-5 <- ('127.0.0.1', 52328)
plugrl-bridges: slots 6-6 <- ('127.0.0.1', 52332)
plugrl-bridges: slots 7-7 <- ('127.0.0.1', 52346)
plugrl-bridges: slots 8-8 <- ('127.0.0.1', 52358)
plugrl-bridges: slots 9-9 <- ('127.0.0.1', 52368)
plugrl-bridges: slots 10-10 <- ('127.0.0.1', 52370)
plugrl-bridges: slots 11-11 <- ('127.0.0.1', 52384)
plugrl-bridges: slots 12-12 <- ('127.0.0.1', 52396)
plugrl-bridges: slots 13-13 <- ('127.0.0.1', 52406)
plugrl-bridges: slots 14-14 <- ('127.0.0.1', 52414)
plugrl-bridges: slots 15-15 <- ('127.0.0.1', 52422)
Using cpu device
Logging to /home/guangzhao/zuogou/plugrl/e49/registered/sb3-halfcheetah-seed2/trainer-logs/PPO_1
-----------------------------
| time/              |      |
|    fps             | 9142 |
|    iterations      | 1    |
|    time_elapsed    | 0    |
|    total_timesteps | 4096 |
-----------------------------
-----------------------------------------
| time/                   |             |
|    fps                  | 6064        |
|    iterations           | 2           |
|    time_elapsed         | 1           |
|    total_timesteps      | 8192        |
| train/                  |             |
|    approx_kl            | 0.012626311 |
|    clip_fraction        | 0.139       |
|    clip_range           | 0.2         |
|    entropy_loss         | -8.49       |
|    explained_variance   | -0.265      |
|    learning_rate        | 0.0003      |
|    loss                 | 0.0743      |
|    n_updates            | 10          |
|    policy_gradient_loss | -0.0159     |
|    std                  | 0.995       |
|    value_loss           | 0.743       |
-----------------------------------------
-----------------------------------------
| time/                   |             |
|    fps                  | 5422        |
|    iterations           | 3           |
|    time_elapsed         | 2           |
|    total_timesteps      | 12288       |
| train/                  |             |
|    approx_kl            | 0.010853376 |
|    clip_fraction        | 0.121       |
|    clip_range           | 0.2         |
|    entropy_loss         | -8.47       |
|    explained_variance   | -0.0884     |
|    learning_rate        | 0.0003      |
|    loss                 | 0.0749      |
|    n_updates            | 20          |
|    policy_gradient_loss | -0.0162     |
|    std                  | 0.991       |
|    value_loss           | 0.168       |
-----------------------------------------
-----------------------------------------
| rollout/                |             |
|    ep_len_mean          | 1e+03       |
|    ep_rew_mean          | -343        |
| time/                   |             |
|    fps                  | 5178        |
|    iterations           | 4           |
|    time_elapsed         | 3           |
|    total_timesteps      | 16384       |
| train/                  |             |
|    approx_kl            | 0.010970471 |
|    clip_fraction        | 0.122       |
|    clip_range           | 0.2         |
|    entropy_loss         | -8.43       |
|    explained_variance   | 0.0271      |
|    learning_rate        | 0.0003      |
|    loss                 | 0.0631      |
|    n_updates            | 30          |
|    policy_gradient_loss | -0.0165     |
|    std                  | 0.984       |
|    value_loss           | 0.0996      |
-----------------------------------------
----------------------------------------
| rollout/                |            |
|    ep_len_mean          | 1e+03      |
|    ep_rew_mean          | -343       |
| time/                   |            |
|    fps                  | 5050       |
|    iterations           | 5          |
|    time_elapsed         | 4          |
|    total_timesteps      | 20480      |
| train/                  |            |
|    approx_kl            | 0.01090084 |
|    clip_fraction        | 0.126      |
|    clip_range           | 0.2        |
|    entropy_loss         | -8.37      |
|    explained_variance   | 0.0947     |
|    learning_rate        | 0.0003     |
|    loss                 | 0.0207     |
|    n_updates            | 40         |
|    policy_gradient_loss | -0.0166    |
|    std                  | 0.972      |
|    value_loss           | 0.0726     |
----------------------------------------
-----------------------------------------
| rollout/                |             |
|    ep_len_mean          | 1e+03       |
|    ep_rew_mean          | -343        |
| time/                   |             |
|    fps                  | 4973        |
|    iterations           | 6           |
|    time_elapsed         | 4           |
|    total_timesteps      | 24576       |
| train/                  |             |
|    approx_kl            | 0.011163367 |
|    clip_fraction        | 0.134       |
|    clip_range           | 0.2         |
|    entropy_loss         | -8.32       |
|    explained_variance   | 0.282       |
|    learning_rate        | 0.0003      |
|    loss                 | 0.0535      |
|    n_updates            | 50          |
|    policy_gradient_loss | -0.0167     |
|    std                  | 0.968       |
|    value_loss           | 0.129       |
-----------------------------------------
-----------------------------------------
| rollout/                |             |
|    ep_len_mean          | 1e+03       |
|    ep_rew_mean          | -343        |
| time/                   |             |
|    fps                  | 4885        |
|    iterations           | 7           |
|    time_elapsed         | 5           |
|    total_timesteps      | 28672       |
| train/                  |             |
|    approx_kl            | 0.012218159 |
|    clip_fraction        | 0.136       |
|    clip_range           | 0.2         |
|    entropy_loss         | -8.3        |
|    explained_variance   | 0.199       |
|    learning_rate        | 0.0003      |
|    loss                 | -0.0104     |
|    n_updates            | 60          |
|    policy_gradient_loss | -0.0175     |
|    std                  | 0.964       |
|    value_loss           | 0.0658      |
-----------------------------------------
-----------------------------------------
| rollout/                |             |
|    ep_len_mean          | 1e+03       |
|    ep_rew_mean          | -328        |
| time/                   |             |
|    fps                  | 4830        |
|    iterations           | 8           |
|    time_elapsed         | 6           |
|    total_timesteps      | 32768       |
| train/                  |             |
|    approx_kl            | 0.011092203 |
|    clip_fraction        | 0.133       |
|    clip_range           | 0.2         |
|    entropy_loss         | -8.26       |
|    explained_variance   | 0.261       |
|    learning_rate        | 0.0003      |
|    loss                 | -0.0227     |
|    n_updates            | 70          |
|    policy_gradient_loss | -0.0179     |
|    std                  | 0.956       |
|    value_loss           | 0.0267      |
-----------------------------------------
-----------------------------------------
| rollout/                |             |
|    ep_len_mean          | 1e+03       |
|    ep_rew_mean          | -328        |
| time/                   |             |
|    fps                  | 4786        |
|    iterations           | 9           |
|    time_elapsed         | 7           |
|    total_timesteps      | 36864       |
| train/                  |             |
|    approx_kl            | 0.010898795 |
|    clip_fraction        | 0.133       |
|    clip_range           | 0.2         |
|    entropy_loss         | -8.21       |
|    explained_variance   | 0.352       |
|    learning_rate        | 0.0003      |
|    loss                 | 0.0279      |
|    n_updates            | 80          |
|    policy_gradient_loss | -0.0185     |
|    std                  | 0.949       |
|    value_loss           | 0.0522      |
-----------------------------------------
------------------------------------------
| rollout/                |              |
|    ep_len_mean          | 1e+03        |
|    ep_rew_mean          | -328         |
| time/                   |              |
|    fps                  | 4768         |
|    iterations           | 10           |
|    time_elapsed         | 8            |
|    total_timesteps      | 40960        |
| train/                  |              |
|    approx_kl            | 0.0112368055 |
|    clip_fraction        | 0.13         |
|    clip_range           | 0.2          |
|    entropy_loss         | -8.16        |
|    explained_variance   | 0.475        |
|    learning_rate        | 0.0003       |
|    loss                 | 0.0249       |
|    n_updates            | 90           |
|    policy_gradient_loss | -0.019       |
|    std                  | 0.94         |
|    value_loss           | 0.069        |
------------------------------------------
----------------------------------------
| rollout/                |            |
|    ep_len_mean          | 1e+03      |
|    ep_rew_mean          | -328       |
| time/                   |            |
|    fps                  | 4742       |
|    iterations           | 11         |
|    time_elapsed         | 9          |
|    total_timesteps      | 45056      |
| train/                  |            |
|    approx_kl            | 0.01171708 |
|    clip_fraction        | 0.146      |
|    clip_range           | 0.2        |
|    entropy_loss         | -8.1       |
|    explained_variance   | 0.355      |
|    learning_rate        | 0.0003     |
|    loss                 | -0.0291    |
|    n_updates            | 100        |
|    policy_gradient_loss | -0.0201    |
|    std                  | 0.932      |
|    value_loss           | 0.0289     |
----------------------------------------
-----------------------------------------
| rollout/                |             |
|    ep_len_mean          | 1e+03       |
|    ep_rew_mean          | -305        |
| time/                   |             |
|    fps                  | 4708        |
|    iterations           | 12          |
|    time_elapsed         | 10          |
|    total_timesteps      | 49152       |
| train/                  |             |
|    approx_kl            | 0.010447955 |
|    clip_fraction        | 0.127       |
|    clip_range           | 0.2         |
|    entropy_loss         | -8.06       |
|    explained_variance   | 0.144       |
|    learning_rate        | 0.0003      |
|    loss                 | 0.000437    |
|    n_updates            | 110         |
|    policy_gradient_loss | -0.0179     |
|    std                  | 0.926       |
|    value_loss           | 0.0253      |
-----------------------------------------
-----------------------------------------
| rollout/                |             |
|    ep_len_mean          | 1e+03       |
|    ep_rew_mean          | -305        |
| time/                   |             |
|    fps                  | 4703        |
|    iterations           | 13          |
|    time_elapsed         | 11          |
|    total_timesteps      | 53248       |
| train/                  |             |
|    approx_kl            | 0.010504568 |
|    clip_fraction        | 0.126       |
|    clip_range           | 0.2         |
|    entropy_loss         | -8.05       |
|    explained_variance   | 0.721       |
|    learning_rate        | 0.0003      |
|    loss                 | -0.0144     |
|    n_updates            | 120         |
|    policy_gradient_loss | -0.0182     |
|    std                  | 0.926       |
|    value_loss           | 0.0574      |
-----------------------------------------
-----------------------------------------
| rollout/                |             |
|    ep_len_mean          | 1e+03       |
|    ep_rew_mean          | -305        |
| time/                   |             |
|    fps                  | 4699        |
|    iterations           | 14          |
|    time_elapsed         | 12          |
|    total_timesteps      | 57344       |
| train/                  |             |
|    approx_kl            | 0.011641322 |
|    clip_fraction        | 0.135       |
|    clip_range           | 0.2         |
|    entropy_loss         | -8.01       |
|    explained_variance   | 0.655       |
|    learning_rate        | 0.0003      |
|    loss                 | -0.0274     |
|    n_updates            | 130         |
|    policy_gradient_loss | -0.0195     |
|    std                  | 0.918       |
|    value_loss           | 0.0585      |
-----------------------------------------
-----------------------------------------
| rollout/                |             |
|    ep_len_mean          | 1e+03       |
|    ep_rew_mean          | -305        |
| time/                   |             |
|    fps                  | 4690        |
|    iterations           | 15          |
|    time_elapsed         | 13          |
|    total_timesteps      | 61440       |
| train/                  |             |
|    approx_kl            | 0.013795972 |
|    clip_fraction        | 0.183       |
|    clip_range           | 0.2         |
|    entropy_loss         | -7.97       |
|    explained_variance   | 0.559       |
|    learning_rate        | 0.0003      |
|    loss                 | -0.02       |
|    n_updates            | 140         |
|    policy_gradient_loss | -0.0251     |
|    std                  | 0.913       |
|    value_loss           | 0.0387      |
-----------------------------------------
----------------------------------------
| rollout/                |            |
|    ep_len_mean          | 1e+03      |
|    ep_rew_mean          | -276       |
| time/                   |            |
|    fps                  | 4682       |
|    iterations           | 16         |
|    time_elapsed         | 13         |
|    total_timesteps      | 65536      |
| train/                  |            |
|    approx_kl            | 0.01323976 |
|    clip_fraction        | 0.16       |
|    clip_range           | 0.2        |
|    entropy_loss         | -7.91      |
|    explained_variance   | 0.249      |
|    learning_rate        | 0.0003     |
|    loss                 | -0.0219    |
|    n_updates            | 150        |
|    policy_gradient_loss | -0.024     |
|    std                  | 0.902      |
|    value_loss           | 0.0414     |
----------------------------------------
-----------------------------------------
| rollout/                |             |
|    ep_len_mean          | 1e+03       |
|    ep_rew_mean          | -276        |
| time/                   |             |
|    fps                  | 4678        |
|    iterations           | 17          |
|    time_elapsed         | 14          |
|    total_timesteps      | 69632       |
| train/                  |             |
|    approx_kl            | 0.013364365 |
|    clip_fraction        | 0.156       |
|    clip_range           | 0.2         |
|    entropy_loss         | -7.85       |
|    explained_variance   | 0.414       |
|    learning_rate        | 0.0003      |
|    loss                 | 0.0197      |
|    n_updates            | 160         |
|    policy_gradient_loss | -0.0236     |
|    std                  | 0.894       |
|    value_loss           | 0.068       |
-----------------------------------------
-----------------------------------------
| rollout/                |             |
|    ep_len_mean          | 1e+03       |
|    ep_rew_mean          | -276        |
| time/                   |             |
|    fps                  | 4676        |
|    iterations           | 18          |
|    time_elapsed         | 15          |
|    total_timesteps      | 73728       |
| train/                  |             |
|    approx_kl            | 0.011677074 |
|    clip_fraction        | 0.159       |
|    clip_range           | 0.2         |
|    entropy_loss         | -7.8        |
|    explained_variance   | 0.299       |
|    learning_rate        | 0.0003      |
|    loss                 | 0.00461     |
|    n_updates            | 170         |
|    policy_gradient_loss | -0.0236     |
|    std                  | 0.887       |
|    value_loss           | 0.0512      |
-----------------------------------------
------------------------------------------
| rollout/                |              |
|    ep_len_mean          | 1e+03        |
|    ep_rew_mean          | -276         |
| time/                   |              |
|    fps                  | 4667         |
|    iterations           | 19           |
|    time_elapsed         | 16           |
|    total_timesteps      | 77824        |
| train/                  |              |
|    approx_kl            | 0.0138190165 |
|    clip_fraction        | 0.18         |
|    clip_range           | 0.2          |
|    entropy_loss         | -7.75        |
|    explained_variance   | 0.233        |
|    learning_rate        | 0.0003       |
|    loss                 | 0.00254      |
|    n_updates            | 180          |
|    policy_gradient_loss | -0.0261      |
|    std                  | 0.879        |
|    value_loss           | 0.0366       |
------------------------------------------
-----------------------------------------
| rollout/                |             |
|    ep_len_mean          | 1e+03       |
|    ep_rew_mean          | -244        |
| time/                   |             |
|    fps                  | 4660        |
|    iterations           | 20          |
|    time_elapsed         | 17          |
|    total_timesteps      | 81920       |
| train/                  |             |
|    approx_kl            | 0.012071753 |
|    clip_fraction        | 0.153       |
|    clip_range           | 0.2         |
|    entropy_loss         | -7.69       |
|    explained_variance   | 0.267       |
|    learning_rate        | 0.0003      |
|    loss                 | -0.00175    |
|    n_updates            | 190         |
|    policy_gradient_loss | -0.0229     |
|    std                  | 0.87        |
|    value_loss           | 0.0469      |
-----------------------------------------
-----------------------------------------
| rollout/                |             |
|    ep_len_mean          | 1e+03       |
|    ep_rew_mean          | -244        |
| time/                   |             |
|    fps                  | 4650        |
|    iterations           | 21          |
|    time_elapsed         | 18          |
|    total_timesteps      | 86016       |
| train/                  |             |
|    approx_kl            | 0.012658363 |
|    clip_fraction        | 0.157       |
|    clip_range           | 0.2         |
|    entropy_loss         | -7.66       |
|    explained_variance   | 0.403       |
|    learning_rate        | 0.0003      |
|    loss                 | -0.00464    |
|    n_updates            | 200         |
|    policy_gradient_loss | -0.0242     |
|    std                  | 0.867       |
|    value_loss           | 0.077       |
-----------------------------------------
-----------------------------------------
| rollout/                |             |
|    ep_len_mean          | 1e+03       |
|    ep_rew_mean          | -244        |
| time/                   |             |
|    fps                  | 4636        |
|    iterations           | 22          |
|    time_elapsed         | 19          |
|    total_timesteps      | 90112       |
| train/                  |             |
|    approx_kl            | 0.012349276 |
|    clip_fraction        | 0.157       |
|    clip_range           | 0.2         |
|    entropy_loss         | -7.63       |
|    explained_variance   | 0.376       |
|    learning_rate        | 0.0003      |
|    loss                 | -0.012      |
|    n_updates            | 210         |
|    policy_gradient_loss | -0.0245     |
|    std                  | 0.862       |
|    value_loss           | 0.06        |
-----------------------------------------
-----------------------------------------
| rollout/                |             |
|    ep_len_mean          | 1e+03       |
|    ep_rew_mean          | -244        |
| time/                   |             |
|    fps                  | 4631        |
|    iterations           | 23          |
|    time_elapsed         | 20          |
|    total_timesteps      | 94208       |
| train/                  |             |
|    approx_kl            | 0.013697434 |
|    clip_fraction        | 0.17        |
|    clip_range           | 0.2         |
|    entropy_loss         | -7.57       |
|    explained_variance   | 0.208       |
|    learning_rate        | 0.0003      |
|    loss                 | -0.025      |
|    n_updates            | 220         |
|    policy_gradient_loss | -0.0249     |
|    std                  | 0.852       |
|    value_loss           | 0.0345      |
-----------------------------------------
-----------------------------------------
| rollout/                |             |
|    ep_len_mean          | 1e+03       |
|    ep_rew_mean          | -210        |
| time/                   |             |
|    fps                  | 4628        |
|    iterations           | 24          |
|    time_elapsed         | 21          |
|    total_timesteps      | 98304       |
| train/                  |             |
|    approx_kl            | 0.013416923 |
|    clip_fraction        | 0.172       |
|    clip_range           | 0.2         |
|    entropy_loss         | -7.5        |
|    explained_variance   | 0.281       |
|    learning_rate        | 0.0003      |
|    loss                 | -0.0322     |
|    n_updates            | 230         |
|    policy_gradient_loss | -0.0264     |
|    std                  | 0.843       |
|    value_loss           | 0.0384      |
-----------------------------------------
-----------------------------------------
| rollout/                |             |
|    ep_len_mean          | 1e+03       |
|    ep_rew_mean          | -210        |
| time/                   |             |
|    fps                  | 4619        |
|    iterations           | 25          |
|    time_elapsed         | 22          |
|    total_timesteps      | 102400      |
| train/                  |             |
|    approx_kl            | 0.012935851 |
|    clip_fraction        | 0.142       |
|    clip_range           | 0.2         |
|    entropy_loss         | -7.4        |
|    explained_variance   | 0.494       |
|    learning_rate        | 0.0003      |
|    loss                 | -0.0147     |
|    n_updates            | 240         |
|    policy_gradient_loss | -0.0234     |
|    std                  | 0.828       |
|    value_loss           | 0.0686      |
-----------------------------------------
-----------------------------------------
| rollout/                |             |
|    ep_len_mean          | 1e+03       |
|    ep_rew_mean          | -210        |
| time/                   |             |
|    fps                  | 4609        |
|    iterations           | 26          |
|    time_elapsed         | 23          |
|    total_timesteps      | 106496      |
| train/                  |             |
|    approx_kl            | 0.012907067 |
|    clip_fraction        | 0.154       |
|    clip_range           | 0.2         |
|    entropy_loss         | -7.33       |
|    explained_variance   | 0.285       |
|    learning_rate        | 0.0003      |
|    loss                 | -0.0132     |
|    n_updates            | 250         |
|    policy_gradient_loss | -0.0233     |
|    std                  | 0.819       |
|    value_loss           | 0.0429      |
-----------------------------------------
-----------------------------------------
| rollout/                |             |
|    ep_len_mean          | 1e+03       |
|    ep_rew_mean          | -210        |
| time/                   |             |
|    fps                  | 4600        |
|    iterations           | 27          |
|    time_elapsed         | 24          |
|    total_timesteps      | 110592      |
| train/                  |             |
|    approx_kl            | 0.014737552 |
|    clip_fraction        | 0.184       |
|    clip_range           | 0.2         |
|    entropy_loss         | -7.25       |
|    explained_variance   | 0.302       |
|    learning_rate        | 0.0003      |
|    loss                 | -0.0293     |
|    n_updates            | 260         |
|    policy_gradient_loss | -0.0276     |
|    std                  | 0.808       |
|    value_loss           | 0.0398      |
-----------------------------------------
-----------------------------------------
| rollout/                |             |
|    ep_len_mean          | 1e+03       |
|    ep_rew_mean          | -151        |
| time/                   |             |
|    fps                  | 4597        |
|    iterations           | 28          |
|    time_elapsed         | 24          |
|    total_timesteps      | 114688      |
| train/                  |             |
|    approx_kl            | 0.013860535 |
|    clip_fraction        | 0.166       |
|    clip_range           | 0.2         |
|    entropy_loss         | -7.18       |
|    explained_variance   | 0.281       |
|    learning_rate        | 0.0003      |
|    loss                 | -0.0163     |
|    n_updates            | 270         |
|    policy_gradient_loss | -0.0248     |
|    std                  | 0.799       |
|    value_loss           | 0.0338      |
-----------------------------------------
-----------------------------------------
| rollout/                |             |
|    ep_len_mean          | 1e+03       |
|    ep_rew_mean          | -151        |
| time/                   |             |
|    fps                  | 4600        |
|    iterations           | 29          |
|    time_elapsed         | 25          |
|    total_timesteps      | 118784      |
| train/                  |             |
|    approx_kl            | 0.014057461 |
|    clip_fraction        | 0.165       |
|    clip_range           | 0.2         |
|    entropy_loss         | -7.1        |
|    explained_variance   | 0.579       |
|    learning_rate        | 0.0003      |
|    loss                 | -0.00802    |
|    n_updates            | 280         |
|    policy_gradient_loss | -0.0282     |
|    std                  | 0.788       |
|    value_loss           | 0.083       |
-----------------------------------------
-----------------------------------------
| rollout/                |             |
|    ep_len_mean          | 1e+03       |
|    ep_rew_mean          | -151        |
| time/                   |             |
|    fps                  | 4597        |
|    iterations           | 30          |
|    time_elapsed         | 26          |
|    total_timesteps      | 122880      |
| train/                  |             |
|    approx_kl            | 0.015077066 |
|    clip_fraction        | 0.188       |
|    clip_range           | 0.2         |
|    entropy_loss         | -7.02       |
|    explained_variance   | 0.656       |
|    learning_rate        | 0.0003      |
|    loss                 | -0.0351     |
|    n_updates            | 290         |
|    policy_gradient_loss | -0.0296     |
|    std                  | 0.779       |
|    value_loss           | 0.0467      |
-----------------------------------------
-----------------------------------------
| rollout/                |             |
|    ep_len_mean          | 1e+03       |
|    ep_rew_mean          | -151        |
| time/                   |             |
|    fps                  | 4593        |
|    iterations           | 31          |
|    time_elapsed         | 27          |
|    total_timesteps      | 126976      |
| train/                  |             |
|    approx_kl            | 0.015272886 |
|    clip_fraction        | 0.176       |
|    clip_range           | 0.2         |
|    entropy_loss         | -6.94       |
|    explained_variance   | 0.306       |
|    learning_rate        | 0.0003      |
|    loss                 | -0.0114     |
|    n_updates            | 300         |
|    policy_gradient_loss | -0.0274     |
|    std                  | 0.769       |
|    value_loss           | 0.0362      |
-----------------------------------------
-----------------------------------------
| rollout/                |             |
|    ep_len_mean          | 1e+03       |
|    ep_rew_mean          | -73.9       |
| time/                   |             |
|    fps                  | 4587        |
|    iterations           | 32          |
|    time_elapsed         | 28          |
|    total_timesteps      | 131072      |
| train/                  |             |
|    approx_kl            | 0.015469401 |
|    clip_fraction        | 0.189       |
|    clip_range           | 0.2         |
|    entropy_loss         | -6.86       |
|    explained_variance   | 0.327       |
|    learning_rate        | 0.0003      |
|    loss                 | -0.0305     |
|    n_updates            | 310         |
|    policy_gradient_loss | -0.0279     |
|    std                  | 0.76        |
|    value_loss           | 0.0348      |
-----------------------------------------
----------------------------------------
| rollout/                |            |
|    ep_len_mean          | 1e+03      |
|    ep_rew_mean          | -73.9      |
| time/                   |            |
|    fps                  | 4590       |
|    iterations           | 33         |
|    time_elapsed         | 29         |
|    total_timesteps      | 135168     |
| train/                  |            |
|    approx_kl            | 0.01457805 |
|    clip_fraction        | 0.154      |
|    clip_range           | 0.2        |
|    entropy_loss         | -6.78      |
|    explained_variance   | 0.622      |
|    learning_rate        | 0.0003     |
|    loss                 | -0.0087    |
|    n_updates            | 320        |
|    policy_gradient_loss | -0.0248    |
|    std                  | 0.749      |
|    value_loss           | 0.0672     |
----------------------------------------
-----------------------------------------
| rollout/                |             |
|    ep_len_mean          | 1e+03       |
|    ep_rew_mean          | -73.9       |
| time/                   |             |
|    fps                  | 4590        |
|    iterations           | 34          |
|    time_elapsed         | 30          |
|    total_timesteps      | 139264      |
| train/                  |             |
|    approx_kl            | 0.016320601 |
|    clip_fraction        | 0.186       |
|    clip_range           | 0.2         |
|    entropy_loss         | -6.68       |
|    explained_variance   | 0.322       |
|    learning_rate        | 0.0003      |
|    loss                 | -0.0162     |
|    n_updates            | 330         |
|    policy_gradient_loss | -0.0289     |
|    std                  | 0.737       |
|    value_loss           | 0.0355      |
-----------------------------------------
-----------------------------------------
| rollout/                |             |
|    ep_len_mean          | 1e+03       |
|    ep_rew_mean          | -73.9       |
| time/                   |             |
|    fps                  | 4590        |
|    iterations           | 35          |
|    time_elapsed         | 31          |
|    total_timesteps      | 143360      |
| train/                  |             |
|    approx_kl            | 0.016230682 |
|    clip_fraction        | 0.183       |
|    clip_range           | 0.2         |
|    entropy_loss         | -6.57       |
|    explained_variance   | 0.286       |
|    learning_rate        | 0.0003      |
|    loss                 | 0.00667     |
|    n_updates            | 340         |
|    policy_gradient_loss | -0.0259     |
|    std                  | 0.724       |
|    value_loss           | 0.0281      |
-----------------------------------------
-----------------------------------------
| rollout/                |             |
|    ep_len_mean          | 1e+03       |
|    ep_rew_mean          | 14          |
| time/                   |             |
|    fps                  | 4586        |
|    iterations           | 36          |
|    time_elapsed         | 32          |
|    total_timesteps      | 147456      |
| train/                  |             |
|    approx_kl            | 0.015656866 |
|    clip_fraction        | 0.173       |
|    clip_range           | 0.2         |
|    entropy_loss         | -6.5        |
|    explained_variance   | 0.323       |
|    learning_rate        | 0.0003      |
|    loss                 | -0.0265     |
|    n_updates            | 350         |
|    policy_gradient_loss | -0.0265     |
|    std                  | 0.718       |
|    value_loss           | 0.0296      |
-----------------------------------------
-----------------------------------------
| rollout/                |             |
|    ep_len_mean          | 1e+03       |
|    ep_rew_mean          | 14          |
| time/                   |             |
|    fps                  | 4582        |
|    iterations           | 37          |
|    time_elapsed         | 33          |
|    total_timesteps      | 151552      |
| train/                  |             |
|    approx_kl            | 0.018769523 |
|    clip_fraction        | 0.204       |
|    clip_range           | 0.2         |
|    entropy_loss         | -6.42       |
|    explained_variance   | 0.727       |
|    learning_rate        | 0.0003      |
|    loss                 | -0.00873    |
|    n_updates            | 360         |
|    policy_gradient_loss | -0.0298     |
|    std                  | 0.708       |
|    value_loss           | 0.0711      |
-----------------------------------------
-----------------------------------------
| rollout/                |             |
|    ep_len_mean          | 1e+03       |
|    ep_rew_mean          | 14          |
| time/                   |             |
|    fps                  | 4585        |
|    iterations           | 38          |
|    time_elapsed         | 33          |
|    total_timesteps      | 155648      |
| train/                  |             |
|    approx_kl            | 0.017454263 |
|    clip_fraction        | 0.203       |
|    clip_range           | 0.2         |
|    entropy_loss         | -6.3        |
|    explained_variance   | 0.316       |
|    learning_rate        | 0.0003      |
|    loss                 | -0.0398     |
|    n_updates            | 370         |
|    policy_gradient_loss | -0.0304     |
|    std                  | 0.694       |
|    value_loss           | 0.026       |
-----------------------------------------
-----------------------------------------
| rollout/                |             |
|    ep_len_mean          | 1e+03       |
|    ep_rew_mean          | 14          |
| time/                   |             |
|    fps                  | 4586        |
|    iterations           | 39          |
|    time_elapsed         | 34          |
|    total_timesteps      | 159744      |
| train/                  |             |
|    approx_kl            | 0.016757024 |
|    clip_fraction        | 0.209       |
|    clip_range           | 0.2         |
|    entropy_loss         | -6.19       |
|    explained_variance   | 0.286       |
|    learning_rate        | 0.0003      |
|    loss                 | -0.0553     |
|    n_updates            | 380         |
|    policy_gradient_loss | -0.0293     |
|    std                  | 0.68        |
|    value_loss           | 0.0201      |
-----------------------------------------
----------------------------------------
| rollout/                |            |
|    ep_len_mean          | 1e+03      |
|    ep_rew_mean          | 113        |
| time/                   |            |
|    fps                  | 4586       |
|    iterations           | 40         |
|    time_elapsed         | 35         |
|    total_timesteps      | 163840     |
| train/                  |            |
|    approx_kl            | 0.01778058 |
|    clip_fraction        | 0.199      |
|    clip_range           | 0.2        |
|    entropy_loss         | -6.08      |
|    explained_variance   | 0.342      |
|    learning_rate        | 0.0003     |
|    loss                 | -0.0629    |
|    n_updates            | 390        |
|    policy_gradient_loss | -0.0297    |
|    std                  | 0.669      |
|    value_loss           | 0.0222     |
----------------------------------------
-----------------------------------------
| rollout/                |             |
|    ep_len_mean          | 1e+03       |
|    ep_rew_mean          | 113         |
| time/                   |             |
|    fps                  | 4584        |
|    iterations           | 41          |
|    time_elapsed         | 36          |
|    total_timesteps      | 167936      |
| train/                  |             |
|    approx_kl            | 0.017033312 |
|    clip_fraction        | 0.186       |
|    clip_range           | 0.2         |
|    entropy_loss         | -6.02       |
|    explained_variance   | 0.749       |
|    learning_rate        | 0.0003      |
|    loss                 | 0.028       |
|    n_updates            | 400         |
|    policy_gradient_loss | -0.0248     |
|    std                  | 0.665       |
|    value_loss           | 0.0613      |
-----------------------------------------
-----------------------------------------
| rollout/                |             |
|    ep_len_mean          | 1e+03       |
|    ep_rew_mean          | 113         |
| time/                   |             |
|    fps                  | 4583        |
|    iterations           | 42          |
|    time_elapsed         | 37          |
|    total_timesteps      | 172032      |
| train/                  |             |
|    approx_kl            | 0.018530088 |
|    clip_fraction        | 0.217       |
|    clip_range           | 0.2         |
|    entropy_loss         | -5.95       |
|    explained_variance   | 0.305       |
|    learning_rate        | 0.0003      |
|    loss                 | -0.0492     |
|    n_updates            | 410         |
|    policy_gradient_loss | -0.03       |
|    std                  | 0.656       |
|    value_loss           | 0.0187      |
-----------------------------------------
-----------------------------------------
| rollout/                |             |
|    ep_len_mean          | 1e+03       |
|    ep_rew_mean          | 219         |
| time/                   |             |
|    fps                  | 4579        |
|    iterations           | 43          |
|    time_elapsed         | 38          |
|    total_timesteps      | 176128      |
| train/                  |             |
|    approx_kl            | 0.017169137 |
|    clip_fraction        | 0.208       |
|    clip_range           | 0.2         |
|    entropy_loss         | -5.88       |
|    explained_variance   | 0.286       |
|    learning_rate        | 0.0003      |
|    loss                 | -0.0229     |
|    n_updates            | 420         |
|    policy_gradient_loss | -0.0282     |
|    std                  | 0.648       |
|    value_loss           | 0.0149      |
-----------------------------------------
-----------------------------------------
| rollout/                |             |
|    ep_len_mean          | 1e+03       |
|    ep_rew_mean          | 219         |
| time/                   |             |
|    fps                  | 4576        |
|    iterations           | 44          |
|    time_elapsed         | 39          |
|    total_timesteps      | 180224      |
| train/                  |             |
|    approx_kl            | 0.020537384 |
|    clip_fraction        | 0.24        |
|    clip_range           | 0.2         |
|    entropy_loss         | -5.8        |
|    explained_variance   | 0.787       |
|    learning_rate        | 0.0003      |
|    loss                 | -0.0199     |
|    n_updates            | 430         |
|    policy_gradient_loss | -0.0327     |
|    std                  | 0.642       |
|    value_loss           | 0.0174      |
-----------------------------------------
-----------------------------------------
| rollout/                |             |
|    ep_len_mean          | 1e+03       |
|    ep_rew_mean          | 219         |
| time/                   |             |
|    fps                  | 4575        |
|    iterations           | 45          |
|    time_elapsed         | 40          |
|    total_timesteps      | 184320      |
| train/                  |             |
|    approx_kl            | 0.018421624 |
|    clip_fraction        | 0.191       |
|    clip_range           | 0.2         |
|    entropy_loss         | -5.77       |
|    explained_variance   | 0.748       |
|    learning_rate        | 0.0003      |
|    loss                 | -0.0321     |
|    n_updates            | 440         |
|    policy_gradient_loss | -0.0247     |
|    std                  | 0.638       |
|    value_loss           | 0.0369      |
-----------------------------------------
----------------------------------------
| rollout/                |            |
|    ep_len_mean          | 1e+03      |
|    ep_rew_mean          | 219        |
| time/                   |            |
|    fps                  | 4574       |
|    iterations           | 46         |
|    time_elapsed         | 41         |
|    total_timesteps      | 188416     |
| train/                  |            |
|    approx_kl            | 0.01815391 |
|    clip_fraction        | 0.209      |
|    clip_range           | 0.2        |
|    entropy_loss         | -5.7       |
|    explained_variance   | 0.887      |
|    learning_rate        | 0.0003     |
|    loss                 | -0.0369    |
|    n_updates            | 450        |
|    policy_gradient_loss | -0.0211    |
|    std                  | 0.629      |
|    value_loss           | 0.0148     |
----------------------------------------
-----------------------------------------
| rollout/                |             |
|    ep_len_mean          | 1e+03       |
|    ep_rew_mean          | 315         |
| time/                   |             |
|    fps                  | 4572        |
|    iterations           | 47          |
|    time_elapsed         | 42          |
|    total_timesteps      | 192512      |
| train/                  |             |
|    approx_kl            | 0.017019171 |
|    clip_fraction        | 0.199       |
|    clip_range           | 0.2         |
|    entropy_loss         | -5.63       |
|    explained_variance   | 0.938       |
|    learning_rate        | 0.0003      |
|    loss                 | -0.0218     |
|    n_updates            | 460         |
|    policy_gradient_loss | -0.0246     |
|    std                  | 0.625       |
|    value_loss           | 0.0136      |
-----------------------------------------
-----------------------------------------
| rollout/                |             |
|    ep_len_mean          | 1e+03       |
|    ep_rew_mean          | 315         |
| time/                   |             |
|    fps                  | 4569        |
|    iterations           | 48          |
|    time_elapsed         | 43          |
|    total_timesteps      | 196608      |
| train/                  |             |
|    approx_kl            | 0.017733274 |
|    clip_fraction        | 0.218       |
|    clip_range           | 0.2         |
|    entropy_loss         | -5.57       |
|    explained_variance   | 0.902       |
|    learning_rate        | 0.0003      |
|    loss                 | -0.0158     |
|    n_updates            | 470         |
|    policy_gradient_loss | -0.0265     |
|    std                  | 0.617       |
|    value_loss           | 0.0286      |
-----------------------------------------
-----------------------------------------
| rollout/                |             |
|    ep_len_mean          | 1e+03       |
|    ep_rew_mean          | 315         |
| time/                   |             |
|    fps                  | 4569        |
|    iterations           | 49          |
|    time_elapsed         | 43          |
|    total_timesteps      | 200704      |
| train/                  |             |
|    approx_kl            | 0.019097758 |
|    clip_fraction        | 0.227       |
|    clip_range           | 0.2         |
|    entropy_loss         | -5.47       |
|    explained_variance   | 0.355       |
|    learning_rate        | 0.0003      |
|    loss                 | 0.000306    |
|    n_updates            | 480         |
|    policy_gradient_loss | -0.0314     |
|    std                  | 0.608       |
|    value_loss           | 0.0114      |
-----------------------------------------
-----------------------------------------
| rollout/                |             |
|    ep_len_mean          | 1e+03       |
|    ep_rew_mean          | 315         |
| time/                   |             |
|    fps                  | 4565        |
|    iterations           | 50          |
|    time_elapsed         | 44          |
|    total_timesteps      | 204800      |
| train/                  |             |
|    approx_kl            | 0.021280855 |
|    clip_fraction        | 0.241       |
|    clip_range           | 0.2         |
|    entropy_loss         | -5.39       |
|    explained_variance   | 0.507       |
|    learning_rate        | 0.0003      |
|    loss                 | -0.0322     |
|    n_updates            | 490         |
|    policy_gradient_loss | -0.0289     |
|    std                  | 0.601       |
|    value_loss           | 0.0116      |
-----------------------------------------
-----------------------------------------
| rollout/                |             |
|    ep_len_mean          | 1e+03       |
|    ep_rew_mean          | 434         |
| time/                   |             |
|    fps                  | 4564        |
|    iterations           | 51          |
|    time_elapsed         | 45          |
|    total_timesteps      | 208896      |
| train/                  |             |
|    approx_kl            | 0.019920306 |
|    clip_fraction        | 0.229       |
|    clip_range           | 0.2         |
|    entropy_loss         | -5.31       |
|    explained_variance   | 0.323       |
|    learning_rate        | 0.0003      |
|    loss                 | -0.0317     |
|    n_updates            | 500         |
|    policy_gradient_loss | -0.0264     |
|    std                  | 0.592       |
|    value_loss           | 0.00961     |
-----------------------------------------
-----------------------------------------
| rollout/                |             |
|    ep_len_mean          | 1e+03       |
|    ep_rew_mean          | 434         |
| time/                   |             |
|    fps                  | 4561        |
|    iterations           | 52          |
|    time_elapsed         | 46          |
|    total_timesteps      | 212992      |
| train/                  |             |
|    approx_kl            | 0.022211235 |
|    clip_fraction        | 0.244       |
|    clip_range           | 0.2         |
|    entropy_loss         | -5.23       |
|    explained_variance   | 0.902       |
|    learning_rate        | 0.0003      |
|    loss                 | -0.00917    |
|    n_updates            | 510         |
|    policy_gradient_loss | -0.0295     |
|    std                  | 0.586       |
|    value_loss           | 0.0223      |
-----------------------------------------
----------------------------------------
| rollout/                |            |
|    ep_len_mean          | 1e+03      |
|    ep_rew_mean          | 434        |
| time/                   |            |
|    fps                  | 4560       |
|    iterations           | 53         |
|    time_elapsed         | 47         |
|    total_timesteps      | 217088     |
| train/                  |            |
|    approx_kl            | 0.02070158 |
|    clip_fraction        | 0.225      |
|    clip_range           | 0.2        |
|    entropy_loss         | -5.16      |
|    explained_variance   | 0.723      |
|    learning_rate        | 0.0003     |
|    loss                 | -0.0292    |
|    n_updates            | 520        |
|    policy_gradient_loss | -0.0282    |
|    std                  | 0.579      |
|    value_loss           | 0.0139     |
----------------------------------------
-----------------------------------------
| rollout/                |             |
|    ep_len_mean          | 1e+03       |
|    ep_rew_mean          | 434         |
| time/                   |             |
|    fps                  | 4558        |
|    iterations           | 54          |
|    time_elapsed         | 48          |
|    total_timesteps      | 221184      |
| train/                  |             |
|    approx_kl            | 0.020494571 |
|    clip_fraction        | 0.239       |
|    clip_range           | 0.2         |
|    entropy_loss         | -5.06       |
|    explained_variance   | 0.327       |
|    learning_rate        | 0.0003      |
|    loss                 | -0.0372     |
|    n_updates            | 530         |
|    policy_gradient_loss | -0.0263     |
|    std                  | 0.569       |
|    value_loss           | 0.00701     |
-----------------------------------------
----------------------------------------
| rollout/                |            |
|    ep_len_mean          | 1e+03      |
|    ep_rew_mean          | 550        |
| time/                   |            |
|    fps                  | 4559       |
|    iterations           | 55         |
|    time_elapsed         | 49         |
|    total_timesteps      | 225280     |
| train/                  |            |
|    approx_kl            | 0.02218118 |
|    clip_fraction        | 0.256      |
|    clip_range           | 0.2        |
|    entropy_loss         | -4.98      |
|    explained_variance   | 0.299      |
|    learning_rate        | 0.0003     |
|    loss                 | -0.0201    |
|    n_updates            | 540        |
|    policy_gradient_loss | -0.0265    |
|    std                  | 0.564      |
|    value_loss           | 0.0069     |
----------------------------------------
-----------------------------------------
| rollout/                |             |
|    ep_len_mean          | 1e+03       |
|    ep_rew_mean          | 550         |
| time/                   |             |
|    fps                  | 4559        |
|    iterations           | 56          |
|    time_elapsed         | 50          |
|    total_timesteps      | 229376      |
| train/                  |             |
|    approx_kl            | 0.024210332 |
|    clip_fraction        | 0.249       |
|    clip_range           | 0.2         |
|    entropy_loss         | -4.89       |
|    explained_variance   | 0.862       |
|    learning_rate        | 0.0003      |
|    loss                 | -0.0439     |
|    n_updates            | 550         |
|    policy_gradient_loss | -0.0304     |
|    std                  | 0.555       |
|    value_loss           | 0.015       |
-----------------------------------------
----------------------------------------
| rollout/                |            |
|    ep_len_mean          | 1e+03      |
|    ep_rew_mean          | 550        |
| time/                   |            |
|    fps                  | 4559       |
|    iterations           | 57         |
|    time_elapsed         | 51         |
|    total_timesteps      | 233472     |
| train/                  |            |
|    approx_kl            | 0.02014367 |
|    clip_fraction        | 0.226      |
|    clip_range           | 0.2        |
|    entropy_loss         | -4.83      |
|    explained_variance   | 0.301      |
|    learning_rate        | 0.0003     |
|    loss                 | -0.000185  |
|    n_updates            | 560        |
|    policy_gradient_loss | -0.0259    |
|    std                  | 0.551      |
|    value_loss           | 0.00582    |
----------------------------------------
-----------------------------------------
| rollout/                |             |
|    ep_len_mean          | 1e+03       |
|    ep_rew_mean          | 550         |
| time/                   |             |
|    fps                  | 4561        |
|    iterations           | 58          |
|    time_elapsed         | 52          |
|    total_timesteps      | 237568      |
| train/                  |             |
|    approx_kl            | 0.020643165 |
|    clip_fraction        | 0.229       |
|    clip_range           | 0.2         |
|    entropy_loss         | -4.78       |
|    explained_variance   | 0.315       |
|    learning_rate        | 0.0003      |
|    loss                 | -0.0309     |
|    n_updates            | 570         |
|    policy_gradient_loss | -0.0223     |
|    std                  | 0.546       |
|    value_loss           | 0.00542     |
-----------------------------------------
-----------------------------------------
| rollout/                |             |
|    ep_len_mean          | 1e+03       |
|    ep_rew_mean          | 664         |
| time/                   |             |
|    fps                  | 4560        |
|    iterations           | 59          |
|    time_elapsed         | 52          |
|    total_timesteps      | 241664      |
| train/                  |             |
|    approx_kl            | 0.020314086 |
|    clip_fraction        | 0.232       |
|    clip_range           | 0.2         |
|    entropy_loss         | -4.71       |
|    explained_variance   | 0.319       |
|    learning_rate        | 0.0003      |
|    loss                 | -0.0555     |
|    n_updates            | 580         |
|    policy_gradient_loss | -0.0221     |
|    std                  | 0.539       |
|    value_loss           | 0.00536     |
-----------------------------------------
-----------------------------------------
| rollout/                |             |
|    ep_len_mean          | 1e+03       |
|    ep_rew_mean          | 664         |
| time/                   |             |
|    fps                  | 4556        |
|    iterations           | 60          |
|    time_elapsed         | 53          |
|    total_timesteps      | 245760      |
| train/                  |             |
|    approx_kl            | 0.022431307 |
|    clip_fraction        | 0.245       |
|    clip_range           | 0.2         |
|    entropy_loss         | -4.66       |
|    explained_variance   | 0.88        |
|    learning_rate        | 0.0003      |
|    loss                 | -0.0559     |
|    n_updates            | 590         |
|    policy_gradient_loss | -0.0268     |
|    std                  | 0.536       |
|    value_loss           | 0.0123      |
-----------------------------------------
-----------------------------------------
| rollout/                |             |
|    ep_len_mean          | 1e+03       |
|    ep_rew_mean          | 664         |
| time/                   |             |
|    fps                  | 4554        |
|    iterations           | 61          |
|    time_elapsed         | 54          |
|    total_timesteps      | 249856      |
| train/                  |             |
|    approx_kl            | 0.022032656 |
|    clip_fraction        | 0.226       |
|    clip_range           | 0.2         |
|    entropy_loss         | -4.63       |
|    explained_variance   | 0.846       |
|    learning_rate        | 0.0003      |
|    loss                 | -0.0355     |
|    n_updates            | 600         |
|    policy_gradient_loss | -0.0277     |
|    std                  | 0.533       |
|    value_loss           | 0.00845     |
-----------------------------------------
-----------------------------------------
| rollout/                |             |
|    ep_len_mean          | 1e+03       |
|    ep_rew_mean          | 664         |
| time/                   |             |
|    fps                  | 4552        |
|    iterations           | 62          |
|    time_elapsed         | 55          |
|    total_timesteps      | 253952      |
| train/                  |             |
|    approx_kl            | 0.020367939 |
|    clip_fraction        | 0.237       |
|    clip_range           | 0.2         |
|    entropy_loss         | -4.55       |
|    explained_variance   | 0.309       |
|    learning_rate        | 0.0003      |
|    loss                 | -0.00309    |
|    n_updates            | 610         |
|    policy_gradient_loss | -0.0226     |
|    std                  | 0.525       |
|    value_loss           | 0.00447     |
-----------------------------------------
-----------------------------------------
| rollout/                |             |
|    ep_len_mean          | 1e+03       |
|    ep_rew_mean          | 752         |
| time/                   |             |
|    fps                  | 4551        |
|    iterations           | 63          |
|    time_elapsed         | 56          |
|    total_timesteps      | 258048      |
| train/                  |             |
|    approx_kl            | 0.022038491 |
|    clip_fraction        | 0.245       |
|    clip_range           | 0.2         |
|    entropy_loss         | -4.48       |
|    explained_variance   | 0.332       |
|    learning_rate        | 0.0003      |
|    loss                 | -0.0375     |
|    n_updates            | 620         |
|    policy_gradient_loss | -0.0243     |
|    std                  | 0.52        |
|    value_loss           | 0.00474     |
-----------------------------------------
----------------------------------------
| rollout/                |            |
|    ep_len_mean          | 1e+03      |
|    ep_rew_mean          | 752        |
| time/                   |            |
|    fps                  | 4549       |
|    iterations           | 64         |
|    time_elapsed         | 57         |
|    total_timesteps      | 262144     |
| train/                  |            |
|    approx_kl            | 0.02234435 |
|    clip_fraction        | 0.24       |
|    clip_range           | 0.2        |
|    entropy_loss         | -4.43      |
|    explained_variance   | 0.918      |
|    learning_rate        | 0.0003     |
|    loss                 | -0.0216    |
|    n_updates            | 630        |
|    policy_gradient_loss | -0.0254    |
|    std                  | 0.516      |
|    value_loss           | 0.0151     |
----------------------------------------
-----------------------------------------
| rollout/                |             |
|    ep_len_mean          | 1e+03       |
|    ep_rew_mean          | 752         |
| time/                   |             |
|    fps                  | 4549        |
|    iterations           | 65          |
|    time_elapsed         | 58          |
|    total_timesteps      | 266240      |
| train/                  |             |
|    approx_kl            | 0.024769466 |
|    clip_fraction        | 0.254       |
|    clip_range           | 0.2         |
|    entropy_loss         | -4.36       |
|    explained_variance   | 0.91        |
|    learning_rate        | 0.0003      |
|    loss                 | -0.00988    |
|    n_updates            | 640         |
|    policy_gradient_loss | -0.0276     |
|    std                  | 0.509       |
|    value_loss           | 0.013       |
-----------------------------------------
----------------------------------------
| rollout/                |            |
|    ep_len_mean          | 1e+03      |
|    ep_rew_mean          | 752        |
| time/                   |            |
|    fps                  | 4550       |
|    iterations           | 66         |
|    time_elapsed         | 59         |
|    total_timesteps      | 270336     |
| train/                  |            |
|    approx_kl            | 0.02193332 |
|    clip_fraction        | 0.239      |
|    clip_range           | 0.2        |
|    entropy_loss         | -4.3       |
|    explained_variance   | 0.954      |
|    learning_rate        | 0.0003     |
|    loss                 | 0.00684    |
|    n_updates            | 650        |
|    policy_gradient_loss | -0.0237    |
|    std                  | 0.506      |
|    value_loss           | 0.00494    |
----------------------------------------
-----------------------------------------
| rollout/                |             |
|    ep_len_mean          | 1e+03       |
|    ep_rew_mean          | 817         |
| time/                   |             |
|    fps                  | 4550        |
|    iterations           | 67          |
|    time_elapsed         | 60          |
|    total_timesteps      | 274432      |
| train/                  |             |
|    approx_kl            | 0.022467589 |
|    clip_fraction        | 0.24        |
|    clip_range           | 0.2         |
|    entropy_loss         | -4.21       |
|    explained_variance   | 0.976       |
|    learning_rate        | 0.0003      |
|    loss                 | -0.0357     |
|    n_updates            | 660         |
|    policy_gradient_loss | -0.0227     |
|    std                  | 0.496       |
|    value_loss           | 0.00438     |
-----------------------------------------
-----------------------------------------
| rollout/                |             |
|    ep_len_mean          | 1e+03       |
|    ep_rew_mean          | 817         |
| time/                   |             |
|    fps                  | 4549        |
|    iterations           | 68          |
|    time_elapsed         | 61          |
|    total_timesteps      | 278528      |
| train/                  |             |
|    approx_kl            | 0.024133712 |
|    clip_fraction        | 0.266       |
|    clip_range           | 0.2         |
|    entropy_loss         | -4.13       |
|    explained_variance   | 0.926       |
|    learning_rate        | 0.0003      |
|    loss                 | -0.02       |
|    n_updates            | 670         |
|    policy_gradient_loss | -0.0261     |
|    std                  | 0.491       |
|    value_loss           | 0.0125      |
-----------------------------------------
-----------------------------------------
| rollout/                |             |
|    ep_len_mean          | 1e+03       |
|    ep_rew_mean          | 817         |
| time/                   |             |
|    fps                  | 4547        |
|    iterations           | 69          |
|    time_elapsed         | 62          |
|    total_timesteps      | 282624      |
| train/                  |             |
|    approx_kl            | 0.023602212 |
|    clip_fraction        | 0.254       |
|    clip_range           | 0.2         |
|    entropy_loss         | -4.08       |
|    explained_variance   | 0.895       |
|    learning_rate        | 0.0003      |
|    loss                 | -0.0324     |
|    n_updates            | 680         |
|    policy_gradient_loss | -0.0288     |
|    std                  | 0.486       |
|    value_loss           | 0.00585     |
-----------------------------------------
-----------------------------------------
| rollout/                |             |
|    ep_len_mean          | 1e+03       |
|    ep_rew_mean          | 817         |
| time/                   |             |
|    fps                  | 4547        |
|    iterations           | 70          |
|    time_elapsed         | 63          |
|    total_timesteps      | 286720      |
| train/                  |             |
|    approx_kl            | 0.024512786 |
|    clip_fraction        | 0.268       |
|    clip_range           | 0.2         |
|    entropy_loss         | -4.02       |
|    explained_variance   | 0.89        |
|    learning_rate        | 0.0003      |
|    loss                 | -0.0778     |
|    n_updates            | 690         |
|    policy_gradient_loss | -0.0277     |
|    std                  | 0.483       |
|    value_loss           | 0.00394     |
-----------------------------------------
-----------------------------------------
| rollout/                |             |
|    ep_len_mean          | 1e+03       |
|    ep_rew_mean          | 900         |
| time/                   |             |
|    fps                  | 4546        |
|    iterations           | 71          |
|    time_elapsed         | 63          |
|    total_timesteps      | 290816      |
| train/                  |             |
|    approx_kl            | 0.022931298 |
|    clip_fraction        | 0.258       |
|    clip_range           | 0.2         |
|    entropy_loss         | -3.97       |
|    explained_variance   | 0.527       |
|    learning_rate        | 0.0003      |
|    loss                 | -0.0341     |
|    n_updates            | 700         |
|    policy_gradient_loss | -0.025      |
|    std                  | 0.478       |
|    value_loss           | 0.00342     |
-----------------------------------------
-----------------------------------------
| rollout/                |             |
|    ep_len_mean          | 1e+03       |
|    ep_rew_mean          | 900         |
| time/                   |             |
|    fps                  | 4545        |
|    iterations           | 72          |
|    time_elapsed         | 64          |
|    total_timesteps      | 294912      |
| train/                  |             |
|    approx_kl            | 0.024225326 |
|    clip_fraction        | 0.267       |
|    clip_range           | 0.2         |
|    entropy_loss         | -3.93       |
|    explained_variance   | 0.914       |
|    learning_rate        | 0.0003      |
|    loss                 | -0.0326     |
|    n_updates            | 710         |
|    policy_gradient_loss | -0.0261     |
|    std                  | 0.476       |
|    value_loss           | 0.00948     |
-----------------------------------------
-----------------------------------------
| rollout/                |             |
|    ep_len_mean          | 1e+03       |
|    ep_rew_mean          | 900         |
| time/                   |             |
|    fps                  | 4545        |
|    iterations           | 73          |
|    time_elapsed         | 65          |
|    total_timesteps      | 299008      |
| train/                  |             |
|    approx_kl            | 0.024167629 |
|    clip_fraction        | 0.258       |
|    clip_range           | 0.2         |
|    entropy_loss         | -3.88       |
|    explained_variance   | 0.918       |
|    learning_rate        | 0.0003      |
|    loss                 | -0.0484     |
|    n_updates            | 720         |
|    policy_gradient_loss | -0.0248     |
|    std                  | 0.472       |
|    value_loss           | 0.0105      |
-----------------------------------------
-----------------------------------------
| rollout/                |             |
|    ep_len_mean          | 1e+03       |
|    ep_rew_mean          | 900         |
| time/                   |             |
|    fps                  | 4545        |
|    iterations           | 74          |
|    time_elapsed         | 66          |
|    total_timesteps      | 303104      |
| train/                  |             |
|    approx_kl            | 0.024205182 |
|    clip_fraction        | 0.26        |
|    clip_range           | 0.2         |
|    entropy_loss         | -3.83       |
|    explained_variance   | 0.841       |
|    learning_rate        | 0.0003      |
|    loss                 | -0.0368     |
|    n_updates            | 730         |
|    policy_gradient_loss | -0.0258     |
|    std                  | 0.468       |
|    value_loss           | 0.0056      |
-----------------------------------------
-----------------------------------------
| rollout/                |             |
|    ep_len_mean          | 1e+03       |
|    ep_rew_mean          | 941         |
| time/                   |             |
|    fps                  | 4543        |
|    iterations           | 75          |
|    time_elapsed         | 67          |
|    total_timesteps      | 307200      |
| train/                  |             |
|    approx_kl            | 0.024300043 |
|    clip_fraction        | 0.25        |
|    clip_range           | 0.2         |
|    entropy_loss         | -3.77       |
|    explained_variance   | 0.339       |
|    learning_rate        | 0.0003      |
|    loss                 | -0.0165     |
|    n_updates            | 740         |
|    policy_gradient_loss | -0.0225     |
|    std                  | 0.463       |
|    value_loss           | 0.00387     |
-----------------------------------------
-----------------------------------------
| rollout/                |             |
|    ep_len_mean          | 1e+03       |
|    ep_rew_mean          | 941         |
| time/                   |             |
|    fps                  | 4543        |
|    iterations           | 76          |
|    time_elapsed         | 68          |
|    total_timesteps      | 311296      |
| train/                  |             |
|    approx_kl            | 0.026183993 |
|    clip_fraction        | 0.281       |
|    clip_range           | 0.2         |
|    entropy_loss         | -3.69       |
|    explained_variance   | 0.897       |
|    learning_rate        | 0.0003      |
|    loss                 | -0.0548     |
|    n_updates            | 750         |
|    policy_gradient_loss | -0.0279     |
|    std                  | 0.457       |
|    value_loss           | 0.0109      |
-----------------------------------------
-----------------------------------------
| rollout/                |             |
|    ep_len_mean          | 1e+03       |
|    ep_rew_mean          | 941         |
| time/                   |             |
|    fps                  | 4542        |
|    iterations           | 77          |
|    time_elapsed         | 69          |
|    total_timesteps      | 315392      |
| train/                  |             |
|    approx_kl            | 0.025357105 |
|    clip_fraction        | 0.27        |
|    clip_range           | 0.2         |
|    entropy_loss         | -3.64       |
|    explained_variance   | 0.899       |
|    learning_rate        | 0.0003      |
|    loss                 | -0.0184     |
|    n_updates            | 760         |
|    policy_gradient_loss | -0.026      |
|    std                  | 0.454       |
|    value_loss           | 0.00781     |
-----------------------------------------
-----------------------------------------
| rollout/                |             |
|    ep_len_mean          | 1e+03       |
|    ep_rew_mean          | 941         |
| time/                   |             |
|    fps                  | 4543        |
|    iterations           | 78          |
|    time_elapsed         | 70          |
|    total_timesteps      | 319488      |
| train/                  |             |
|    approx_kl            | 0.026649583 |
|    clip_fraction        | 0.28        |
|    clip_range           | 0.2         |
|    entropy_loss         | -3.56       |
|    explained_variance   | 0.705       |
|    learning_rate        | 0.0003      |
|    loss                 | -0.0507     |
|    n_updates            | 770         |
|    policy_gradient_loss | -0.0259     |
|    std                  | 0.448       |
|    value_loss           | 0.0036      |
-----------------------------------------
-----------------------------------------
| rollout/                |             |
|    ep_len_mean          | 1e+03       |
|    ep_rew_mean          | 980         |
| time/                   |             |
|    fps                  | 4543        |
|    iterations           | 79          |
|    time_elapsed         | 71          |
|    total_timesteps      | 323584      |
| train/                  |             |
|    approx_kl            | 0.025346436 |
|    clip_fraction        | 0.273       |
|    clip_range           | 0.2         |
|    entropy_loss         | -3.47       |
|    explained_variance   | 0.352       |
|    learning_rate        | 0.0003      |
|    loss                 | -0.0252     |
|    n_updates            | 780         |
|    policy_gradient_loss | -0.0225     |
|    std                  | 0.443       |
|    value_loss           | 0.0032      |
-----------------------------------------
-----------------------------------------
| rollout/                |             |
|    ep_len_mean          | 1e+03       |
|    ep_rew_mean          | 980         |
| time/                   |             |
|    fps                  | 4543        |
|    iterations           | 80          |
|    time_elapsed         | 72          |
|    total_timesteps      | 327680      |
| train/                  |             |
|    approx_kl            | 0.027061433 |
|    clip_fraction        | 0.29        |
|    clip_range           | 0.2         |
|    entropy_loss         | -3.45       |
|    explained_variance   | 0.855       |
|    learning_rate        | 0.0003      |
|    loss                 | -0.0326     |
|    n_updates            | 790         |
|    policy_gradient_loss | -0.0269     |
|    std                  | 0.442       |
|    value_loss           | 0.0115      |
-----------------------------------------
-----------------------------------------
| rollout/                |             |
|    ep_len_mean          | 1e+03       |
|    ep_rew_mean          | 980         |
| time/                   |             |
|    fps                  | 4543        |
|    iterations           | 81          |
|    time_elapsed         | 73          |
|    total_timesteps      | 331776      |
| train/                  |             |
|    approx_kl            | 0.026768602 |
|    clip_fraction        | 0.281       |
|    clip_range           | 0.2         |
|    entropy_loss         | -3.41       |
|    explained_variance   | 0.844       |
|    learning_rate        | 0.0003      |
|    loss                 | -0.0404     |
|    n_updates            | 800         |
|    policy_gradient_loss | -0.0256     |
|    std                  | 0.439       |
|    value_loss           | 0.00504     |
-----------------------------------------
-----------------------------------------
| rollout/                |             |
|    ep_len_mean          | 1e+03       |
|    ep_rew_mean          | 980         |
| time/                   |             |
|    fps                  | 4542        |
|    iterations           | 82          |
|    time_elapsed         | 73          |
|    total_timesteps      | 335872      |
| train/                  |             |
|    approx_kl            | 0.025503749 |
|    clip_fraction        | 0.293       |
|    clip_range           | 0.2         |
|    entropy_loss         | -3.36       |
|    explained_variance   | 0.344       |
|    learning_rate        | 0.0003      |
|    loss                 | -0.0294     |
|    n_updates            | 810         |
|    policy_gradient_loss | -0.0222     |
|    std                  | 0.435       |
|    value_loss           | 0.00301     |
-----------------------------------------
-----------------------------------------
| rollout/                |             |
|    ep_len_mean          | 1e+03       |
|    ep_rew_mean          | 1.02e+03    |
| time/                   |             |
|    fps                  | 4542        |
|    iterations           | 83          |
|    time_elapsed         | 74          |
|    total_timesteps      | 339968      |
| train/                  |             |
|    approx_kl            | 0.023814522 |
|    clip_fraction        | 0.271       |
|    clip_range           | 0.2         |
|    entropy_loss         | -3.28       |
|    explained_variance   | 0.358       |
|    learning_rate        | 0.0003      |
|    loss                 | -0.0698     |
|    n_updates            | 820         |
|    policy_gradient_loss | -0.0216     |
|    std                  | 0.428       |
|    value_loss           | 0.00261     |
-----------------------------------------
----------------------------------------
| rollout/                |            |
|    ep_len_mean          | 1e+03      |
|    ep_rew_mean          | 1.02e+03   |
| time/                   |            |
|    fps                  | 4543       |
|    iterations           | 84         |
|    time_elapsed         | 75         |
|    total_timesteps      | 344064     |
| train/                  |            |
|    approx_kl            | 0.03132913 |
|    clip_fraction        | 0.323      |
|    clip_range           | 0.2        |
|    entropy_loss         | -3.25      |
|    explained_variance   | 0.857      |
|    learning_rate        | 0.0003     |
|    loss                 | -0.0345    |
|    n_updates            | 830        |
|    policy_gradient_loss | -0.0261    |
|    std                  | 0.428      |
|    value_loss           | 0.00998    |
----------------------------------------
-----------------------------------------
| rollout/                |             |
|    ep_len_mean          | 1e+03       |
|    ep_rew_mean          | 1.02e+03    |
| time/                   |             |
|    fps                  | 4542        |
|    iterations           | 85          |
|    time_elapsed         | 76          |
|    total_timesteps      | 348160      |
| train/                  |             |
|    approx_kl            | 0.028981917 |
|    clip_fraction        | 0.3         |
|    clip_range           | 0.2         |
|    entropy_loss         | -3.23       |
|    explained_variance   | 0.887       |
|    learning_rate        | 0.0003      |
|    loss                 | -0.0181     |
|    n_updates            | 840         |
|    policy_gradient_loss | -0.0269     |
|    std                  | 0.426       |
|    value_loss           | 0.00541     |
-----------------------------------------
-----------------------------------------
| rollout/                |             |
|    ep_len_mean          | 1e+03       |
|    ep_rew_mean          | 1.05e+03    |
| time/                   |             |
|    fps                  | 4543        |
|    iterations           | 86          |
|    time_elapsed         | 77          |
|    total_timesteps      | 352256      |
| train/                  |             |
|    approx_kl            | 0.028568538 |
|    clip_fraction        | 0.289       |
|    clip_range           | 0.2         |
|    entropy_loss         | -3.18       |
|    explained_variance   | 0.759       |
|    learning_rate        | 0.0003      |
|    loss                 | -0.0465     |
|    n_updates            | 850         |
|    policy_gradient_loss | -0.0244     |
|    std                  | 0.422       |
|    value_loss           | 0.0027      |
-----------------------------------------
-----------------------------------------
| rollout/                |             |
|    ep_len_mean          | 1e+03       |
|    ep_rew_mean          | 1.05e+03    |
| time/                   |             |
|    fps                  | 4540        |
|    iterations           | 87          |
|    time_elapsed         | 78          |
|    total_timesteps      | 356352      |
| train/                  |             |
|    approx_kl            | 0.028822897 |
|    clip_fraction        | 0.302       |
|    clip_range           | 0.2         |
|    entropy_loss         | -3.12       |
|    explained_variance   | 0.842       |
|    learning_rate        | 0.0003      |
|    loss                 | -0.0692     |
|    n_updates            | 860         |
|    policy_gradient_loss | -0.0261     |
|    std                  | 0.418       |
|    value_loss           | 0.00317     |
-----------------------------------------
-----------------------------------------
| rollout/                |             |
|    ep_len_mean          | 1e+03       |
|    ep_rew_mean          | 1.05e+03    |
| time/                   |             |
|    fps                  | 4540        |
|    iterations           | 88          |
|    time_elapsed         | 79          |
|    total_timesteps      | 360448      |
| train/                  |             |
|    approx_kl            | 0.029911065 |
|    clip_fraction        | 0.309       |
|    clip_range           | 0.2         |
|    entropy_loss         | -3.07       |
|    explained_variance   | 0.837       |
|    learning_rate        | 0.0003      |
|    loss                 | -0.0364     |
|    n_updates            | 870         |
|    policy_gradient_loss | -0.0279     |
|    std                  | 0.415       |
|    value_loss           | 0.00794     |
-----------------------------------------
-----------------------------------------
| rollout/                |             |
|    ep_len_mean          | 1e+03       |
|    ep_rew_mean          | 1.05e+03    |
| time/                   |             |
|    fps                  | 4538        |
|    iterations           | 89          |
|    time_elapsed         | 80          |
|    total_timesteps      | 364544      |
| train/                  |             |
|    approx_kl            | 0.029495582 |
|    clip_fraction        | 0.293       |
|    clip_range           | 0.2         |
|    entropy_loss         | -3.04       |
|    explained_variance   | 0.862       |
|    learning_rate        | 0.0003      |
|    loss                 | -0.0503     |
|    n_updates            | 880         |
|    policy_gradient_loss | -0.0269     |
|    std                  | 0.412       |
|    value_loss           | 0.005       |
-----------------------------------------
-----------------------------------------
| rollout/                |             |
|    ep_len_mean          | 1e+03       |
|    ep_rew_mean          | 1.1e+03     |
| time/                   |             |
|    fps                  | 4537        |
|    iterations           | 90          |
|    time_elapsed         | 81          |
|    total_timesteps      | 368640      |
| train/                  |             |
|    approx_kl            | 0.026986338 |
|    clip_fraction        | 0.291       |
|    clip_range           | 0.2         |
|    entropy_loss         | -2.98       |
|    explained_variance   | 0.461       |
|    learning_rate        | 0.0003      |
|    loss                 | -0.0267     |
|    n_updates            | 890         |
|    policy_gradient_loss | -0.0244     |
|    std                  | 0.409       |
|    value_loss           | 0.00282     |
-----------------------------------------
-----------------------------------------
| rollout/                |             |
|    ep_len_mean          | 1e+03       |
|    ep_rew_mean          | 1.1e+03     |
| time/                   |             |
|    fps                  | 4538        |
|    iterations           | 91          |
|    time_elapsed         | 82          |
|    total_timesteps      | 372736      |
| train/                  |             |
|    approx_kl            | 0.026779886 |
|    clip_fraction        | 0.282       |
|    clip_range           | 0.2         |
|    entropy_loss         | -2.94       |
|    explained_variance   | 0.86        |
|    learning_rate        | 0.0003      |
|    loss                 | -0.0477     |
|    n_updates            | 900         |
|    policy_gradient_loss | -0.021      |
|    std                  | 0.405       |
|    value_loss           | 0.00322     |
-----------------------------------------
----------------------------------------
| rollout/                |            |
|    ep_len_mean          | 1e+03      |
|    ep_rew_mean          | 1.1e+03    |
| time/                   |            |
|    fps                  | 4536       |
|    iterations           | 92         |
|    time_elapsed         | 83         |
|    total_timesteps      | 376832     |
| train/                  |            |
|    approx_kl            | 0.03440441 |
|    clip_fraction        | 0.314      |
|    clip_range           | 0.2        |
|    entropy_loss         | -2.88      |
|    explained_variance   | 0.783      |
|    learning_rate        | 0.0003     |
|    loss                 | -0.0689    |
|    n_updates            | 910        |
|    policy_gradient_loss | -0.0271    |
|    std                  | 0.401      |
|    value_loss           | 0.00634    |
----------------------------------------
-----------------------------------------
| rollout/                |             |
|    ep_len_mean          | 1e+03       |
|    ep_rew_mean          | 1.1e+03     |
| time/                   |             |
|    fps                  | 4533        |
|    iterations           | 93          |
|    time_elapsed         | 84          |
|    total_timesteps      | 380928      |
| train/                  |             |
|    approx_kl            | 0.028899997 |
|    clip_fraction        | 0.295       |
|    clip_range           | 0.2         |
|    entropy_loss         | -2.81       |
|    explained_variance   | 0.329       |
|    learning_rate        | 0.0003      |
|    loss                 | -0.0361     |
|    n_updates            | 920         |
|    policy_gradient_loss | -0.0199     |
|    std                  | 0.397       |
|    value_loss           | 0.00315     |
-----------------------------------------
-----------------------------------------
| rollout/                |             |
|    ep_len_mean          | 1e+03       |
|    ep_rew_mean          | 1.13e+03    |
| time/                   |             |
|    fps                  | 4534        |
|    iterations           | 94          |
|    time_elapsed         | 84          |
|    total_timesteps      | 385024      |
| train/                  |             |
|    approx_kl            | 0.029631538 |
|    clip_fraction        | 0.31        |
|    clip_range           | 0.2         |
|    entropy_loss         | -2.76       |
|    explained_variance   | 0.361       |
|    learning_rate        | 0.0003      |
|    loss                 | -0.0487     |
|    n_updates            | 930         |
|    policy_gradient_loss | -0.0198     |
|    std                  | 0.395       |
|    value_loss           | 0.0027      |
-----------------------------------------
-----------------------------------------
| rollout/                |             |
|    ep_len_mean          | 1e+03       |
|    ep_rew_mean          | 1.13e+03    |
| time/                   |             |
|    fps                  | 4535        |
|    iterations           | 95          |
|    time_elapsed         | 85          |
|    total_timesteps      | 389120      |
| train/                  |             |
|    approx_kl            | 0.034456216 |
|    clip_fraction        | 0.311       |
|    clip_range           | 0.2         |
|    entropy_loss         | -2.7        |
|    explained_variance   | 0.824       |
|    learning_rate        | 0.0003      |
|    loss                 | -0.0426     |
|    n_updates            | 940         |
|    policy_gradient_loss | -0.0262     |
|    std                  | 0.39        |
|    value_loss           | 0.00356     |
-----------------------------------------
-----------------------------------------
| rollout/                |             |
|    ep_len_mean          | 1e+03       |
|    ep_rew_mean          | 1.13e+03    |
| time/                   |             |
|    fps                  | 4535        |
|    iterations           | 96          |
|    time_elapsed         | 86          |
|    total_timesteps      | 393216      |
| train/                  |             |
|    approx_kl            | 0.034715112 |
|    clip_fraction        | 0.332       |
|    clip_range           | 0.2         |
|    entropy_loss         | -2.65       |
|    explained_variance   | 0.7         |
|    learning_rate        | 0.0003      |
|    loss                 | -0.0225     |
|    n_updates            | 950         |
|    policy_gradient_loss | -0.0286     |
|    std                  | 0.387       |
|    value_loss           | 0.00505     |
-----------------------------------------
-----------------------------------------
| rollout/                |             |
|    ep_len_mean          | 1e+03       |
|    ep_rew_mean          | 1.13e+03    |
| time/                   |             |
|    fps                  | 4534        |
|    iterations           | 97          |
|    time_elapsed         | 87          |
|    total_timesteps      | 397312      |
| train/                  |             |
|    approx_kl            | 0.032947086 |
|    clip_fraction        | 0.323       |
|    clip_range           | 0.2         |
|    entropy_loss         | -2.59       |
|    explained_variance   | 0.608       |
|    learning_rate        | 0.0003      |
|    loss                 | -0.0234     |
|    n_updates            | 960         |
|    policy_gradient_loss | -0.0253     |
|    std                  | 0.384       |
|    value_loss           | 0.00295     |
-----------------------------------------
----------------------------------------
| rollout/                |            |
|    ep_len_mean          | 1e+03      |
|    ep_rew_mean          | 1.18e+03   |
| time/                   |            |
|    fps                  | 4534       |
|    iterations           | 98         |
|    time_elapsed         | 88         |
|    total_timesteps      | 401408     |
| train/                  |            |
|    approx_kl            | 0.02843376 |
|    clip_fraction        | 0.313      |
|    clip_range           | 0.2        |
|    entropy_loss         | -2.56      |
|    explained_variance   | 0.361      |
|    learning_rate        | 0.0003     |
|    loss                 | -0.0101    |
|    n_updates            | 970        |
|    policy_gradient_loss | -0.0192    |
|    std                  | 0.382      |
|    value_loss           | 0.00238    |
----------------------------------------
-----------------------------------------
| rollout/                |             |
|    ep_len_mean          | 1e+03       |
|    ep_rew_mean          | 1.18e+03    |
| time/                   |             |
|    fps                  | 4532        |
|    iterations           | 99          |
|    time_elapsed         | 89          |
|    total_timesteps      | 405504      |
| train/                  |             |
|    approx_kl            | 0.037891638 |
|    clip_fraction        | 0.328       |
|    clip_range           | 0.2         |
|    entropy_loss         | -2.5        |
|    explained_variance   | 0.787       |
|    learning_rate        | 0.0003      |
|    loss                 | -0.0284     |
|    n_updates            | 980         |
|    policy_gradient_loss | -0.0326     |
|    std                  | 0.378       |
|    value_loss           | 0.00393     |
-----------------------------------------
-----------------------------------------
| rollout/                |             |
|    ep_len_mean          | 1e+03       |
|    ep_rew_mean          | 1.18e+03    |
| time/                   |             |
|    fps                  | 4532        |
|    iterations           | 100         |
|    time_elapsed         | 90          |
|    total_timesteps      | 409600      |
| train/                  |             |
|    approx_kl            | 0.028244909 |
|    clip_fraction        | 0.315       |
|    clip_range           | 0.2         |
|    entropy_loss         | -2.46       |
|    explained_variance   | 0.582       |
|    learning_rate        | 0.0003      |
|    loss                 | -0.00411    |
|    n_updates            | 990         |
|    policy_gradient_loss | -0.0241     |
|    std                  | 0.377       |
|    value_loss           | 0.00233     |
-----------------------------------------
