[09-25 19:06:40] building arms
[09-25 19:43:38] arms built, checks pass
[09-25 19:50:12] --- batch: rot-s1 rot-s2 keep-in-s1 only-mod
[09-25 19:50:12] START e22-rot-s1 gpus=0/1 port=8491
[09-25 19:50:13] START e22-rot-s2 gpus=2/3 port=8492
[09-25 19:50:13] START e22-keep-in-s1 gpus=4/5 port=8493
[09-25 19:50:13] START e22-only-mod gpus=6/7 port=8494
[09-25 20:26:53] END e22-keep-in-s1 rc=0
[20:26:45] client exited with 0 after 1862s
[20:26:52] TEARDOWN_NOT_CLEAN
[20:26:53] STAGEC_EVAL_DONE e22-keep-in-s1
[09-25 20:27:20] END e22-rot-s1 rc=0
[20:27:15] client exited with 0 after 1882s
[20:27:19] TEARDOWN_NOT_CLEAN
[20:27:20] STAGEC_EVAL_DONE e22-rot-s1
[09-25 20:28:10] END e22-rot-s2 rc=0
[20:28:06] client exited with 0 after 1941s
[20:28:10] TEARDOWN_NOT_CLEAN
[20:28:10] STAGEC_EVAL_DONE e22-rot-s2
[09-25 20:28:49] END e22-only-mod rc=0
[20:28:44] client exited with 0 after 1976s
[20:28:49] STAGEC_EVAL_DONE e22-only-mod
[09-25 20:28:49] --- batch: rot-s3 only-attn only-mlp only-io
[09-25 20:28:49] START e22-rot-s3 gpus=0/1 port=8491
[09-25 20:28:49] START e22-only-attn gpus=2/3 port=8492
[09-25 20:28:49] START e22-only-io gpus=6/7 port=8494
[09-25 20:28:49] START e22-only-mlp gpus=4/5 port=8493
[09-25 21:05:19] END e22-rot-s3 rc=0
[21:05:11] client exited with 0 after 1903s
[21:05:18] TEARDOWN_NOT_CLEAN
[21:05:19] STAGEC_EVAL_DONE e22-rot-s3
[09-25 21:05:56] END e22-only-io rc=0
[21:05:51] client exited with 0 after 1930s
[21:05:55] TEARDOWN_NOT_CLEAN
[21:05:56] STAGEC_EVAL_DONE e22-only-io
[09-25 21:06:31] END e22-only-attn rc=0
[21:06:25] client exited with 0 after 1976s
[21:06:30] TEARDOWN_NOT_CLEAN
[21:06:31] STAGEC_EVAL_DONE e22-only-attn
[09-25 21:08:00] END e22-only-mlp rc=0
[21:07:55] client exited with 0 after 2063s
[21:08:00] STAGEC_EVAL_DONE e22-only-mlp
[09-25 21:08:00] === rows ===
policy	task_id	episodes	successes	sr	ci_lo	ci_hi	valid
keep-in-s1	8	50	31	0.6200	0.4815	0.7414	true
rot-s1	8	50	28	0.5600	0.4231	0.6884	true
rot-s2	8	50	33	0.6600	0.5215	0.7756	true
only-mod	8	50	25	0.5000	0.3664	0.6336	true
rot-s3	8	50	29	0.5800	0.4423	0.7062	true
only-io	8	50	24	0.4800	0.3480	0.6149	true
only-attn	8	50	26	0.5200	0.3851	0.6520	true
only-mlp	8	50	0	0.0000	0.0000	0.0713	true
[09-25 21:08:00] E22_DONE
