path before 2026-10-01 18:15:24
100.75.226.89  guangzhao-dell-pro-max-tower-t2-fct2250.taild05e61.ts.net  ttaosci@      linux    idle, tx 324198036 rx 6047452  
pong from guangzhao-dell-pro-max-tower-t2-fct2250 (100.75.226.89) via 128.84.216.41:41641 in 3ms
1	64.0	3.123	21.5
2	64.0	2.893	23.2
3	64.0	2.830	23.7
4	64.0	2.833	23.7
5	64.0	2.504	26.8
path after throughput 2026-10-01 18:15:48
100.75.226.89  guangzhao-dell-pro-max-tower-t2-fct2250.taild05e61.ts.net  ttaosci@      linux    active; direct 128.84.216.41:41641, tx 681448800 rx 11791784  
pong from guangzhao-dell-pro-max-tower-t2-fct2250 (100.75.226.89) via 128.84.216.41:41641 in 2ms
start 2026-10-01 18:15:49
lo	v1	0	1	1000	0.0023	0.1179	0.0036	0.149	6722.8	361	539	no violations, 2 advisory note(s)
lo	v2	0	1	1000	0.0024	0.1387	0.0038	0.171	5850.4	269	539	no violations, 1 advisory note(s)
ts	v1	0	1	1000	0.0021	0.1308	0.0030	0.154	6474.0	361	539	no violations, 2 advisory note(s)
ts	v2	0	1	1000	0.0024	0.1664	0.0040	0.198	5063.1	269	539	no violations, 1 advisory note(s)
phys	v1	0	1	1000	0.0068	2.6854	0.0218	2.797	357.6	361	539	no violations, 2 advisory note(s)
phys	v2	0	1	1000	0.0114	3.5099	0.0264	3.656	273.5	269	539	no violations, 1 advisory note(s)
lo	v1	48	1	1000	0.0068	0.1712	0.0041	0.215	4641.2	49567	49745	no violations, 2 advisory note(s)
lo	v2	48	1	1000	0.0038	0.1526	0.0033	0.188	5306.5	322	49745	no violations, 1 advisory note(s)
ts	v1	48	1	1000	0.0067	0.1482	0.0040	0.191	5242.3	49567	49745	no violations, 2 advisory note(s)
ts	v2	48	1	1000	0.0047	0.1626	0.0042	0.210	4752.7	322	49745	no violations, 1 advisory note(s)
phys	v1	48	1	1000	0.0541	7.2290	0.0472	7.656	130.6	49567	49745	no violations, 2 advisory note(s)
phys	v2	48	1	1000	0.0311	5.3857	0.0407	5.733	174.4	322	49745	no violations, 1 advisory note(s)
lo	v1	184	1	1000	0.0219	0.3441	0.0041	0.458	2182.8	188630	188808	no violations, 2 advisory note(s)
lo	v2	184	1	1000	0.0062	0.2787	0.0049	0.359	2785.2	374	188808	no violations, 1 advisory note(s)
ts	v1	184	1	1000	0.0197	0.2278	0.0028	0.324	3090.6	188630	188808	no violations, 2 advisory note(s)
ts	v2	184	1	1000	0.0066	0.3004	0.0055	0.385	2594.6	374	188808	no violations, 1 advisory note(s)
phys	v1	184	1	1000	0.4829	19.6839	0.0517	21.079	47.4	188630	188808	no violations, 2 advisory note(s)
phys	v2	184	1	1000	0.0516	11.3157	0.0535	12.223	81.8	374	188808	no violations, 1 advisory note(s)
lo	v1	588	1	1000	0.1264	0.9837	0.0088	1.459	685.4	602531	602709	no violations, 2 advisory note(s)
lo	v2	588	1	1000	0.0071	0.5467	0.0068	0.711	1405.9	324	602709	no violations, 1 advisory note(s)
ts	v1	588	1	1000	0.1304	0.6324	0.0062	1.098	911.0	602531	602709	no violations, 2 advisory note(s)
ts	v2	588	1	1000	0.0065	0.5047	0.0057	0.654	1529.4	324	602709	no violations, 1 advisory note(s)
phys	v1	588	1	1000	1.2091	52.0748	0.0553	56.252	17.8	602531	602709	no violations, 2 advisory note(s)
phys	v2	588	1	1000	0.0574	27.6499	0.0564	30.992	32.3	324	602709	no violations, 1 advisory note(s)
phys	v2	0	2	1000	0.0114	3.0381	0.0278	3.190	313.5	269	539	no violations, 1 advisory note(s)
phys	v1	0	2	1000	0.0109	2.8836	0.0255	3.027	330.4	361	539	no violations, 2 advisory note(s)
ts	v2	0	2	1000	0.0021	0.1567	0.0030	0.177	5661.1	269	539	no violations, 1 advisory note(s)
ts	v1	0	2	1000	0.0023	0.1128	0.0034	0.145	6900.0	361	539	no violations, 2 advisory note(s)
lo	v2	0	2	1000	0.0025	0.1271	0.0039	0.159	6287.9	269	539	no violations, 1 advisory note(s)
lo	v1	0	2	1000	0.0023	0.1170	0.0036	0.148	6740.7	361	539	no violations, 2 advisory note(s)
phys	v2	48	2	1000	0.0312	5.4137	0.0387	5.768	173.4	322	49745	no violations, 1 advisory note(s)
phys	v1	48	2	1000	0.0585	7.3171	0.0440	7.742	129.2	49567	49745	no violations, 2 advisory note(s)
ts	v2	48	2	1000	0.0050	0.1459	0.0047	0.191	5231.5	322	49745	no violations, 1 advisory note(s)
ts	v1	48	2	1000	0.0065	0.1718	0.0039	0.214	4672.5	49567	49745	no violations, 2 advisory note(s)
lo	v2	48	2	1000	0.0039	0.1911	0.0039	0.226	4423.6	322	49745	no violations, 1 advisory note(s)
lo	v1	48	2	1000	0.0069	0.1742	0.0038	0.213	4691.2	49567	49745	no violations, 2 advisory note(s)
phys	v2	184	2	1000	0.0545	11.3227	0.0538	12.252	81.6	374	188808	no violations, 1 advisory note(s)
phys	v1	184	2	1000	0.2660	18.2115	0.0538	19.297	51.8	188630	188808	no violations, 2 advisory note(s)
ts	v2	184	2	1000	0.0063	0.3919	0.0054	0.466	2144.4	374	188808	no violations, 1 advisory note(s)
ts	v1	184	2	1000	0.0212	0.2807	0.0035	0.384	2602.1	188630	188808	no violations, 2 advisory note(s)
lo	v2	184	2	1000	0.0059	0.3043	0.0051	0.380	2630.9	374	188808	no violations, 1 advisory note(s)
lo	v1	184	2	1000	0.0245	0.3352	0.0046	0.451	2216.7	188630	188808	no violations, 2 advisory note(s)
phys	v2	588	2	1000	0.0571	26.8104	0.0557	30.054	33.3	324	602709	no violations, 1 advisory note(s)
phys	v1	588	2	1000	1.0512	48.8201	0.0556	52.930	18.9	602531	602709	no violations, 2 advisory note(s)
ts	v2	588	2	1000	0.0065	0.4942	0.0057	0.647	1546.4	324	602709	no violations, 1 advisory note(s)
ts	v1	588	2	1000	0.1224	0.5645	0.0051	0.980	1020.1	602531	602709	no violations, 2 advisory note(s)
lo	v2	588	2	1000	0.0065	0.4576	0.0053	0.608	1645.8	324	602709	no violations, 1 advisory note(s)
lo	v1	588	2	1000	0.1212	0.5428	0.0055	0.963	1038.4	602531	602709	no violations, 2 advisory note(s)
lo	v1	0	3	1000	0.0017	0.1062	0.0020	0.120	8308.9	361	539	no violations, 2 advisory note(s)
lo	v2	0	3	1000	0.0022	0.1411	0.0033	0.166	6028.0	269	539	no violations, 1 advisory note(s)
ts	v1	0	3	1000	0.0017	0.1030	0.0020	0.117	8554.0	361	539	no violations, 2 advisory note(s)
ts	v2	0	3	1000	0.0019	0.1266	0.0024	0.143	6976.6	269	539	no violations, 1 advisory note(s)
phys	v1	0	3	1000	0.0109	2.9262	0.0262	3.070	325.8	361	539	no violations, 2 advisory note(s)
phys	v2	0	3	1000	0.0123	3.0842	0.0271	3.238	308.8	269	539	no violations, 1 advisory note(s)
lo	v1	48	3	1000	0.0065	0.1600	0.0039	0.199	5034.0	49567	49745	no violations, 2 advisory note(s)
lo	v2	48	3	1000	0.0044	0.1561	0.0040	0.206	4862.4	322	49745	no violations, 1 advisory note(s)
ts	v1	48	3	1000	0.0064	0.2030	0.0038	0.239	4178.8	49567	49745	no violations, 2 advisory note(s)
ts	v2	48	3	1000	0.0036	0.1336	0.0024	0.160	6264.3	322	49745	no violations, 1 advisory note(s)
phys	v1	48	3	1000	0.0578	7.3856	0.0461	7.806	128.1	49567	49745	no violations, 2 advisory note(s)
phys	v2	48	3	1000	0.0303	5.4825	0.0365	5.828	171.6	322	49745	no violations, 1 advisory note(s)
lo	v1	184	3	1000	0.0212	0.2852	0.0041	0.392	2552.4	188630	188808	no violations, 2 advisory note(s)
lo	v2	184	3	1000	0.0069	0.2665	0.0047	0.341	2930.8	374	188808	no violations, 1 advisory note(s)
ts	v1	184	3	1000	0.0224	0.2821	0.0048	0.391	2556.5	188630	188808	no violations, 2 advisory note(s)
ts	v2	184	3	1000	0.0056	0.2790	0.0045	0.343	2919.1	374	188808	no violations, 1 advisory note(s)
phys	v1	184	3	1000	0.2576	18.6221	0.0524	19.713	50.7	188630	188808	no violations, 2 advisory note(s)
phys	v2	184	3	1000	0.0521	11.6294	0.0513	12.537	79.8	374	188808	no violations, 1 advisory note(s)
lo	v1	588	3	1000	0.1241	0.8476	0.0090	1.315	760.5	602531	602709	no violations, 2 advisory note(s)
lo	v2	588	3	1000	0.0064	0.4516	0.0051	0.601	1664.0	324	602709	no violations, 1 advisory note(s)
ts	v1	588	3	1000	0.1216	0.6403	0.0062	1.077	928.9	602531	602709	no violations, 2 advisory note(s)
ts	v2	588	3	1000	0.0065	0.5266	0.0068	0.686	1457.4	324	602709	no violations, 1 advisory note(s)
phys	v1	588	3	1000	1.0171	49.7807	0.0553	53.626	18.6	602531	602709	no violations, 2 advisory note(s)
phys	v2	588	3	1000	0.0587	27.1431	0.0542	30.424	32.9	324	602709	no violations, 1 advisory note(s)
phys	v2	0	4	1000	0.0114	2.8887	0.0270	3.037	329.3	269	539	no violations, 1 advisory note(s)
phys	v1	0	4	1000	0.0104	2.9122	0.0263	3.056	327.3	361	539	no violations, 2 advisory note(s)
ts	v2	0	4	1000	0.0016	0.1105	0.0019	0.124	8051.9	269	539	no violations, 1 advisory note(s)
ts	v1	0	4	1000	0.0021	0.1158	0.0034	0.142	7051.5	361	539	no violations, 2 advisory note(s)
lo	v2	0	4	1000	0.0015	0.1139	0.0021	0.127	7846.4	269	539	no violations, 1 advisory note(s)
lo	v1	0	4	1000	0.0021	0.1140	0.0031	0.137	7290.5	361	539	no violations, 2 advisory note(s)
phys	v2	48	4	1000	0.0297	5.5135	0.0454	5.878	170.1	322	49745	no violations, 1 advisory note(s)
phys	v1	48	4	1000	0.0541	7.3425	0.0438	7.742	129.2	49567	49745	no violations, 2 advisory note(s)
ts	v2	48	4	1000	0.0044	0.1605	0.0043	0.212	4709.1	322	49745	no violations, 1 advisory note(s)
ts	v1	48	4	1000	0.0065	0.1361	0.0037	0.181	5516.2	49567	49745	no violations, 2 advisory note(s)
lo	v2	48	4	1000	0.0045	0.1598	0.0043	0.211	4738.1	322	49745	no violations, 1 advisory note(s)
lo	v1	48	4	1000	0.0065	0.1395	0.0038	0.182	5481.5	49567	49745	no violations, 2 advisory note(s)
phys	v2	184	4	1000	0.0515	11.5760	0.0521	12.529	79.8	374	188808	no violations, 1 advisory note(s)
phys	v1	184	4	1000	0.4607	17.6982	0.0522	19.015	52.6	188630	188808	no violations, 2 advisory note(s)
ts	v2	184	4	1000	0.0060	0.2592	0.0048	0.332	3009.2	374	188808	no violations, 1 advisory note(s)
ts	v1	184	4	1000	0.0228	0.3205	0.0051	0.436	2293.0	188630	188808	no violations, 2 advisory note(s)
lo	v2	184	4	1000	0.0060	0.2919	0.0056	0.363	2756.1	374	188808	no violations, 1 advisory note(s)
lo	v1	184	4	1000	0.0218	0.3334	0.0047	0.442	2261.4	188630	188808	no violations, 2 advisory note(s)
phys	v2	588	4	1000	0.0597	27.1420	0.0536	30.298	33.0	324	602709	no violations, 1 advisory note(s)
phys	v1	588	4	1000	1.2363	50.1035	0.0555	54.102	18.5	602531	602709	no violations, 2 advisory note(s)
ts	v2	588	4	1000	0.0066	0.4127	0.0065	0.566	1765.9	324	602709	no violations, 1 advisory note(s)
ts	v1	588	4	1000	0.1188	0.6870	0.0071	1.127	887.4	602531	602709	no violations, 2 advisory note(s)
lo	v2	588	4	1000	0.0069	0.5595	0.0073	0.725	1379.8	324	602709	no violations, 1 advisory note(s)
lo	v1	588	4	1000	0.1231	0.5300	0.0057	0.961	1040.3	602531	602709	no violations, 2 advisory note(s)
lo	v1	0	5	1000	0.0022	0.1034	0.0032	0.134	7488.9	361	539	no violations, 2 advisory note(s)
lo	v2	0	5	1000	0.0025	0.1280	0.0038	0.160	6246.4	269	539	no violations, 1 advisory note(s)
ts	v1	0	5	1000	0.0017	0.1020	0.0019	0.116	8621.0	361	539	no violations, 2 advisory note(s)
ts	v2	0	5	1000	0.0018	0.1254	0.0024	0.142	7057.9	269	539	no violations, 1 advisory note(s)
phys	v1	0	5	1000	0.0134	3.1014	0.0292	3.270	305.8	361	539	no violations, 2 advisory note(s)
phys	v2	0	5	1000	0.0130	3.1512	0.0298	3.317	301.4	269	539	no violations, 1 advisory note(s)
lo	v1	48	5	1000	0.0064	0.1472	0.0037	0.189	5296.9	49567	49745	no violations, 2 advisory note(s)
lo	v2	48	5	1000	0.0034	0.1361	0.0024	0.162	6170.1	322	49745	no violations, 1 advisory note(s)
ts	v1	48	5	1000	0.0064	0.1649	0.0038	0.204	4913.3	49567	49745	no violations, 2 advisory note(s)
ts	v2	48	5	1000	0.0035	0.1519	0.0028	0.180	5556.1	322	49745	no violations, 1 advisory note(s)
phys	v1	48	5	1000	0.0549	7.4871	0.0479	7.919	126.3	49567	49745	no violations, 2 advisory note(s)
phys	v2	48	5	1000	0.0354	5.3899	0.0375	5.742	174.2	322	49745	no violations, 1 advisory note(s)
lo	v1	184	5	1000	0.0204	0.3113	0.0039	0.412	2428.6	188630	188808	no violations, 2 advisory note(s)
lo	v2	184	5	1000	0.0059	0.3019	0.0049	0.378	2647.0	374	188808	no violations, 1 advisory note(s)
ts	v1	184	5	1000	0.0217	0.3099	0.0041	0.416	2401.5	188630	188808	no violations, 2 advisory note(s)
ts	v2	184	5	1000	0.0057	0.3102	0.0049	0.388	2580.3	374	188808	no violations, 1 advisory note(s)
phys	v1	184	5	1000	0.3877	18.5335	0.0505	19.800	50.5	188630	188808	no violations, 2 advisory note(s)
phys	v2	184	5	1000	0.0515	11.5833	0.0512	12.550	79.7	374	188808	no violations, 1 advisory note(s)
lo	v1	588	5	1000	0.1229	0.7866	0.0081	1.244	803.9	602531	602709	no violations, 2 advisory note(s)
lo	v2	588	5	1000	0.0071	0.5253	0.0071	0.687	1455.2	324	602709	no violations, 1 advisory note(s)
ts	v1	588	5	1000	0.1220	0.6877	0.0066	1.126	888.1	602531	602709	no violations, 2 advisory note(s)
ts	v2	588	5	1000	0.0080	0.5414	0.0072	0.704	1419.8	324	602709	no violations, 1 advisory note(s)
phys	v1	588	5	1000	1.1704	48.4166	0.0552	52.526	19.0	602531	602709	no violations, 2 advisory note(s)
phys	v2	588	5	1000	0.0569	27.4808	0.0552	30.706	32.6	324	602709	no violations, 1 advisory note(s)
end   2026-10-01 18:30:06
LADDER_DONE
path after ladder 2026-10-01 18:30:06
100.75.226.89  guangzhao-dell-pro-max-tower-t2-fct2250.taild05e61.ts.net  ttaosci@      linux    active; direct 128.84.216.41:41641, tx 14138440772 rx 234291788  
pong from guangzhao-dell-pro-max-tower-t2-fct2250 (100.75.226.89) via 128.84.216.41:41641 in 3ms
PART_A_DONE
