plugrl-bridges: slots 0-0 <- ('127.0.0.1', 37378)
plugrl-bridges: slots 1-1 <- ('127.0.0.1', 37348)
plugrl-bridges: slots 2-2 <- ('127.0.0.1', 37346)
plugrl-bridges: slots 3-3 <- ('127.0.0.1', 37386)
plugrl-bridges: slots 4-4 <- ('127.0.0.1', 37384)
plugrl-bridges: slots 5-5 <- ('127.0.0.1', 37402)
plugrl-bridges: slots 6-6 <- ('127.0.0.1', 37400)
plugrl-bridges: slots 7-7 <- ('127.0.0.1', 37406)
plugrl-bridges: slots 8-8 <- ('127.0.0.1', 37410)
plugrl-bridges: slots 9-9 <- ('127.0.0.1', 37430)
plugrl-bridges: slots 10-10 <- ('127.0.0.1', 37426)
plugrl-bridges: slots 11-11 <- ('127.0.0.1', 37436)
plugrl-bridges: slots 12-12 <- ('127.0.0.1', 37452)
plugrl-bridges: slots 13-13 <- ('127.0.0.1', 37450)
plugrl-bridges: slots 14-14 <- ('127.0.0.1', 37468)
plugrl-bridges: slots 15-15 <- ('127.0.0.1', 37480)
Using cpu device
Logging to /home/guangzhao/zuogou/plugrl/e49/registered/sb3-pendulum-seed1/trainer-logs/PPO_1
----------------------------------
| rollout/           |           |
|    ep_len_mean     | 200       |
|    ep_rew_mean     | -1.27e+03 |
| time/              |           |
|    fps             | 14756     |
|    iterations      | 1         |
|    time_elapsed    | 0         |
|    total_timesteps | 4096      |
----------------------------------
-----------------------------------------
| rollout/                |             |
|    ep_len_mean          | 200         |
|    ep_rew_mean          | -1.26e+03   |
| time/                   |             |
|    fps                  | 8169        |
|    iterations           | 2           |
|    time_elapsed         | 1           |
|    total_timesteps      | 8192        |
| train/                  |             |
|    approx_kl            | 0.008290479 |
|    clip_fraction        | 0.0473      |
|    clip_range           | 0.2         |
|    entropy_loss         | -2.64       |
|    explained_variance   | 0.0091      |
|    learning_rate        | 0.001       |
|    loss                 | 61.7        |
|    n_updates            | 10          |
|    policy_gradient_loss | -0.00399    |
|    std                  | 0.999       |
|    value_loss           | 670         |
-----------------------------------------
----------------------------------------
| rollout/                |            |
|    ep_len_mean          | 200        |
|    ep_rew_mean          | -1.23e+03  |
| time/                   |            |
|    fps                  | 6868       |
|    iterations           | 3          |
|    time_elapsed         | 1          |
|    total_timesteps      | 12288      |
| train/                  |            |
|    approx_kl            | 0.01739866 |
|    clip_fraction        | 0.153      |
|    clip_range           | 0.2        |
|    entropy_loss         | -2.69      |
|    explained_variance   | 0.604      |
|    learning_rate        | 0.001      |
|    loss                 | 18         |
|    n_updates            | 20         |
|    policy_gradient_loss | -0.0121    |
|    std                  | 1.02       |
|    value_loss           | 90.3       |
----------------------------------------
----------------------------------------
| rollout/                |            |
|    ep_len_mean          | 200        |
|    ep_rew_mean          | -1.23e+03  |
| time/                   |            |
|    fps                  | 6485       |
|    iterations           | 4          |
|    time_elapsed         | 2          |
|    total_timesteps      | 16384      |
| train/                  |            |
|    approx_kl            | 0.03907693 |
|    clip_fraction        | 0.24       |
|    clip_range           | 0.2        |
|    entropy_loss         | -2.71      |
|    explained_variance   | 0.884      |
|    learning_rate        | 0.001      |
|    loss                 | 10         |
|    n_updates            | 30         |
|    policy_gradient_loss | -0.0256    |
|    std                  | 0.893      |
|    value_loss           | 27.1       |
----------------------------------------
----------------------------------------
| rollout/                |            |
|    ep_len_mean          | 200        |
|    ep_rew_mean          | -1.2e+03   |
| time/                   |            |
|    fps                  | 6302       |
|    iterations           | 5          |
|    time_elapsed         | 3          |
|    total_timesteps      | 20480      |
| train/                  |            |
|    approx_kl            | 0.04338278 |
|    clip_fraction        | 0.283      |
|    clip_range           | 0.2        |
|    entropy_loss         | -2.68      |
|    explained_variance   | 0.926      |
|    learning_rate        | 0.001      |
|    loss                 | 7.17       |
|    n_updates            | 40         |
|    policy_gradient_loss | -0.039     |
|    std                  | 0.766      |
|    value_loss           | 19.7       |
----------------------------------------
-----------------------------------------
| rollout/                |             |
|    ep_len_mean          | 200         |
|    ep_rew_mean          | -1.14e+03   |
| time/                   |             |
|    fps                  | 6155        |
|    iterations           | 6           |
|    time_elapsed         | 3           |
|    total_timesteps      | 24576       |
| train/                  |             |
|    approx_kl            | 0.038223237 |
|    clip_fraction        | 0.306       |
|    clip_range           | 0.2         |
|    entropy_loss         | -2.58       |
|    explained_variance   | 0.939       |
|    learning_rate        | 0.001       |
|    loss                 | 10.4        |
|    n_updates            | 50          |
|    policy_gradient_loss | -0.046      |
|    std                  | 0.682       |
|    value_loss           | 19.6        |
-----------------------------------------
-----------------------------------------
| rollout/                |             |
|    ep_len_mean          | 200         |
|    ep_rew_mean          | -1.06e+03   |
| time/                   |             |
|    fps                  | 6066        |
|    iterations           | 7           |
|    time_elapsed         | 4           |
|    total_timesteps      | 28672       |
| train/                  |             |
|    approx_kl            | 0.045564443 |
|    clip_fraction        | 0.321       |
|    clip_range           | 0.2         |
|    entropy_loss         | -2.44       |
|    explained_variance   | 0.946       |
|    learning_rate        | 0.001       |
|    loss                 | 7.81        |
|    n_updates            | 60          |
|    policy_gradient_loss | -0.0486     |
|    std                  | 0.586       |
|    value_loss           | 19.3        |
-----------------------------------------
----------------------------------------
| rollout/                |            |
|    ep_len_mean          | 200        |
|    ep_rew_mean          | -888       |
| time/                   |            |
|    fps                  | 5995       |
|    iterations           | 8          |
|    time_elapsed         | 5          |
|    total_timesteps      | 32768      |
| train/                  |            |
|    approx_kl            | 0.04070972 |
|    clip_fraction        | 0.306      |
|    clip_range           | 0.2        |
|    entropy_loss         | -2.25      |
|    explained_variance   | 0.972      |
|    learning_rate        | 0.001      |
|    loss                 | 6.21       |
|    n_updates            | 70         |
|    policy_gradient_loss | -0.0413    |
|    std                  | 0.51       |
|    value_loss           | 12.1       |
----------------------------------------
-----------------------------------------
| rollout/                |             |
|    ep_len_mean          | 200         |
|    ep_rew_mean          | -790        |
| time/                   |             |
|    fps                  | 5910        |
|    iterations           | 9           |
|    time_elapsed         | 6           |
|    total_timesteps      | 36864       |
| train/                  |             |
|    approx_kl            | 0.036943343 |
|    clip_fraction        | 0.285       |
|    clip_range           | 0.2         |
|    entropy_loss         | -2.1        |
|    explained_variance   | 0.985       |
|    learning_rate        | 0.001       |
|    loss                 | 3.04        |
|    n_updates            | 80          |
|    policy_gradient_loss | -0.0388     |
|    std                  | 0.445       |
|    value_loss           | 7.79        |
-----------------------------------------
--------------------------------------
| rollout/                |          |
|    ep_len_mean          | 200      |
|    ep_rew_mean          | -681     |
| time/                   |          |
|    fps                  | 5840     |
|    iterations           | 10       |
|    time_elapsed         | 7        |
|    total_timesteps      | 40960    |
| train/                  |          |
|    approx_kl            | 0.036932 |
|    clip_fraction        | 0.242    |
|    clip_range           | 0.2      |
|    entropy_loss         | -1.91    |
|    explained_variance   | 0.986    |
|    learning_rate        | 0.001    |
|    loss                 | 2.84     |
|    n_updates            | 90       |
|    policy_gradient_loss | -0.0236  |
|    std                  | 0.399    |
|    value_loss           | 7.54     |
--------------------------------------
----------------------------------------
| rollout/                |            |
|    ep_len_mean          | 200        |
|    ep_rew_mean          | -485       |
| time/                   |            |
|    fps                  | 5786       |
|    iterations           | 11         |
|    time_elapsed         | 7          |
|    total_timesteps      | 45056      |
| train/                  |            |
|    approx_kl            | 0.02309613 |
|    clip_fraction        | 0.231      |
|    clip_range           | 0.2        |
|    entropy_loss         | -1.68      |
|    explained_variance   | 0.99       |
|    learning_rate        | 0.001      |
|    loss                 | 1.6        |
|    n_updates            | 100        |
|    policy_gradient_loss | -0.0127    |
|    std                  | 0.36       |
|    value_loss           | 3.55       |
----------------------------------------
-----------------------------------------
| rollout/                |             |
|    ep_len_mean          | 200         |
|    ep_rew_mean          | -404        |
| time/                   |             |
|    fps                  | 5749        |
|    iterations           | 12          |
|    time_elapsed         | 8           |
|    total_timesteps      | 49152       |
| train/                  |             |
|    approx_kl            | 0.019040078 |
|    clip_fraction        | 0.203       |
|    clip_range           | 0.2         |
|    entropy_loss         | -1.65       |
|    explained_variance   | 0.995       |
|    learning_rate        | 0.001       |
|    loss                 | 0.743       |
|    n_updates            | 110         |
|    policy_gradient_loss | -0.00459    |
|    std                  | 0.352       |
|    value_loss           | 1.79        |
-----------------------------------------
----------------------------------------
| rollout/                |            |
|    ep_len_mean          | 200        |
|    ep_rew_mean          | -343       |
| time/                   |            |
|    fps                  | 5734       |
|    iterations           | 13         |
|    time_elapsed         | 9          |
|    total_timesteps      | 53248      |
| train/                  |            |
|    approx_kl            | 0.01599901 |
|    clip_fraction        | 0.194      |
|    clip_range           | 0.2        |
|    entropy_loss         | -1.63      |
|    explained_variance   | 0.997      |
|    learning_rate        | 0.001      |
|    loss                 | 0.358      |
|    n_updates            | 120        |
|    policy_gradient_loss | -0.00588   |
|    std                  | 0.328      |
|    value_loss           | 1          |
----------------------------------------
-----------------------------------------
| rollout/                |             |
|    ep_len_mean          | 200         |
|    ep_rew_mean          | -287        |
| time/                   |             |
|    fps                  | 5726        |
|    iterations           | 14          |
|    time_elapsed         | 10          |
|    total_timesteps      | 57344       |
| train/                  |             |
|    approx_kl            | 0.028829694 |
|    clip_fraction        | 0.192       |
|    clip_range           | 0.2         |
|    entropy_loss         | -1.51       |
|    explained_variance   | 0.995       |
|    learning_rate        | 0.001       |
|    loss                 | 0.621       |
|    n_updates            | 130         |
|    policy_gradient_loss | -0.0123     |
|    std                  | 0.306       |
|    value_loss           | 1.45        |
-----------------------------------------
-----------------------------------------
| rollout/                |             |
|    ep_len_mean          | 200         |
|    ep_rew_mean          | -236        |
| time/                   |             |
|    fps                  | 5709        |
|    iterations           | 15          |
|    time_elapsed         | 10          |
|    total_timesteps      | 61440       |
| train/                  |             |
|    approx_kl            | 0.022937097 |
|    clip_fraction        | 0.234       |
|    clip_range           | 0.2         |
|    entropy_loss         | -1.45       |
|    explained_variance   | 0.999       |
|    learning_rate        | 0.001       |
|    loss                 | 0.0391      |
|    n_updates            | 140         |
|    policy_gradient_loss | -0.000725   |
|    std                  | 0.309       |
|    value_loss           | 0.289       |
-----------------------------------------
-----------------------------------------
| rollout/                |             |
|    ep_len_mean          | 200         |
|    ep_rew_mean          | -230        |
| time/                   |             |
|    fps                  | 5690        |
|    iterations           | 16          |
|    time_elapsed         | 11          |
|    total_timesteps      | 65536       |
| train/                  |             |
|    approx_kl            | 0.026560012 |
|    clip_fraction        | 0.144       |
|    clip_range           | 0.2         |
|    entropy_loss         | -1.44       |
|    explained_variance   | 0.998       |
|    learning_rate        | 0.001       |
|    loss                 | 0.229       |
|    n_updates            | 150         |
|    policy_gradient_loss | -0.0103     |
|    std                  | 0.291       |
|    value_loss           | 0.916       |
-----------------------------------------
----------------------------------------
| rollout/                |            |
|    ep_len_mean          | 200        |
|    ep_rew_mean          | -206       |
| time/                   |            |
|    fps                  | 5675       |
|    iterations           | 17         |
|    time_elapsed         | 12         |
|    total_timesteps      | 69632      |
| train/                  |            |
|    approx_kl            | 0.04401567 |
|    clip_fraction        | 0.217      |
|    clip_range           | 0.2        |
|    entropy_loss         | -1.32      |
|    explained_variance   | 0.999      |
|    learning_rate        | 0.001      |
|    loss                 | 0.0465     |
|    n_updates            | 160        |
|    policy_gradient_loss | -0.00351   |
|    std                  | 0.296      |
|    value_loss           | 0.13       |
----------------------------------------
-----------------------------------------
| rollout/                |             |
|    ep_len_mean          | 200         |
|    ep_rew_mean          | -194        |
| time/                   |             |
|    fps                  | 5666        |
|    iterations           | 18          |
|    time_elapsed         | 13          |
|    total_timesteps      | 73728       |
| train/                  |             |
|    approx_kl            | 0.036883496 |
|    clip_fraction        | 0.202       |
|    clip_range           | 0.2         |
|    entropy_loss         | -1.29       |
|    explained_variance   | 0.995       |
|    learning_rate        | 0.001       |
|    loss                 | 0.643       |
|    n_updates            | 170         |
|    policy_gradient_loss | -0.0202     |
|    std                  | 0.279       |
|    value_loss           | 0.865       |
-----------------------------------------
-----------------------------------------
| rollout/                |             |
|    ep_len_mean          | 200         |
|    ep_rew_mean          | -192        |
| time/                   |             |
|    fps                  | 5661        |
|    iterations           | 19          |
|    time_elapsed         | 13          |
|    total_timesteps      | 77824       |
| train/                  |             |
|    approx_kl            | 0.035614695 |
|    clip_fraction        | 0.277       |
|    clip_range           | 0.2         |
|    entropy_loss         | -1.23       |
|    explained_variance   | 0.999       |
|    learning_rate        | 0.001       |
|    loss                 | 0.0273      |
|    n_updates            | 180         |
|    policy_gradient_loss | -0.00901    |
|    std                  | 0.28        |
|    value_loss           | 0.0886      |
-----------------------------------------
-----------------------------------------
| rollout/                |             |
|    ep_len_mean          | 200         |
|    ep_rew_mean          | -197        |
| time/                   |             |
|    fps                  | 5652        |
|    iterations           | 20          |
|    time_elapsed         | 14          |
|    total_timesteps      | 81920       |
| train/                  |             |
|    approx_kl            | 0.032262728 |
|    clip_fraction        | 0.2         |
|    clip_range           | 0.2         |
|    entropy_loss         | -1.23       |
|    explained_variance   | 0.998       |
|    learning_rate        | 0.001       |
|    loss                 | 0.105       |
|    n_updates            | 190         |
|    policy_gradient_loss | -0.0125     |
|    std                  | 0.267       |
|    value_loss           | 0.352       |
-----------------------------------------
-----------------------------------------
| rollout/                |             |
|    ep_len_mean          | 200         |
|    ep_rew_mean          | -191        |
| time/                   |             |
|    fps                  | 5650        |
|    iterations           | 21          |
|    time_elapsed         | 15          |
|    total_timesteps      | 86016       |
| train/                  |             |
|    approx_kl            | 0.071618505 |
|    clip_fraction        | 0.292       |
|    clip_range           | 0.2         |
|    entropy_loss         | -1.15       |
|    explained_variance   | 0.999       |
|    learning_rate        | 0.001       |
|    loss                 | 0.192       |
|    n_updates            | 200         |
|    policy_gradient_loss | 0.00197     |
|    std                  | 0.257       |
|    value_loss           | 0.237       |
-----------------------------------------
-----------------------------------------
| rollout/                |             |
|    ep_len_mean          | 200         |
|    ep_rew_mean          | -201        |
| time/                   |             |
|    fps                  | 5639        |
|    iterations           | 22          |
|    time_elapsed         | 15          |
|    total_timesteps      | 90112       |
| train/                  |             |
|    approx_kl            | 0.031692885 |
|    clip_fraction        | 0.207       |
|    clip_range           | 0.2         |
|    entropy_loss         | -1.1        |
|    explained_variance   | 0.999       |
|    learning_rate        | 0.001       |
|    loss                 | 0.00422     |
|    n_updates            | 210         |
|    policy_gradient_loss | -0.00872    |
|    std                  | 0.239       |
|    value_loss           | 0.121       |
-----------------------------------------
----------------------------------------
| rollout/                |            |
|    ep_len_mean          | 200        |
|    ep_rew_mean          | -207       |
| time/                   |            |
|    fps                  | 5637       |
|    iterations           | 23         |
|    time_elapsed         | 16         |
|    total_timesteps      | 94208      |
| train/                  |            |
|    approx_kl            | 0.04172975 |
|    clip_fraction        | 0.204      |
|    clip_range           | 0.2        |
|    entropy_loss         | -1.12      |
|    explained_variance   | 0.999      |
|    learning_rate        | 0.001      |
|    loss                 | 0.0857     |
|    n_updates            | 220        |
|    policy_gradient_loss | 0.000998   |
|    std                  | 0.235      |
|    value_loss           | 0.185      |
----------------------------------------
-----------------------------------------
| rollout/                |             |
|    ep_len_mean          | 200         |
|    ep_rew_mean          | -198        |
| time/                   |             |
|    fps                  | 5629        |
|    iterations           | 24          |
|    time_elapsed         | 17          |
|    total_timesteps      | 98304       |
| train/                  |             |
|    approx_kl            | 0.052246485 |
|    clip_fraction        | 0.344       |
|    clip_range           | 0.2         |
|    entropy_loss         | -1.02       |
|    explained_variance   | 0.999       |
|    learning_rate        | 0.001       |
|    loss                 | 0.09        |
|    n_updates            | 230         |
|    policy_gradient_loss | -0.00128    |
|    std                  | 0.228       |
|    value_loss           | 0.149       |
-----------------------------------------
-----------------------------------------
| rollout/                |             |
|    ep_len_mean          | 200         |
|    ep_rew_mean          | -179        |
| time/                   |             |
|    fps                  | 5623        |
|    iterations           | 25          |
|    time_elapsed         | 18          |
|    total_timesteps      | 102400      |
| train/                  |             |
|    approx_kl            | 0.052953392 |
|    clip_fraction        | 0.355       |
|    clip_range           | 0.2         |
|    entropy_loss         | -1.07       |
|    explained_variance   | 1           |
|    learning_rate        | 0.001       |
|    loss                 | -0.0282     |
|    n_updates            | 240         |
|    policy_gradient_loss | -0.0119     |
|    std                  | 0.216       |
|    value_loss           | 0.0427      |
-----------------------------------------
