300 demonstrations, 80731 steps, 79831 chunks; actions in [-1.000, 1.000], 0.1476 of elements clipped to +-0.999
step    5000  loss 0.5147  lr 1.00e-04  14s
step   10000  loss 0.2960  lr 9.98e-05  34s
step   15000  loss 0.2664  lr 9.97e-05  57s
step   20000  loss 0.2496  lr 9.94e-05  77s
step   25000  loss 0.2380  lr 9.90e-05  93s
step   30000  loss 0.2307  lr 9.86e-05  103s
step   35000  loss 0.2255  lr 9.81e-05  114s
step   40000  loss 0.2210  lr 9.76e-05  127s
step   45000  loss 0.2161  lr 9.69e-05  146s
step   50000  loss 0.2138  lr 9.62e-05  163s
step   55000  loss 0.2103  lr 9.54e-05  183s
step   60000  loss 0.2079  lr 9.46e-05  199s
step   65000  loss 0.2043  lr 9.36e-05  214s
step   70000  loss 0.2030  lr 9.26e-05  228s
step   75000  loss 0.1999  lr 9.16e-05  241s
step   80000  loss 0.1983  lr 9.05e-05  254s
step   85000  loss 0.1960  lr 8.93e-05  267s
step   90000  loss 0.1937  lr 8.80e-05  281s
step   95000  loss 0.1932  lr 8.67e-05  294s
step  100000  loss 0.1902  lr 8.54e-05  307s
step  105000  loss 0.1885  lr 8.39e-05  320s
step  110000  loss 0.1872  lr 8.25e-05  334s
step  115000  loss 0.1857  lr 8.10e-05  347s
step  120000  loss 0.1851  lr 7.94e-05  361s
step  125000  loss 0.1824  lr 7.78e-05  375s
step  130000  loss 0.1806  lr 7.61e-05  388s
step  135000  loss 0.1798  lr 7.44e-05  401s
step  140000  loss 0.1786  lr 7.27e-05  414s
step  145000  loss 0.1772  lr 7.09e-05  427s
step  150000  loss 0.1761  lr 6.91e-05  439s
step  155000  loss 0.1749  lr 6.73e-05  453s
step  160000  loss 0.1739  lr 6.55e-05  465s
step  165000  loss 0.1726  lr 6.36e-05  478s
step  170000  loss 0.1711  lr 6.17e-05  491s
step  175000  loss 0.1709  lr 5.98e-05  503s
step  180000  loss 0.1686  lr 5.78e-05  515s
step  185000  loss 0.1678  lr 5.59e-05  528s
step  190000  loss 0.1678  lr 5.39e-05  540s
step  195000  loss 0.1668  lr 5.20e-05  552s
step  200000  loss 0.1662  lr 5.00e-05  565s
step  205000  loss 0.1648  lr 4.80e-05  577s
step  210000  loss 0.1634  lr 4.61e-05  589s
step  215000  loss 0.1634  lr 4.41e-05  601s
step  220000  loss 0.1628  lr 4.22e-05  613s
step  225000  loss 0.1614  lr 4.02e-05  625s
step  230000  loss 0.1611  lr 3.83e-05  637s
step  235000  loss 0.1607  lr 3.64e-05  649s
step  240000  loss 0.1599  lr 3.45e-05  661s
step  245000  loss 0.1590  lr 3.27e-05  672s
step  250000  loss 0.1588  lr 3.09e-05  685s
step  255000  loss 0.1577  lr 2.91e-05  696s
step  260000  loss 0.1571  lr 2.73e-05  709s
step  265000  loss 0.1570  lr 2.56e-05  720s
step  270000  loss 0.1559  lr 2.39e-05  733s
step  275000  loss 0.1552  lr 2.22e-05  745s
step  280000  loss 0.1554  lr 2.06e-05  757s
step  285000  loss 0.1549  lr 1.90e-05  769s
step  290000  loss 0.1548  lr 1.75e-05  781s
step  295000  loss 0.1539  lr 1.61e-05  793s
step  300000  loss 0.1542  lr 1.46e-05  804s
step  305000  loss 0.1530  lr 1.33e-05  817s
step  310000  loss 0.1531  lr 1.20e-05  829s
step  315000  loss 0.1527  lr 1.07e-05  841s
step  320000  loss 0.1525  lr 9.55e-06  854s
step  325000  loss 0.1517  lr 8.43e-06  865s
step  330000  loss 0.1517  lr 7.37e-06  878s
step  335000  loss 0.1520  lr 6.38e-06  890s
step  340000  loss 0.1517  lr 5.45e-06  902s
step  345000  loss 0.1508  lr 4.59e-06  914s
step  350000  loss 0.1514  lr 3.81e-06  926s
step  355000  loss 0.1510  lr 3.09e-06  939s
step  360000  loss 0.1511  lr 2.45e-06  951s
step  365000  loss 0.1506  lr 1.88e-06  963s
step  370000  loss 0.1503  lr 1.38e-06  976s
step  375000  loss 0.1502  lr 9.61e-07  988s
step  380000  loss 0.1508  lr 6.16e-07  1000s
step  385000  loss 0.1505  lr 3.47e-07  1012s
step  390000  loss 0.1502  lr 1.54e-07  1024s
step  395000  loss 0.1510  lr 3.85e-08  1036s
step  400000  loss 0.1505  lr 0.00e+00  1048s
wrote bc/400000/model.safetensors
