2026-10-02 03:28:20.685 | WARNING  | plugrl_env_client.envs:_load_env_modules:27 - Skip loading env module plugrl_env_client.envs.classic.classic_env: pygame is not installed. Please install it with pip install "plugrl-env-client[classic]".
2026-10-02 03:28:20.685 | WARNING  | plugrl_env_client.envs:_load_env_modules:27 - Skip loading env module plugrl_env_client.envs.atari.atari_env: Atari is not installed. Please install it with the 'atari' extra, e.g. 'pip install plugrl-env-client[atari]'
2026-10-02 03:28:20.685 | WARNING  | plugrl_env_client.envs:_load_env_modules:27 - Skip loading env module plugrl_env_client.envs.d4rl.d4rl_env: d4rl is not installed. Please install it with pip install "plugrl-env-client[d4rl]".
2026-10-02 03:28:20.685 | WARNING  | plugrl_env_client.envs:_load_env_modules:27 - Skip loading env module plugrl_env_client.envs.libero.libero_env: libero is not installed. Please install it with pip install "plugrl-env-client[libero]".
2026-10-02 03:28:20.686 | WARNING  | plugrl_env_client.envs:_load_env_modules:27 - Skip loading env module plugrl_env_client.envs.robomimic.robomimic_env: Robomimic is not installed. Please install it with the 'robomimic' extra, e.g. 'pip install plugrl-env-client[robomimic]'
2026-10-02 03:28:20.726 | INFO     | __main__:main:87 - Starting env client exp_name=clients output_dir=runs/clients recorder={'episode_freq': 0, 'thread0_only': True, 'record_video': False, 'video_fps': 30.0, 'record_full_rollout': False, 'record_obs_stats': True, 'record_episode_metrics': True, 'metric_window': 100}
2026-10-02 03:28:20.838 | WARNING  | plugrl_env_client.envs:_load_env_modules:27 - Skip loading env module plugrl_env_client.envs.classic.classic_env: pygame is not installed. Please install it with pip install "plugrl-env-client[classic]".
2026-10-02 03:28:20.838 | WARNING  | plugrl_env_client.envs:_load_env_modules:27 - Skip loading env module plugrl_env_client.envs.classic.classic_env: pygame is not installed. Please install it with pip install "plugrl-env-client[classic]".
2026-10-02 03:28:20.838 | WARNING  | plugrl_env_client.envs:_load_env_modules:27 - Skip loading env module plugrl_env_client.envs.classic.classic_env: pygame is not installed. Please install it with pip install "plugrl-env-client[classic]".
2026-10-02 03:28:20.838 | WARNING  | plugrl_env_client.envs:_load_env_modules:27 - Skip loading env module plugrl_env_client.envs.classic.classic_env: pygame is not installed. Please install it with pip install "plugrl-env-client[classic]".
2026-10-02 03:28:20.838 | WARNING  | plugrl_env_client.envs:_load_env_modules:27 - Skip loading env module plugrl_env_client.envs.atari.atari_env: Atari is not installed. Please install it with the 'atari' extra, e.g. 'pip install plugrl-env-client[atari]'
2026-10-02 03:28:20.839 | WARNING  | plugrl_env_client.envs:_load_env_modules:27 - Skip loading env module plugrl_env_client.envs.atari.atari_env: Atari is not installed. Please install it with the 'atari' extra, e.g. 'pip install plugrl-env-client[atari]'
2026-10-02 03:28:20.839 | WARNING  | plugrl_env_client.envs:_load_env_modules:27 - Skip loading env module plugrl_env_client.envs.atari.atari_env: Atari is not installed. Please install it with the 'atari' extra, e.g. 'pip install plugrl-env-client[atari]'
2026-10-02 03:28:20.839 | WARNING  | plugrl_env_client.envs:_load_env_modules:27 - Skip loading env module plugrl_env_client.envs.atari.atari_env: Atari is not installed. Please install it with the 'atari' extra, e.g. 'pip install plugrl-env-client[atari]'
2026-10-02 03:28:20.839 | WARNING  | plugrl_env_client.envs:_load_env_modules:27 - Skip loading env module plugrl_env_client.envs.d4rl.d4rl_env: d4rl is not installed. Please install it with pip install "plugrl-env-client[d4rl]".
2026-10-02 03:28:20.839 | WARNING  | plugrl_env_client.envs:_load_env_modules:27 - Skip loading env module plugrl_env_client.envs.d4rl.d4rl_env: d4rl is not installed. Please install it with pip install "plugrl-env-client[d4rl]".
2026-10-02 03:28:20.839 | WARNING  | plugrl_env_client.envs:_load_env_modules:27 - Skip loading env module plugrl_env_client.envs.classic.classic_env: pygame is not installed. Please install it with pip install "plugrl-env-client[classic]".
2026-10-02 03:28:20.839 | WARNING  | plugrl_env_client.envs:_load_env_modules:27 - Skip loading env module plugrl_env_client.envs.d4rl.d4rl_env: d4rl is not installed. Please install it with pip install "plugrl-env-client[d4rl]".
2026-10-02 03:28:20.839 | WARNING  | plugrl_env_client.envs:_load_env_modules:27 - Skip loading env module plugrl_env_client.envs.d4rl.d4rl_env: d4rl is not installed. Please install it with pip install "plugrl-env-client[d4rl]".
2026-10-02 03:28:20.839 | WARNING  | plugrl_env_client.envs:_load_env_modules:27 - Skip loading env module plugrl_env_client.envs.libero.libero_env: libero is not installed. Please install it with pip install "plugrl-env-client[libero]".
2026-10-02 03:28:20.839 | WARNING  | plugrl_env_client.envs:_load_env_modules:27 - Skip loading env module plugrl_env_client.envs.libero.libero_env: libero is not installed. Please install it with pip install "plugrl-env-client[libero]".
2026-10-02 03:28:20.839 | WARNING  | plugrl_env_client.envs:_load_env_modules:27 - Skip loading env module plugrl_env_client.envs.atari.atari_env: Atari is not installed. Please install it with the 'atari' extra, e.g. 'pip install plugrl-env-client[atari]'
2026-10-02 03:28:20.839 | WARNING  | plugrl_env_client.envs:_load_env_modules:27 - Skip loading env module plugrl_env_client.envs.libero.libero_env: libero is not installed. Please install it with pip install "plugrl-env-client[libero]".
2026-10-02 03:28:20.839 | WARNING  | plugrl_env_client.envs:_load_env_modules:27 - Skip loading env module plugrl_env_client.envs.libero.libero_env: libero is not installed. Please install it with pip install "plugrl-env-client[libero]".
2026-10-02 03:28:20.839 | WARNING  | plugrl_env_client.envs:_load_env_modules:27 - Skip loading env module plugrl_env_client.envs.d4rl.d4rl_env: d4rl is not installed. Please install it with pip install "plugrl-env-client[d4rl]".
2026-10-02 03:28:20.839 | WARNING  | plugrl_env_client.envs:_load_env_modules:27 - Skip loading env module plugrl_env_client.envs.libero.libero_env: libero is not installed. Please install it with pip install "plugrl-env-client[libero]".
2026-10-02 03:28:20.839 | WARNING  | plugrl_env_client.envs:_load_env_modules:27 - Skip loading env module plugrl_env_client.envs.robomimic.robomimic_env: Robomimic is not installed. Please install it with the 'robomimic' extra, e.g. 'pip install plugrl-env-client[robomimic]'
2026-10-02 03:28:20.839 | WARNING  | plugrl_env_client.envs:_load_env_modules:27 - Skip loading env module plugrl_env_client.envs.robomimic.robomimic_env: Robomimic is not installed. Please install it with the 'robomimic' extra, e.g. 'pip install plugrl-env-client[robomimic]'
2026-10-02 03:28:20.840 | WARNING  | plugrl_env_client.envs:_load_env_modules:27 - Skip loading env module plugrl_env_client.envs.robomimic.robomimic_env: Robomimic is not installed. Please install it with the 'robomimic' extra, e.g. 'pip install plugrl-env-client[robomimic]'
2026-10-02 03:28:20.840 | WARNING  | plugrl_env_client.envs:_load_env_modules:27 - Skip loading env module plugrl_env_client.envs.robomimic.robomimic_env: Robomimic is not installed. Please install it with the 'robomimic' extra, e.g. 'pip install plugrl-env-client[robomimic]'
2026-10-02 03:28:20.840 | WARNING  | plugrl_env_client.envs:_load_env_modules:27 - Skip loading env module plugrl_env_client.envs.robomimic.robomimic_env: Robomimic is not installed. Please install it with the 'robomimic' extra, e.g. 'pip install plugrl-env-client[robomimic]'
2026-10-02 03:28:20.841 | WARNING  | plugrl_env_client.envs:_load_env_modules:27 - Skip loading env module plugrl_env_client.envs.classic.classic_env: pygame is not installed. Please install it with pip install "plugrl-env-client[classic]".
2026-10-02 03:28:20.841 | WARNING  | plugrl_env_client.envs:_load_env_modules:27 - Skip loading env module plugrl_env_client.envs.atari.atari_env: Atari is not installed. Please install it with the 'atari' extra, e.g. 'pip install plugrl-env-client[atari]'
2026-10-02 03:28:20.842 | WARNING  | plugrl_env_client.envs:_load_env_modules:27 - Skip loading env module plugrl_env_client.envs.d4rl.d4rl_env: d4rl is not installed. Please install it with pip install "plugrl-env-client[d4rl]".
2026-10-02 03:28:20.842 | WARNING  | plugrl_env_client.envs:_load_env_modules:27 - Skip loading env module plugrl_env_client.envs.libero.libero_env: libero is not installed. Please install it with pip install "plugrl-env-client[libero]".
2026-10-02 03:28:20.842 | WARNING  | plugrl_env_client.envs:_load_env_modules:27 - Skip loading env module plugrl_env_client.envs.robomimic.robomimic_env: Robomimic is not installed. Please install it with the 'robomimic' extra, e.g. 'pip install plugrl-env-client[robomimic]'
2026-10-02 03:28:20.847 | WARNING  | plugrl_env_client.envs:_load_env_modules:27 - Skip loading env module plugrl_env_client.envs.classic.classic_env: pygame is not installed. Please install it with pip install "plugrl-env-client[classic]".
2026-10-02 03:28:20.848 | WARNING  | plugrl_env_client.envs:_load_env_modules:27 - Skip loading env module plugrl_env_client.envs.atari.atari_env: Atari is not installed. Please install it with the 'atari' extra, e.g. 'pip install plugrl-env-client[atari]'
2026-10-02 03:28:20.848 | WARNING  | plugrl_env_client.envs:_load_env_modules:27 - Skip loading env module plugrl_env_client.envs.d4rl.d4rl_env: d4rl is not installed. Please install it with pip install "plugrl-env-client[d4rl]".
2026-10-02 03:28:20.848 | WARNING  | plugrl_env_client.envs:_load_env_modules:27 - Skip loading env module plugrl_env_client.envs.libero.libero_env: libero is not installed. Please install it with pip install "plugrl-env-client[libero]".
2026-10-02 03:28:20.849 | WARNING  | plugrl_env_client.envs:_load_env_modules:27 - Skip loading env module plugrl_env_client.envs.robomimic.robomimic_env: Robomimic is not installed. Please install it with the 'robomimic' extra, e.g. 'pip install plugrl-env-client[robomimic]'
2026-10-02 03:28:20.865 | WARNING  | plugrl_env_client.envs:_load_env_modules:27 - Skip loading env module plugrl_env_client.envs.classic.classic_env: pygame is not installed. Please install it with pip install "plugrl-env-client[classic]".
2026-10-02 03:28:20.865 | WARNING  | plugrl_env_client.envs:_load_env_modules:27 - Skip loading env module plugrl_env_client.envs.classic.classic_env: pygame is not installed. Please install it with pip install "plugrl-env-client[classic]".
2026-10-02 03:28:20.865 | WARNING  | plugrl_env_client.envs:_load_env_modules:27 - Skip loading env module plugrl_env_client.envs.atari.atari_env: Atari is not installed. Please install it with the 'atari' extra, e.g. 'pip install plugrl-env-client[atari]'
2026-10-02 03:28:20.865 | WARNING  | plugrl_env_client.envs:_load_env_modules:27 - Skip loading env module plugrl_env_client.envs.atari.atari_env: Atari is not installed. Please install it with the 'atari' extra, e.g. 'pip install plugrl-env-client[atari]'
2026-10-02 03:28:20.865 | WARNING  | plugrl_env_client.envs:_load_env_modules:27 - Skip loading env module plugrl_env_client.envs.d4rl.d4rl_env: d4rl is not installed. Please install it with pip install "plugrl-env-client[d4rl]".
2026-10-02 03:28:20.865 | WARNING  | plugrl_env_client.envs:_load_env_modules:27 - Skip loading env module plugrl_env_client.envs.classic.classic_env: pygame is not installed. Please install it with pip install "plugrl-env-client[classic]".
2026-10-02 03:28:20.865 | WARNING  | plugrl_env_client.envs:_load_env_modules:27 - Skip loading env module plugrl_env_client.envs.d4rl.d4rl_env: d4rl is not installed. Please install it with pip install "plugrl-env-client[d4rl]".
2026-10-02 03:28:20.865 | WARNING  | plugrl_env_client.envs:_load_env_modules:27 - Skip loading env module plugrl_env_client.envs.libero.libero_env: libero is not installed. Please install it with pip install "plugrl-env-client[libero]".
2026-10-02 03:28:20.866 | WARNING  | plugrl_env_client.envs:_load_env_modules:27 - Skip loading env module plugrl_env_client.envs.atari.atari_env: Atari is not installed. Please install it with the 'atari' extra, e.g. 'pip install plugrl-env-client[atari]'
2026-10-02 03:28:20.866 | WARNING  | plugrl_env_client.envs:_load_env_modules:27 - Skip loading env module plugrl_env_client.envs.libero.libero_env: libero is not installed. Please install it with pip install "plugrl-env-client[libero]".
2026-10-02 03:28:20.866 | WARNING  | plugrl_env_client.envs:_load_env_modules:27 - Skip loading env module plugrl_env_client.envs.d4rl.d4rl_env: d4rl is not installed. Please install it with pip install "plugrl-env-client[d4rl]".
2026-10-02 03:28:20.866 | WARNING  | plugrl_env_client.envs:_load_env_modules:27 - Skip loading env module plugrl_env_client.envs.libero.libero_env: libero is not installed. Please install it with pip install "plugrl-env-client[libero]".
2026-10-02 03:28:20.866 | WARNING  | plugrl_env_client.envs:_load_env_modules:27 - Skip loading env module plugrl_env_client.envs.robomimic.robomimic_env: Robomimic is not installed. Please install it with the 'robomimic' extra, e.g. 'pip install plugrl-env-client[robomimic]'
2026-10-02 03:28:20.866 | WARNING  | plugrl_env_client.envs:_load_env_modules:27 - Skip loading env module plugrl_env_client.envs.robomimic.robomimic_env: Robomimic is not installed. Please install it with the 'robomimic' extra, e.g. 'pip install plugrl-env-client[robomimic]'
2026-10-02 03:28:20.867 | WARNING  | plugrl_env_client.envs:_load_env_modules:27 - Skip loading env module plugrl_env_client.envs.classic.classic_env: pygame is not installed. Please install it with pip install "plugrl-env-client[classic]".
2026-10-02 03:28:20.867 | WARNING  | plugrl_env_client.envs:_load_env_modules:27 - Skip loading env module plugrl_env_client.envs.classic.classic_env: pygame is not installed. Please install it with pip install "plugrl-env-client[classic]".
2026-10-02 03:28:20.867 | WARNING  | plugrl_env_client.envs:_load_env_modules:27 - Skip loading env module plugrl_env_client.envs.robomimic.robomimic_env: Robomimic is not installed. Please install it with the 'robomimic' extra, e.g. 'pip install plugrl-env-client[robomimic]'
2026-10-02 03:28:20.867 | WARNING  | plugrl_env_client.envs:_load_env_modules:27 - Skip loading env module plugrl_env_client.envs.atari.atari_env: Atari is not installed. Please install it with the 'atari' extra, e.g. 'pip install plugrl-env-client[atari]'
2026-10-02 03:28:20.867 | WARNING  | plugrl_env_client.envs:_load_env_modules:27 - Skip loading env module plugrl_env_client.envs.d4rl.d4rl_env: d4rl is not installed. Please install it with pip install "plugrl-env-client[d4rl]".
2026-10-02 03:28:20.867 | WARNING  | plugrl_env_client.envs:_load_env_modules:27 - Skip loading env module plugrl_env_client.envs.atari.atari_env: Atari is not installed. Please install it with the 'atari' extra, e.g. 'pip install plugrl-env-client[atari]'
2026-10-02 03:28:20.867 | WARNING  | plugrl_env_client.envs:_load_env_modules:27 - Skip loading env module plugrl_env_client.envs.classic.classic_env: pygame is not installed. Please install it with pip install "plugrl-env-client[classic]".
2026-10-02 03:28:20.868 | WARNING  | plugrl_env_client.envs:_load_env_modules:27 - Skip loading env module plugrl_env_client.envs.libero.libero_env: libero is not installed. Please install it with pip install "plugrl-env-client[libero]".
2026-10-02 03:28:20.868 | WARNING  | plugrl_env_client.envs:_load_env_modules:27 - Skip loading env module plugrl_env_client.envs.d4rl.d4rl_env: d4rl is not installed. Please install it with pip install "plugrl-env-client[d4rl]".
2026-10-02 03:28:20.868 | WARNING  | plugrl_env_client.envs:_load_env_modules:27 - Skip loading env module plugrl_env_client.envs.atari.atari_env: Atari is not installed. Please install it with the 'atari' extra, e.g. 'pip install plugrl-env-client[atari]'
2026-10-02 03:28:20.868 | WARNING  | plugrl_env_client.envs:_load_env_modules:27 - Skip loading env module plugrl_env_client.envs.classic.classic_env: pygame is not installed. Please install it with pip install "plugrl-env-client[classic]".
2026-10-02 03:28:20.868 | WARNING  | plugrl_env_client.envs:_load_env_modules:27 - Skip loading env module plugrl_env_client.envs.libero.libero_env: libero is not installed. Please install it with pip install "plugrl-env-client[libero]".
2026-10-02 03:28:20.868 | WARNING  | plugrl_env_client.envs:_load_env_modules:27 - Skip loading env module plugrl_env_client.envs.classic.classic_env: pygame is not installed. Please install it with pip install "plugrl-env-client[classic]".
2026-10-02 03:28:20.868 | WARNING  | plugrl_env_client.envs:_load_env_modules:27 - Skip loading env module plugrl_env_client.envs.d4rl.d4rl_env: d4rl is not installed. Please install it with pip install "plugrl-env-client[d4rl]".
2026-10-02 03:28:20.868 | WARNING  | plugrl_env_client.envs:_load_env_modules:27 - Skip loading env module plugrl_env_client.envs.atari.atari_env: Atari is not installed. Please install it with the 'atari' extra, e.g. 'pip install plugrl-env-client[atari]'
2026-10-02 03:28:20.868 | WARNING  | plugrl_env_client.envs:_load_env_modules:27 - Skip loading env module plugrl_env_client.envs.atari.atari_env: Atari is not installed. Please install it with the 'atari' extra, e.g. 'pip install plugrl-env-client[atari]'
2026-10-02 03:28:20.868 | WARNING  | plugrl_env_client.envs:_load_env_modules:27 - Skip loading env module plugrl_env_client.envs.libero.libero_env: libero is not installed. Please install it with pip install "plugrl-env-client[libero]".
2026-10-02 03:28:20.868 | WARNING  | plugrl_env_client.envs:_load_env_modules:27 - Skip loading env module plugrl_env_client.envs.classic.classic_env: pygame is not installed. Please install it with pip install "plugrl-env-client[classic]".
2026-10-02 03:28:20.868 | WARNING  | plugrl_env_client.envs:_load_env_modules:27 - Skip loading env module plugrl_env_client.envs.d4rl.d4rl_env: d4rl is not installed. Please install it with pip install "plugrl-env-client[d4rl]".
2026-10-02 03:28:20.868 | WARNING  | plugrl_env_client.envs:_load_env_modules:27 - Skip loading env module plugrl_env_client.envs.robomimic.robomimic_env: Robomimic is not installed. Please install it with the 'robomimic' extra, e.g. 'pip install plugrl-env-client[robomimic]'
2026-10-02 03:28:20.868 | WARNING  | plugrl_env_client.envs:_load_env_modules:27 - Skip loading env module plugrl_env_client.envs.d4rl.d4rl_env: d4rl is not installed. Please install it with pip install "plugrl-env-client[d4rl]".
2026-10-02 03:28:20.869 | WARNING  | plugrl_env_client.envs:_load_env_modules:27 - Skip loading env module plugrl_env_client.envs.atari.atari_env: Atari is not installed. Please install it with the 'atari' extra, e.g. 'pip install plugrl-env-client[atari]'
2026-10-02 03:28:20.869 | WARNING  | plugrl_env_client.envs:_load_env_modules:27 - Skip loading env module plugrl_env_client.envs.libero.libero_env: libero is not installed. Please install it with pip install "plugrl-env-client[libero]".
2026-10-02 03:28:20.869 | WARNING  | plugrl_env_client.envs:_load_env_modules:27 - Skip loading env module plugrl_env_client.envs.robomimic.robomimic_env: Robomimic is not installed. Please install it with the 'robomimic' extra, e.g. 'pip install plugrl-env-client[robomimic]'
2026-10-02 03:28:20.869 | WARNING  | plugrl_env_client.envs:_load_env_modules:27 - Skip loading env module plugrl_env_client.envs.libero.libero_env: libero is not installed. Please install it with pip install "plugrl-env-client[libero]".
2026-10-02 03:28:20.869 | WARNING  | plugrl_env_client.envs:_load_env_modules:27 - Skip loading env module plugrl_env_client.envs.d4rl.d4rl_env: d4rl is not installed. Please install it with pip install "plugrl-env-client[d4rl]".
2026-10-02 03:28:20.869 | WARNING  | plugrl_env_client.envs:_load_env_modules:27 - Skip loading env module plugrl_env_client.envs.libero.libero_env: libero is not installed. Please install it with pip install "plugrl-env-client[libero]".
2026-10-02 03:28:20.869 | WARNING  | plugrl_env_client.envs:_load_env_modules:27 - Skip loading env module plugrl_env_client.envs.robomimic.robomimic_env: Robomimic is not installed. Please install it with the 'robomimic' extra, e.g. 'pip install plugrl-env-client[robomimic]'
2026-10-02 03:28:20.869 | WARNING  | plugrl_env_client.envs:_load_env_modules:27 - Skip loading env module plugrl_env_client.envs.robomimic.robomimic_env: Robomimic is not installed. Please install it with the 'robomimic' extra, e.g. 'pip install plugrl-env-client[robomimic]'
2026-10-02 03:28:20.869 | WARNING  | plugrl_env_client.envs:_load_env_modules:27 - Skip loading env module plugrl_env_client.envs.robomimic.robomimic_env: Robomimic is not installed. Please install it with the 'robomimic' extra, e.g. 'pip install plugrl-env-client[robomimic]'
2026-10-02 03:28:20.870 | WARNING  | plugrl_env_client.envs:_load_env_modules:27 - Skip loading env module plugrl_env_client.envs.robomimic.robomimic_env: Robomimic is not installed. Please install it with the 'robomimic' extra, e.g. 'pip install plugrl-env-client[robomimic]'
2026-10-02 03:28:20.904 | INFO     | plugrl_env_client.agent.websocket_env_client_agent:_wait_for_server:203 - Waiting for server at ws://127.0.0.1:8810...
2026-10-02 03:28:20.905 | INFO     | plugrl_env_client.agent.websocket_env_client_agent:_wait_for_server:203 - Waiting for server at ws://127.0.0.1:8810...
2026-10-02 03:28:20.905 | WARNING  | plugrl_env_client.agent.websocket_env_client_agent:_wait_for_server:252 - Server not available or connection failed. Retrying in 5 seconds...
2026-10-02 03:28:20.906 | WARNING  | plugrl_env_client.agent.websocket_env_client_agent:_wait_for_server:252 - Server not available or connection failed. Retrying in 5 seconds...
2026-10-02 03:28:20.906 | INFO     | plugrl_env_client.agent.websocket_env_client_agent:_wait_for_server:203 - Waiting for server at ws://127.0.0.1:8810...
2026-10-02 03:28:20.907 | INFO     | plugrl_env_client.agent.websocket_env_client_agent:_wait_for_server:203 - Waiting for server at ws://127.0.0.1:8810...
2026-10-02 03:28:20.907 | WARNING  | plugrl_env_client.agent.websocket_env_client_agent:_wait_for_server:252 - Server not available or connection failed. Retrying in 5 seconds...
2026-10-02 03:28:20.907 | INFO     | plugrl_env_client.agent.websocket_env_client_agent:_wait_for_server:203 - Waiting for server at ws://127.0.0.1:8810...
2026-10-02 03:28:20.908 | WARNING  | plugrl_env_client.agent.websocket_env_client_agent:_wait_for_server:252 - Server not available or connection failed. Retrying in 5 seconds...
2026-10-02 03:28:20.908 | WARNING  | plugrl_env_client.agent.websocket_env_client_agent:_wait_for_server:252 - Server not available or connection failed. Retrying in 5 seconds...
2026-10-02 03:28:20.909 | INFO     | plugrl_env_client.agent.websocket_env_client_agent:_wait_for_server:203 - Waiting for server at ws://127.0.0.1:8810...
2026-10-02 03:28:20.910 | WARNING  | plugrl_env_client.agent.websocket_env_client_agent:_wait_for_server:252 - Server not available or connection failed. Retrying in 5 seconds...
2026-10-02 03:28:20.913 | INFO     | plugrl_env_client.agent.websocket_env_client_agent:_wait_for_server:203 - Waiting for server at ws://127.0.0.1:8810...
2026-10-02 03:28:20.914 | WARNING  | plugrl_env_client.agent.websocket_env_client_agent:_wait_for_server:252 - Server not available or connection failed. Retrying in 5 seconds...
2026-10-02 03:28:20.940 | INFO     | plugrl_env_client.agent.websocket_env_client_agent:_wait_for_server:203 - Waiting for server at ws://127.0.0.1:8810...
2026-10-02 03:28:20.941 | WARNING  | plugrl_env_client.agent.websocket_env_client_agent:_wait_for_server:252 - Server not available or connection failed. Retrying in 5 seconds...
2026-10-02 03:28:20.944 | INFO     | plugrl_env_client.agent.websocket_env_client_agent:_wait_for_server:203 - Waiting for server at ws://127.0.0.1:8810...
2026-10-02 03:28:20.945 | WARNING  | plugrl_env_client.agent.websocket_env_client_agent:_wait_for_server:252 - Server not available or connection failed. Retrying in 5 seconds...
2026-10-02 03:28:20.946 | INFO     | plugrl_env_client.agent.websocket_env_client_agent:_wait_for_server:203 - Waiting for server at ws://127.0.0.1:8810...
2026-10-02 03:28:20.946 | INFO     | plugrl_env_client.agent.websocket_env_client_agent:_wait_for_server:203 - Waiting for server at ws://127.0.0.1:8810...
2026-10-02 03:28:20.947 | INFO     | plugrl_env_client.agent.websocket_env_client_agent:_wait_for_server:203 - Waiting for server at ws://127.0.0.1:8810...
2026-10-02 03:28:20.947 | INFO     | plugrl_env_client.agent.websocket_env_client_agent:_wait_for_server:203 - Waiting for server at ws://127.0.0.1:8810...
2026-10-02 03:28:20.947 | INFO     | plugrl_env_client.agent.websocket_env_client_agent:_wait_for_server:203 - Waiting for server at ws://127.0.0.1:8810...
2026-10-02 03:28:20.947 | WARNING  | plugrl_env_client.agent.websocket_env_client_agent:_wait_for_server:252 - Server not available or connection failed. Retrying in 5 seconds...
2026-10-02 03:28:20.947 | WARNING  | plugrl_env_client.agent.websocket_env_client_agent:_wait_for_server:252 - Server not available or connection failed. Retrying in 5 seconds...
2026-10-02 03:28:20.947 | WARNING  | plugrl_env_client.agent.websocket_env_client_agent:_wait_for_server:252 - Server not available or connection failed. Retrying in 5 seconds...
2026-10-02 03:28:20.947 | WARNING  | plugrl_env_client.agent.websocket_env_client_agent:_wait_for_server:252 - Server not available or connection failed. Retrying in 5 seconds...
2026-10-02 03:28:20.948 | WARNING  | plugrl_env_client.agent.websocket_env_client_agent:_wait_for_server:252 - Server not available or connection failed. Retrying in 5 seconds...
2026-10-02 03:28:20.948 | INFO     | plugrl_env_client.agent.websocket_env_client_agent:_wait_for_server:203 - Waiting for server at ws://127.0.0.1:8810...
2026-10-02 03:28:20.949 | INFO     | plugrl_env_client.agent.websocket_env_client_agent:_wait_for_server:203 - Waiting for server at ws://127.0.0.1:8810...
2026-10-02 03:28:20.949 | WARNING  | plugrl_env_client.agent.websocket_env_client_agent:_wait_for_server:252 - Server not available or connection failed. Retrying in 5 seconds...
2026-10-02 03:28:20.950 | WARNING  | plugrl_env_client.agent.websocket_env_client_agent:_wait_for_server:252 - Server not available or connection failed. Retrying in 5 seconds...
2026-10-02 03:28:25.909 | INFO     | plugrl_env_client.runner.run:report_server_metadata:56 - Server metadata: {'protocol_version': 1, 'server': 'plugrl-bridges', 'action_horizon': 1, 'action_dim': 6, 'num_envs': 16, 'lockstep': True, 'features': ['reuse-feedback-obs']}
2026-10-02 03:28:25.909 | INFO     | plugrl_env_client.runner.run:report_server_metadata:56 - Server metadata: {'protocol_version': 1, 'server': 'plugrl-bridges', 'action_horizon': 1, 'action_dim': 6, 'num_envs': 16, 'lockstep': True, 'features': ['reuse-feedback-obs']}
2026-10-02 03:28:25.910 | INFO     | plugrl_env_client.runner.run:report_server_metadata:56 - Server metadata: {'protocol_version': 1, 'server': 'plugrl-bridges', 'action_horizon': 1, 'action_dim': 6, 'num_envs': 16, 'lockstep': True, 'features': ['reuse-feedback-obs']}
2026-10-02 03:28:25.911 | INFO     | plugrl_env_client.runner.run:report_server_metadata:56 - Server metadata: {'protocol_version': 1, 'server': 'plugrl-bridges', 'action_horizon': 1, 'action_dim': 6, 'num_envs': 16, 'lockstep': True, 'features': ['reuse-feedback-obs']}
2026-10-02 03:28:25.912 | INFO     | plugrl_env_client.runner.run:report_server_metadata:56 - Server metadata: {'protocol_version': 1, 'server': 'plugrl-bridges', 'action_horizon': 1, 'action_dim': 6, 'num_envs': 16, 'lockstep': True, 'features': ['reuse-feedback-obs']}
2026-10-02 03:28:25.913 | INFO     | plugrl_env_client.runner.run:report_server_metadata:56 - Server metadata: {'protocol_version': 1, 'server': 'plugrl-bridges', 'action_horizon': 1, 'action_dim': 6, 'num_envs': 16, 'lockstep': True, 'features': ['reuse-feedback-obs']}
2026-10-02 03:28:25.916 | INFO     | plugrl_env_client.runner.run:report_server_metadata:56 - Server metadata: {'protocol_version': 1, 'server': 'plugrl-bridges', 'action_horizon': 1, 'action_dim': 6, 'num_envs': 16, 'lockstep': True, 'features': ['reuse-feedback-obs']}
2026-10-02 03:28:25.944 | INFO     | plugrl_env_client.runner.run:report_server_metadata:56 - Server metadata: {'protocol_version': 1, 'server': 'plugrl-bridges', 'action_horizon': 1, 'action_dim': 6, 'num_envs': 16, 'lockstep': True, 'features': ['reuse-feedback-obs']}
2026-10-02 03:28:25.947 | INFO     | plugrl_env_client.runner.run:report_server_metadata:56 - Server metadata: {'protocol_version': 1, 'server': 'plugrl-bridges', 'action_horizon': 1, 'action_dim': 6, 'num_envs': 16, 'lockstep': True, 'features': ['reuse-feedback-obs']}
2026-10-02 03:28:25.949 | INFO     | plugrl_env_client.runner.run:report_server_metadata:56 - Server metadata: {'protocol_version': 1, 'server': 'plugrl-bridges', 'action_horizon': 1, 'action_dim': 6, 'num_envs': 16, 'lockstep': True, 'features': ['reuse-feedback-obs']}
2026-10-02 03:28:25.949 | INFO     | plugrl_env_client.runner.run:report_server_metadata:56 - Server metadata: {'protocol_version': 1, 'server': 'plugrl-bridges', 'action_horizon': 1, 'action_dim': 6, 'num_envs': 16, 'lockstep': True, 'features': ['reuse-feedback-obs']}
2026-10-02 03:28:25.950 | INFO     | plugrl_env_client.runner.run:report_server_metadata:56 - Server metadata: {'protocol_version': 1, 'server': 'plugrl-bridges', 'action_horizon': 1, 'action_dim': 6, 'num_envs': 16, 'lockstep': True, 'features': ['reuse-feedback-obs']}
2026-10-02 03:28:25.950 | INFO     | plugrl_env_client.runner.run:report_server_metadata:56 - Server metadata: {'protocol_version': 1, 'server': 'plugrl-bridges', 'action_horizon': 1, 'action_dim': 6, 'num_envs': 16, 'lockstep': True, 'features': ['reuse-feedback-obs']}
2026-10-02 03:28:25.950 | INFO     | plugrl_env_client.runner.run:report_server_metadata:56 - Server metadata: {'protocol_version': 1, 'server': 'plugrl-bridges', 'action_horizon': 1, 'action_dim': 6, 'num_envs': 16, 'lockstep': True, 'features': ['reuse-feedback-obs']}
2026-10-02 03:28:25.952 | INFO     | plugrl_env_client.runner.run:report_server_metadata:56 - Server metadata: {'protocol_version': 1, 'server': 'plugrl-bridges', 'action_horizon': 1, 'action_dim': 6, 'num_envs': 16, 'lockstep': True, 'features': ['reuse-feedback-obs']}
2026-10-02 03:28:25.952 | INFO     | plugrl_env_client.runner.run:report_server_metadata:56 - Server metadata: {'protocol_version': 1, 'server': 'plugrl-bridges', 'action_horizon': 1, 'action_dim': 6, 'num_envs': 16, 'lockstep': True, 'features': ['reuse-feedback-obs']}
2026-10-02 03:28:56.292 | INFO     | plugrl_env_client.runner.rollout:log_timing_summary:101 - Intermediate rollout timing summary: env_steps=8449 infer_calls=8449 feedback_calls=8449 infer_wait=28.637s infer_obs_pack=0.106s env_step=0.699s feedback_total=0.523s feedback_obs_pack=0.138s feedback_info_pack=0.023s effective_fps=281.96
2026-10-02 03:28:56.292 | INFO     | plugrl_env_client.runner.rollout:log_timing_summary:101 - Intermediate rollout timing summary: env_steps=8449 infer_calls=8449 feedback_calls=8449 infer_wait=28.594s infer_obs_pack=0.105s env_step=0.725s feedback_total=0.519s feedback_obs_pack=0.141s feedback_info_pack=0.023s effective_fps=282.17
2026-10-02 03:28:56.293 | INFO     | plugrl_env_client.runner.rollout:log_timing_summary:101 - Intermediate rollout timing summary: env_steps=8449 infer_calls=8449 feedback_calls=8449 infer_wait=28.610s infer_obs_pack=0.104s env_step=0.712s feedback_total=0.521s feedback_obs_pack=0.137s feedback_info_pack=0.026s effective_fps=282.13
2026-10-02 03:28:56.293 | INFO     | plugrl_env_client.runner.rollout:log_timing_summary:101 - Intermediate rollout timing summary: env_steps=8449 infer_calls=8449 feedback_calls=8449 infer_wait=28.629s infer_obs_pack=0.109s env_step=0.705s feedback_total=0.535s feedback_obs_pack=0.143s feedback_info_pack=0.024s effective_fps=281.84
2026-10-02 03:28:56.293 | INFO     | plugrl_env_client.runner.rollout:log_timing_summary:101 - Intermediate rollout timing summary: env_steps=8449 infer_calls=8449 feedback_calls=8449 infer_wait=28.612s infer_obs_pack=0.104s env_step=0.723s feedback_total=0.513s feedback_obs_pack=0.138s feedback_info_pack=0.024s effective_fps=282.08
2026-10-02 03:28:56.293 | INFO     | plugrl_env_client.runner.rollout:log_timing_summary:101 - Intermediate rollout timing summary: env_steps=8449 infer_calls=8449 feedback_calls=8449 infer_wait=28.648s infer_obs_pack=0.108s env_step=0.690s feedback_total=0.531s feedback_obs_pack=0.142s feedback_info_pack=0.024s effective_fps=281.85
2026-10-02 03:28:56.293 | INFO     | plugrl_env_client.runner.rollout:log_timing_summary:101 - Intermediate rollout timing summary: env_steps=8449 infer_calls=8449 feedback_calls=8449 infer_wait=28.648s infer_obs_pack=0.108s env_step=0.694s feedback_total=0.530s feedback_obs_pack=0.140s feedback_info_pack=0.025s effective_fps=281.82
2026-10-02 03:28:56.293 | INFO     | plugrl_env_client.runner.rollout:log_timing_summary:101 - Intermediate rollout timing summary: env_steps=8449 infer_calls=8449 feedback_calls=8449 infer_wait=28.598s infer_obs_pack=0.108s env_step=0.721s feedback_total=0.531s feedback_obs_pack=0.144s feedback_info_pack=0.025s effective_fps=282.03
2026-10-02 03:28:56.293 | INFO     | plugrl_env_client.runner.rollout:log_timing_summary:101 - Intermediate rollout timing summary: env_steps=8449 infer_calls=8449 feedback_calls=8449 infer_wait=28.519s infer_obs_pack=0.103s env_step=0.787s feedback_total=0.528s feedback_obs_pack=0.139s feedback_info_pack=0.024s effective_fps=282.22
2026-10-02 03:28:56.293 | INFO     | plugrl_env_client.runner.rollout:log_timing_summary:101 - Intermediate rollout timing summary: env_steps=8449 infer_calls=8449 feedback_calls=8449 infer_wait=28.630s infer_obs_pack=0.106s env_step=0.701s feedback_total=0.530s feedback_obs_pack=0.140s feedback_info_pack=0.024s effective_fps=281.95
2026-10-02 03:28:56.293 | INFO     | plugrl_env_client.runner.rollout:log_timing_summary:101 - Intermediate rollout timing summary: env_steps=8449 infer_calls=8449 feedback_calls=8449 infer_wait=28.634s infer_obs_pack=0.109s env_step=0.694s feedback_total=0.542s feedback_obs_pack=0.143s feedback_info_pack=0.024s effective_fps=281.83
2026-10-02 03:28:56.293 | INFO     | plugrl_env_client.runner.rollout:log_timing_summary:101 - Intermediate rollout timing summary: env_steps=8449 infer_calls=8449 feedback_calls=8449 infer_wait=28.567s infer_obs_pack=0.107s env_step=0.746s feedback_total=0.535s feedback_obs_pack=0.144s feedback_info_pack=0.024s effective_fps=282.05
2026-10-02 03:28:56.293 | INFO     | plugrl_env_client.runner.rollout:log_timing_summary:101 - Intermediate rollout timing summary: env_steps=8449 infer_calls=8449 feedback_calls=8449 infer_wait=28.638s infer_obs_pack=0.108s env_step=0.697s feedback_total=0.537s feedback_obs_pack=0.143s feedback_info_pack=0.025s effective_fps=281.82
2026-10-02 03:28:56.293 | INFO     | plugrl_env_client.runner.rollout:log_timing_summary:101 - Intermediate rollout timing summary: env_steps=8449 infer_calls=8449 feedback_calls=8449 infer_wait=28.531s infer_obs_pack=0.104s env_step=0.776s feedback_total=0.527s feedback_obs_pack=0.140s feedback_info_pack=0.024s effective_fps=282.21
2026-10-02 03:28:56.293 | INFO     | plugrl_env_client.runner.rollout:log_timing_summary:101 - Intermediate rollout timing summary: env_steps=8449 infer_calls=8449 feedback_calls=8449 infer_wait=28.560s infer_obs_pack=0.107s env_step=0.756s feedback_total=0.537s feedback_obs_pack=0.145s feedback_info_pack=0.024s effective_fps=282.01
2026-10-02 03:28:56.293 | INFO     | plugrl_env_client.runner.rollout:log_timing_summary:101 - Intermediate rollout timing summary: env_steps=8449 infer_calls=8449 feedback_calls=8449 infer_wait=28.579s infer_obs_pack=0.105s env_step=0.735s feedback_total=0.527s feedback_obs_pack=0.140s feedback_info_pack=0.024s effective_fps=282.15
2026-10-02 03:29:26.294 | INFO     | plugrl_env_client.runner.rollout:log_timing_summary:101 - Intermediate rollout timing summary: env_steps=16898 infer_calls=16898 feedback_calls=16898 infer_wait=56.746s infer_obs_pack=0.214s env_step=1.504s feedback_total=1.069s feedback_obs_pack=0.286s feedback_info_pack=0.049s effective_fps=283.84
2026-10-02 03:29:26.294 | INFO     | plugrl_env_client.runner.rollout:log_timing_summary:101 - Intermediate rollout timing summary: env_steps=16898 infer_calls=16898 feedback_calls=16898 infer_wait=56.621s infer_obs_pack=0.208s env_step=1.575s feedback_total=1.067s feedback_obs_pack=0.282s feedback_info_pack=0.049s effective_fps=284.14
2026-10-02 03:29:26.294 | INFO     | plugrl_env_client.runner.rollout:log_timing_summary:101 - Intermediate rollout timing summary: env_steps=16898 infer_calls=16898 feedback_calls=16898 infer_wait=56.693s infer_obs_pack=0.209s env_step=1.524s feedback_total=1.059s feedback_obs_pack=0.282s feedback_info_pack=0.048s effective_fps=284.07
2026-10-02 03:29:26.294 | INFO     | plugrl_env_client.runner.rollout:log_timing_summary:101 - Intermediate rollout timing summary: env_steps=16898 infer_calls=16898 feedback_calls=16898 infer_wait=56.738s infer_obs_pack=0.209s env_step=1.486s feedback_total=1.063s feedback_obs_pack=0.284s feedback_info_pack=0.047s effective_fps=284.02
2026-10-02 03:29:26.295 | INFO     | plugrl_env_client.runner.rollout:log_timing_summary:101 - Intermediate rollout timing summary: env_steps=16898 infer_calls=16898 feedback_calls=16898 infer_wait=56.866s infer_obs_pack=0.216s env_step=1.417s feedback_total=1.077s feedback_obs_pack=0.286s feedback_info_pack=0.050s effective_fps=283.64
2026-10-02 03:29:26.295 | INFO     | plugrl_env_client.runner.rollout:log_timing_summary:101 - Intermediate rollout timing summary: env_steps=16898 infer_calls=16898 feedback_calls=16898 infer_wait=56.727s infer_obs_pack=0.213s env_step=1.484s feedback_total=1.058s feedback_obs_pack=0.284s feedback_info_pack=0.047s effective_fps=284.09
2026-10-02 03:29:26.295 | INFO     | plugrl_env_client.runner.rollout:log_timing_summary:101 - Intermediate rollout timing summary: env_steps=16898 infer_calls=16898 feedback_calls=16898 infer_wait=56.948s infer_obs_pack=0.214s env_step=1.381s feedback_total=1.056s feedback_obs_pack=0.281s feedback_info_pack=0.048s effective_fps=283.53
2026-10-02 03:29:26.295 | INFO     | plugrl_env_client.runner.rollout:log_timing_summary:101 - Intermediate rollout timing summary: env_steps=16898 infer_calls=16898 feedback_calls=16898 infer_wait=56.850s infer_obs_pack=0.209s env_step=1.434s feedback_total=1.051s feedback_obs_pack=0.275s feedback_info_pack=0.052s effective_fps=283.79
2026-10-02 03:29:26.295 | INFO     | plugrl_env_client.runner.rollout:log_timing_summary:101 - Intermediate rollout timing summary: env_steps=16898 infer_calls=16898 feedback_calls=16898 infer_wait=56.795s infer_obs_pack=0.214s env_step=1.468s feedback_total=1.055s feedback_obs_pack=0.282s feedback_info_pack=0.048s effective_fps=283.85
2026-10-02 03:29:26.295 | INFO     | plugrl_env_client.runner.rollout:log_timing_summary:101 - Intermediate rollout timing summary: env_steps=16898 infer_calls=16898 feedback_calls=16898 infer_wait=56.831s infer_obs_pack=0.218s env_step=1.439s feedback_total=1.073s feedback_obs_pack=0.292s feedback_info_pack=0.049s effective_fps=283.71
2026-10-02 03:29:26.295 | INFO     | plugrl_env_client.runner.rollout:log_timing_summary:101 - Intermediate rollout timing summary: env_steps=16898 infer_calls=16898 feedback_calls=16898 infer_wait=56.873s infer_obs_pack=0.215s env_step=1.416s feedback_total=1.064s feedback_obs_pack=0.281s feedback_info_pack=0.048s effective_fps=283.68
2026-10-02 03:29:26.295 | INFO     | plugrl_env_client.runner.rollout:log_timing_summary:101 - Intermediate rollout timing summary: env_steps=16898 infer_calls=16898 feedback_calls=16898 infer_wait=56.920s infer_obs_pack=0.219s env_step=1.400s feedback_total=1.074s feedback_obs_pack=0.286s feedback_info_pack=0.048s effective_fps=283.46
2026-10-02 03:29:26.295 | INFO     | plugrl_env_client.runner.rollout:log_timing_summary:101 - Intermediate rollout timing summary: env_steps=16898 infer_calls=16898 feedback_calls=16898 infer_wait=56.776s infer_obs_pack=0.214s env_step=1.474s feedback_total=1.078s feedback_obs_pack=0.288s feedback_info_pack=0.049s effective_fps=283.80
2026-10-02 03:29:26.295 | INFO     | plugrl_env_client.runner.rollout:log_timing_summary:101 - Intermediate rollout timing summary: env_steps=16898 infer_calls=16898 feedback_calls=16898 infer_wait=56.912s infer_obs_pack=0.216s env_step=1.401s feedback_total=1.064s feedback_obs_pack=0.282s feedback_info_pack=0.050s effective_fps=283.56
2026-10-02 03:29:26.295 | INFO     | plugrl_env_client.runner.rollout:log_timing_summary:101 - Intermediate rollout timing summary: env_steps=16898 infer_calls=16898 feedback_calls=16898 infer_wait=56.919s infer_obs_pack=0.218s env_step=1.395s feedback_total=1.077s feedback_obs_pack=0.285s feedback_info_pack=0.050s effective_fps=283.48
2026-10-02 03:29:26.296 | INFO     | plugrl_env_client.runner.rollout:log_timing_summary:101 - Intermediate rollout timing summary: env_steps=16898 infer_calls=16898 feedback_calls=16898 infer_wait=56.923s infer_obs_pack=0.219s env_step=1.385s feedback_total=1.089s feedback_obs_pack=0.288s feedback_info_pack=0.048s effective_fps=283.45
2026-10-02 03:29:56.296 | INFO     | plugrl_env_client.runner.rollout:log_timing_summary:101 - Intermediate rollout timing summary: env_steps=25393 infer_calls=25393 feedback_calls=25393 infer_wait=84.718s infer_obs_pack=0.319s env_step=2.365s feedback_total=1.609s feedback_obs_pack=0.426s feedback_info_pack=0.073s effective_fps=285.28
2026-10-02 03:29:56.296 | INFO     | plugrl_env_client.runner.rollout:log_timing_summary:101 - Intermediate rollout timing summary: env_steps=25393 infer_calls=25393 feedback_calls=25393 infer_wait=84.864s infer_obs_pack=0.315s env_step=2.275s feedback_total=1.585s feedback_obs_pack=0.422s feedback_info_pack=0.073s effective_fps=285.19
2026-10-02 03:29:56.296 | INFO     | plugrl_env_client.runner.rollout:log_timing_summary:101 - Intermediate rollout timing summary: env_steps=25393 infer_calls=25393 feedback_calls=25393 infer_wait=85.118s infer_obs_pack=0.323s env_step=2.125s feedback_total=1.596s feedback_obs_pack=0.421s feedback_info_pack=0.072s effective_fps=284.79
2026-10-02 03:29:56.296 | INFO     | plugrl_env_client.runner.rollout:log_timing_summary:101 - Intermediate rollout timing summary: env_steps=25393 infer_calls=25393 feedback_calls=25393 infer_wait=84.973s infer_obs_pack=0.321s env_step=2.227s feedback_total=1.593s feedback_obs_pack=0.427s feedback_info_pack=0.073s effective_fps=284.95
2026-10-02 03:29:56.296 | INFO     | plugrl_env_client.runner.rollout:log_timing_summary:101 - Intermediate rollout timing summary: env_steps=25393 infer_calls=25393 feedback_calls=25393 infer_wait=85.211s infer_obs_pack=0.329s env_step=2.098s feedback_total=1.608s feedback_obs_pack=0.429s feedback_info_pack=0.073s effective_fps=284.53
2026-10-02 03:29:56.296 | INFO     | plugrl_env_client.runner.rollout:log_timing_summary:101 - Intermediate rollout timing summary: env_steps=25393 infer_calls=25393 feedback_calls=25393 infer_wait=84.981s infer_obs_pack=0.311s env_step=2.202s feedback_total=1.575s feedback_obs_pack=0.419s feedback_info_pack=0.070s effective_fps=285.09
2026-10-02 03:29:56.296 | INFO     | plugrl_env_client.runner.rollout:log_timing_summary:101 - Intermediate rollout timing summary: env_steps=25393 infer_calls=25393 feedback_calls=25393 infer_wait=85.243s infer_obs_pack=0.325s env_step=2.074s feedback_total=1.604s feedback_obs_pack=0.425s feedback_info_pack=0.074s effective_fps=284.53
2026-10-02 03:29:56.296 | INFO     | plugrl_env_client.runner.rollout:log_timing_summary:101 - Intermediate rollout timing summary: env_steps=25393 infer_calls=25393 feedback_calls=25393 infer_wait=84.890s infer_obs_pack=0.317s env_step=2.252s feedback_total=1.581s feedback_obs_pack=0.426s feedback_info_pack=0.070s effective_fps=285.19
2026-10-02 03:29:56.296 | INFO     | plugrl_env_client.runner.rollout:log_timing_summary:101 - Intermediate rollout timing summary: env_steps=25393 infer_calls=25393 feedback_calls=25393 infer_wait=85.000s infer_obs_pack=0.322s env_step=2.195s feedback_total=1.608s feedback_obs_pack=0.431s feedback_info_pack=0.073s effective_fps=284.91
2026-10-02 03:29:56.296 | INFO     | plugrl_env_client.runner.rollout:log_timing_summary:101 - Intermediate rollout timing summary: env_steps=25393 infer_calls=25393 feedback_calls=25393 infer_wait=85.032s infer_obs_pack=0.322s env_step=2.192s feedback_total=1.581s feedback_obs_pack=0.420s feedback_info_pack=0.072s effective_fps=284.91
2026-10-02 03:29:56.296 | INFO     | plugrl_env_client.runner.rollout:log_timing_summary:101 - Intermediate rollout timing summary: env_steps=25393 infer_calls=25393 feedback_calls=25393 infer_wait=85.200s infer_obs_pack=0.323s env_step=2.087s feedback_total=1.592s feedback_obs_pack=0.423s feedback_info_pack=0.072s effective_fps=284.66
2026-10-02 03:29:56.297 | INFO     | plugrl_env_client.runner.rollout:log_timing_summary:101 - Intermediate rollout timing summary: env_steps=25393 infer_calls=25393 feedback_calls=25393 infer_wait=85.239s infer_obs_pack=0.324s env_step=2.084s feedback_total=1.586s feedback_obs_pack=0.422s feedback_info_pack=0.074s effective_fps=284.57
2026-10-02 03:29:56.297 | INFO     | plugrl_env_client.runner.rollout:log_timing_summary:101 - Intermediate rollout timing summary: env_steps=25393 infer_calls=25393 feedback_calls=25393 infer_wait=85.228s infer_obs_pack=0.329s env_step=2.071s feedback_total=1.634s feedback_obs_pack=0.432s feedback_info_pack=0.072s effective_fps=284.48
2026-10-02 03:29:56.297 | INFO     | plugrl_env_client.runner.rollout:log_timing_summary:101 - Intermediate rollout timing summary: env_steps=25393 infer_calls=25393 feedback_calls=25393 infer_wait=85.109s infer_obs_pack=0.317s env_step=2.145s feedback_total=1.583s feedback_obs_pack=0.415s feedback_info_pack=0.077s effective_fps=284.82
2026-10-02 03:29:56.297 | INFO     | plugrl_env_client.runner.rollout:log_timing_summary:101 - Intermediate rollout timing summary: env_steps=25393 infer_calls=25393 feedback_calls=25393 infer_wait=85.111s infer_obs_pack=0.327s env_step=2.126s feedback_total=1.625s feedback_obs_pack=0.432s feedback_info_pack=0.075s effective_fps=284.71
2026-10-02 03:29:56.297 | INFO     | plugrl_env_client.runner.rollout:log_timing_summary:101 - Intermediate rollout timing summary: env_steps=25393 infer_calls=25393 feedback_calls=25393 infer_wait=85.087s infer_obs_pack=0.325s env_step=2.151s feedback_total=1.604s feedback_obs_pack=0.435s feedback_info_pack=0.074s effective_fps=284.78
2026-10-02 03:29:57.203 | INFO     | plugrl_env_client.runner.rollout:log_timing_summary:101 - Final rollout timing summary: env_steps=25600 infer_calls=25600 feedback_calls=25600 infer_wait=85.122s infer_obs_pack=0.321s env_step=2.382s feedback_total=1.622s feedback_obs_pack=0.429s feedback_info_pack=0.074s effective_fps=286.20
2026-10-02 03:29:57.204 | INFO     | plugrl_env_client.runner.run:run:156 - Server signalled the end of the run; collection stopped after 25/1000000 episodes.
2026-10-02 03:29:57.208 | INFO     | plugrl_env_client.runner.rollout:log_timing_summary:101 - Final rollout timing summary: env_steps=25600 infer_calls=25600 feedback_calls=25600 infer_wait=85.289s infer_obs_pack=0.320s env_step=2.269s feedback_total=1.594s feedback_obs_pack=0.429s feedback_info_pack=0.071s effective_fps=286.12
2026-10-02 03:29:57.208 | INFO     | plugrl_env_client.runner.run:run:156 - Server signalled the end of the run; collection stopped after 25/1000000 episodes.
2026-10-02 03:29:57.208 | INFO     | plugrl_env_client.runner.rollout:log_timing_summary:101 - Final rollout timing summary: env_steps=25600 infer_calls=25600 feedback_calls=25600 infer_wait=85.263s infer_obs_pack=0.318s env_step=2.293s feedback_total=1.597s feedback_obs_pack=0.426s feedback_info_pack=0.073s effective_fps=286.13
2026-10-02 03:29:57.208 | INFO     | plugrl_env_client.runner.run:run:156 - Server signalled the end of the run; collection stopped after 25/1000000 episodes.
2026-10-02 03:29:57.209 | INFO     | plugrl_env_client.runner.rollout:log_timing_summary:101 - Final rollout timing summary: env_steps=25600 infer_calls=25600 feedback_calls=25600 infer_wait=85.385s infer_obs_pack=0.314s env_step=2.218s feedback_total=1.587s feedback_obs_pack=0.422s feedback_info_pack=0.071s effective_fps=286.02
2026-10-02 03:29:57.209 | INFO     | plugrl_env_client.runner.run:run:156 - Server signalled the end of the run; collection stopped after 25/1000000 episodes.
2026-10-02 03:29:57.209 | INFO     | plugrl_env_client.runner.rollout:log_timing_summary:101 - Final rollout timing summary: env_steps=25600 infer_calls=25600 feedback_calls=25600 infer_wait=85.380s infer_obs_pack=0.324s env_step=2.242s feedback_total=1.604s feedback_obs_pack=0.430s feedback_info_pack=0.073s effective_fps=285.88
2026-10-02 03:29:57.209 | INFO     | plugrl_env_client.runner.run:run:156 - Server signalled the end of the run; collection stopped after 25/1000000 episodes.
2026-10-02 03:29:57.209 | INFO     | plugrl_env_client.runner.rollout:log_timing_summary:101 - Final rollout timing summary: env_steps=25600 infer_calls=25600 feedback_calls=25600 infer_wait=85.431s infer_obs_pack=0.325s env_step=2.210s feedback_total=1.595s feedback_obs_pack=0.424s feedback_info_pack=0.072s effective_fps=285.84
2026-10-02 03:29:57.210 | INFO     | plugrl_env_client.runner.run:run:156 - Server signalled the end of the run; collection stopped after 25/1000000 episodes.
2026-10-02 03:29:57.210 | INFO     | plugrl_env_client.runner.rollout:log_timing_summary:101 - Final rollout timing summary: env_steps=25600 infer_calls=25600 feedback_calls=25600 infer_wait=85.396s infer_obs_pack=0.325s env_step=2.214s feedback_total=1.623s feedback_obs_pack=0.435s feedback_info_pack=0.074s effective_fps=285.85
2026-10-02 03:29:57.210 | INFO     | plugrl_env_client.runner.run:run:156 - Server signalled the end of the run; collection stopped after 25/1000000 episodes.
2026-10-02 03:29:57.211 | INFO     | plugrl_env_client.runner.rollout:log_timing_summary:101 - Final rollout timing summary: env_steps=25600 infer_calls=25600 feedback_calls=25600 infer_wait=85.479s infer_obs_pack=0.329s env_step=2.171s feedback_total=1.619s feedback_obs_pack=0.439s feedback_info_pack=0.074s effective_fps=285.72
2026-10-02 03:29:57.211 | INFO     | plugrl_env_client.runner.run:run:156 - Server signalled the end of the run; collection stopped after 25/1000000 episodes.
2026-10-02 03:29:57.211 | INFO     | plugrl_env_client.runner.rollout:log_timing_summary:101 - Final rollout timing summary: env_steps=25600 infer_calls=25600 feedback_calls=25600 infer_wait=85.503s infer_obs_pack=0.319s env_step=2.164s feedback_total=1.598s feedback_obs_pack=0.419s feedback_info_pack=0.077s effective_fps=285.76
2026-10-02 03:29:57.211 | INFO     | plugrl_env_client.runner.run:run:156 - Server signalled the end of the run; collection stopped after 25/1000000 episodes.
2026-10-02 03:29:57.212 | INFO     | plugrl_env_client.runner.rollout:log_timing_summary:101 - Final rollout timing summary: env_steps=25600 infer_calls=25600 feedback_calls=25600 infer_wait=85.520s infer_obs_pack=0.326s env_step=2.141s feedback_total=1.609s feedback_obs_pack=0.425s feedback_info_pack=0.072s effective_fps=285.73
2026-10-02 03:29:57.213 | INFO     | plugrl_env_client.runner.run:run:156 - Server signalled the end of the run; collection stopped after 25/1000000 episodes.
2026-10-02 03:29:57.213 | INFO     | plugrl_env_client.runner.rollout:log_timing_summary:101 - Final rollout timing summary: env_steps=25600 infer_calls=25600 feedback_calls=25600 infer_wait=85.630s infer_obs_pack=0.327s env_step=2.105s feedback_total=1.602s feedback_obs_pack=0.426s feedback_info_pack=0.074s effective_fps=285.51
2026-10-02 03:29:57.213 | INFO     | plugrl_env_client.runner.run:run:156 - Server signalled the end of the run; collection stopped after 25/1000000 episodes.
2026-10-02 03:29:57.213 | INFO     | plugrl_env_client.runner.rollout:log_timing_summary:101 - Final rollout timing summary: env_steps=25600 infer_calls=25600 feedback_calls=25600 infer_wait=85.602s infer_obs_pack=0.326s env_step=2.105s feedback_total=1.605s feedback_obs_pack=0.426s feedback_info_pack=0.073s effective_fps=285.59
2026-10-02 03:29:57.213 | INFO     | plugrl_env_client.runner.run:run:156 - Server signalled the end of the run; collection stopped after 25/1000000 episodes.
2026-10-02 03:29:57.214 | INFO     | plugrl_env_client.runner.rollout:log_timing_summary:101 - Final rollout timing summary: env_steps=25600 infer_calls=25600 feedback_calls=25600 infer_wait=85.511s infer_obs_pack=0.329s env_step=2.143s feedback_total=1.639s feedback_obs_pack=0.436s feedback_info_pack=0.076s effective_fps=285.64
2026-10-02 03:29:57.214 | INFO     | plugrl_env_client.runner.run:run:156 - Server signalled the end of the run; collection stopped after 25/1000000 episodes.
2026-10-02 03:29:57.214 | INFO     | plugrl_env_client.runner.rollout:log_timing_summary:101 - Final rollout timing summary: env_steps=25600 infer_calls=25600 feedback_calls=25600 infer_wait=85.641s infer_obs_pack=0.328s env_step=2.092s feedback_total=1.618s feedback_obs_pack=0.429s feedback_info_pack=0.074s effective_fps=285.46
2026-10-02 03:29:57.214 | INFO     | plugrl_env_client.runner.run:run:156 - Server signalled the end of the run; collection stopped after 25/1000000 episodes.
2026-10-02 03:29:57.215 | INFO     | plugrl_env_client.runner.rollout:log_timing_summary:101 - Final rollout timing summary: env_steps=25600 infer_calls=25600 feedback_calls=25600 infer_wait=85.608s infer_obs_pack=0.332s env_step=2.116s feedback_total=1.623s feedback_obs_pack=0.433s feedback_info_pack=0.073s effective_fps=285.46
2026-10-02 03:29:57.215 | INFO     | plugrl_env_client.runner.run:run:156 - Server signalled the end of the run; collection stopped after 25/1000000 episodes.
2026-10-02 03:29:57.216 | INFO     | plugrl_env_client.runner.rollout:log_timing_summary:101 - Final rollout timing summary: env_steps=25600 infer_calls=25600 feedback_calls=25600 infer_wait=85.631s infer_obs_pack=0.331s env_step=2.087s feedback_total=1.648s feedback_obs_pack=0.436s feedback_info_pack=0.072s effective_fps=285.40
2026-10-02 03:29:57.216 | INFO     | plugrl_env_client.runner.run:run:156 - Server signalled the end of the run; collection stopped after 25/1000000 episodes.
