plugrl-bridges: slots 0-0 <- ('127.0.0.1', 60770)
plugrl-bridges: slots 1-1 <- ('127.0.0.1', 60784)
plugrl-bridges: slots 2-2 <- ('127.0.0.1', 60798)
plugrl-bridges: slots 3-3 <- ('127.0.0.1', 60808)
plugrl-bridges: slots 4-4 <- ('127.0.0.1', 60800)
plugrl-bridges: slots 5-5 <- ('127.0.0.1', 60820)
plugrl-bridges: slots 6-6 <- ('127.0.0.1', 60822)
plugrl-bridges: slots 7-7 <- ('127.0.0.1', 60838)
plugrl-bridges: slots 8-8 <- ('127.0.0.1', 60848)
plugrl-bridges: slots 9-9 <- ('127.0.0.1', 60872)
plugrl-bridges: slots 10-10 <- ('127.0.0.1', 60870)
plugrl-bridges: slots 11-11 <- ('127.0.0.1', 60884)
plugrl-bridges: slots 12-12 <- ('127.0.0.1', 60890)
plugrl-bridges: slots 13-13 <- ('127.0.0.1', 60856)
plugrl-bridges: slots 14-14 <- ('127.0.0.1', 60904)
plugrl-bridges: slots 15-15 <- ('127.0.0.1', 60898)
Using cpu device
Logging to /home/guangzhao/zuogou/plugrl/e49/registered/sb3-halfcheetah-seed1/trainer-logs/PPO_1
-----------------------------
| time/              |      |
|    fps             | 9263 |
|    iterations      | 1    |
|    time_elapsed    | 0    |
|    total_timesteps | 4096 |
-----------------------------
-----------------------------------------
| time/                   |             |
|    fps                  | 6174        |
|    iterations           | 2           |
|    time_elapsed         | 1           |
|    total_timesteps      | 8192        |
| train/                  |             |
|    approx_kl            | 0.012525618 |
|    clip_fraction        | 0.136       |
|    clip_range           | 0.2         |
|    entropy_loss         | -8.48       |
|    explained_variance   | -0.378      |
|    learning_rate        | 0.0003      |
|    loss                 | 0.352       |
|    n_updates            | 10          |
|    policy_gradient_loss | -0.016      |
|    std                  | 0.992       |
|    value_loss           | 0.506       |
-----------------------------------------
-----------------------------------------
| time/                   |             |
|    fps                  | 5460        |
|    iterations           | 3           |
|    time_elapsed         | 2           |
|    total_timesteps      | 12288       |
| train/                  |             |
|    approx_kl            | 0.011806915 |
|    clip_fraction        | 0.127       |
|    clip_range           | 0.2         |
|    entropy_loss         | -8.45       |
|    explained_variance   | 0.158       |
|    learning_rate        | 0.0003      |
|    loss                 | 0.0166      |
|    n_updates            | 20          |
|    policy_gradient_loss | -0.0168     |
|    std                  | 0.988       |
|    value_loss           | 0.111       |
-----------------------------------------
----------------------------------------
| rollout/                |            |
|    ep_len_mean          | 1e+03      |
|    ep_rew_mean          | -343       |
| time/                   |            |
|    fps                  | 5204       |
|    iterations           | 4          |
|    time_elapsed         | 3          |
|    total_timesteps      | 16384      |
| train/                  |            |
|    approx_kl            | 0.01092861 |
|    clip_fraction        | 0.115      |
|    clip_range           | 0.2        |
|    entropy_loss         | -8.44      |
|    explained_variance   | 0.159      |
|    learning_rate        | 0.0003     |
|    loss                 | 0.0326     |
|    n_updates            | 30         |
|    policy_gradient_loss | -0.014     |
|    std                  | 0.986      |
|    value_loss           | 0.0661     |
----------------------------------------
--------------------------------------
| rollout/                |          |
|    ep_len_mean          | 1e+03    |
|    ep_rew_mean          | -343     |
| time/                   |          |
|    fps                  | 5070     |
|    iterations           | 5        |
|    time_elapsed         | 4        |
|    total_timesteps      | 20480    |
| train/                  |          |
|    approx_kl            | 0.01031  |
|    clip_fraction        | 0.112    |
|    clip_range           | 0.2      |
|    entropy_loss         | -8.41    |
|    explained_variance   | 0.281    |
|    learning_rate        | 0.0003   |
|    loss                 | 0.0186   |
|    n_updates            | 40       |
|    policy_gradient_loss | -0.0143  |
|    std                  | 0.98     |
|    value_loss           | 0.0439   |
--------------------------------------
-----------------------------------------
| rollout/                |             |
|    ep_len_mean          | 1e+03       |
|    ep_rew_mean          | -343        |
| time/                   |             |
|    fps                  | 4983        |
|    iterations           | 6           |
|    time_elapsed         | 4           |
|    total_timesteps      | 24576       |
| train/                  |             |
|    approx_kl            | 0.012271488 |
|    clip_fraction        | 0.136       |
|    clip_range           | 0.2         |
|    entropy_loss         | -8.39       |
|    explained_variance   | 0.285       |
|    learning_rate        | 0.0003      |
|    loss                 | 0.0254      |
|    n_updates            | 50          |
|    policy_gradient_loss | -0.0184     |
|    std                  | 0.979       |
|    value_loss           | 0.103       |
-----------------------------------------
------------------------------------------
| rollout/                |              |
|    ep_len_mean          | 1e+03        |
|    ep_rew_mean          | -343         |
| time/                   |              |
|    fps                  | 4890         |
|    iterations           | 7            |
|    time_elapsed         | 5            |
|    total_timesteps      | 28672        |
| train/                  |              |
|    approx_kl            | 0.0115504805 |
|    clip_fraction        | 0.124        |
|    clip_range           | 0.2          |
|    entropy_loss         | -8.37        |
|    explained_variance   | 0.44         |
|    learning_rate        | 0.0003       |
|    loss                 | 0.0534       |
|    n_updates            | 60           |
|    policy_gradient_loss | -0.0174      |
|    std                  | 0.975        |
|    value_loss           | 0.0845       |
------------------------------------------
-----------------------------------------
| rollout/                |             |
|    ep_len_mean          | 1e+03       |
|    ep_rew_mean          | -320        |
| time/                   |             |
|    fps                  | 4819        |
|    iterations           | 8           |
|    time_elapsed         | 6           |
|    total_timesteps      | 32768       |
| train/                  |             |
|    approx_kl            | 0.011293795 |
|    clip_fraction        | 0.125       |
|    clip_range           | 0.2         |
|    entropy_loss         | -8.33       |
|    explained_variance   | 0.372       |
|    learning_rate        | 0.0003      |
|    loss                 | -0.00908    |
|    n_updates            | 70          |
|    policy_gradient_loss | -0.0164     |
|    std                  | 0.969       |
|    value_loss           | 0.0501      |
-----------------------------------------
-----------------------------------------
| rollout/                |             |
|    ep_len_mean          | 1e+03       |
|    ep_rew_mean          | -320        |
| time/                   |             |
|    fps                  | 4773        |
|    iterations           | 9           |
|    time_elapsed         | 7           |
|    total_timesteps      | 36864       |
| train/                  |             |
|    approx_kl            | 0.010553069 |
|    clip_fraction        | 0.122       |
|    clip_range           | 0.2         |
|    entropy_loss         | -8.3        |
|    explained_variance   | 0.57        |
|    learning_rate        | 0.0003      |
|    loss                 | 0.00287     |
|    n_updates            | 80          |
|    policy_gradient_loss | -0.0167     |
|    std                  | 0.964       |
|    value_loss           | 0.0556      |
-----------------------------------------
------------------------------------------
| rollout/                |              |
|    ep_len_mean          | 1e+03        |
|    ep_rew_mean          | -320         |
| time/                   |              |
|    fps                  | 4755         |
|    iterations           | 10           |
|    time_elapsed         | 8            |
|    total_timesteps      | 40960        |
| train/                  |              |
|    approx_kl            | 0.0111472625 |
|    clip_fraction        | 0.134        |
|    clip_range           | 0.2          |
|    entropy_loss         | -8.28        |
|    explained_variance   | 0.602        |
|    learning_rate        | 0.0003       |
|    loss                 | -0.00894     |
|    n_updates            | 90           |
|    policy_gradient_loss | -0.0198      |
|    std                  | 0.96         |
|    value_loss           | 0.081        |
------------------------------------------
----------------------------------------
| rollout/                |            |
|    ep_len_mean          | 1e+03      |
|    ep_rew_mean          | -320       |
| time/                   |            |
|    fps                  | 4729       |
|    iterations           | 11         |
|    time_elapsed         | 9          |
|    total_timesteps      | 45056      |
| train/                  |            |
|    approx_kl            | 0.01108597 |
|    clip_fraction        | 0.124      |
|    clip_range           | 0.2        |
|    entropy_loss         | -8.25      |
|    explained_variance   | 0.542      |
|    learning_rate        | 0.0003     |
|    loss                 | -0.00173   |
|    n_updates            | 100        |
|    policy_gradient_loss | -0.0174    |
|    std                  | 0.954      |
|    value_loss           | 0.0582     |
----------------------------------------
-----------------------------------------
| rollout/                |             |
|    ep_len_mean          | 1e+03       |
|    ep_rew_mean          | -306        |
| time/                   |             |
|    fps                  | 4719        |
|    iterations           | 12          |
|    time_elapsed         | 10          |
|    total_timesteps      | 49152       |
| train/                  |             |
|    approx_kl            | 0.012469157 |
|    clip_fraction        | 0.149       |
|    clip_range           | 0.2         |
|    entropy_loss         | -8.16       |
|    explained_variance   | 0.175       |
|    learning_rate        | 0.0003      |
|    loss                 | -0.0238     |
|    n_updates            | 110         |
|    policy_gradient_loss | -0.0201     |
|    std                  | 0.938       |
|    value_loss           | 0.0333      |
-----------------------------------------
-----------------------------------------
| rollout/                |             |
|    ep_len_mean          | 1e+03       |
|    ep_rew_mean          | -306        |
| time/                   |             |
|    fps                  | 4714        |
|    iterations           | 13          |
|    time_elapsed         | 11          |
|    total_timesteps      | 53248       |
| train/                  |             |
|    approx_kl            | 0.011479983 |
|    clip_fraction        | 0.137       |
|    clip_range           | 0.2         |
|    entropy_loss         | -8.1        |
|    explained_variance   | 0.403       |
|    learning_rate        | 0.0003      |
|    loss                 | 0.0286      |
|    n_updates            | 120         |
|    policy_gradient_loss | -0.0185     |
|    std                  | 0.933       |
|    value_loss           | 0.0703      |
-----------------------------------------
-----------------------------------------
| rollout/                |             |
|    ep_len_mean          | 1e+03       |
|    ep_rew_mean          | -306        |
| time/                   |             |
|    fps                  | 4703        |
|    iterations           | 14          |
|    time_elapsed         | 12          |
|    total_timesteps      | 57344       |
| train/                  |             |
|    approx_kl            | 0.011530498 |
|    clip_fraction        | 0.128       |
|    clip_range           | 0.2         |
|    entropy_loss         | -8.06       |
|    explained_variance   | 0.482       |
|    learning_rate        | 0.0003      |
|    loss                 | 0.0222      |
|    n_updates            | 130         |
|    policy_gradient_loss | -0.0191     |
|    std                  | 0.923       |
|    value_loss           | 0.101       |
-----------------------------------------
-----------------------------------------
| rollout/                |             |
|    ep_len_mean          | 1e+03       |
|    ep_rew_mean          | -306        |
| time/                   |             |
|    fps                  | 4680        |
|    iterations           | 15          |
|    time_elapsed         | 13          |
|    total_timesteps      | 61440       |
| train/                  |             |
|    approx_kl            | 0.011758738 |
|    clip_fraction        | 0.147       |
|    clip_range           | 0.2         |
|    entropy_loss         | -7.98       |
|    explained_variance   | 0.454       |
|    learning_rate        | 0.0003      |
|    loss                 | 0.00315     |
|    n_updates            | 140         |
|    policy_gradient_loss | -0.0193     |
|    std                  | 0.913       |
|    value_loss           | 0.0567      |
-----------------------------------------
-----------------------------------------
| rollout/                |             |
|    ep_len_mean          | 1e+03       |
|    ep_rew_mean          | -289        |
| time/                   |             |
|    fps                  | 4679        |
|    iterations           | 16          |
|    time_elapsed         | 14          |
|    total_timesteps      | 65536       |
| train/                  |             |
|    approx_kl            | 0.011146877 |
|    clip_fraction        | 0.142       |
|    clip_range           | 0.2         |
|    entropy_loss         | -7.92       |
|    explained_variance   | 0.417       |
|    learning_rate        | 0.0003      |
|    loss                 | 0.00328     |
|    n_updates            | 150         |
|    policy_gradient_loss | -0.022      |
|    std                  | 0.902       |
|    value_loss           | 0.0277      |
-----------------------------------------
-----------------------------------------
| rollout/                |             |
|    ep_len_mean          | 1e+03       |
|    ep_rew_mean          | -289        |
| time/                   |             |
|    fps                  | 4667        |
|    iterations           | 17          |
|    time_elapsed         | 14          |
|    total_timesteps      | 69632       |
| train/                  |             |
|    approx_kl            | 0.012420473 |
|    clip_fraction        | 0.138       |
|    clip_range           | 0.2         |
|    entropy_loss         | -7.86       |
|    explained_variance   | 0.471       |
|    learning_rate        | 0.0003      |
|    loss                 | 0.00168     |
|    n_updates            | 160         |
|    policy_gradient_loss | -0.0197     |
|    std                  | 0.894       |
|    value_loss           | 0.0581      |
-----------------------------------------
-----------------------------------------
| rollout/                |             |
|    ep_len_mean          | 1e+03       |
|    ep_rew_mean          | -289        |
| time/                   |             |
|    fps                  | 4659        |
|    iterations           | 18          |
|    time_elapsed         | 15          |
|    total_timesteps      | 73728       |
| train/                  |             |
|    approx_kl            | 0.012100186 |
|    clip_fraction        | 0.146       |
|    clip_range           | 0.2         |
|    entropy_loss         | -7.79       |
|    explained_variance   | 0.407       |
|    learning_rate        | 0.0003      |
|    loss                 | -0.00318    |
|    n_updates            | 170         |
|    policy_gradient_loss | -0.021      |
|    std                  | 0.883       |
|    value_loss           | 0.0556      |
-----------------------------------------
-----------------------------------------
| rollout/                |             |
|    ep_len_mean          | 1e+03       |
|    ep_rew_mean          | -289        |
| time/                   |             |
|    fps                  | 4655        |
|    iterations           | 19          |
|    time_elapsed         | 16          |
|    total_timesteps      | 77824       |
| train/                  |             |
|    approx_kl            | 0.011179537 |
|    clip_fraction        | 0.14        |
|    clip_range           | 0.2         |
|    entropy_loss         | -7.72       |
|    explained_variance   | 0.221       |
|    learning_rate        | 0.0003      |
|    loss                 | -0.0293     |
|    n_updates            | 180         |
|    policy_gradient_loss | -0.0212     |
|    std                  | 0.872       |
|    value_loss           | 0.0326      |
-----------------------------------------
-----------------------------------------
| rollout/                |             |
|    ep_len_mean          | 1e+03       |
|    ep_rew_mean          | -268        |
| time/                   |             |
|    fps                  | 4653        |
|    iterations           | 20          |
|    time_elapsed         | 17          |
|    total_timesteps      | 81920       |
| train/                  |             |
|    approx_kl            | 0.012152158 |
|    clip_fraction        | 0.16        |
|    clip_range           | 0.2         |
|    entropy_loss         | -7.66       |
|    explained_variance   | 0.368       |
|    learning_rate        | 0.0003      |
|    loss                 | -0.0216     |
|    n_updates            | 190         |
|    policy_gradient_loss | -0.0239     |
|    std                  | 0.865       |
|    value_loss           | 0.0261      |
-----------------------------------------
-----------------------------------------
| rollout/                |             |
|    ep_len_mean          | 1e+03       |
|    ep_rew_mean          | -268        |
| time/                   |             |
|    fps                  | 4645        |
|    iterations           | 21          |
|    time_elapsed         | 18          |
|    total_timesteps      | 86016       |
| train/                  |             |
|    approx_kl            | 0.013305649 |
|    clip_fraction        | 0.165       |
|    clip_range           | 0.2         |
|    entropy_loss         | -7.6        |
|    explained_variance   | 0.486       |
|    learning_rate        | 0.0003      |
|    loss                 | 0.00736     |
|    n_updates            | 200         |
|    policy_gradient_loss | -0.0248     |
|    std                  | 0.856       |
|    value_loss           | 0.0563      |
-----------------------------------------
-----------------------------------------
| rollout/                |             |
|    ep_len_mean          | 1e+03       |
|    ep_rew_mean          | -268        |
| time/                   |             |
|    fps                  | 4638        |
|    iterations           | 22          |
|    time_elapsed         | 19          |
|    total_timesteps      | 90112       |
| train/                  |             |
|    approx_kl            | 0.013326471 |
|    clip_fraction        | 0.173       |
|    clip_range           | 0.2         |
|    entropy_loss         | -7.55       |
|    explained_variance   | 0.266       |
|    learning_rate        | 0.0003      |
|    loss                 | -0.00978    |
|    n_updates            | 210         |
|    policy_gradient_loss | -0.0264     |
|    std                  | 0.849       |
|    value_loss           | 0.0439      |
-----------------------------------------
------------------------------------------
| rollout/                |              |
|    ep_len_mean          | 1e+03        |
|    ep_rew_mean          | -268         |
| time/                   |              |
|    fps                  | 4629         |
|    iterations           | 23           |
|    time_elapsed         | 20           |
|    total_timesteps      | 94208        |
| train/                  |              |
|    approx_kl            | 0.0131446775 |
|    clip_fraction        | 0.168        |
|    clip_range           | 0.2          |
|    entropy_loss         | -7.45        |
|    explained_variance   | 0.312        |
|    learning_rate        | 0.0003       |
|    loss                 | -0.0291      |
|    n_updates            | 220          |
|    policy_gradient_loss | -0.0254      |
|    std                  | 0.833        |
|    value_loss           | 0.0418       |
------------------------------------------
-----------------------------------------
| rollout/                |             |
|    ep_len_mean          | 1e+03       |
|    ep_rew_mean          | -242        |
| time/                   |             |
|    fps                  | 4627        |
|    iterations           | 24          |
|    time_elapsed         | 21          |
|    total_timesteps      | 98304       |
| train/                  |             |
|    approx_kl            | 0.013617837 |
|    clip_fraction        | 0.155       |
|    clip_range           | 0.2         |
|    entropy_loss         | -7.38       |
|    explained_variance   | 0.195       |
|    learning_rate        | 0.0003      |
|    loss                 | -0.00224    |
|    n_updates            | 230         |
|    policy_gradient_loss | -0.0246     |
|    std                  | 0.824       |
|    value_loss           | 0.0266      |
-----------------------------------------
-----------------------------------------
| rollout/                |             |
|    ep_len_mean          | 1e+03       |
|    ep_rew_mean          | -242        |
| time/                   |             |
|    fps                  | 4620        |
|    iterations           | 25          |
|    time_elapsed         | 22          |
|    total_timesteps      | 102400      |
| train/                  |             |
|    approx_kl            | 0.011991014 |
|    clip_fraction        | 0.15        |
|    clip_range           | 0.2         |
|    entropy_loss         | -7.33       |
|    explained_variance   | 0.449       |
|    learning_rate        | 0.0003      |
|    loss                 | -0.0221     |
|    n_updates            | 240         |
|    policy_gradient_loss | -0.0236     |
|    std                  | 0.819       |
|    value_loss           | 0.0844      |
-----------------------------------------
-----------------------------------------
| rollout/                |             |
|    ep_len_mean          | 1e+03       |
|    ep_rew_mean          | -242        |
| time/                   |             |
|    fps                  | 4616        |
|    iterations           | 26          |
|    time_elapsed         | 23          |
|    total_timesteps      | 106496      |
| train/                  |             |
|    approx_kl            | 0.012926948 |
|    clip_fraction        | 0.166       |
|    clip_range           | 0.2         |
|    entropy_loss         | -7.26       |
|    explained_variance   | 0.529       |
|    learning_rate        | 0.0003      |
|    loss                 | -0.0252     |
|    n_updates            | 250         |
|    policy_gradient_loss | -0.0258     |
|    std                  | 0.809       |
|    value_loss           | 0.0578      |
-----------------------------------------
-----------------------------------------
| rollout/                |             |
|    ep_len_mean          | 1e+03       |
|    ep_rew_mean          | -242        |
| time/                   |             |
|    fps                  | 4609        |
|    iterations           | 27          |
|    time_elapsed         | 23          |
|    total_timesteps      | 110592      |
| train/                  |             |
|    approx_kl            | 0.014769381 |
|    clip_fraction        | 0.182       |
|    clip_range           | 0.2         |
|    entropy_loss         | -7.18       |
|    explained_variance   | 0.25        |
|    learning_rate        | 0.0003      |
|    loss                 | -0.0136     |
|    n_updates            | 260         |
|    policy_gradient_loss | -0.0271     |
|    std                  | 0.797       |
|    value_loss           | 0.033       |
-----------------------------------------
------------------------------------------
| rollout/                |              |
|    ep_len_mean          | 1e+03        |
|    ep_rew_mean          | -197         |
| time/                   |              |
|    fps                  | 4606         |
|    iterations           | 28           |
|    time_elapsed         | 24           |
|    total_timesteps      | 114688       |
| train/                  |              |
|    approx_kl            | 0.0134864515 |
|    clip_fraction        | 0.165        |
|    clip_range           | 0.2          |
|    entropy_loss         | -7.1         |
|    explained_variance   | 0.204        |
|    learning_rate        | 0.0003       |
|    loss                 | -0.0178      |
|    n_updates            | 270          |
|    policy_gradient_loss | -0.0262      |
|    std                  | 0.788        |
|    value_loss           | 0.0272       |
------------------------------------------
-----------------------------------------
| rollout/                |             |
|    ep_len_mean          | 1e+03       |
|    ep_rew_mean          | -197        |
| time/                   |             |
|    fps                  | 4598        |
|    iterations           | 29          |
|    time_elapsed         | 25          |
|    total_timesteps      | 118784      |
| train/                  |             |
|    approx_kl            | 0.012963884 |
|    clip_fraction        | 0.155       |
|    clip_range           | 0.2         |
|    entropy_loss         | -7.07       |
|    explained_variance   | 0.442       |
|    learning_rate        | 0.0003      |
|    loss                 | 0.00201     |
|    n_updates            | 280         |
|    policy_gradient_loss | -0.0231     |
|    std                  | 0.785       |
|    value_loss           | 0.0747      |
-----------------------------------------
-----------------------------------------
| rollout/                |             |
|    ep_len_mean          | 1e+03       |
|    ep_rew_mean          | -197        |
| time/                   |             |
|    fps                  | 4595        |
|    iterations           | 30          |
|    time_elapsed         | 26          |
|    total_timesteps      | 122880      |
| train/                  |             |
|    approx_kl            | 0.015800994 |
|    clip_fraction        | 0.161       |
|    clip_range           | 0.2         |
|    entropy_loss         | -6.99       |
|    explained_variance   | 0.275       |
|    learning_rate        | 0.0003      |
|    loss                 | -0.0335     |
|    n_updates            | 290         |
|    policy_gradient_loss | -0.0251     |
|    std                  | 0.772       |
|    value_loss           | 0.0309      |
-----------------------------------------
----------------------------------------
| rollout/                |            |
|    ep_len_mean          | 1e+03      |
|    ep_rew_mean          | -197       |
| time/                   |            |
|    fps                  | 4592       |
|    iterations           | 31         |
|    time_elapsed         | 27         |
|    total_timesteps      | 126976     |
| train/                  |            |
|    approx_kl            | 0.01407085 |
|    clip_fraction        | 0.165      |
|    clip_range           | 0.2        |
|    entropy_loss         | -6.91      |
|    explained_variance   | 0.288      |
|    learning_rate        | 0.0003     |
|    loss                 | -0.00999   |
|    n_updates            | 300        |
|    policy_gradient_loss | -0.026     |
|    std                  | 0.762      |
|    value_loss           | 0.0294     |
----------------------------------------
-----------------------------------------
| rollout/                |             |
|    ep_len_mean          | 1e+03       |
|    ep_rew_mean          | -137        |
| time/                   |             |
|    fps                  | 4592        |
|    iterations           | 32          |
|    time_elapsed         | 28          |
|    total_timesteps      | 131072      |
| train/                  |             |
|    approx_kl            | 0.017081479 |
|    clip_fraction        | 0.198       |
|    clip_range           | 0.2         |
|    entropy_loss         | -6.83       |
|    explained_variance   | 0.263       |
|    learning_rate        | 0.0003      |
|    loss                 | -0.0323     |
|    n_updates            | 310         |
|    policy_gradient_loss | -0.0282     |
|    std                  | 0.753       |
|    value_loss           | 0.0298      |
-----------------------------------------
----------------------------------------
| rollout/                |            |
|    ep_len_mean          | 1e+03      |
|    ep_rew_mean          | -137       |
| time/                   |            |
|    fps                  | 4592       |
|    iterations           | 33         |
|    time_elapsed         | 29         |
|    total_timesteps      | 135168     |
| train/                  |            |
|    approx_kl            | 0.01409775 |
|    clip_fraction        | 0.169      |
|    clip_range           | 0.2        |
|    entropy_loss         | -6.76      |
|    explained_variance   | 0.442      |
|    learning_rate        | 0.0003     |
|    loss                 | -0.00819   |
|    n_updates            | 320        |
|    policy_gradient_loss | -0.0278    |
|    std                  | 0.744      |
|    value_loss           | 0.0593     |
----------------------------------------
-----------------------------------------
| rollout/                |             |
|    ep_len_mean          | 1e+03       |
|    ep_rew_mean          | -137        |
| time/                   |             |
|    fps                  | 4588        |
|    iterations           | 34          |
|    time_elapsed         | 30          |
|    total_timesteps      | 139264      |
| train/                  |             |
|    approx_kl            | 0.015512742 |
|    clip_fraction        | 0.18        |
|    clip_range           | 0.2         |
|    entropy_loss         | -6.69       |
|    explained_variance   | 0.384       |
|    learning_rate        | 0.0003      |
|    loss                 | -0.0355     |
|    n_updates            | 330         |
|    policy_gradient_loss | -0.0285     |
|    std                  | 0.737       |
|    value_loss           | 0.0305      |
-----------------------------------------
-----------------------------------------
| rollout/                |             |
|    ep_len_mean          | 1e+03       |
|    ep_rew_mean          | -137        |
| time/                   |             |
|    fps                  | 4586        |
|    iterations           | 35          |
|    time_elapsed         | 31          |
|    total_timesteps      | 143360      |
| train/                  |             |
|    approx_kl            | 0.015660245 |
|    clip_fraction        | 0.187       |
|    clip_range           | 0.2         |
|    entropy_loss         | -6.61       |
|    explained_variance   | 0.318       |
|    learning_rate        | 0.0003      |
|    loss                 | -0.0254     |
|    n_updates            | 340         |
|    policy_gradient_loss | -0.0274     |
|    std                  | 0.726       |
|    value_loss           | 0.0308      |
-----------------------------------------
-----------------------------------------
| rollout/                |             |
|    ep_len_mean          | 1e+03       |
|    ep_rew_mean          | -59         |
| time/                   |             |
|    fps                  | 4583        |
|    iterations           | 36          |
|    time_elapsed         | 32          |
|    total_timesteps      | 147456      |
| train/                  |             |
|    approx_kl            | 0.016371768 |
|    clip_fraction        | 0.192       |
|    clip_range           | 0.2         |
|    entropy_loss         | -6.49       |
|    explained_variance   | 0.331       |
|    learning_rate        | 0.0003      |
|    loss                 | -0.0128     |
|    n_updates            | 350         |
|    policy_gradient_loss | -0.0286     |
|    std                  | 0.712       |
|    value_loss           | 0.0321      |
-----------------------------------------
-----------------------------------------
| rollout/                |             |
|    ep_len_mean          | 1e+03       |
|    ep_rew_mean          | -59         |
| time/                   |             |
|    fps                  | 4580        |
|    iterations           | 37          |
|    time_elapsed         | 33          |
|    total_timesteps      | 151552      |
| train/                  |             |
|    approx_kl            | 0.016180666 |
|    clip_fraction        | 0.193       |
|    clip_range           | 0.2         |
|    entropy_loss         | -6.42       |
|    explained_variance   | 0.72        |
|    learning_rate        | 0.0003      |
|    loss                 | -0.018      |
|    n_updates            | 360         |
|    policy_gradient_loss | -0.0271     |
|    std                  | 0.704       |
|    value_loss           | 0.0726      |
-----------------------------------------
-----------------------------------------
| rollout/                |             |
|    ep_len_mean          | 1e+03       |
|    ep_rew_mean          | -59         |
| time/                   |             |
|    fps                  | 4580        |
|    iterations           | 38          |
|    time_elapsed         | 33          |
|    total_timesteps      | 155648      |
| train/                  |             |
|    approx_kl            | 0.016006444 |
|    clip_fraction        | 0.197       |
|    clip_range           | 0.2         |
|    entropy_loss         | -6.35       |
|    explained_variance   | 0.322       |
|    learning_rate        | 0.0003      |
|    loss                 | -0.0506     |
|    n_updates            | 370         |
|    policy_gradient_loss | -0.0297     |
|    std                  | 0.697       |
|    value_loss           | 0.0352      |
-----------------------------------------
-----------------------------------------
| rollout/                |             |
|    ep_len_mean          | 1e+03       |
|    ep_rew_mean          | -59         |
| time/                   |             |
|    fps                  | 4581        |
|    iterations           | 39          |
|    time_elapsed         | 34          |
|    total_timesteps      | 159744      |
| train/                  |             |
|    approx_kl            | 0.018822554 |
|    clip_fraction        | 0.207       |
|    clip_range           | 0.2         |
|    entropy_loss         | -6.25       |
|    explained_variance   | 0.332       |
|    learning_rate        | 0.0003      |
|    loss                 | -0.0361     |
|    n_updates            | 380         |
|    policy_gradient_loss | -0.0293     |
|    std                  | 0.684       |
|    value_loss           | 0.0288      |
-----------------------------------------
-----------------------------------------
| rollout/                |             |
|    ep_len_mean          | 1e+03       |
|    ep_rew_mean          | 21.8        |
| time/                   |             |
|    fps                  | 4578        |
|    iterations           | 40          |
|    time_elapsed         | 35          |
|    total_timesteps      | 163840      |
| train/                  |             |
|    approx_kl            | 0.019716017 |
|    clip_fraction        | 0.227       |
|    clip_range           | 0.2         |
|    entropy_loss         | -6.14       |
|    explained_variance   | 0.326       |
|    learning_rate        | 0.0003      |
|    loss                 | -0.0252     |
|    n_updates            | 390         |
|    policy_gradient_loss | -0.0317     |
|    std                  | 0.672       |
|    value_loss           | 0.0289      |
-----------------------------------------
-----------------------------------------
| rollout/                |             |
|    ep_len_mean          | 1e+03       |
|    ep_rew_mean          | 21.8        |
| time/                   |             |
|    fps                  | 4575        |
|    iterations           | 41          |
|    time_elapsed         | 36          |
|    total_timesteps      | 167936      |
| train/                  |             |
|    approx_kl            | 0.017334644 |
|    clip_fraction        | 0.192       |
|    clip_range           | 0.2         |
|    entropy_loss         | -6.03       |
|    explained_variance   | 0.739       |
|    learning_rate        | 0.0003      |
|    loss                 | -0.0197     |
|    n_updates            | 400         |
|    policy_gradient_loss | -0.0287     |
|    std                  | 0.661       |
|    value_loss           | 0.0677      |
-----------------------------------------
-----------------------------------------
| rollout/                |             |
|    ep_len_mean          | 1e+03       |
|    ep_rew_mean          | 21.8        |
| time/                   |             |
|    fps                  | 4578        |
|    iterations           | 42          |
|    time_elapsed         | 37          |
|    total_timesteps      | 172032      |
| train/                  |             |
|    approx_kl            | 0.019157259 |
|    clip_fraction        | 0.209       |
|    clip_range           | 0.2         |
|    entropy_loss         | -5.96       |
|    explained_variance   | 0.302       |
|    learning_rate        | 0.0003      |
|    loss                 | -0.0203     |
|    n_updates            | 410         |
|    policy_gradient_loss | -0.028      |
|    std                  | 0.654       |
|    value_loss           | 0.0267      |
-----------------------------------------
-----------------------------------------
| rollout/                |             |
|    ep_len_mean          | 1e+03       |
|    ep_rew_mean          | 112         |
| time/                   |             |
|    fps                  | 4576        |
|    iterations           | 43          |
|    time_elapsed         | 38          |
|    total_timesteps      | 176128      |
| train/                  |             |
|    approx_kl            | 0.019889876 |
|    clip_fraction        | 0.22        |
|    clip_range           | 0.2         |
|    entropy_loss         | -5.87       |
|    explained_variance   | 0.3         |
|    learning_rate        | 0.0003      |
|    loss                 | -0.0442     |
|    n_updates            | 420         |
|    policy_gradient_loss | -0.0293     |
|    std                  | 0.643       |
|    value_loss           | 0.0212      |
-----------------------------------------
-----------------------------------------
| rollout/                |             |
|    ep_len_mean          | 1e+03       |
|    ep_rew_mean          | 112         |
| time/                   |             |
|    fps                  | 4572        |
|    iterations           | 44          |
|    time_elapsed         | 39          |
|    total_timesteps      | 180224      |
| train/                  |             |
|    approx_kl            | 0.018708698 |
|    clip_fraction        | 0.208       |
|    clip_range           | 0.2         |
|    entropy_loss         | -5.77       |
|    explained_variance   | 0.795       |
|    learning_rate        | 0.0003      |
|    loss                 | -0.0332     |
|    n_updates            | 430         |
|    policy_gradient_loss | -0.0308     |
|    std                  | 0.633       |
|    value_loss           | 0.0243      |
-----------------------------------------
-----------------------------------------
| rollout/                |             |
|    ep_len_mean          | 1e+03       |
|    ep_rew_mean          | 112         |
| time/                   |             |
|    fps                  | 4574        |
|    iterations           | 45          |
|    time_elapsed         | 40          |
|    total_timesteps      | 184320      |
| train/                  |             |
|    approx_kl            | 0.020360958 |
|    clip_fraction        | 0.218       |
|    clip_range           | 0.2         |
|    entropy_loss         | -5.7        |
|    explained_variance   | 0.661       |
|    learning_rate        | 0.0003      |
|    loss                 | -0.0347     |
|    n_updates            | 440         |
|    policy_gradient_loss | -0.03       |
|    std                  | 0.626       |
|    value_loss           | 0.0602      |
-----------------------------------------
----------------------------------------
| rollout/                |            |
|    ep_len_mean          | 1e+03      |
|    ep_rew_mean          | 112        |
| time/                   |            |
|    fps                  | 4575       |
|    iterations           | 46         |
|    time_elapsed         | 41         |
|    total_timesteps      | 188416     |
| train/                  |            |
|    approx_kl            | 0.01752814 |
|    clip_fraction        | 0.202      |
|    clip_range           | 0.2        |
|    entropy_loss         | -5.61      |
|    explained_variance   | 0.339      |
|    learning_rate        | 0.0003     |
|    loss                 | -0.0576    |
|    n_updates            | 450        |
|    policy_gradient_loss | -0.0259    |
|    std                  | 0.618      |
|    value_loss           | 0.0199     |
----------------------------------------
-----------------------------------------
| rollout/                |             |
|    ep_len_mean          | 1e+03       |
|    ep_rew_mean          | 208         |
| time/                   |             |
|    fps                  | 4573        |
|    iterations           | 47          |
|    time_elapsed         | 42          |
|    total_timesteps      | 192512      |
| train/                  |             |
|    approx_kl            | 0.017855959 |
|    clip_fraction        | 0.211       |
|    clip_range           | 0.2         |
|    entropy_loss         | -5.54       |
|    explained_variance   | 0.323       |
|    learning_rate        | 0.0003      |
|    loss                 | -0.0455     |
|    n_updates            | 460         |
|    policy_gradient_loss | -0.026      |
|    std                  | 0.611       |
|    value_loss           | 0.0178      |
-----------------------------------------
-----------------------------------------
| rollout/                |             |
|    ep_len_mean          | 1e+03       |
|    ep_rew_mean          | 208         |
| time/                   |             |
|    fps                  | 4572        |
|    iterations           | 48          |
|    time_elapsed         | 42          |
|    total_timesteps      | 196608      |
| train/                  |             |
|    approx_kl            | 0.018775005 |
|    clip_fraction        | 0.22        |
|    clip_range           | 0.2         |
|    entropy_loss         | -5.48       |
|    explained_variance   | 0.843       |
|    learning_rate        | 0.0003      |
|    loss                 | -0.0207     |
|    n_updates            | 470         |
|    policy_gradient_loss | -0.0294     |
|    std                  | 0.605       |
|    value_loss           | 0.0301      |
-----------------------------------------
----------------------------------------
| rollout/                |            |
|    ep_len_mean          | 1e+03      |
|    ep_rew_mean          | 208        |
| time/                   |            |
|    fps                  | 4573       |
|    iterations           | 49         |
|    time_elapsed         | 43         |
|    total_timesteps      | 200704     |
| train/                  |            |
|    approx_kl            | 0.02036661 |
|    clip_fraction        | 0.215      |
|    clip_range           | 0.2        |
|    entropy_loss         | -5.39      |
|    explained_variance   | 0.777      |
|    learning_rate        | 0.0003     |
|    loss                 | 0.0125     |
|    n_updates            | 480        |
|    policy_gradient_loss | -0.0276    |
|    std                  | 0.596      |
|    value_loss           | 0.0444     |
----------------------------------------
-----------------------------------------
| rollout/                |             |
|    ep_len_mean          | 1e+03       |
|    ep_rew_mean          | 208         |
| time/                   |             |
|    fps                  | 4571        |
|    iterations           | 50          |
|    time_elapsed         | 44          |
|    total_timesteps      | 204800      |
| train/                  |             |
|    approx_kl            | 0.020118821 |
|    clip_fraction        | 0.224       |
|    clip_range           | 0.2         |
|    entropy_loss         | -5.3        |
|    explained_variance   | 0.854       |
|    learning_rate        | 0.0003      |
|    loss                 | -0.0372     |
|    n_updates            | 490         |
|    policy_gradient_loss | -0.0281     |
|    std                  | 0.589       |
|    value_loss           | 0.017       |
-----------------------------------------
-----------------------------------------
| rollout/                |             |
|    ep_len_mean          | 1e+03       |
|    ep_rew_mean          | 297         |
| time/                   |             |
|    fps                  | 4572        |
|    iterations           | 51          |
|    time_elapsed         | 45          |
|    total_timesteps      | 208896      |
| train/                  |             |
|    approx_kl            | 0.020394035 |
|    clip_fraction        | 0.232       |
|    clip_range           | 0.2         |
|    entropy_loss         | -5.21       |
|    explained_variance   | 0.898       |
|    learning_rate        | 0.0003      |
|    loss                 | -0.0308     |
|    n_updates            | 500         |
|    policy_gradient_loss | -0.0284     |
|    std                  | 0.579       |
|    value_loss           | 0.0167      |
-----------------------------------------
-----------------------------------------
| rollout/                |             |
|    ep_len_mean          | 1e+03       |
|    ep_rew_mean          | 297         |
| time/                   |             |
|    fps                  | 4569        |
|    iterations           | 52          |
|    time_elapsed         | 46          |
|    total_timesteps      | 212992      |
| train/                  |             |
|    approx_kl            | 0.019022737 |
|    clip_fraction        | 0.215       |
|    clip_range           | 0.2         |
|    entropy_loss         | -5.16       |
|    explained_variance   | 0.86        |
|    learning_rate        | 0.0003      |
|    loss                 | -0.0125     |
|    n_updates            | 510         |
|    policy_gradient_loss | -0.0268     |
|    std                  | 0.576       |
|    value_loss           | 0.0463      |
-----------------------------------------
-----------------------------------------
| rollout/                |             |
|    ep_len_mean          | 1e+03       |
|    ep_rew_mean          | 297         |
| time/                   |             |
|    fps                  | 4567        |
|    iterations           | 53          |
|    time_elapsed         | 47          |
|    total_timesteps      | 217088      |
| train/                  |             |
|    approx_kl            | 0.020259384 |
|    clip_fraction        | 0.227       |
|    clip_range           | 0.2         |
|    entropy_loss         | -5.12       |
|    explained_variance   | 0.541       |
|    learning_rate        | 0.0003      |
|    loss                 | -0.013      |
|    n_updates            | 520         |
|    policy_gradient_loss | -0.0284     |
|    std                  | 0.571       |
|    value_loss           | 0.0207      |
-----------------------------------------
-----------------------------------------
| rollout/                |             |
|    ep_len_mean          | 1e+03       |
|    ep_rew_mean          | 297         |
| time/                   |             |
|    fps                  | 4565        |
|    iterations           | 54          |
|    time_elapsed         | 48          |
|    total_timesteps      | 221184      |
| train/                  |             |
|    approx_kl            | 0.019897196 |
|    clip_fraction        | 0.221       |
|    clip_range           | 0.2         |
|    entropy_loss         | -5.07       |
|    explained_variance   | 0.35        |
|    learning_rate        | 0.0003      |
|    loss                 | -0.0113     |
|    n_updates            | 530         |
|    policy_gradient_loss | -0.025      |
|    std                  | 0.568       |
|    value_loss           | 0.0141      |
-----------------------------------------
-----------------------------------------
| rollout/                |             |
|    ep_len_mean          | 1e+03       |
|    ep_rew_mean          | 389         |
| time/                   |             |
|    fps                  | 4563        |
|    iterations           | 55          |
|    time_elapsed         | 49          |
|    total_timesteps      | 225280      |
| train/                  |             |
|    approx_kl            | 0.020839399 |
|    clip_fraction        | 0.246       |
|    clip_range           | 0.2         |
|    entropy_loss         | -5.01       |
|    explained_variance   | 0.338       |
|    learning_rate        | 0.0003      |
|    loss                 | -0.0224     |
|    n_updates            | 540         |
|    policy_gradient_loss | -0.029      |
|    std                  | 0.562       |
|    value_loss           | 0.0133      |
-----------------------------------------
-----------------------------------------
| rollout/                |             |
|    ep_len_mean          | 1e+03       |
|    ep_rew_mean          | 389         |
| time/                   |             |
|    fps                  | 4562        |
|    iterations           | 56          |
|    time_elapsed         | 50          |
|    total_timesteps      | 229376      |
| train/                  |             |
|    approx_kl            | 0.020558665 |
|    clip_fraction        | 0.225       |
|    clip_range           | 0.2         |
|    entropy_loss         | -4.95       |
|    explained_variance   | 0.831       |
|    learning_rate        | 0.0003      |
|    loss                 | -0.0425     |
|    n_updates            | 550         |
|    policy_gradient_loss | -0.0277     |
|    std                  | 0.557       |
|    value_loss           | 0.0251      |
-----------------------------------------
----------------------------------------
| rollout/                |            |
|    ep_len_mean          | 1e+03      |
|    ep_rew_mean          | 389        |
| time/                   |            |
|    fps                  | 4562       |
|    iterations           | 57         |
|    time_elapsed         | 51         |
|    total_timesteps      | 233472     |
| train/                  |            |
|    approx_kl            | 0.02072427 |
|    clip_fraction        | 0.232      |
|    clip_range           | 0.2        |
|    entropy_loss         | -4.89      |
|    explained_variance   | 0.719      |
|    learning_rate        | 0.0003     |
|    loss                 | -0.0256    |
|    n_updates            | 560        |
|    policy_gradient_loss | -0.0282    |
|    std                  | 0.551      |
|    value_loss           | 0.014      |
----------------------------------------
---------------------------------------
| rollout/                |           |
|    ep_len_mean          | 1e+03     |
|    ep_rew_mean          | 389       |
| time/                   |           |
|    fps                  | 4560      |
|    iterations           | 58        |
|    time_elapsed         | 52        |
|    total_timesteps      | 237568    |
| train/                  |           |
|    approx_kl            | 0.0217776 |
|    clip_fraction        | 0.236     |
|    clip_range           | 0.2       |
|    entropy_loss         | -4.8      |
|    explained_variance   | 0.374     |
|    learning_rate        | 0.0003    |
|    loss                 | -0.0619   |
|    n_updates            | 570       |
|    policy_gradient_loss | -0.026    |
|    std                  | 0.543     |
|    value_loss           | 0.012     |
---------------------------------------
----------------------------------------
| rollout/                |            |
|    ep_len_mean          | 1e+03      |
|    ep_rew_mean          | 476        |
| time/                   |            |
|    fps                  | 4560       |
|    iterations           | 59         |
|    time_elapsed         | 52         |
|    total_timesteps      | 241664     |
| train/                  |            |
|    approx_kl            | 0.02160823 |
|    clip_fraction        | 0.245      |
|    clip_range           | 0.2        |
|    entropy_loss         | -4.7       |
|    explained_variance   | 0.326      |
|    learning_rate        | 0.0003     |
|    loss                 | -0.0425    |
|    n_updates            | 580        |
|    policy_gradient_loss | -0.0262    |
|    std                  | 0.533      |
|    value_loss           | 0.0104     |
----------------------------------------
-----------------------------------------
| rollout/                |             |
|    ep_len_mean          | 1e+03       |
|    ep_rew_mean          | 476         |
| time/                   |             |
|    fps                  | 4556        |
|    iterations           | 60          |
|    time_elapsed         | 53          |
|    total_timesteps      | 245760      |
| train/                  |             |
|    approx_kl            | 0.021673396 |
|    clip_fraction        | 0.235       |
|    clip_range           | 0.2         |
|    entropy_loss         | -4.63       |
|    explained_variance   | 0.878       |
|    learning_rate        | 0.0003      |
|    loss                 | -0.0426     |
|    n_updates            | 590         |
|    policy_gradient_loss | -0.0278     |
|    std                  | 0.529       |
|    value_loss           | 0.0217      |
-----------------------------------------
-----------------------------------------
| rollout/                |             |
|    ep_len_mean          | 1e+03       |
|    ep_rew_mean          | 476         |
| time/                   |             |
|    fps                  | 4554        |
|    iterations           | 61          |
|    time_elapsed         | 54          |
|    total_timesteps      | 249856      |
| train/                  |             |
|    approx_kl            | 0.022214634 |
|    clip_fraction        | 0.257       |
|    clip_range           | 0.2         |
|    entropy_loss         | -4.58       |
|    explained_variance   | 0.513       |
|    learning_rate        | 0.0003      |
|    loss                 | -0.0191     |
|    n_updates            | 600         |
|    policy_gradient_loss | -0.0279     |
|    std                  | 0.526       |
|    value_loss           | 0.00975     |
-----------------------------------------
-----------------------------------------
| rollout/                |             |
|    ep_len_mean          | 1e+03       |
|    ep_rew_mean          | 476         |
| time/                   |             |
|    fps                  | 4555        |
|    iterations           | 62          |
|    time_elapsed         | 55          |
|    total_timesteps      | 253952      |
| train/                  |             |
|    approx_kl            | 0.023006741 |
|    clip_fraction        | 0.263       |
|    clip_range           | 0.2         |
|    entropy_loss         | -4.51       |
|    explained_variance   | 0.346       |
|    learning_rate        | 0.0003      |
|    loss                 | 0.0293      |
|    n_updates            | 610         |
|    policy_gradient_loss | -0.0266     |
|    std                  | 0.519       |
|    value_loss           | 0.00955     |
-----------------------------------------
-----------------------------------------
| rollout/                |             |
|    ep_len_mean          | 1e+03       |
|    ep_rew_mean          | 552         |
| time/                   |             |
|    fps                  | 4554        |
|    iterations           | 63          |
|    time_elapsed         | 56          |
|    total_timesteps      | 258048      |
| train/                  |             |
|    approx_kl            | 0.021621667 |
|    clip_fraction        | 0.25        |
|    clip_range           | 0.2         |
|    entropy_loss         | -4.43       |
|    explained_variance   | 0.39        |
|    learning_rate        | 0.0003      |
|    loss                 | -0.0335     |
|    n_updates            | 620         |
|    policy_gradient_loss | -0.0257     |
|    std                  | 0.513       |
|    value_loss           | 0.0105      |
-----------------------------------------
-----------------------------------------
| rollout/                |             |
|    ep_len_mean          | 1e+03       |
|    ep_rew_mean          | 552         |
| time/                   |             |
|    fps                  | 4552        |
|    iterations           | 64          |
|    time_elapsed         | 57          |
|    total_timesteps      | 262144      |
| train/                  |             |
|    approx_kl            | 0.023103332 |
|    clip_fraction        | 0.264       |
|    clip_range           | 0.2         |
|    entropy_loss         | -4.36       |
|    explained_variance   | 0.839       |
|    learning_rate        | 0.0003      |
|    loss                 | -0.0529     |
|    n_updates            | 630         |
|    policy_gradient_loss | -0.0296     |
|    std                  | 0.507       |
|    value_loss           | 0.0196      |
-----------------------------------------
-----------------------------------------
| rollout/                |             |
|    ep_len_mean          | 1e+03       |
|    ep_rew_mean          | 552         |
| time/                   |             |
|    fps                  | 4550        |
|    iterations           | 65          |
|    time_elapsed         | 58          |
|    total_timesteps      | 266240      |
| train/                  |             |
|    approx_kl            | 0.024361266 |
|    clip_fraction        | 0.264       |
|    clip_range           | 0.2         |
|    entropy_loss         | -4.27       |
|    explained_variance   | 0.355       |
|    learning_rate        | 0.0003      |
|    loss                 | -0.0545     |
|    n_updates            | 640         |
|    policy_gradient_loss | -0.0279     |
|    std                  | 0.5         |
|    value_loss           | 0.0084      |
-----------------------------------------
-----------------------------------------
| rollout/                |             |
|    ep_len_mean          | 1e+03       |
|    ep_rew_mean          | 552         |
| time/                   |             |
|    fps                  | 4549        |
|    iterations           | 66          |
|    time_elapsed         | 59          |
|    total_timesteps      | 270336      |
| train/                  |             |
|    approx_kl            | 0.023039302 |
|    clip_fraction        | 0.269       |
|    clip_range           | 0.2         |
|    entropy_loss         | -4.19       |
|    explained_variance   | 0.34        |
|    learning_rate        | 0.0003      |
|    loss                 | -0.0224     |
|    n_updates            | 650         |
|    policy_gradient_loss | -0.0273     |
|    std                  | 0.493       |
|    value_loss           | 0.00853     |
-----------------------------------------
-----------------------------------------
| rollout/                |             |
|    ep_len_mean          | 1e+03       |
|    ep_rew_mean          | 628         |
| time/                   |             |
|    fps                  | 4548        |
|    iterations           | 67          |
|    time_elapsed         | 60          |
|    total_timesteps      | 274432      |
| train/                  |             |
|    approx_kl            | 0.022443786 |
|    clip_fraction        | 0.269       |
|    clip_range           | 0.2         |
|    entropy_loss         | -4.12       |
|    explained_variance   | 0.328       |
|    learning_rate        | 0.0003      |
|    loss                 | -0.042      |
|    n_updates            | 660         |
|    policy_gradient_loss | -0.025      |
|    std                  | 0.488       |
|    value_loss           | 0.00662     |
-----------------------------------------
-----------------------------------------
| rollout/                |             |
|    ep_len_mean          | 1e+03       |
|    ep_rew_mean          | 628         |
| time/                   |             |
|    fps                  | 4547        |
|    iterations           | 68          |
|    time_elapsed         | 61          |
|    total_timesteps      | 278528      |
| train/                  |             |
|    approx_kl            | 0.024023205 |
|    clip_fraction        | 0.273       |
|    clip_range           | 0.2         |
|    entropy_loss         | -4.05       |
|    explained_variance   | 0.873       |
|    learning_rate        | 0.0003      |
|    loss                 | -0.0457     |
|    n_updates            | 670         |
|    policy_gradient_loss | -0.0276     |
|    std                  | 0.483       |
|    value_loss           | 0.023       |
-----------------------------------------
----------------------------------------
| rollout/                |            |
|    ep_len_mean          | 1e+03      |
|    ep_rew_mean          | 628        |
| time/                   |            |
|    fps                  | 4549       |
|    iterations           | 69         |
|    time_elapsed         | 62         |
|    total_timesteps      | 282624     |
| train/                  |            |
|    approx_kl            | 0.02621427 |
|    clip_fraction        | 0.259      |
|    clip_range           | 0.2        |
|    entropy_loss         | -3.97      |
|    explained_variance   | 0.387      |
|    learning_rate        | 0.0003     |
|    loss                 | -0.00824   |
|    n_updates            | 680        |
|    policy_gradient_loss | -0.0259    |
|    std                  | 0.477      |
|    value_loss           | 0.00878    |
----------------------------------------
-----------------------------------------
| rollout/                |             |
|    ep_len_mean          | 1e+03       |
|    ep_rew_mean          | 628         |
| time/                   |             |
|    fps                  | 4548        |
|    iterations           | 70          |
|    time_elapsed         | 63          |
|    total_timesteps      | 286720      |
| train/                  |             |
|    approx_kl            | 0.024614424 |
|    clip_fraction        | 0.266       |
|    clip_range           | 0.2         |
|    entropy_loss         | -3.91       |
|    explained_variance   | 0.393       |
|    learning_rate        | 0.0003      |
|    loss                 | -0.0452     |
|    n_updates            | 690         |
|    policy_gradient_loss | -0.0274     |
|    std                  | 0.471       |
|    value_loss           | 0.00838     |
-----------------------------------------
-----------------------------------------
| rollout/                |             |
|    ep_len_mean          | 1e+03       |
|    ep_rew_mean          | 698         |
| time/                   |             |
|    fps                  | 4548        |
|    iterations           | 71          |
|    time_elapsed         | 63          |
|    total_timesteps      | 290816      |
| train/                  |             |
|    approx_kl            | 0.025084112 |
|    clip_fraction        | 0.266       |
|    clip_range           | 0.2         |
|    entropy_loss         | -3.83       |
|    explained_variance   | 0.325       |
|    learning_rate        | 0.0003      |
|    loss                 | -0.0354     |
|    n_updates            | 700         |
|    policy_gradient_loss | -0.0269     |
|    std                  | 0.466       |
|    value_loss           | 0.00752     |
-----------------------------------------
-----------------------------------------
| rollout/                |             |
|    ep_len_mean          | 1e+03       |
|    ep_rew_mean          | 698         |
| time/                   |             |
|    fps                  | 4547        |
|    iterations           | 72          |
|    time_elapsed         | 64          |
|    total_timesteps      | 294912      |
| train/                  |             |
|    approx_kl            | 0.025138615 |
|    clip_fraction        | 0.279       |
|    clip_range           | 0.2         |
|    entropy_loss         | -3.76       |
|    explained_variance   | 0.88        |
|    learning_rate        | 0.0003      |
|    loss                 | -0.0184     |
|    n_updates            | 710         |
|    policy_gradient_loss | -0.0269     |
|    std                  | 0.461       |
|    value_loss           | 0.0206      |
-----------------------------------------
-----------------------------------------
| rollout/                |             |
|    ep_len_mean          | 1e+03       |
|    ep_rew_mean          | 698         |
| time/                   |             |
|    fps                  | 4548        |
|    iterations           | 73          |
|    time_elapsed         | 65          |
|    total_timesteps      | 299008      |
| train/                  |             |
|    approx_kl            | 0.026509915 |
|    clip_fraction        | 0.285       |
|    clip_range           | 0.2         |
|    entropy_loss         | -3.72       |
|    explained_variance   | 0.431       |
|    learning_rate        | 0.0003      |
|    loss                 | -0.0452     |
|    n_updates            | 720         |
|    policy_gradient_loss | -0.0256     |
|    std                  | 0.458       |
|    value_loss           | 0.00837     |
-----------------------------------------
----------------------------------------
| rollout/                |            |
|    ep_len_mean          | 1e+03      |
|    ep_rew_mean          | 698        |
| time/                   |            |
|    fps                  | 4547       |
|    iterations           | 74         |
|    time_elapsed         | 66         |
|    total_timesteps      | 303104     |
| train/                  |            |
|    approx_kl            | 0.02525253 |
|    clip_fraction        | 0.286      |
|    clip_range           | 0.2        |
|    entropy_loss         | -3.66      |
|    explained_variance   | 0.323      |
|    learning_rate        | 0.0003     |
|    loss                 | -0.0285    |
|    n_updates            | 730        |
|    policy_gradient_loss | -0.0283    |
|    std                  | 0.454      |
|    value_loss           | 0.00583    |
----------------------------------------
-----------------------------------------
| rollout/                |             |
|    ep_len_mean          | 1e+03       |
|    ep_rew_mean          | 773         |
| time/                   |             |
|    fps                  | 4546        |
|    iterations           | 75          |
|    time_elapsed         | 67          |
|    total_timesteps      | 307200      |
| train/                  |             |
|    approx_kl            | 0.024056498 |
|    clip_fraction        | 0.268       |
|    clip_range           | 0.2         |
|    entropy_loss         | -3.59       |
|    explained_variance   | 0.395       |
|    learning_rate        | 0.0003      |
|    loss                 | -0.021      |
|    n_updates            | 740         |
|    policy_gradient_loss | -0.0251     |
|    std                  | 0.448       |
|    value_loss           | 0.00576     |
-----------------------------------------
-----------------------------------------
| rollout/                |             |
|    ep_len_mean          | 1e+03       |
|    ep_rew_mean          | 773         |
| time/                   |             |
|    fps                  | 4545        |
|    iterations           | 76          |
|    time_elapsed         | 68          |
|    total_timesteps      | 311296      |
| train/                  |             |
|    approx_kl            | 0.026486464 |
|    clip_fraction        | 0.282       |
|    clip_range           | 0.2         |
|    entropy_loss         | -3.54       |
|    explained_variance   | 0.899       |
|    learning_rate        | 0.0003      |
|    loss                 | -0.0216     |
|    n_updates            | 750         |
|    policy_gradient_loss | -0.0268     |
|    std                  | 0.446       |
|    value_loss           | 0.0209      |
-----------------------------------------
-----------------------------------------
| rollout/                |             |
|    ep_len_mean          | 1e+03       |
|    ep_rew_mean          | 773         |
| time/                   |             |
|    fps                  | 4546        |
|    iterations           | 77          |
|    time_elapsed         | 69          |
|    total_timesteps      | 315392      |
| train/                  |             |
|    approx_kl            | 0.026841152 |
|    clip_fraction        | 0.281       |
|    clip_range           | 0.2         |
|    entropy_loss         | -3.46       |
|    explained_variance   | 0.405       |
|    learning_rate        | 0.0003      |
|    loss                 | -0.0108     |
|    n_updates            | 760         |
|    policy_gradient_loss | -0.0265     |
|    std                  | 0.438       |
|    value_loss           | 0.0069      |
-----------------------------------------
-----------------------------------------
| rollout/                |             |
|    ep_len_mean          | 1e+03       |
|    ep_rew_mean          | 773         |
| time/                   |             |
|    fps                  | 4545        |
|    iterations           | 78          |
|    time_elapsed         | 70          |
|    total_timesteps      | 319488      |
| train/                  |             |
|    approx_kl            | 0.026353635 |
|    clip_fraction        | 0.288       |
|    clip_range           | 0.2         |
|    entropy_loss         | -3.38       |
|    explained_variance   | 0.379       |
|    learning_rate        | 0.0003      |
|    loss                 | -0.064      |
|    n_updates            | 770         |
|    policy_gradient_loss | -0.0228     |
|    std                  | 0.434       |
|    value_loss           | 0.00684     |
-----------------------------------------
-----------------------------------------
| rollout/                |             |
|    ep_len_mean          | 1e+03       |
|    ep_rew_mean          | 837         |
| time/                   |             |
|    fps                  | 4546        |
|    iterations           | 79          |
|    time_elapsed         | 71          |
|    total_timesteps      | 323584      |
| train/                  |             |
|    approx_kl            | 0.026292685 |
|    clip_fraction        | 0.295       |
|    clip_range           | 0.2         |
|    entropy_loss         | -3.35       |
|    explained_variance   | 0.42        |
|    learning_rate        | 0.0003      |
|    loss                 | -0.054      |
|    n_updates            | 780         |
|    policy_gradient_loss | -0.0234     |
|    std                  | 0.432       |
|    value_loss           | 0.00678     |
-----------------------------------------
-----------------------------------------
| rollout/                |             |
|    ep_len_mean          | 1e+03       |
|    ep_rew_mean          | 837         |
| time/                   |             |
|    fps                  | 4545        |
|    iterations           | 80          |
|    time_elapsed         | 72          |
|    total_timesteps      | 327680      |
| train/                  |             |
|    approx_kl            | 0.030550763 |
|    clip_fraction        | 0.315       |
|    clip_range           | 0.2         |
|    entropy_loss         | -3.33       |
|    explained_variance   | 0.88        |
|    learning_rate        | 0.0003      |
|    loss                 | -0.0348     |
|    n_updates            | 790         |
|    policy_gradient_loss | -0.0275     |
|    std                  | 0.432       |
|    value_loss           | 0.0181      |
-----------------------------------------
-----------------------------------------
| rollout/                |             |
|    ep_len_mean          | 1e+03       |
|    ep_rew_mean          | 837         |
| time/                   |             |
|    fps                  | 4546        |
|    iterations           | 81          |
|    time_elapsed         | 72          |
|    total_timesteps      | 331776      |
| train/                  |             |
|    approx_kl            | 0.026954876 |
|    clip_fraction        | 0.289       |
|    clip_range           | 0.2         |
|    entropy_loss         | -3.28       |
|    explained_variance   | 0.39        |
|    learning_rate        | 0.0003      |
|    loss                 | -0.0827     |
|    n_updates            | 800         |
|    policy_gradient_loss | -0.0251     |
|    std                  | 0.427       |
|    value_loss           | 0.0063      |
-----------------------------------------
-----------------------------------------
| rollout/                |             |
|    ep_len_mean          | 1e+03       |
|    ep_rew_mean          | 837         |
| time/                   |             |
|    fps                  | 4545        |
|    iterations           | 82          |
|    time_elapsed         | 73          |
|    total_timesteps      | 335872      |
| train/                  |             |
|    approx_kl            | 0.026598513 |
|    clip_fraction        | 0.279       |
|    clip_range           | 0.2         |
|    entropy_loss         | -3.22       |
|    explained_variance   | 0.371       |
|    learning_rate        | 0.0003      |
|    loss                 | -0.0503     |
|    n_updates            | 810         |
|    policy_gradient_loss | -0.0198     |
|    std                  | 0.423       |
|    value_loss           | 0.00579     |
-----------------------------------------
-----------------------------------------
| rollout/                |             |
|    ep_len_mean          | 1e+03       |
|    ep_rew_mean          | 902         |
| time/                   |             |
|    fps                  | 4543        |
|    iterations           | 83          |
|    time_elapsed         | 74          |
|    total_timesteps      | 339968      |
| train/                  |             |
|    approx_kl            | 0.029227123 |
|    clip_fraction        | 0.29        |
|    clip_range           | 0.2         |
|    entropy_loss         | -3.14       |
|    explained_variance   | 0.4         |
|    learning_rate        | 0.0003      |
|    loss                 | -0.0781     |
|    n_updates            | 820         |
|    policy_gradient_loss | -0.0238     |
|    std                  | 0.417       |
|    value_loss           | 0.00502     |
-----------------------------------------
-----------------------------------------
| rollout/                |             |
|    ep_len_mean          | 1e+03       |
|    ep_rew_mean          | 902         |
| time/                   |             |
|    fps                  | 4544        |
|    iterations           | 84          |
|    time_elapsed         | 75          |
|    total_timesteps      | 344064      |
| train/                  |             |
|    approx_kl            | 0.031191278 |
|    clip_fraction        | 0.294       |
|    clip_range           | 0.2         |
|    entropy_loss         | -3.08       |
|    explained_variance   | 0.919       |
|    learning_rate        | 0.0003      |
|    loss                 | -0.0403     |
|    n_updates            | 830         |
|    policy_gradient_loss | -0.0258     |
|    std                  | 0.414       |
|    value_loss           | 0.0171      |
-----------------------------------------
-----------------------------------------
| rollout/                |             |
|    ep_len_mean          | 1e+03       |
|    ep_rew_mean          | 902         |
| time/                   |             |
|    fps                  | 4545        |
|    iterations           | 85          |
|    time_elapsed         | 76          |
|    total_timesteps      | 348160      |
| train/                  |             |
|    approx_kl            | 0.029191118 |
|    clip_fraction        | 0.287       |
|    clip_range           | 0.2         |
|    entropy_loss         | -3.01       |
|    explained_variance   | 0.361       |
|    learning_rate        | 0.0003      |
|    loss                 | -0.00939    |
|    n_updates            | 840         |
|    policy_gradient_loss | -0.0207     |
|    std                  | 0.409       |
|    value_loss           | 0.00481     |
-----------------------------------------
-----------------------------------------
| rollout/                |             |
|    ep_len_mean          | 1e+03       |
|    ep_rew_mean          | 962         |
| time/                   |             |
|    fps                  | 4545        |
|    iterations           | 86          |
|    time_elapsed         | 77          |
|    total_timesteps      | 352256      |
| train/                  |             |
|    approx_kl            | 0.028086782 |
|    clip_fraction        | 0.298       |
|    clip_range           | 0.2         |
|    entropy_loss         | -2.95       |
|    explained_variance   | 0.409       |
|    learning_rate        | 0.0003      |
|    loss                 | -0.0327     |
|    n_updates            | 850         |
|    policy_gradient_loss | -0.0213     |
|    std                  | 0.405       |
|    value_loss           | 0.00459     |
-----------------------------------------
-----------------------------------------
| rollout/                |             |
|    ep_len_mean          | 1e+03       |
|    ep_rew_mean          | 962         |
| time/                   |             |
|    fps                  | 4545        |
|    iterations           | 87          |
|    time_elapsed         | 78          |
|    total_timesteps      | 356352      |
| train/                  |             |
|    approx_kl            | 0.028639112 |
|    clip_fraction        | 0.311       |
|    clip_range           | 0.2         |
|    entropy_loss         | -2.87       |
|    explained_variance   | 0.919       |
|    learning_rate        | 0.0003      |
|    loss                 | -0.0128     |
|    n_updates            | 860         |
|    policy_gradient_loss | -0.0243     |
|    std                  | 0.4         |
|    value_loss           | 0.00637     |
-----------------------------------------
-----------------------------------------
| rollout/                |             |
|    ep_len_mean          | 1e+03       |
|    ep_rew_mean          | 962         |
| time/                   |             |
|    fps                  | 4546        |
|    iterations           | 88          |
|    time_elapsed         | 79          |
|    total_timesteps      | 360448      |
| train/                  |             |
|    approx_kl            | 0.033829704 |
|    clip_fraction        | 0.319       |
|    clip_range           | 0.2         |
|    entropy_loss         | -2.81       |
|    explained_variance   | 0.888       |
|    learning_rate        | 0.0003      |
|    loss                 | -0.0357     |
|    n_updates            | 870         |
|    policy_gradient_loss | -0.0226     |
|    std                  | 0.397       |
|    value_loss           | 0.0127      |
-----------------------------------------
----------------------------------------
| rollout/                |            |
|    ep_len_mean          | 1e+03      |
|    ep_rew_mean          | 962        |
| time/                   |            |
|    fps                  | 4546       |
|    iterations           | 89         |
|    time_elapsed         | 80         |
|    total_timesteps      | 364544     |
| train/                  |            |
|    approx_kl            | 0.03078119 |
|    clip_fraction        | 0.318      |
|    clip_range           | 0.2        |
|    entropy_loss         | -2.71      |
|    explained_variance   | 0.391      |
|    learning_rate        | 0.0003     |
|    loss                 | -0.0158    |
|    n_updates            | 880        |
|    policy_gradient_loss | -0.0214    |
|    std                  | 0.39       |
|    value_loss           | 0.0047     |
----------------------------------------
----------------------------------------
| rollout/                |            |
|    ep_len_mean          | 1e+03      |
|    ep_rew_mean          | 1.02e+03   |
| time/                   |            |
|    fps                  | 4546       |
|    iterations           | 90         |
|    time_elapsed         | 81         |
|    total_timesteps      | 368640     |
| train/                  |            |
|    approx_kl            | 0.03258901 |
|    clip_fraction        | 0.316      |
|    clip_range           | 0.2        |
|    entropy_loss         | -2.64      |
|    explained_variance   | 0.38       |
|    learning_rate        | 0.0003     |
|    loss                 | -0.0204    |
|    n_updates            | 890        |
|    policy_gradient_loss | -0.021     |
|    std                  | 0.385      |
|    value_loss           | 0.00462    |
----------------------------------------
----------------------------------------
| rollout/                |            |
|    ep_len_mean          | 1e+03      |
|    ep_rew_mean          | 1.02e+03   |
| time/                   |            |
|    fps                  | 4547       |
|    iterations           | 91         |
|    time_elapsed         | 81         |
|    total_timesteps      | 372736     |
| train/                  |            |
|    approx_kl            | 0.03384656 |
|    clip_fraction        | 0.312      |
|    clip_range           | 0.2        |
|    entropy_loss         | -2.56      |
|    explained_variance   | 0.925      |
|    learning_rate        | 0.0003     |
|    loss                 | -0.0489    |
|    n_updates            | 900        |
|    policy_gradient_loss | -0.0219    |
|    std                  | 0.381      |
|    value_loss           | 0.00981    |
----------------------------------------
----------------------------------------
| rollout/                |            |
|    ep_len_mean          | 1e+03      |
|    ep_rew_mean          | 1.02e+03   |
| time/                   |            |
|    fps                  | 4548       |
|    iterations           | 92         |
|    time_elapsed         | 82         |
|    total_timesteps      | 376832     |
| train/                  |            |
|    approx_kl            | 0.03539911 |
|    clip_fraction        | 0.328      |
|    clip_range           | 0.2        |
|    entropy_loss         | -2.49      |
|    explained_variance   | 0.853      |
|    learning_rate        | 0.0003     |
|    loss                 | -0.0168    |
|    n_updates            | 910        |
|    policy_gradient_loss | -0.0262    |
|    std                  | 0.376      |
|    value_loss           | 0.00883    |
----------------------------------------
-----------------------------------------
| rollout/                |             |
|    ep_len_mean          | 1e+03       |
|    ep_rew_mean          | 1.02e+03    |
| time/                   |             |
|    fps                  | 4544        |
|    iterations           | 93          |
|    time_elapsed         | 83          |
|    total_timesteps      | 380928      |
| train/                  |             |
|    approx_kl            | 0.031829387 |
|    clip_fraction        | 0.321       |
|    clip_range           | 0.2         |
|    entropy_loss         | -2.42       |
|    explained_variance   | 0.46        |
|    learning_rate        | 0.0003      |
|    loss                 | -0.0286     |
|    n_updates            | 920         |
|    policy_gradient_loss | -0.0194     |
|    std                  | 0.372       |
|    value_loss           | 0.00442     |
-----------------------------------------
-----------------------------------------
| rollout/                |             |
|    ep_len_mean          | 1e+03       |
|    ep_rew_mean          | 1.08e+03    |
| time/                   |             |
|    fps                  | 4544        |
|    iterations           | 94          |
|    time_elapsed         | 84          |
|    total_timesteps      | 385024      |
| train/                  |             |
|    approx_kl            | 0.028908243 |
|    clip_fraction        | 0.307       |
|    clip_range           | 0.2         |
|    entropy_loss         | -2.36       |
|    explained_variance   | 0.375       |
|    learning_rate        | 0.0003      |
|    loss                 | -0.0635     |
|    n_updates            | 930         |
|    policy_gradient_loss | -0.0193     |
|    std                  | 0.369       |
|    value_loss           | 0.00413     |
-----------------------------------------
----------------------------------------
| rollout/                |            |
|    ep_len_mean          | 1e+03      |
|    ep_rew_mean          | 1.08e+03   |
| time/                   |            |
|    fps                  | 4542       |
|    iterations           | 95         |
|    time_elapsed         | 85         |
|    total_timesteps      | 389120     |
| train/                  |            |
|    approx_kl            | 0.03273145 |
|    clip_fraction        | 0.32       |
|    clip_range           | 0.2        |
|    entropy_loss         | -2.33      |
|    explained_variance   | 0.919      |
|    learning_rate        | 0.0003     |
|    loss                 | -0.0456    |
|    n_updates            | 940        |
|    policy_gradient_loss | -0.0199    |
|    std                  | 0.368      |
|    value_loss           | 0.0113     |
----------------------------------------
-----------------------------------------
| rollout/                |             |
|    ep_len_mean          | 1e+03       |
|    ep_rew_mean          | 1.08e+03    |
| time/                   |             |
|    fps                  | 4540        |
|    iterations           | 96          |
|    time_elapsed         | 86          |
|    total_timesteps      | 393216      |
| train/                  |             |
|    approx_kl            | 0.035289753 |
|    clip_fraction        | 0.322       |
|    clip_range           | 0.2         |
|    entropy_loss         | -2.28       |
|    explained_variance   | 0.867       |
|    learning_rate        | 0.0003      |
|    loss                 | -0.0286     |
|    n_updates            | 950         |
|    policy_gradient_loss | -0.0234     |
|    std                  | 0.364       |
|    value_loss           | 0.00593     |
-----------------------------------------
----------------------------------------
| rollout/                |            |
|    ep_len_mean          | 1e+03      |
|    ep_rew_mean          | 1.08e+03   |
| time/                   |            |
|    fps                  | 4540       |
|    iterations           | 97         |
|    time_elapsed         | 87         |
|    total_timesteps      | 397312     |
| train/                  |            |
|    approx_kl            | 0.02897344 |
|    clip_fraction        | 0.323      |
|    clip_range           | 0.2        |
|    entropy_loss         | -2.22      |
|    explained_variance   | 0.391      |
|    learning_rate        | 0.0003     |
|    loss                 | -0.0215    |
|    n_updates            | 960        |
|    policy_gradient_loss | -0.0181    |
|    std                  | 0.361      |
|    value_loss           | 0.00378    |
----------------------------------------
-----------------------------------------
| rollout/                |             |
|    ep_len_mean          | 1e+03       |
|    ep_rew_mean          | 1.14e+03    |
| time/                   |             |
|    fps                  | 4540        |
|    iterations           | 98          |
|    time_elapsed         | 88          |
|    total_timesteps      | 401408      |
| train/                  |             |
|    approx_kl            | 0.031066392 |
|    clip_fraction        | 0.324       |
|    clip_range           | 0.2         |
|    entropy_loss         | -2.15       |
|    explained_variance   | 0.406       |
|    learning_rate        | 0.0003      |
|    loss                 | 0.00343     |
|    n_updates            | 970         |
|    policy_gradient_loss | -0.0198     |
|    std                  | 0.355       |
|    value_loss           | 0.00417     |
-----------------------------------------
-----------------------------------------
| rollout/                |             |
|    ep_len_mean          | 1e+03       |
|    ep_rew_mean          | 1.14e+03    |
| time/                   |             |
|    fps                  | 4539        |
|    iterations           | 99          |
|    time_elapsed         | 89          |
|    total_timesteps      | 405504      |
| train/                  |             |
|    approx_kl            | 0.029911961 |
|    clip_fraction        | 0.303       |
|    clip_range           | 0.2         |
|    entropy_loss         | -2.09       |
|    explained_variance   | 0.922       |
|    learning_rate        | 0.0003      |
|    loss                 | -0.0413     |
|    n_updates            | 980         |
|    policy_gradient_loss | -0.0196     |
|    std                  | 0.353       |
|    value_loss           | 0.0113      |
-----------------------------------------
-----------------------------------------
| rollout/                |             |
|    ep_len_mean          | 1e+03       |
|    ep_rew_mean          | 1.14e+03    |
| time/                   |             |
|    fps                  | 4534        |
|    iterations           | 100         |
|    time_elapsed         | 90          |
|    total_timesteps      | 409600      |
| train/                  |             |
|    approx_kl            | 0.034281418 |
|    clip_fraction        | 0.334       |
|    clip_range           | 0.2         |
|    entropy_loss         | -2.02       |
|    explained_variance   | 0.842       |
|    learning_rate        | 0.0003      |
|    loss                 | -0.0357     |
|    n_updates            | 990         |
|    policy_gradient_loss | -0.0231     |
|    std                  | 0.348       |
|    value_loss           | 0.00487     |
-----------------------------------------
