2026-10-02 03:34:28.909 | WARNING  | plugrl_env_client.envs:_load_env_modules:27 - Skip loading env module plugrl_env_client.envs.classic.classic_env: pygame is not installed. Please install it with pip install "plugrl-env-client[classic]".
2026-10-02 03:34:28.909 | WARNING  | plugrl_env_client.envs:_load_env_modules:27 - Skip loading env module plugrl_env_client.envs.atari.atari_env: Atari is not installed. Please install it with the 'atari' extra, e.g. 'pip install plugrl-env-client[atari]'
2026-10-02 03:34:28.909 | WARNING  | plugrl_env_client.envs:_load_env_modules:27 - Skip loading env module plugrl_env_client.envs.d4rl.d4rl_env: d4rl is not installed. Please install it with pip install "plugrl-env-client[d4rl]".
2026-10-02 03:34:28.909 | WARNING  | plugrl_env_client.envs:_load_env_modules:27 - Skip loading env module plugrl_env_client.envs.libero.libero_env: libero is not installed. Please install it with pip install "plugrl-env-client[libero]".
2026-10-02 03:34:28.910 | WARNING  | plugrl_env_client.envs:_load_env_modules:27 - Skip loading env module plugrl_env_client.envs.robomimic.robomimic_env: Robomimic is not installed. Please install it with the 'robomimic' extra, e.g. 'pip install plugrl-env-client[robomimic]'
2026-10-02 03:34:28.951 | INFO     | __main__:main:87 - Starting env client exp_name=clients output_dir=runs/clients recorder={'episode_freq': 0, 'thread0_only': True, 'record_video': False, 'video_fps': 30.0, 'record_full_rollout': False, 'record_obs_stats': True, 'record_episode_metrics': True, 'metric_window': 100}
2026-10-02 03:34:29.059 | WARNING  | plugrl_env_client.envs:_load_env_modules:27 - Skip loading env module plugrl_env_client.envs.classic.classic_env: pygame is not installed. Please install it with pip install "plugrl-env-client[classic]".
2026-10-02 03:34:29.059 | WARNING  | plugrl_env_client.envs:_load_env_modules:27 - Skip loading env module plugrl_env_client.envs.classic.classic_env: pygame is not installed. Please install it with pip install "plugrl-env-client[classic]".
2026-10-02 03:34:29.059 | WARNING  | plugrl_env_client.envs:_load_env_modules:27 - Skip loading env module plugrl_env_client.envs.classic.classic_env: pygame is not installed. Please install it with pip install "plugrl-env-client[classic]".
2026-10-02 03:34:29.059 | WARNING  | plugrl_env_client.envs:_load_env_modules:27 - Skip loading env module plugrl_env_client.envs.classic.classic_env: pygame is not installed. Please install it with pip install "plugrl-env-client[classic]".
2026-10-02 03:34:29.059 | WARNING  | plugrl_env_client.envs:_load_env_modules:27 - Skip loading env module plugrl_env_client.envs.atari.atari_env: Atari is not installed. Please install it with the 'atari' extra, e.g. 'pip install plugrl-env-client[atari]'
2026-10-02 03:34:29.059 | WARNING  | plugrl_env_client.envs:_load_env_modules:27 - Skip loading env module plugrl_env_client.envs.atari.atari_env: Atari is not installed. Please install it with the 'atari' extra, e.g. 'pip install plugrl-env-client[atari]'
2026-10-02 03:34:29.059 | WARNING  | plugrl_env_client.envs:_load_env_modules:27 - Skip loading env module plugrl_env_client.envs.atari.atari_env: Atari is not installed. Please install it with the 'atari' extra, e.g. 'pip install plugrl-env-client[atari]'
2026-10-02 03:34:29.059 | WARNING  | plugrl_env_client.envs:_load_env_modules:27 - Skip loading env module plugrl_env_client.envs.atari.atari_env: Atari is not installed. Please install it with the 'atari' extra, e.g. 'pip install plugrl-env-client[atari]'
2026-10-02 03:34:29.059 | WARNING  | plugrl_env_client.envs:_load_env_modules:27 - Skip loading env module plugrl_env_client.envs.classic.classic_env: pygame is not installed. Please install it with pip install "plugrl-env-client[classic]".
2026-10-02 03:34:29.059 | WARNING  | plugrl_env_client.envs:_load_env_modules:27 - Skip loading env module plugrl_env_client.envs.d4rl.d4rl_env: d4rl is not installed. Please install it with pip install "plugrl-env-client[d4rl]".
2026-10-02 03:34:29.059 | WARNING  | plugrl_env_client.envs:_load_env_modules:27 - Skip loading env module plugrl_env_client.envs.d4rl.d4rl_env: d4rl is not installed. Please install it with pip install "plugrl-env-client[d4rl]".
2026-10-02 03:34:29.059 | WARNING  | plugrl_env_client.envs:_load_env_modules:27 - Skip loading env module plugrl_env_client.envs.d4rl.d4rl_env: d4rl is not installed. Please install it with pip install "plugrl-env-client[d4rl]".
2026-10-02 03:34:29.059 | WARNING  | plugrl_env_client.envs:_load_env_modules:27 - Skip loading env module plugrl_env_client.envs.d4rl.d4rl_env: d4rl is not installed. Please install it with pip install "plugrl-env-client[d4rl]".
2026-10-02 03:34:29.059 | WARNING  | plugrl_env_client.envs:_load_env_modules:27 - Skip loading env module plugrl_env_client.envs.atari.atari_env: Atari is not installed. Please install it with the 'atari' extra, e.g. 'pip install plugrl-env-client[atari]'
2026-10-02 03:34:29.059 | WARNING  | plugrl_env_client.envs:_load_env_modules:27 - Skip loading env module plugrl_env_client.envs.libero.libero_env: libero is not installed. Please install it with pip install "plugrl-env-client[libero]".
2026-10-02 03:34:29.059 | WARNING  | plugrl_env_client.envs:_load_env_modules:27 - Skip loading env module plugrl_env_client.envs.libero.libero_env: libero is not installed. Please install it with pip install "plugrl-env-client[libero]".
2026-10-02 03:34:29.059 | WARNING  | plugrl_env_client.envs:_load_env_modules:27 - Skip loading env module plugrl_env_client.envs.libero.libero_env: libero is not installed. Please install it with pip install "plugrl-env-client[libero]".
2026-10-02 03:34:29.059 | WARNING  | plugrl_env_client.envs:_load_env_modules:27 - Skip loading env module plugrl_env_client.envs.libero.libero_env: libero is not installed. Please install it with pip install "plugrl-env-client[libero]".
2026-10-02 03:34:29.059 | WARNING  | plugrl_env_client.envs:_load_env_modules:27 - Skip loading env module plugrl_env_client.envs.d4rl.d4rl_env: d4rl is not installed. Please install it with pip install "plugrl-env-client[d4rl]".
2026-10-02 03:34:29.060 | WARNING  | plugrl_env_client.envs:_load_env_modules:27 - Skip loading env module plugrl_env_client.envs.libero.libero_env: libero is not installed. Please install it with pip install "plugrl-env-client[libero]".
2026-10-02 03:34:29.060 | WARNING  | plugrl_env_client.envs:_load_env_modules:27 - Skip loading env module plugrl_env_client.envs.robomimic.robomimic_env: Robomimic is not installed. Please install it with the 'robomimic' extra, e.g. 'pip install plugrl-env-client[robomimic]'
2026-10-02 03:34:29.060 | WARNING  | plugrl_env_client.envs:_load_env_modules:27 - Skip loading env module plugrl_env_client.envs.robomimic.robomimic_env: Robomimic is not installed. Please install it with the 'robomimic' extra, e.g. 'pip install plugrl-env-client[robomimic]'
2026-10-02 03:34:29.060 | WARNING  | plugrl_env_client.envs:_load_env_modules:27 - Skip loading env module plugrl_env_client.envs.robomimic.robomimic_env: Robomimic is not installed. Please install it with the 'robomimic' extra, e.g. 'pip install plugrl-env-client[robomimic]'
2026-10-02 03:34:29.060 | WARNING  | plugrl_env_client.envs:_load_env_modules:27 - Skip loading env module plugrl_env_client.envs.robomimic.robomimic_env: Robomimic is not installed. Please install it with the 'robomimic' extra, e.g. 'pip install plugrl-env-client[robomimic]'
2026-10-02 03:34:29.060 | WARNING  | plugrl_env_client.envs:_load_env_modules:27 - Skip loading env module plugrl_env_client.envs.robomimic.robomimic_env: Robomimic is not installed. Please install it with the 'robomimic' extra, e.g. 'pip install plugrl-env-client[robomimic]'
2026-10-02 03:34:29.061 | WARNING  | plugrl_env_client.envs:_load_env_modules:27 - Skip loading env module plugrl_env_client.envs.classic.classic_env: pygame is not installed. Please install it with pip install "plugrl-env-client[classic]".
2026-10-02 03:34:29.061 | WARNING  | plugrl_env_client.envs:_load_env_modules:27 - Skip loading env module plugrl_env_client.envs.atari.atari_env: Atari is not installed. Please install it with the 'atari' extra, e.g. 'pip install plugrl-env-client[atari]'
2026-10-02 03:34:29.061 | WARNING  | plugrl_env_client.envs:_load_env_modules:27 - Skip loading env module plugrl_env_client.envs.d4rl.d4rl_env: d4rl is not installed. Please install it with pip install "plugrl-env-client[d4rl]".
2026-10-02 03:34:29.061 | WARNING  | plugrl_env_client.envs:_load_env_modules:27 - Skip loading env module plugrl_env_client.envs.classic.classic_env: pygame is not installed. Please install it with pip install "plugrl-env-client[classic]".
2026-10-02 03:34:29.061 | WARNING  | plugrl_env_client.envs:_load_env_modules:27 - Skip loading env module plugrl_env_client.envs.libero.libero_env: libero is not installed. Please install it with pip install "plugrl-env-client[libero]".
2026-10-02 03:34:29.061 | WARNING  | plugrl_env_client.envs:_load_env_modules:27 - Skip loading env module plugrl_env_client.envs.atari.atari_env: Atari is not installed. Please install it with the 'atari' extra, e.g. 'pip install plugrl-env-client[atari]'
2026-10-02 03:34:29.061 | WARNING  | plugrl_env_client.envs:_load_env_modules:27 - Skip loading env module plugrl_env_client.envs.d4rl.d4rl_env: d4rl is not installed. Please install it with pip install "plugrl-env-client[d4rl]".
2026-10-02 03:34:29.062 | WARNING  | plugrl_env_client.envs:_load_env_modules:27 - Skip loading env module plugrl_env_client.envs.libero.libero_env: libero is not installed. Please install it with pip install "plugrl-env-client[libero]".
2026-10-02 03:34:29.062 | WARNING  | plugrl_env_client.envs:_load_env_modules:27 - Skip loading env module plugrl_env_client.envs.robomimic.robomimic_env: Robomimic is not installed. Please install it with the 'robomimic' extra, e.g. 'pip install plugrl-env-client[robomimic]'
2026-10-02 03:34:29.062 | WARNING  | plugrl_env_client.envs:_load_env_modules:27 - Skip loading env module plugrl_env_client.envs.robomimic.robomimic_env: Robomimic is not installed. Please install it with the 'robomimic' extra, e.g. 'pip install plugrl-env-client[robomimic]'
2026-10-02 03:34:29.068 | WARNING  | plugrl_env_client.envs:_load_env_modules:27 - Skip loading env module plugrl_env_client.envs.classic.classic_env: pygame is not installed. Please install it with pip install "plugrl-env-client[classic]".
2026-10-02 03:34:29.068 | WARNING  | plugrl_env_client.envs:_load_env_modules:27 - Skip loading env module plugrl_env_client.envs.atari.atari_env: Atari is not installed. Please install it with the 'atari' extra, e.g. 'pip install plugrl-env-client[atari]'
2026-10-02 03:34:29.068 | WARNING  | plugrl_env_client.envs:_load_env_modules:27 - Skip loading env module plugrl_env_client.envs.d4rl.d4rl_env: d4rl is not installed. Please install it with pip install "plugrl-env-client[d4rl]".
2026-10-02 03:34:29.069 | WARNING  | plugrl_env_client.envs:_load_env_modules:27 - Skip loading env module plugrl_env_client.envs.libero.libero_env: libero is not installed. Please install it with pip install "plugrl-env-client[libero]".
2026-10-02 03:34:29.069 | WARNING  | plugrl_env_client.envs:_load_env_modules:27 - Skip loading env module plugrl_env_client.envs.robomimic.robomimic_env: Robomimic is not installed. Please install it with the 'robomimic' extra, e.g. 'pip install plugrl-env-client[robomimic]'
2026-10-02 03:34:29.089 | WARNING  | plugrl_env_client.envs:_load_env_modules:27 - Skip loading env module plugrl_env_client.envs.classic.classic_env: pygame is not installed. Please install it with pip install "plugrl-env-client[classic]".
2026-10-02 03:34:29.090 | WARNING  | plugrl_env_client.envs:_load_env_modules:27 - Skip loading env module plugrl_env_client.envs.atari.atari_env: Atari is not installed. Please install it with the 'atari' extra, e.g. 'pip install plugrl-env-client[atari]'
2026-10-02 03:34:29.090 | WARNING  | plugrl_env_client.envs:_load_env_modules:27 - Skip loading env module plugrl_env_client.envs.d4rl.d4rl_env: d4rl is not installed. Please install it with pip install "plugrl-env-client[d4rl]".
2026-10-02 03:34:29.090 | WARNING  | plugrl_env_client.envs:_load_env_modules:27 - Skip loading env module plugrl_env_client.envs.classic.classic_env: pygame is not installed. Please install it with pip install "plugrl-env-client[classic]".
2026-10-02 03:34:29.090 | WARNING  | plugrl_env_client.envs:_load_env_modules:27 - Skip loading env module plugrl_env_client.envs.libero.libero_env: libero is not installed. Please install it with pip install "plugrl-env-client[libero]".
2026-10-02 03:34:29.090 | WARNING  | plugrl_env_client.envs:_load_env_modules:27 - Skip loading env module plugrl_env_client.envs.atari.atari_env: Atari is not installed. Please install it with the 'atari' extra, e.g. 'pip install plugrl-env-client[atari]'
2026-10-02 03:34:29.091 | WARNING  | plugrl_env_client.envs:_load_env_modules:27 - Skip loading env module plugrl_env_client.envs.d4rl.d4rl_env: d4rl is not installed. Please install it with pip install "plugrl-env-client[d4rl]".
2026-10-02 03:34:29.091 | WARNING  | plugrl_env_client.envs:_load_env_modules:27 - Skip loading env module plugrl_env_client.envs.libero.libero_env: libero is not installed. Please install it with pip install "plugrl-env-client[libero]".
2026-10-02 03:34:29.091 | WARNING  | plugrl_env_client.envs:_load_env_modules:27 - Skip loading env module plugrl_env_client.envs.robomimic.robomimic_env: Robomimic is not installed. Please install it with the 'robomimic' extra, e.g. 'pip install plugrl-env-client[robomimic]'
2026-10-02 03:34:29.091 | WARNING  | plugrl_env_client.envs:_load_env_modules:27 - Skip loading env module plugrl_env_client.envs.classic.classic_env: pygame is not installed. Please install it with pip install "plugrl-env-client[classic]".
2026-10-02 03:34:29.092 | WARNING  | plugrl_env_client.envs:_load_env_modules:27 - Skip loading env module plugrl_env_client.envs.atari.atari_env: Atari is not installed. Please install it with the 'atari' extra, e.g. 'pip install plugrl-env-client[atari]'
2026-10-02 03:34:29.092 | WARNING  | plugrl_env_client.envs:_load_env_modules:27 - Skip loading env module plugrl_env_client.envs.classic.classic_env: pygame is not installed. Please install it with pip install "plugrl-env-client[classic]".
2026-10-02 03:34:29.092 | WARNING  | plugrl_env_client.envs:_load_env_modules:27 - Skip loading env module plugrl_env_client.envs.robomimic.robomimic_env: Robomimic is not installed. Please install it with the 'robomimic' extra, e.g. 'pip install plugrl-env-client[robomimic]'
2026-10-02 03:34:29.092 | WARNING  | plugrl_env_client.envs:_load_env_modules:27 - Skip loading env module plugrl_env_client.envs.classic.classic_env: pygame is not installed. Please install it with pip install "plugrl-env-client[classic]".
2026-10-02 03:34:29.092 | WARNING  | plugrl_env_client.envs:_load_env_modules:27 - Skip loading env module plugrl_env_client.envs.classic.classic_env: pygame is not installed. Please install it with pip install "plugrl-env-client[classic]".
2026-10-02 03:34:29.092 | WARNING  | plugrl_env_client.envs:_load_env_modules:27 - Skip loading env module plugrl_env_client.envs.d4rl.d4rl_env: d4rl is not installed. Please install it with pip install "plugrl-env-client[d4rl]".
2026-10-02 03:34:29.092 | WARNING  | plugrl_env_client.envs:_load_env_modules:27 - Skip loading env module plugrl_env_client.envs.atari.atari_env: Atari is not installed. Please install it with the 'atari' extra, e.g. 'pip install plugrl-env-client[atari]'
2026-10-02 03:34:29.092 | WARNING  | plugrl_env_client.envs:_load_env_modules:27 - Skip loading env module plugrl_env_client.envs.atari.atari_env: Atari is not installed. Please install it with the 'atari' extra, e.g. 'pip install plugrl-env-client[atari]'
2026-10-02 03:34:29.092 | WARNING  | plugrl_env_client.envs:_load_env_modules:27 - Skip loading env module plugrl_env_client.envs.libero.libero_env: libero is not installed. Please install it with pip install "plugrl-env-client[libero]".
2026-10-02 03:34:29.092 | WARNING  | plugrl_env_client.envs:_load_env_modules:27 - Skip loading env module plugrl_env_client.envs.atari.atari_env: Atari is not installed. Please install it with the 'atari' extra, e.g. 'pip install plugrl-env-client[atari]'
2026-10-02 03:34:29.092 | WARNING  | plugrl_env_client.envs:_load_env_modules:27 - Skip loading env module plugrl_env_client.envs.d4rl.d4rl_env: d4rl is not installed. Please install it with pip install "plugrl-env-client[d4rl]".
2026-10-02 03:34:29.092 | WARNING  | plugrl_env_client.envs:_load_env_modules:27 - Skip loading env module plugrl_env_client.envs.d4rl.d4rl_env: d4rl is not installed. Please install it with pip install "plugrl-env-client[d4rl]".
2026-10-02 03:34:29.093 | WARNING  | plugrl_env_client.envs:_load_env_modules:27 - Skip loading env module plugrl_env_client.envs.d4rl.d4rl_env: d4rl is not installed. Please install it with pip install "plugrl-env-client[d4rl]".
2026-10-02 03:34:29.093 | WARNING  | plugrl_env_client.envs:_load_env_modules:27 - Skip loading env module plugrl_env_client.envs.libero.libero_env: libero is not installed. Please install it with pip install "plugrl-env-client[libero]".
2026-10-02 03:34:29.093 | WARNING  | plugrl_env_client.envs:_load_env_modules:27 - Skip loading env module plugrl_env_client.envs.classic.classic_env: pygame is not installed. Please install it with pip install "plugrl-env-client[classic]".
2026-10-02 03:34:29.093 | WARNING  | plugrl_env_client.envs:_load_env_modules:27 - Skip loading env module plugrl_env_client.envs.libero.libero_env: libero is not installed. Please install it with pip install "plugrl-env-client[libero]".
2026-10-02 03:34:29.093 | WARNING  | plugrl_env_client.envs:_load_env_modules:27 - Skip loading env module plugrl_env_client.envs.libero.libero_env: libero is not installed. Please install it with pip install "plugrl-env-client[libero]".
2026-10-02 03:34:29.093 | WARNING  | plugrl_env_client.envs:_load_env_modules:27 - Skip loading env module plugrl_env_client.envs.atari.atari_env: Atari is not installed. Please install it with the 'atari' extra, e.g. 'pip install plugrl-env-client[atari]'
2026-10-02 03:34:29.093 | WARNING  | plugrl_env_client.envs:_load_env_modules:27 - Skip loading env module plugrl_env_client.envs.robomimic.robomimic_env: Robomimic is not installed. Please install it with the 'robomimic' extra, e.g. 'pip install plugrl-env-client[robomimic]'
2026-10-02 03:34:29.093 | WARNING  | plugrl_env_client.envs:_load_env_modules:27 - Skip loading env module plugrl_env_client.envs.d4rl.d4rl_env: d4rl is not installed. Please install it with pip install "plugrl-env-client[d4rl]".
2026-10-02 03:34:29.094 | WARNING  | plugrl_env_client.envs:_load_env_modules:27 - Skip loading env module plugrl_env_client.envs.robomimic.robomimic_env: Robomimic is not installed. Please install it with the 'robomimic' extra, e.g. 'pip install plugrl-env-client[robomimic]'
2026-10-02 03:34:29.094 | WARNING  | plugrl_env_client.envs:_load_env_modules:27 - Skip loading env module plugrl_env_client.envs.libero.libero_env: libero is not installed. Please install it with pip install "plugrl-env-client[libero]".
2026-10-02 03:34:29.094 | WARNING  | plugrl_env_client.envs:_load_env_modules:27 - Skip loading env module plugrl_env_client.envs.robomimic.robomimic_env: Robomimic is not installed. Please install it with the 'robomimic' extra, e.g. 'pip install plugrl-env-client[robomimic]'
2026-10-02 03:34:29.094 | WARNING  | plugrl_env_client.envs:_load_env_modules:27 - Skip loading env module plugrl_env_client.envs.robomimic.robomimic_env: Robomimic is not installed. Please install it with the 'robomimic' extra, e.g. 'pip install plugrl-env-client[robomimic]'
2026-10-02 03:34:29.094 | WARNING  | plugrl_env_client.envs:_load_env_modules:27 - Skip loading env module plugrl_env_client.envs.robomimic.robomimic_env: Robomimic is not installed. Please install it with the 'robomimic' extra, e.g. 'pip install plugrl-env-client[robomimic]'
2026-10-02 03:34:29.118 | WARNING  | plugrl_env_client.envs:_load_env_modules:27 - Skip loading env module plugrl_env_client.envs.classic.classic_env: pygame is not installed. Please install it with pip install "plugrl-env-client[classic]".
2026-10-02 03:34:29.119 | WARNING  | plugrl_env_client.envs:_load_env_modules:27 - Skip loading env module plugrl_env_client.envs.atari.atari_env: Atari is not installed. Please install it with the 'atari' extra, e.g. 'pip install plugrl-env-client[atari]'
2026-10-02 03:34:29.119 | WARNING  | plugrl_env_client.envs:_load_env_modules:27 - Skip loading env module plugrl_env_client.envs.d4rl.d4rl_env: d4rl is not installed. Please install it with pip install "plugrl-env-client[d4rl]".
2026-10-02 03:34:29.119 | WARNING  | plugrl_env_client.envs:_load_env_modules:27 - Skip loading env module plugrl_env_client.envs.libero.libero_env: libero is not installed. Please install it with pip install "plugrl-env-client[libero]".
2026-10-02 03:34:29.120 | WARNING  | plugrl_env_client.envs:_load_env_modules:27 - Skip loading env module plugrl_env_client.envs.robomimic.robomimic_env: Robomimic is not installed. Please install it with the 'robomimic' extra, e.g. 'pip install plugrl-env-client[robomimic]'
2026-10-02 03:34:29.125 | INFO     | plugrl_env_client.agent.websocket_env_client_agent:_wait_for_server:203 - Waiting for server at ws://127.0.0.1:8810...
2026-10-02 03:34:29.126 | WARNING  | plugrl_env_client.agent.websocket_env_client_agent:_wait_for_server:252 - Server not available or connection failed. Retrying in 5 seconds...
2026-10-02 03:34:29.126 | INFO     | plugrl_env_client.agent.websocket_env_client_agent:_wait_for_server:203 - Waiting for server at ws://127.0.0.1:8810...
2026-10-02 03:34:29.127 | INFO     | plugrl_env_client.agent.websocket_env_client_agent:_wait_for_server:203 - Waiting for server at ws://127.0.0.1:8810...
2026-10-02 03:34:29.127 | WARNING  | plugrl_env_client.agent.websocket_env_client_agent:_wait_for_server:252 - Server not available or connection failed. Retrying in 5 seconds...
2026-10-02 03:34:29.128 | WARNING  | plugrl_env_client.agent.websocket_env_client_agent:_wait_for_server:252 - Server not available or connection failed. Retrying in 5 seconds...
2026-10-02 03:34:29.129 | INFO     | plugrl_env_client.agent.websocket_env_client_agent:_wait_for_server:203 - Waiting for server at ws://127.0.0.1:8810...
2026-10-02 03:34:29.130 | INFO     | plugrl_env_client.agent.websocket_env_client_agent:_wait_for_server:203 - Waiting for server at ws://127.0.0.1:8810...
2026-10-02 03:34:29.130 | WARNING  | plugrl_env_client.agent.websocket_env_client_agent:_wait_for_server:252 - Server not available or connection failed. Retrying in 5 seconds...
2026-10-02 03:34:29.131 | WARNING  | plugrl_env_client.agent.websocket_env_client_agent:_wait_for_server:252 - Server not available or connection failed. Retrying in 5 seconds...
2026-10-02 03:34:29.131 | INFO     | plugrl_env_client.agent.websocket_env_client_agent:_wait_for_server:203 - Waiting for server at ws://127.0.0.1:8810...
2026-10-02 03:34:29.132 | WARNING  | plugrl_env_client.agent.websocket_env_client_agent:_wait_for_server:252 - Server not available or connection failed. Retrying in 5 seconds...
2026-10-02 03:34:29.133 | INFO     | plugrl_env_client.agent.websocket_env_client_agent:_wait_for_server:203 - Waiting for server at ws://127.0.0.1:8810...
2026-10-02 03:34:29.134 | WARNING  | plugrl_env_client.agent.websocket_env_client_agent:_wait_for_server:252 - Server not available or connection failed. Retrying in 5 seconds...
2026-10-02 03:34:29.135 | INFO     | plugrl_env_client.agent.websocket_env_client_agent:_wait_for_server:203 - Waiting for server at ws://127.0.0.1:8810...
2026-10-02 03:34:29.136 | WARNING  | plugrl_env_client.agent.websocket_env_client_agent:_wait_for_server:252 - Server not available or connection failed. Retrying in 5 seconds...
2026-10-02 03:34:29.165 | INFO     | plugrl_env_client.agent.websocket_env_client_agent:_wait_for_server:203 - Waiting for server at ws://127.0.0.1:8810...
2026-10-02 03:34:29.166 | WARNING  | plugrl_env_client.agent.websocket_env_client_agent:_wait_for_server:252 - Server not available or connection failed. Retrying in 5 seconds...
2026-10-02 03:34:29.167 | INFO     | plugrl_env_client.agent.websocket_env_client_agent:_wait_for_server:203 - Waiting for server at ws://127.0.0.1:8810...
2026-10-02 03:34:29.168 | INFO     | plugrl_env_client.agent.websocket_env_client_agent:_wait_for_server:203 - Waiting for server at ws://127.0.0.1:8810...
2026-10-02 03:34:29.168 | WARNING  | plugrl_env_client.agent.websocket_env_client_agent:_wait_for_server:252 - Server not available or connection failed. Retrying in 5 seconds...
2026-10-02 03:34:29.169 | INFO     | plugrl_env_client.agent.websocket_env_client_agent:_wait_for_server:203 - Waiting for server at ws://127.0.0.1:8810...
2026-10-02 03:34:29.169 | INFO     | plugrl_env_client.agent.websocket_env_client_agent:_wait_for_server:203 - Waiting for server at ws://127.0.0.1:8810...
2026-10-02 03:34:29.169 | WARNING  | plugrl_env_client.agent.websocket_env_client_agent:_wait_for_server:252 - Server not available or connection failed. Retrying in 5 seconds...
2026-10-02 03:34:29.169 | INFO     | plugrl_env_client.agent.websocket_env_client_agent:_wait_for_server:203 - Waiting for server at ws://127.0.0.1:8810...
2026-10-02 03:34:29.169 | WARNING  | plugrl_env_client.agent.websocket_env_client_agent:_wait_for_server:252 - Server not available or connection failed. Retrying in 5 seconds...
2026-10-02 03:34:29.170 | WARNING  | plugrl_env_client.agent.websocket_env_client_agent:_wait_for_server:252 - Server not available or connection failed. Retrying in 5 seconds...
2026-10-02 03:34:29.170 | WARNING  | plugrl_env_client.agent.websocket_env_client_agent:_wait_for_server:252 - Server not available or connection failed. Retrying in 5 seconds...
2026-10-02 03:34:29.170 | INFO     | plugrl_env_client.agent.websocket_env_client_agent:_wait_for_server:203 - Waiting for server at ws://127.0.0.1:8810...
2026-10-02 03:34:29.171 | WARNING  | plugrl_env_client.agent.websocket_env_client_agent:_wait_for_server:252 - Server not available or connection failed. Retrying in 5 seconds...
2026-10-02 03:34:29.189 | INFO     | plugrl_env_client.agent.websocket_env_client_agent:_wait_for_server:203 - Waiting for server at ws://127.0.0.1:8810...
2026-10-02 03:34:29.189 | WARNING  | plugrl_env_client.agent.websocket_env_client_agent:_wait_for_server:252 - Server not available or connection failed. Retrying in 5 seconds...
2026-10-02 03:34:34.129 | INFO     | plugrl_env_client.runner.run:report_server_metadata:56 - Server metadata: {'protocol_version': 1, 'server': 'plugrl-bridges', 'action_horizon': 1, 'action_dim': 6, 'num_envs': 16, 'lockstep': True, 'features': ['reuse-feedback-obs']}
2026-10-02 03:34:34.130 | INFO     | plugrl_env_client.runner.run:report_server_metadata:56 - Server metadata: {'protocol_version': 1, 'server': 'plugrl-bridges', 'action_horizon': 1, 'action_dim': 6, 'num_envs': 16, 'lockstep': True, 'features': ['reuse-feedback-obs']}
2026-10-02 03:34:34.131 | INFO     | plugrl_env_client.runner.run:report_server_metadata:56 - Server metadata: {'protocol_version': 1, 'server': 'plugrl-bridges', 'action_horizon': 1, 'action_dim': 6, 'num_envs': 16, 'lockstep': True, 'features': ['reuse-feedback-obs']}
2026-10-02 03:34:34.132 | INFO     | plugrl_env_client.runner.run:report_server_metadata:56 - Server metadata: {'protocol_version': 1, 'server': 'plugrl-bridges', 'action_horizon': 1, 'action_dim': 6, 'num_envs': 16, 'lockstep': True, 'features': ['reuse-feedback-obs']}
2026-10-02 03:34:34.133 | INFO     | plugrl_env_client.runner.run:report_server_metadata:56 - Server metadata: {'protocol_version': 1, 'server': 'plugrl-bridges', 'action_horizon': 1, 'action_dim': 6, 'num_envs': 16, 'lockstep': True, 'features': ['reuse-feedback-obs']}
2026-10-02 03:34:34.134 | INFO     | plugrl_env_client.runner.run:report_server_metadata:56 - Server metadata: {'protocol_version': 1, 'server': 'plugrl-bridges', 'action_horizon': 1, 'action_dim': 6, 'num_envs': 16, 'lockstep': True, 'features': ['reuse-feedback-obs']}
2026-10-02 03:34:34.136 | INFO     | plugrl_env_client.runner.run:report_server_metadata:56 - Server metadata: {'protocol_version': 1, 'server': 'plugrl-bridges', 'action_horizon': 1, 'action_dim': 6, 'num_envs': 16, 'lockstep': True, 'features': ['reuse-feedback-obs']}
2026-10-02 03:34:34.138 | INFO     | plugrl_env_client.runner.run:report_server_metadata:56 - Server metadata: {'protocol_version': 1, 'server': 'plugrl-bridges', 'action_horizon': 1, 'action_dim': 6, 'num_envs': 16, 'lockstep': True, 'features': ['reuse-feedback-obs']}
2026-10-02 03:34:34.169 | INFO     | plugrl_env_client.runner.run:report_server_metadata:56 - Server metadata: {'protocol_version': 1, 'server': 'plugrl-bridges', 'action_horizon': 1, 'action_dim': 6, 'num_envs': 16, 'lockstep': True, 'features': ['reuse-feedback-obs']}
2026-10-02 03:34:34.172 | INFO     | plugrl_env_client.runner.run:report_server_metadata:56 - Server metadata: {'protocol_version': 1, 'server': 'plugrl-bridges', 'action_horizon': 1, 'action_dim': 6, 'num_envs': 16, 'lockstep': True, 'features': ['reuse-feedback-obs']}
2026-10-02 03:34:34.172 | INFO     | plugrl_env_client.runner.run:report_server_metadata:56 - Server metadata: {'protocol_version': 1, 'server': 'plugrl-bridges', 'action_horizon': 1, 'action_dim': 6, 'num_envs': 16, 'lockstep': True, 'features': ['reuse-feedback-obs']}
2026-10-02 03:34:34.173 | INFO     | plugrl_env_client.runner.run:report_server_metadata:56 - Server metadata: {'protocol_version': 1, 'server': 'plugrl-bridges', 'action_horizon': 1, 'action_dim': 6, 'num_envs': 16, 'lockstep': True, 'features': ['reuse-feedback-obs']}
2026-10-02 03:34:34.173 | INFO     | plugrl_env_client.runner.run:report_server_metadata:56 - Server metadata: {'protocol_version': 1, 'server': 'plugrl-bridges', 'action_horizon': 1, 'action_dim': 6, 'num_envs': 16, 'lockstep': True, 'features': ['reuse-feedback-obs']}
2026-10-02 03:34:34.173 | INFO     | plugrl_env_client.runner.run:report_server_metadata:56 - Server metadata: {'protocol_version': 1, 'server': 'plugrl-bridges', 'action_horizon': 1, 'action_dim': 6, 'num_envs': 16, 'lockstep': True, 'features': ['reuse-feedback-obs']}
2026-10-02 03:34:34.174 | INFO     | plugrl_env_client.runner.run:report_server_metadata:56 - Server metadata: {'protocol_version': 1, 'server': 'plugrl-bridges', 'action_horizon': 1, 'action_dim': 6, 'num_envs': 16, 'lockstep': True, 'features': ['reuse-feedback-obs']}
2026-10-02 03:34:34.192 | INFO     | plugrl_env_client.runner.run:report_server_metadata:56 - Server metadata: {'protocol_version': 1, 'server': 'plugrl-bridges', 'action_horizon': 1, 'action_dim': 6, 'num_envs': 16, 'lockstep': True, 'features': ['reuse-feedback-obs']}
2026-10-02 03:35:04.132 | INFO     | plugrl_env_client.runner.rollout:log_timing_summary:101 - Intermediate rollout timing summary: env_steps=10743 infer_calls=10743 feedback_calls=10743 infer_wait=27.545s infer_obs_pack=0.134s env_step=1.041s feedback_total=0.689s feedback_obs_pack=0.189s feedback_info_pack=0.031s effective_fps=365.30
2026-10-02 03:35:04.132 | INFO     | plugrl_env_client.runner.rollout:log_timing_summary:101 - Intermediate rollout timing summary: env_steps=10743 infer_calls=10743 feedback_calls=10743 infer_wait=27.674s infer_obs_pack=0.137s env_step=0.962s feedback_total=0.673s feedback_obs_pack=0.182s feedback_info_pack=0.031s effective_fps=364.85
2026-10-02 03:35:04.132 | INFO     | plugrl_env_client.runner.rollout:log_timing_summary:101 - Intermediate rollout timing summary: env_steps=10743 infer_calls=10743 feedback_calls=10743 infer_wait=27.636s infer_obs_pack=0.133s env_step=0.975s feedback_total=0.676s feedback_obs_pack=0.185s feedback_info_pack=0.029s effective_fps=365.17
2026-10-02 03:35:04.133 | INFO     | plugrl_env_client.runner.rollout:log_timing_summary:101 - Intermediate rollout timing summary: env_steps=10744 infer_calls=10744 feedback_calls=10744 infer_wait=27.734s infer_obs_pack=0.132s env_step=0.935s feedback_total=0.662s feedback_obs_pack=0.180s feedback_info_pack=0.029s effective_fps=364.66
2026-10-02 03:35:04.135 | INFO     | plugrl_env_client.runner.rollout:log_timing_summary:101 - Intermediate rollout timing summary: env_steps=10745 infer_calls=10745 feedback_calls=10745 infer_wait=27.781s infer_obs_pack=0.129s env_step=0.916s feedback_total=0.650s feedback_obs_pack=0.174s feedback_info_pack=0.030s effective_fps=364.53
2026-10-02 03:35:04.135 | INFO     | plugrl_env_client.runner.rollout:log_timing_summary:101 - Intermediate rollout timing summary: env_steps=10745 infer_calls=10745 feedback_calls=10745 infer_wait=27.765s infer_obs_pack=0.131s env_step=0.923s feedback_total=0.653s feedback_obs_pack=0.174s feedback_info_pack=0.030s effective_fps=364.59
2026-10-02 03:35:04.138 | INFO     | plugrl_env_client.runner.rollout:log_timing_summary:101 - Intermediate rollout timing summary: env_steps=10746 infer_calls=10746 feedback_calls=10746 infer_wait=27.800s infer_obs_pack=0.133s env_step=0.906s feedback_total=0.654s feedback_obs_pack=0.172s feedback_info_pack=0.031s effective_fps=364.35
2026-10-02 03:35:04.140 | INFO     | plugrl_env_client.runner.rollout:log_timing_summary:101 - Intermediate rollout timing summary: env_steps=10747 infer_calls=10747 feedback_calls=10747 infer_wait=27.793s infer_obs_pack=0.133s env_step=0.913s feedback_total=0.663s feedback_obs_pack=0.178s feedback_info_pack=0.029s effective_fps=364.28
2026-10-02 03:35:04.401 | INFO     | plugrl_env_client.runner.rollout:log_timing_summary:101 - Intermediate rollout timing summary: env_steps=10753 infer_calls=10753 feedback_calls=10753 infer_wait=28.052s infer_obs_pack=0.133s env_step=0.901s feedback_total=0.670s feedback_obs_pack=0.180s feedback_info_pack=0.032s effective_fps=361.37
2026-10-02 03:35:04.401 | INFO     | plugrl_env_client.runner.rollout:log_timing_summary:101 - Intermediate rollout timing summary: env_steps=10753 infer_calls=10753 feedback_calls=10753 infer_wait=28.086s infer_obs_pack=0.135s env_step=0.886s feedback_total=0.669s feedback_obs_pack=0.179s feedback_info_pack=0.030s effective_fps=361.13
2026-10-02 03:35:04.401 | INFO     | plugrl_env_client.runner.rollout:log_timing_summary:101 - Intermediate rollout timing summary: env_steps=10753 infer_calls=10753 feedback_calls=10753 infer_wait=28.058s infer_obs_pack=0.134s env_step=0.890s feedback_total=0.659s feedback_obs_pack=0.177s feedback_info_pack=0.030s effective_fps=361.55
2026-10-02 03:35:04.401 | INFO     | plugrl_env_client.runner.rollout:log_timing_summary:101 - Intermediate rollout timing summary: env_steps=10753 infer_calls=10753 feedback_calls=10753 infer_wait=28.019s infer_obs_pack=0.138s env_step=0.902s feedback_total=0.680s feedback_obs_pack=0.184s feedback_info_pack=0.030s effective_fps=361.57
2026-10-02 03:35:04.401 | INFO     | plugrl_env_client.runner.rollout:log_timing_summary:101 - Intermediate rollout timing summary: env_steps=10753 infer_calls=10753 feedback_calls=10753 infer_wait=28.077s infer_obs_pack=0.130s env_step=0.892s feedback_total=0.649s feedback_obs_pack=0.173s feedback_info_pack=0.031s effective_fps=361.48
2026-10-02 03:35:04.402 | INFO     | plugrl_env_client.runner.rollout:log_timing_summary:101 - Intermediate rollout timing summary: env_steps=10753 infer_calls=10753 feedback_calls=10753 infer_wait=28.065s infer_obs_pack=0.135s env_step=0.895s feedback_total=0.670s feedback_obs_pack=0.179s feedback_info_pack=0.036s effective_fps=361.26
2026-10-02 03:35:04.402 | INFO     | plugrl_env_client.runner.rollout:log_timing_summary:101 - Intermediate rollout timing summary: env_steps=10753 infer_calls=10753 feedback_calls=10753 infer_wait=28.037s infer_obs_pack=0.136s env_step=0.896s feedback_total=0.674s feedback_obs_pack=0.182s feedback_info_pack=0.030s effective_fps=361.53
2026-10-02 03:35:04.403 | INFO     | plugrl_env_client.runner.rollout:log_timing_summary:101 - Intermediate rollout timing summary: env_steps=10753 infer_calls=10753 feedback_calls=10753 infer_wait=28.110s infer_obs_pack=0.137s env_step=0.867s feedback_total=0.662s feedback_obs_pack=0.178s feedback_info_pack=0.030s effective_fps=361.14
2026-10-02 03:35:34.227 | INFO     | plugrl_env_client.runner.rollout:log_timing_summary:101 - Intermediate rollout timing summary: env_steps=21505 infer_calls=21505 feedback_calls=21505 infer_wait=55.523s infer_obs_pack=0.268s env_step=1.869s feedback_total=1.338s feedback_obs_pack=0.355s feedback_info_pack=0.063s effective_fps=364.50
2026-10-02 03:35:34.228 | INFO     | plugrl_env_client.runner.rollout:log_timing_summary:101 - Intermediate rollout timing summary: env_steps=21505 infer_calls=21505 feedback_calls=21505 infer_wait=55.600s infer_obs_pack=0.269s env_step=1.837s feedback_total=1.337s feedback_obs_pack=0.354s feedback_info_pack=0.061s effective_fps=364.23
2026-10-02 03:35:34.228 | INFO     | plugrl_env_client.runner.rollout:log_timing_summary:101 - Intermediate rollout timing summary: env_steps=21505 infer_calls=21505 feedback_calls=21505 infer_wait=55.400s infer_obs_pack=0.268s env_step=1.935s feedback_total=1.340s feedback_obs_pack=0.363s feedback_info_pack=0.060s effective_fps=364.85
2026-10-02 03:35:34.228 | INFO     | plugrl_env_client.runner.rollout:log_timing_summary:101 - Intermediate rollout timing summary: env_steps=21505 infer_calls=21505 feedback_calls=21505 infer_wait=55.381s infer_obs_pack=0.274s env_step=1.938s feedback_total=1.357s feedback_obs_pack=0.362s feedback_info_pack=0.061s effective_fps=364.80
2026-10-02 03:35:34.228 | INFO     | plugrl_env_client.runner.rollout:log_timing_summary:101 - Intermediate rollout timing summary: env_steps=21505 infer_calls=21505 feedback_calls=21505 infer_wait=55.528s infer_obs_pack=0.267s env_step=1.868s feedback_total=1.338s feedback_obs_pack=0.362s feedback_info_pack=0.060s effective_fps=364.48
2026-10-02 03:35:34.228 | INFO     | plugrl_env_client.runner.rollout:log_timing_summary:101 - Intermediate rollout timing summary: env_steps=21505 infer_calls=21505 feedback_calls=21505 infer_wait=55.280s infer_obs_pack=0.267s env_step=2.004s feedback_total=1.360s feedback_obs_pack=0.365s feedback_info_pack=0.060s effective_fps=365.04
2026-10-02 03:35:34.228 | INFO     | plugrl_env_client.runner.rollout:log_timing_summary:101 - Intermediate rollout timing summary: env_steps=21505 infer_calls=21505 feedback_calls=21505 infer_wait=55.608s infer_obs_pack=0.263s env_step=1.834s feedback_total=1.323s feedback_obs_pack=0.353s feedback_info_pack=0.060s effective_fps=364.31
2026-10-02 03:35:34.228 | INFO     | plugrl_env_client.runner.rollout:log_timing_summary:101 - Intermediate rollout timing summary: env_steps=21505 infer_calls=21505 feedback_calls=21505 infer_wait=55.580s infer_obs_pack=0.271s env_step=1.847s feedback_total=1.348s feedback_obs_pack=0.361s feedback_info_pack=0.060s effective_fps=364.21
2026-10-02 03:35:34.401 | INFO     | plugrl_env_client.runner.rollout:log_timing_summary:101 - Intermediate rollout timing summary: env_steps=21607 infer_calls=21607 feedback_calls=21607 infer_wait=55.805s infer_obs_pack=0.275s env_step=1.817s feedback_total=1.368s feedback_obs_pack=0.367s feedback_info_pack=0.064s effective_fps=364.59
2026-10-02 03:35:34.401 | INFO     | plugrl_env_client.runner.rollout:log_timing_summary:101 - Intermediate rollout timing summary: env_steps=21607 infer_calls=21607 feedback_calls=21607 infer_wait=55.766s infer_obs_pack=0.283s env_step=1.815s feedback_total=1.394s feedback_obs_pack=0.377s feedback_info_pack=0.062s effective_fps=364.62
2026-10-02 03:35:34.401 | INFO     | plugrl_env_client.runner.rollout:log_timing_summary:101 - Intermediate rollout timing summary: env_steps=21607 infer_calls=21607 feedback_calls=21607 infer_wait=55.851s infer_obs_pack=0.279s env_step=1.800s feedback_total=1.370s feedback_obs_pack=0.366s feedback_info_pack=0.062s effective_fps=364.37
2026-10-02 03:35:34.402 | INFO     | plugrl_env_client.runner.rollout:log_timing_summary:101 - Intermediate rollout timing summary: env_steps=21607 infer_calls=21607 feedback_calls=21607 infer_wait=55.798s infer_obs_pack=0.275s env_step=1.805s feedback_total=1.351s feedback_obs_pack=0.362s feedback_info_pack=0.061s effective_fps=364.80
2026-10-02 03:35:34.403 | INFO     | plugrl_env_client.runner.rollout:log_timing_summary:101 - Intermediate rollout timing summary: env_steps=21608 infer_calls=21608 feedback_calls=21608 infer_wait=55.811s infer_obs_pack=0.269s env_step=1.815s feedback_total=1.343s feedback_obs_pack=0.358s feedback_info_pack=0.062s effective_fps=364.76
2026-10-02 03:35:34.403 | INFO     | plugrl_env_client.runner.rollout:log_timing_summary:101 - Intermediate rollout timing summary: env_steps=21608 infer_calls=21608 feedback_calls=21608 infer_wait=55.803s infer_obs_pack=0.278s env_step=1.798s feedback_total=1.368s feedback_obs_pack=0.367s feedback_info_pack=0.061s effective_fps=364.72
2026-10-02 03:35:34.403 | INFO     | plugrl_env_client.runner.rollout:log_timing_summary:101 - Intermediate rollout timing summary: env_steps=21608 infer_calls=21608 feedback_calls=21608 infer_wait=55.805s infer_obs_pack=0.277s env_step=1.813s feedback_total=1.373s feedback_obs_pack=0.366s feedback_info_pack=0.073s effective_fps=364.58
2026-10-02 03:35:34.403 | INFO     | plugrl_env_client.runner.rollout:log_timing_summary:101 - Intermediate rollout timing summary: env_steps=21608 infer_calls=21608 feedback_calls=21608 infer_wait=55.871s infer_obs_pack=0.281s env_step=1.771s feedback_total=1.367s feedback_obs_pack=0.367s feedback_info_pack=0.061s effective_fps=364.45
2026-10-02 03:35:45.679 | INFO     | plugrl_env_client.runner.rollout:log_timing_summary:101 - Final rollout timing summary: env_steps=25600 infer_calls=25600 feedback_calls=25600 infer_wait=65.587s infer_obs_pack=0.317s env_step=2.366s feedback_total=1.612s feedback_obs_pack=0.431s feedback_info_pack=0.072s effective_fps=366.33
2026-10-02 03:35:45.680 | INFO     | plugrl_env_client.runner.run:run:156 - Server signalled the end of the run; collection stopped after 25/1000000 episodes.
2026-10-02 03:35:45.680 | INFO     | plugrl_env_client.runner.rollout:log_timing_summary:101 - Final rollout timing summary: env_steps=25600 infer_calls=25600 feedback_calls=25600 infer_wait=65.690s infer_obs_pack=0.324s env_step=2.300s feedback_total=1.614s feedback_obs_pack=0.429s feedback_info_pack=0.073s effective_fps=366.09
2026-10-02 03:35:45.680 | INFO     | plugrl_env_client.runner.run:run:156 - Server signalled the end of the run; collection stopped after 25/1000000 episodes.
2026-10-02 03:35:45.680 | INFO     | plugrl_env_client.runner.rollout:log_timing_summary:101 - Final rollout timing summary: env_steps=25600 infer_calls=25600 feedback_calls=25600 infer_wait=65.691s infer_obs_pack=0.321s env_step=2.301s feedback_total=1.599s feedback_obs_pack=0.431s feedback_info_pack=0.071s effective_fps=366.17
2026-10-02 03:35:45.681 | INFO     | plugrl_env_client.runner.run:run:156 - Server signalled the end of the run; collection stopped after 25/1000000 episodes.
2026-10-02 03:35:45.681 | INFO     | plugrl_env_client.runner.rollout:log_timing_summary:101 - Final rollout timing summary: env_steps=25600 infer_calls=25600 feedback_calls=25600 infer_wait=65.882s infer_obs_pack=0.319s env_step=2.215s feedback_total=1.591s feedback_obs_pack=0.429s feedback_info_pack=0.071s effective_fps=365.68
2026-10-02 03:35:45.681 | INFO     | plugrl_env_client.runner.run:run:156 - Server signalled the end of the run; collection stopped after 25/1000000 episodes.
2026-10-02 03:35:45.685 | INFO     | plugrl_env_client.runner.rollout:log_timing_summary:101 - Final rollout timing summary: env_steps=25600 infer_calls=25600 feedback_calls=25600 infer_wait=65.874s infer_obs_pack=0.318s env_step=2.217s feedback_total=1.592s feedback_obs_pack=0.424s feedback_info_pack=0.074s effective_fps=365.71
2026-10-02 03:35:45.685 | INFO     | plugrl_env_client.runner.run:run:156 - Server signalled the end of the run; collection stopped after 25/1000000 episodes.
2026-10-02 03:35:45.686 | INFO     | plugrl_env_client.runner.rollout:log_timing_summary:101 - Final rollout timing summary: env_steps=25600 infer_calls=25600 feedback_calls=25600 infer_wait=65.926s infer_obs_pack=0.322s env_step=2.192s feedback_total=1.598s feedback_obs_pack=0.424s feedback_info_pack=0.073s effective_fps=365.52
2026-10-02 03:35:45.686 | INFO     | plugrl_env_client.runner.run:run:156 - Server signalled the end of the run; collection stopped after 25/1000000 episodes.
2026-10-02 03:35:45.688 | INFO     | plugrl_env_client.runner.rollout:log_timing_summary:101 - Final rollout timing summary: env_steps=25600 infer_calls=25600 feedback_calls=25600 infer_wait=65.926s infer_obs_pack=0.315s env_step=2.190s feedback_total=1.582s feedback_obs_pack=0.420s feedback_info_pack=0.071s effective_fps=365.64
2026-10-02 03:35:45.688 | INFO     | plugrl_env_client.runner.run:run:156 - Server signalled the end of the run; collection stopped after 25/1000000 episodes.
2026-10-02 03:35:45.688 | INFO     | plugrl_env_client.runner.rollout:log_timing_summary:101 - Final rollout timing summary: env_steps=25600 infer_calls=25600 feedback_calls=25600 infer_wait=65.933s infer_obs_pack=0.323s env_step=2.195s feedback_total=1.602s feedback_obs_pack=0.428s feedback_info_pack=0.071s effective_fps=365.44
2026-10-02 03:35:45.688 | INFO     | plugrl_env_client.runner.run:run:156 - Server signalled the end of the run; collection stopped after 25/1000000 episodes.
2026-10-02 03:35:45.689 | INFO     | plugrl_env_client.runner.rollout:log_timing_summary:101 - Final rollout timing summary: env_steps=25600 infer_calls=25600 feedback_calls=25600 infer_wait=65.987s infer_obs_pack=0.321s env_step=2.162s feedback_total=1.604s feedback_obs_pack=0.428s feedback_info_pack=0.074s effective_fps=365.33
2026-10-02 03:35:45.689 | INFO     | plugrl_env_client.runner.run:run:156 - Server signalled the end of the run; collection stopped after 25/1000000 episodes.
2026-10-02 03:35:45.689 | INFO     | plugrl_env_client.runner.rollout:log_timing_summary:101 - Final rollout timing summary: env_steps=25600 infer_calls=25600 feedback_calls=25600 infer_wait=65.985s infer_obs_pack=0.328s env_step=2.145s feedback_total=1.608s feedback_obs_pack=0.430s feedback_info_pack=0.073s effective_fps=365.37
2026-10-02 03:35:45.689 | INFO     | plugrl_env_client.runner.run:run:156 - Server signalled the end of the run; collection stopped after 25/1000000 episodes.
2026-10-02 03:35:45.692 | INFO     | plugrl_env_client.runner.rollout:log_timing_summary:101 - Final rollout timing summary: env_steps=25600 infer_calls=25600 feedback_calls=25600 infer_wait=65.985s infer_obs_pack=0.328s env_step=2.159s feedback_total=1.631s feedback_obs_pack=0.437s feedback_info_pack=0.076s effective_fps=365.18
2026-10-02 03:35:45.692 | INFO     | plugrl_env_client.runner.rollout:log_timing_summary:101 - Final rollout timing summary: env_steps=25600 infer_calls=25600 feedback_calls=25600 infer_wait=66.028s infer_obs_pack=0.330s env_step=2.125s feedback_total=1.617s feedback_obs_pack=0.435s feedback_info_pack=0.072s effective_fps=365.19
2026-10-02 03:35:45.692 | INFO     | plugrl_env_client.runner.run:run:156 - Server signalled the end of the run; collection stopped after 25/1000000 episodes.
2026-10-02 03:35:45.692 | INFO     | plugrl_env_client.runner.run:run:156 - Server signalled the end of the run; collection stopped after 25/1000000 episodes.
2026-10-02 03:35:45.692 | INFO     | plugrl_env_client.runner.rollout:log_timing_summary:101 - Final rollout timing summary: env_steps=25600 infer_calls=25600 feedback_calls=25600 infer_wait=65.971s infer_obs_pack=0.329s env_step=2.162s feedback_total=1.633s feedback_obs_pack=0.435s feedback_info_pack=0.086s effective_fps=365.21
2026-10-02 03:35:45.692 | INFO     | plugrl_env_client.runner.run:run:156 - Server signalled the end of the run; collection stopped after 25/1000000 episodes.
2026-10-02 03:35:45.697 | INFO     | plugrl_env_client.runner.rollout:log_timing_summary:101 - Final rollout timing summary: env_steps=25600 infer_calls=25600 feedback_calls=25600 infer_wait=65.957s infer_obs_pack=0.336s env_step=2.152s feedback_total=1.657s feedback_obs_pack=0.448s feedback_info_pack=0.073s effective_fps=365.18
2026-10-02 03:35:45.697 | INFO     | plugrl_env_client.runner.run:run:156 - Server signalled the end of the run; collection stopped after 25/1000000 episodes.
2026-10-02 03:35:45.697 | INFO     | plugrl_env_client.runner.rollout:log_timing_summary:101 - Final rollout timing summary: env_steps=25600 infer_calls=25600 feedback_calls=25600 infer_wait=66.073s infer_obs_pack=0.331s env_step=2.125s feedback_total=1.627s feedback_obs_pack=0.434s feedback_info_pack=0.073s effective_fps=364.90
2026-10-02 03:35:45.697 | INFO     | plugrl_env_client.runner.run:run:156 - Server signalled the end of the run; collection stopped after 25/1000000 episodes.
2026-10-02 03:35:45.699 | INFO     | plugrl_env_client.runner.rollout:log_timing_summary:101 - Final rollout timing summary: env_steps=25600 infer_calls=25600 feedback_calls=25600 infer_wait=66.092s infer_obs_pack=0.333s env_step=2.095s feedback_total=1.620s feedback_obs_pack=0.435s feedback_info_pack=0.073s effective_fps=364.98
2026-10-02 03:35:45.699 | INFO     | plugrl_env_client.runner.run:run:156 - Server signalled the end of the run; collection stopped after 25/1000000 episodes.
