/home/guangzhao/zuogou/plugrl/bridges-venv/lib/python3.12/site-packages/tyro/_parsers.py:365: UserWarning: The field `wandb-entity` is annotated with type `<class 'str'>`, but the default value `None` has type `<class 'NoneType'>`. We'll try to handle this gracefully, but it may cause unexpected behavior.
  warnings.warn(message)
/home/guangzhao/zuogou/plugrl/bridges-venv/lib/python3.12/site-packages/tyro/_parsers.py:365: UserWarning: The field `target-kl` is annotated with type `<class 'float'>`, but the default value `None` has type `<class 'NoneType'>`. We'll try to handle this gracefully, but it may cause unexpected behavior.
  warnings.warn(message)
plugrl-bridges: slots 0-0 <- ('127.0.0.1', 40262)
plugrl-bridges: slots 1-1 <- ('127.0.0.1', 40280)
plugrl-bridges: slots 2-2 <- ('127.0.0.1', 40264)
plugrl-bridges: slots 3-3 <- ('127.0.0.1', 40292)
plugrl-bridges: slots 4-4 <- ('127.0.0.1', 40296)
plugrl-bridges: slots 5-5 <- ('127.0.0.1', 40312)
plugrl-bridges: slots 6-6 <- ('127.0.0.1', 40316)
plugrl-bridges: slots 7-7 <- ('127.0.0.1', 40324)
plugrl-bridges: slots 8-8 <- ('127.0.0.1', 40336)
plugrl-bridges: slots 9-9 <- ('127.0.0.1', 40358)
plugrl-bridges: slots 10-10 <- ('127.0.0.1', 40362)
plugrl-bridges: slots 11-11 <- ('127.0.0.1', 40368)
plugrl-bridges: slots 12-12 <- ('127.0.0.1', 40344)
plugrl-bridges: slots 13-13 <- ('127.0.0.1', 40380)
plugrl-bridges: slots 14-14 <- ('127.0.0.1', 40390)
plugrl-bridges: slots 15-15 <- ('127.0.0.1', 40402)
SPS: 5957
SPS: 5937
SPS: 5920
global_step=16000, episodic_return=-385.5634836773388
global_step=16000, episodic_return=-367.7788044863846
global_step=16000, episodic_return=-443.8418759359047
global_step=16000, episodic_return=-304.0669741858146
global_step=16000, episodic_return=-405.35330612421967
global_step=16000, episodic_return=-298.27733454914414
global_step=16000, episodic_return=-354.68895693140803
global_step=16000, episodic_return=-307.29753620084375
global_step=16000, episodic_return=-249.5768390597368
global_step=16000, episodic_return=-339.3549449038692
global_step=16000, episodic_return=-190.3182744728838
global_step=16000, episodic_return=-145.95070324849803
global_step=16000, episodic_return=-271.3359968638397
global_step=16000, episodic_return=-339.2202748884447
global_step=16000, episodic_return=-382.48020817686483
global_step=16000, episodic_return=-359.95609404332936
SPS: 5923
SPS: 5908
SPS: 5873
SPS: 5849
global_step=32000, episodic_return=-268.0740292579867
global_step=32000, episodic_return=-270.2157904698979
global_step=32000, episodic_return=-281.9703285532305
global_step=32000, episodic_return=-212.0788056938909
global_step=32000, episodic_return=-338.18358709447784
global_step=32000, episodic_return=-327.07875654578675
global_step=32000, episodic_return=-249.70272057130933
global_step=32000, episodic_return=-141.99888916042983
global_step=32000, episodic_return=-324.95785300643183
global_step=32000, episodic_return=-316.7726822649129
global_step=32000, episodic_return=-264.7626968343684
global_step=32000, episodic_return=-364.8333580974868
global_step=32000, episodic_return=-343.53146324300906
global_step=32000, episodic_return=-295.4656666994706
global_step=32000, episodic_return=-125.15248139494997
global_step=32000, episodic_return=-267.4096237920676
SPS: 5851
SPS: 5862
SPS: 5833
SPS: 5818
global_step=48000, episodic_return=-247.38797125127167
global_step=48000, episodic_return=-213.8926041633822
global_step=48000, episodic_return=-225.17481384874554
global_step=48000, episodic_return=-297.4989734740375
global_step=48000, episodic_return=-317.9247493149596
global_step=48000, episodic_return=-302.76189963010256
global_step=48000, episodic_return=-245.76297419054754
global_step=48000, episodic_return=-339.90054228408553
global_step=48000, episodic_return=-309.35433351941174
global_step=48000, episodic_return=-227.12048816488823
global_step=48000, episodic_return=-312.4861807913985
global_step=48000, episodic_return=-256.14964098513883
global_step=48000, episodic_return=-220.2395104290481
global_step=48000, episodic_return=-197.5611294565606
global_step=48000, episodic_return=-173.43758020858513
global_step=48000, episodic_return=-130.89439212187426
SPS: 5813
SPS: 5798
SPS: 5794
SPS: 5776
global_step=64000, episodic_return=-182.79342148124124
global_step=64000, episodic_return=-265.88082953728735
global_step=64000, episodic_return=-278.37006986822234
global_step=64000, episodic_return=-178.02071693804464
global_step=64000, episodic_return=-191.83489683491644
global_step=64000, episodic_return=-236.17980394355254
global_step=64000, episodic_return=-277.45371102023637
global_step=64000, episodic_return=-241.96049473434687
global_step=64000, episodic_return=-265.6879091098672
global_step=64000, episodic_return=-148.05413815638167
global_step=64000, episodic_return=-146.03078206302598
global_step=64000, episodic_return=-132.00855156051693
global_step=64000, episodic_return=-346.20212215557694
global_step=64000, episodic_return=-285.0604166368721
global_step=64000, episodic_return=-176.13025879405905
global_step=64000, episodic_return=-325.17985306633636
SPS: 5761
SPS: 5756
SPS: 5761
SPS: 5749
global_step=80000, episodic_return=-171.06319263239857
global_step=80000, episodic_return=-150.5679881866672
global_step=80000, episodic_return=-201.079289500718
global_step=80000, episodic_return=-241.23688994767144
global_step=80000, episodic_return=-195.48616250936175
global_step=80000, episodic_return=-228.34204179921653
global_step=80000, episodic_return=-189.9356240137131
global_step=80000, episodic_return=-141.4824994372757
global_step=80000, episodic_return=-250.59122407529503
global_step=80000, episodic_return=-187.06877128477208
global_step=80000, episodic_return=-175.11592896765796
global_step=80000, episodic_return=-210.213278293435
global_step=80000, episodic_return=-191.67556733745732
global_step=80000, episodic_return=-200.05635682152638
global_step=80000, episodic_return=-168.10883889366414
global_step=80000, episodic_return=-221.39561593807593
SPS: 5751
SPS: 5748
SPS: 5749
SPS: 5759
global_step=96000, episodic_return=-220.19379716203548
global_step=96000, episodic_return=-183.17934603936737
global_step=96000, episodic_return=-182.1823108857352
global_step=96000, episodic_return=-199.56912040244788
global_step=96000, episodic_return=-122.96166535920929
global_step=96000, episodic_return=-117.05759925837629
global_step=96000, episodic_return=-140.2361812222298
global_step=96000, episodic_return=-207.95864307280863
global_step=96000, episodic_return=-165.60886872338597
global_step=96000, episodic_return=-131.47536874022262
global_step=96000, episodic_return=-142.4929831417394
global_step=96000, episodic_return=-86.47355146426708
global_step=96000, episodic_return=-114.18945097317919
global_step=96000, episodic_return=-158.98152364086127
global_step=96000, episodic_return=-196.51991486700717
global_step=96000, episodic_return=-157.7596649277839
SPS: 5762
SPS: 5770
SPS: 5776
SPS: 5772
global_step=112000, episodic_return=-145.52975183987292
global_step=112000, episodic_return=-124.28911288978998
global_step=112000, episodic_return=-72.18812893456197
global_step=112000, episodic_return=-158.6349292183295
global_step=112000, episodic_return=-31.287280507269315
global_step=112000, episodic_return=-107.25280788191594
global_step=112000, episodic_return=-47.06421286528348
global_step=112000, episodic_return=-137.0254505815392
global_step=112000, episodic_return=-207.28213166585192
global_step=112000, episodic_return=-118.34164720081026
global_step=112000, episodic_return=-151.176911951683
global_step=112000, episodic_return=-131.7607585992373
global_step=112000, episodic_return=-86.03074462010409
global_step=112000, episodic_return=-109.01596561970655
global_step=112000, episodic_return=-15.569453606964089
global_step=112000, episodic_return=-76.32247736491263
SPS: 5771
SPS: 5772
SPS: 5775
SPS: 5773
global_step=128000, episodic_return=-61.237950038397685
global_step=128000, episodic_return=4.523682698250923
global_step=128000, episodic_return=-88.01997645793017
global_step=128000, episodic_return=-37.53703597087224
global_step=128000, episodic_return=-112.65727843419882
global_step=128000, episodic_return=-160.59292886796175
global_step=128000, episodic_return=-2.3721726110670716
global_step=128000, episodic_return=-133.8636944781756
global_step=128000, episodic_return=-98.98652808408224
global_step=128000, episodic_return=-139.64864934037905
global_step=128000, episodic_return=-91.83289143376169
global_step=128000, episodic_return=-15.841648123168852
global_step=128000, episodic_return=-60.19446366105694
global_step=128000, episodic_return=-49.307774878281634
global_step=128000, episodic_return=-61.95831757376436
global_step=128000, episodic_return=-19.223192013080734
SPS: 5770
SPS: 5776
SPS: 5771
SPS: 5773
global_step=144000, episodic_return=10.78288884559879
global_step=144000, episodic_return=-70.20944669260643
global_step=144000, episodic_return=-155.7053809442441
global_step=144000, episodic_return=0.6835756747750565
global_step=144000, episodic_return=9.075758666847833
global_step=144000, episodic_return=5.270239709352609
global_step=144000, episodic_return=7.589914941228926
global_step=144000, episodic_return=58.06303549808217
global_step=144000, episodic_return=-196.27150506185717
global_step=144000, episodic_return=-78.04385679982079
global_step=144000, episodic_return=-42.42532620891143
global_step=144000, episodic_return=16.538357521989383
global_step=144000, episodic_return=-30.47436599798675
global_step=144000, episodic_return=-30.950448582938407
global_step=144000, episodic_return=-35.85967044210702
global_step=144000, episodic_return=-67.46434449125081
SPS: 5773
SPS: 5764
SPS: 5767
SPS: 5768
global_step=160000, episodic_return=40.95422511863035
global_step=160000, episodic_return=3.9267581028689165
global_step=160000, episodic_return=7.08873964540544
global_step=160000, episodic_return=7.931231896393001
global_step=160000, episodic_return=42.940906471107155
global_step=160000, episodic_return=74.10358475509565
global_step=160000, episodic_return=22.005699234912754
global_step=160000, episodic_return=67.81089327530935
global_step=160000, episodic_return=77.24784531339537
global_step=160000, episodic_return=7.825125160132302
global_step=160000, episodic_return=14.320960359982564
global_step=160000, episodic_return=-10.615286877233302
global_step=160000, episodic_return=16.297242307686247
global_step=160000, episodic_return=31.36693420080701
global_step=160000, episodic_return=100.64837139159499
global_step=160000, episodic_return=61.11841622577049
SPS: 5771
SPS: 5776
SPS: 5778
global_step=176000, episodic_return=103.42325567879016
global_step=176000, episodic_return=71.17151307384484
global_step=176000, episodic_return=25.865712512517348
global_step=176000, episodic_return=94.71231798070949
global_step=176000, episodic_return=95.88346556166653
global_step=176000, episodic_return=119.27040147944354
global_step=176000, episodic_return=32.476232599134164
global_step=176000, episodic_return=21.04240558710444
global_step=176000, episodic_return=51.30337115097791
global_step=176000, episodic_return=78.52585205319338
global_step=176000, episodic_return=97.89554020856303
global_step=176000, episodic_return=29.6419599551009
global_step=176000, episodic_return=68.829040094628
global_step=176000, episodic_return=128.11244088900276
global_step=176000, episodic_return=49.50288827662007
global_step=176000, episodic_return=104.99217126080475
SPS: 5768
SPS: 5768
SPS: 5768
SPS: 5767
global_step=192000, episodic_return=182.38345059100538
global_step=192000, episodic_return=81.14566174388165
global_step=192000, episodic_return=-220.39132045418955
global_step=192000, episodic_return=111.83881389192538
global_step=192000, episodic_return=26.974385862704366
global_step=192000, episodic_return=160.82390254730126
global_step=192000, episodic_return=141.32853868386883
global_step=192000, episodic_return=124.2036447848659
global_step=192000, episodic_return=216.9989004303934
global_step=192000, episodic_return=150.4769077403471
global_step=192000, episodic_return=-0.614967315515969
global_step=192000, episodic_return=92.58102096969378
global_step=192000, episodic_return=194.01960289402632
global_step=192000, episodic_return=300.1365385328536
global_step=192000, episodic_return=220.06676151838292
global_step=192000, episodic_return=111.61000508384313
SPS: 5766
SPS: 5764
SPS: 5762
SPS: 5761
global_step=208000, episodic_return=195.0750753203174
global_step=208000, episodic_return=198.68167001835536
global_step=208000, episodic_return=193.8727494823397
global_step=208000, episodic_return=170.1356705064245
global_step=208000, episodic_return=196.20136532688048
global_step=208000, episodic_return=213.4252670049973
global_step=208000, episodic_return=222.87164226019377
global_step=208000, episodic_return=284.5354107516596
global_step=208000, episodic_return=61.19755224615801
global_step=208000, episodic_return=164.0483877689694
global_step=208000, episodic_return=338.88697452808265
global_step=208000, episodic_return=247.39319369132863
global_step=208000, episodic_return=189.77155134377244
global_step=208000, episodic_return=231.93940309179015
global_step=208000, episodic_return=254.03970308811404
global_step=208000, episodic_return=186.21011540789914
SPS: 5761
SPS: 5761
SPS: 5761
SPS: 5760
global_step=224000, episodic_return=312.497001445794
global_step=224000, episodic_return=472.1244041498285
global_step=224000, episodic_return=346.6532363718143
global_step=224000, episodic_return=296.0485491482541
global_step=224000, episodic_return=135.67591454926878
global_step=224000, episodic_return=264.2971852224582
global_step=224000, episodic_return=178.33887174644042
global_step=224000, episodic_return=223.01498639350757
global_step=224000, episodic_return=304.2683948785998
global_step=224000, episodic_return=314.54370689817006
global_step=224000, episodic_return=182.80308910564054
global_step=224000, episodic_return=285.5253989349585
global_step=224000, episodic_return=-166.6604614102398
global_step=224000, episodic_return=262.35272128891665
global_step=224000, episodic_return=188.66719354706584
global_step=224000, episodic_return=319.95011791808065
SPS: 5761
SPS: 5762
SPS: 5763
SPS: 5764
global_step=240000, episodic_return=306.58599485991
global_step=240000, episodic_return=434.8560958456801
global_step=240000, episodic_return=-28.020519636338577
global_step=240000, episodic_return=353.68211838643765
global_step=240000, episodic_return=396.1058012919966
global_step=240000, episodic_return=276.367356101342
global_step=240000, episodic_return=307.49796835519373
global_step=240000, episodic_return=329.5295517760096
global_step=240000, episodic_return=363.4388735081302
global_step=240000, episodic_return=386.17074630134994
global_step=240000, episodic_return=304.6523960552877
global_step=240000, episodic_return=299.48654404631816
global_step=240000, episodic_return=407.53980086758384
global_step=240000, episodic_return=372.8926249858923
global_step=240000, episodic_return=413.2851938212407
global_step=240000, episodic_return=297.44308349910716
SPS: 5765
SPS: 5762
SPS: 5765
SPS: 5764
global_step=256000, episodic_return=338.1227417681366
global_step=256000, episodic_return=449.6365319826873
global_step=256000, episodic_return=365.1718749178017
global_step=256000, episodic_return=497.7273739361117
global_step=256000, episodic_return=411.4726053463528
global_step=256000, episodic_return=454.49728365743067
global_step=256000, episodic_return=435.385174353607
global_step=256000, episodic_return=340.5611449085118
global_step=256000, episodic_return=489.5407633227005
global_step=256000, episodic_return=446.3565649522934
global_step=256000, episodic_return=378.1966524897143
global_step=256000, episodic_return=441.1495811245404
global_step=256000, episodic_return=427.06957396271173
global_step=256000, episodic_return=498.5500482315256
global_step=256000, episodic_return=464.9958100384101
global_step=256000, episodic_return=410.27901025500614
SPS: 5763
SPS: 5755
SPS: 5759
SPS: 5762
global_step=272000, episodic_return=396.90871073666494
global_step=272000, episodic_return=514.837266658069
global_step=272000, episodic_return=492.37941567931557
global_step=272000, episodic_return=452.33189756120555
global_step=272000, episodic_return=454.0068761599232
global_step=272000, episodic_return=528.4510994282755
global_step=272000, episodic_return=522.90369535028
global_step=272000, episodic_return=509.53264457685873
global_step=272000, episodic_return=526.9152056271232
global_step=272000, episodic_return=435.6068364464445
global_step=272000, episodic_return=396.9554102854454
global_step=272000, episodic_return=449.2063099674415
global_step=272000, episodic_return=520.7534705002472
global_step=272000, episodic_return=474.31665156246163
global_step=272000, episodic_return=347.4664637870155
global_step=272000, episodic_return=528.2138238095213
SPS: 5761
SPS: 5763
SPS: 5763
SPS: 5763
global_step=288000, episodic_return=497.93640687316656
global_step=288000, episodic_return=546.5836696025217
global_step=288000, episodic_return=528.4789138665947
global_step=288000, episodic_return=577.78436701186
global_step=288000, episodic_return=545.2782866355847
global_step=288000, episodic_return=579.7327224598121
global_step=288000, episodic_return=535.9774457372259
global_step=288000, episodic_return=606.7865265806904
global_step=288000, episodic_return=527.073311150074
global_step=288000, episodic_return=458.07821592944674
global_step=288000, episodic_return=430.5483222338371
global_step=288000, episodic_return=602.9205408538692
global_step=288000, episodic_return=495.9504863449838
global_step=288000, episodic_return=630.9682191504398
global_step=288000, episodic_return=77.416426604148
global_step=288000, episodic_return=517.0743431422161
SPS: 5766
SPS: 5767
SPS: 5768
SPS: 5767
global_step=304000, episodic_return=592.7478011012427
global_step=304000, episodic_return=590.2998372740112
global_step=304000, episodic_return=354.7447520745918
global_step=304000, episodic_return=582.5714286866132
global_step=304000, episodic_return=584.7252520337352
global_step=304000, episodic_return=619.5371613621246
global_step=304000, episodic_return=604.2587755934801
global_step=304000, episodic_return=597.1504374394717
global_step=304000, episodic_return=557.4415751690976
global_step=304000, episodic_return=474.9188211702276
global_step=304000, episodic_return=471.3329121634015
global_step=304000, episodic_return=590.0081962533295
global_step=304000, episodic_return=635.0554407490417
global_step=304000, episodic_return=577.1353370698052
global_step=304000, episodic_return=582.4846923071891
global_step=304000, episodic_return=534.1937272430223
SPS: 5769
SPS: 5771
SPS: 5771
SPS: 5771
global_step=320000, episodic_return=673.9244473625295
global_step=320000, episodic_return=687.8954141199938
global_step=320000, episodic_return=603.3352919461904
global_step=320000, episodic_return=636.0923237447278
global_step=320000, episodic_return=685.1256901477464
global_step=320000, episodic_return=625.5795963759301
global_step=320000, episodic_return=613.9502194903325
global_step=320000, episodic_return=658.6688421032159
global_step=320000, episodic_return=671.7774663961609
global_step=320000, episodic_return=643.5691139057162
global_step=320000, episodic_return=678.3490497849416
global_step=320000, episodic_return=634.2938272141619
global_step=320000, episodic_return=612.137783962593
global_step=320000, episodic_return=689.1802447036025
global_step=320000, episodic_return=633.5159041956067
global_step=320000, episodic_return=520.8151482720859
SPS: 5773
SPS: 5772
SPS: 5773
SPS: 5771
global_step=336000, episodic_return=782.7826801072224
global_step=336000, episodic_return=625.9823362802563
global_step=336000, episodic_return=774.6670929755783
global_step=336000, episodic_return=744.7572648533387
global_step=336000, episodic_return=795.3634838121943
global_step=336000, episodic_return=671.9782717499183
global_step=336000, episodic_return=691.3219678634778
global_step=336000, episodic_return=744.7919034223305
global_step=336000, episodic_return=654.9796640191926
global_step=336000, episodic_return=718.7546626715921
global_step=336000, episodic_return=732.144991961075
global_step=336000, episodic_return=700.9355628126068
global_step=336000, episodic_return=721.4776561437175
global_step=336000, episodic_return=698.4034309627023
global_step=336000, episodic_return=679.126834011171
global_step=336000, episodic_return=579.9632465781178
SPS: 5773
SPS: 5773
SPS: 5774
global_step=352000, episodic_return=746.3174593132571
global_step=352000, episodic_return=815.503072666339
global_step=352000, episodic_return=850.8655642485246
global_step=352000, episodic_return=793.4418383689481
global_step=352000, episodic_return=796.6774016120471
global_step=352000, episodic_return=815.9090621527284
global_step=352000, episodic_return=804.1271598893218
global_step=352000, episodic_return=726.2349052298814
global_step=352000, episodic_return=818.5844678091526
global_step=352000, episodic_return=786.0812251436873
global_step=352000, episodic_return=638.0125385087449
global_step=352000, episodic_return=763.6526026138454
global_step=352000, episodic_return=733.681702692993
global_step=352000, episodic_return=848.9343448297295
global_step=352000, episodic_return=807.1039159521906
global_step=352000, episodic_return=760.4851223769365
SPS: 5774
SPS: 5775
SPS: 5772
SPS: 5772
global_step=368000, episodic_return=798.7426098289434
global_step=368000, episodic_return=673.4081544955261
global_step=368000, episodic_return=822.6090997877182
global_step=368000, episodic_return=775.5625369013287
global_step=368000, episodic_return=782.4908230839937
global_step=368000, episodic_return=836.9129380809027
global_step=368000, episodic_return=793.4591112802736
global_step=368000, episodic_return=844.0683547059889
global_step=368000, episodic_return=785.1851613440667
global_step=368000, episodic_return=660.0710499210982
global_step=368000, episodic_return=768.2460888521746
global_step=368000, episodic_return=808.5302260485478
global_step=368000, episodic_return=-153.6983371246606
global_step=368000, episodic_return=802.5323381487979
global_step=368000, episodic_return=806.8439973304048
global_step=368000, episodic_return=788.7675389214419
SPS: 5767
SPS: 5767
SPS: 5768
SPS: 5766
global_step=384000, episodic_return=894.6844103412586
global_step=384000, episodic_return=878.8400950462092
global_step=384000, episodic_return=850.687836663099
global_step=384000, episodic_return=855.5508651828859
global_step=384000, episodic_return=844.788356975856
global_step=384000, episodic_return=831.3079091508407
global_step=384000, episodic_return=862.1309607923031
global_step=384000, episodic_return=749.216556458734
global_step=384000, episodic_return=846.625563776819
global_step=384000, episodic_return=916.4557434845483
global_step=384000, episodic_return=816.8022730045486
global_step=384000, episodic_return=906.0908108067233
global_step=384000, episodic_return=832.1403654739261
global_step=384000, episodic_return=787.3807297815802
global_step=384000, episodic_return=793.2877684180858
global_step=384000, episodic_return=842.4299375086557
SPS: 5766
SPS: 5766
SPS: 5767
SPS: 5763
global_step=400000, episodic_return=901.1368787044194
global_step=400000, episodic_return=881.1464101485908
global_step=400000, episodic_return=917.3573871199042
global_step=400000, episodic_return=829.8165337364189
global_step=400000, episodic_return=921.0602987417078
global_step=400000, episodic_return=881.6577363227843
global_step=400000, episodic_return=762.500333197182
global_step=400000, episodic_return=629.0516879479401
global_step=400000, episodic_return=884.9149205326103
global_step=400000, episodic_return=806.9738871551817
global_step=400000, episodic_return=777.0683328351006
global_step=400000, episodic_return=819.3462062778417
global_step=400000, episodic_return=840.6277089044452
global_step=400000, episodic_return=882.2673060743837
global_step=400000, episodic_return=898.389439930208
global_step=400000, episodic_return=871.5984140241053
SPS: 5764
SPS: 5763
SPS: 5764
