12:31:27|INFO|plugrl_server version: 0.1.0
12:31:27|INFO|Algorithm: dppo, Config: DPPOAlgoConfigSquare(global_steps=800000, gamma=0.999, gamma_denoising=0.99, actor_lr=0.0001, critic_lr=0.001, actor_weight_decay=0.0, critic_weight_decay=0.0, actor_lr_scheduler=None, critic_lr_scheduler=None, buffer_size=20000, gae_lambda=0.95, update_epochs=10, norm_adv=True, clip_ploss_coef=0.01, clip_ploss_coef_base=0.001, clip_ploss_coef_rate=3, clip_vloss_coef=inf, ent_coef=0.0, vf_coef=0.5, max_grad_norm=inf, target_kl=1.0, logprob_noise_level=1.0, sampling_noise_level=1.0, logprob_clamp_min=-5.0, logprob_clamp_max=2.0, clip_advantage_lower_quantile=0, clip_advantage_upper_quantile=1, n_critic_warmup_itrs=2, use_normalized_rewards=True, batch_size=500, train_itrs=40, save_interval=10, grad_accum_steps=1, policy_checkpoint_path=PosixPath('/home/guangzhao/zuogou/plugrl/e37/../ckpt/e35-bc/400000'), restore='except-critic')
12:31:27|INFO|Policy: fpo-policy, Config: FPOPolicyConfig(algo='dppo', device=device(type='cpu'), obs_dim=23, action_dim=7, flow_steps=20, timestep_embed_dim=8, action_horizon=4, feather_std=0.0, policy_mlp_output_scale=0.25, normalize_observations=True, freeze_obs_stats=True, hidden_dims=(1024, 1024, 1024), value_hidden_dims=(256, 256, 256, 256, 256), state_keys=('robot0_eef_pos', 'robot0_eef_quat', 'robot0_gripper_qpos', 'object'))
12:31:27|INFO|Seeded python, numpy and torch with 2. One env client is then reproducible; several are not, because batch composition depends on when their requests arrive.
12:31:27|INFO|Checkpoint Manager created: 
<plugrl_server.common.checkpoint_manager.CheckpointManager object at 0x71190d3ab150> at /home/guangzhao/zuogou/plugrl/e37/experiments/e37-square-fpo-policy/results/dppo-square/dppo/fpo-policy/dppo-square-seed2
12:31:27|INFO|Policy created...
12:31:27|INFO|Initialized RolloutBuffer buffer_size=20000 action_shape=(20000, 20, 4, 7) value_shape=(20000,)
12:31:27|INFO|Restoring from /home/guangzhao/zuogou/plugrl/e37/../ckpt/e35-bc/400000 with restore=except-critic
12:31:27|INFO|Loading model state from /home/guangzhao/zuogou/plugrl/e37/../ckpt/e35-bc/400000...
12:31:27|INFO|Loading optimizer state from /home/guangzhao/zuogou/plugrl/e37/../ckpt/e35-bc/400000...
12:31:27|INFO|Loading metadata from /home/guangzhao/zuogou/plugrl/e37/../ckpt/e35-bc/400000...
12:31:27|WARNING|Metadata file not found. Resuming step may be inaccurate.
12:31:27|INFO|Checkpoint loaded from /home/guangzhao/zuogou/plugrl/e37/../ckpt/e35-bc/400000.
12:31:27|INFO|Holding back 12 critic tensors
12:31:27|INFO|Algorithm created: 
<plugrl_server.algorithm.dppo.dppo.DPPOAlgorithm object at 0x71190d151f10>
12:31:27|INFO|Agent Server is listening on 0.0.0.0:9612
/home/guangzhao/zuogou/plugrl/plugrl-server/.venv/lib/python3.11/site-packages/torch/utils/data/dataloader.py:665: UserWarning: 'pin_memory' argument is set as true but no accelerator is found, then device pinned memory won't be used.
  warnings.warn(warn_msg)
14:53:48|INFO|Checkpoint saved at step 200003 to /home/guangzhao/zuogou/plugrl/e37/experiments/e37-square-fpo-policy/results/dppo-square/dppo/fpo-policy/dppo-square-seed2/200003
17:12:24|INFO|Checkpoint saved at step 400004 to /home/guangzhao/zuogou/plugrl/e37/experiments/e37-square-fpo-policy/results/dppo-square/dppo/fpo-policy/dppo-square-seed2/400004
19:19:44|INFO|Checkpoint saved at step 600005 to /home/guangzhao/zuogou/plugrl/e37/experiments/e37-square-fpo-policy/results/dppo-square/dppo/fpo-policy/dppo-square-seed2/600005
21:23:06|INFO|Checkpoint saved at step 800006 to /home/guangzhao/zuogou/plugrl/e37/experiments/e37-square-fpo-policy/results/dppo-square/dppo/fpo-policy/dppo-square-seed2/800006
21:23:06|INFO|Stopping server as the algorithm signaled to stop.
21:23:06|INFO|Shutdown started: aborting pending infer requests.
21:23:06|INFO|Shutdown cleanup finished: pending_futures=3, drained_requests=3
21:23:06|INFO|Shutdown closing 3 websocket connection(s).
21:23:06|INFO|Shutdown interrupted an in-flight inference request from ('127.0.0.1', 39828).
21:23:06|INFO|Shutdown interrupted an in-flight inference request from ('127.0.0.1', 39812).
21:23:06|INFO|Shutdown interrupted an in-flight inference request from ('127.0.0.1', 39836).
21:23:06|INFO|WebSocket server closed.
21:23:06|INFO|Scheduler task cancelled and cleaned up.
