04:42:10|INFO|plugrl_server version: 0.1.0
04:42:10|INFO|Algorithm: dppo, Config: DPPOAlgoConfigHopper(global_steps=307200, gamma=0.99, gamma_denoising=0.99, actor_lr=0.0001, critic_lr=0.001, actor_weight_decay=0.0, critic_weight_decay=0.0, actor_lr_scheduler=SchedulerConfig(min_lr=0.0001, warmup_steps=10), critic_lr_scheduler=SchedulerConfig(min_lr=0.001, warmup_steps=10), buffer_size=1024, gae_lambda=0.95, update_epochs=5, norm_adv=True, clip_ploss_coef=0.01, clip_ploss_coef_base=0.01, clip_ploss_coef_rate=3, clip_vloss_coef=inf, ent_coef=0.0, vf_coef=0.5, max_grad_norm=inf, target_kl=inf, logprob_noise_level=0.1, sampling_noise_level=0.1, logprob_clamp_min=-5.0, logprob_clamp_max=2.0, clip_advantage_lower_quantile=0, clip_advantage_upper_quantile=1, n_critic_warmup_itrs=0, use_normalized_rewards=True, batch_size=512, train_itrs=300, save_interval=20, grad_accum_steps=8, policy_checkpoint_path=None, restore='all')
04:42:10|INFO|Policy: dppo-policy, Config: DPPOPolicyConfigHopper(algo='dppo', device=device(type='cpu'), env_type='gym', env_name='hopper-medium-v2', checkpoint_path=None, critic=DPPOCriticObsConfig(mlp_dims=[256, 256, 256], activation='Mish', residual_style=True))
04:42:10|INFO|Seeded python, numpy and torch with 0. One env client is then reproducible; several are not, because batch composition depends on when their requests arrive.
04:42:10|INFO|Checkpoint Manager created: 
<plugrl_server.common.checkpoint_manager.CheckpointManager object at 0x77bf1f7c7e50> at /home/guangzhao/zuogou/plugrl/e31/experiments/e31-dppo-longer/results/dppo-hopper/dppo/dppo-policy/dppo-hopper-seed0
04:42:10|INFO|Number of network parameters: 553020
04:42:10|INFO|Policy created...
04:42:10|INFO|Initialized RolloutBuffer buffer_size=1024 action_shape=(1024, 20, 4, 3) value_shape=(1024,)
04:42:10|INFO|Algorithm created: 
<plugrl_server.algorithm.dppo.dppo.DPPOAlgorithm object at 0x77bf1f7785d0>
04:42:10|INFO|Agent Server is listening on 0.0.0.0:9800
/home/guangzhao/zuogou/plugrl/plugrl-server/.venv/lib/python3.11/site-packages/torch/utils/data/dataloader.py:665: UserWarning: 'pin_memory' argument is set as true but no accelerator is found, then device pinned memory won't be used.
  warnings.warn(warn_msg)
04:45:04|INFO|Checkpoint saved at step 20481 to /home/guangzhao/zuogou/plugrl/e31/experiments/e31-dppo-longer/results/dppo-hopper/dppo/dppo-policy/dppo-hopper-seed0/20481
04:47:56|INFO|Checkpoint saved at step 40960 to /home/guangzhao/zuogou/plugrl/e31/experiments/e31-dppo-longer/results/dppo-hopper/dppo/dppo-policy/dppo-hopper-seed0/40960
04:50:47|INFO|Checkpoint saved at step 61441 to /home/guangzhao/zuogou/plugrl/e31/experiments/e31-dppo-longer/results/dppo-hopper/dppo/dppo-policy/dppo-hopper-seed0/61441
04:53:50|INFO|Checkpoint saved at step 81921 to /home/guangzhao/zuogou/plugrl/e31/experiments/e31-dppo-longer/results/dppo-hopper/dppo/dppo-policy/dppo-hopper-seed0/81921
04:57:18|INFO|Checkpoint saved at step 102401 to /home/guangzhao/zuogou/plugrl/e31/experiments/e31-dppo-longer/results/dppo-hopper/dppo/dppo-policy/dppo-hopper-seed0/102401
05:01:02|INFO|Checkpoint saved at step 122881 to /home/guangzhao/zuogou/plugrl/e31/experiments/e31-dppo-longer/results/dppo-hopper/dppo/dppo-policy/dppo-hopper-seed0/122881
05:04:16|INFO|Checkpoint saved at step 143361 to /home/guangzhao/zuogou/plugrl/e31/experiments/e31-dppo-longer/results/dppo-hopper/dppo/dppo-policy/dppo-hopper-seed0/143361
05:07:28|INFO|Checkpoint saved at step 163841 to /home/guangzhao/zuogou/plugrl/e31/experiments/e31-dppo-longer/results/dppo-hopper/dppo/dppo-policy/dppo-hopper-seed0/163841
05:10:40|INFO|Checkpoint saved at step 184321 to /home/guangzhao/zuogou/plugrl/e31/experiments/e31-dppo-longer/results/dppo-hopper/dppo/dppo-policy/dppo-hopper-seed0/184321
05:13:52|INFO|Checkpoint saved at step 204801 to /home/guangzhao/zuogou/plugrl/e31/experiments/e31-dppo-longer/results/dppo-hopper/dppo/dppo-policy/dppo-hopper-seed0/204801
05:17:05|INFO|Checkpoint saved at step 225281 to /home/guangzhao/zuogou/plugrl/e31/experiments/e31-dppo-longer/results/dppo-hopper/dppo/dppo-policy/dppo-hopper-seed0/225281
05:20:05|INFO|Checkpoint saved at step 245761 to /home/guangzhao/zuogou/plugrl/e31/experiments/e31-dppo-longer/results/dppo-hopper/dppo/dppo-policy/dppo-hopper-seed0/245761
05:23:03|INFO|Checkpoint saved at step 266241 to /home/guangzhao/zuogou/plugrl/e31/experiments/e31-dppo-longer/results/dppo-hopper/dppo/dppo-policy/dppo-hopper-seed0/266241
05:26:17|INFO|Checkpoint saved at step 286721 to /home/guangzhao/zuogou/plugrl/e31/experiments/e31-dppo-longer/results/dppo-hopper/dppo/dppo-policy/dppo-hopper-seed0/286721
05:30:18|INFO|Checkpoint saved at step 307201 to /home/guangzhao/zuogou/plugrl/e31/experiments/e31-dppo-longer/results/dppo-hopper/dppo/dppo-policy/dppo-hopper-seed0/307201
05:30:18|INFO|Stopping server as the algorithm signaled to stop.
05:30:18|INFO|Shutdown started: aborting pending infer requests.
05:30:18|INFO|Shutdown cleanup finished: pending_futures=1, drained_requests=1
05:30:18|INFO|Shutdown closing 1 websocket connection(s).
05:30:18|INFO|Shutdown interrupted an in-flight inference request from ('127.0.0.1', 49052).
05:30:18|INFO|WebSocket server closed.
05:30:18|INFO|Scheduler task cancelled and cleaned up.
