04:53:27|INFO|plugrl_server version: 0.1.0
04:53:27|INFO|Algorithm: dppo, Config: DPPOAlgoConfigHopper(global_steps=102400, gamma=0.99, gamma_denoising=0.99, actor_lr=0.0001, critic_lr=0.001, actor_weight_decay=0.0, critic_weight_decay=0.0, actor_lr_scheduler=SchedulerConfig(min_lr=0.0001, warmup_steps=10), critic_lr_scheduler=SchedulerConfig(min_lr=0.001, warmup_steps=10), buffer_size=1024, gae_lambda=0.95, update_epochs=5, norm_adv=True, clip_ploss_coef=0.01, clip_ploss_coef_base=0.01, clip_ploss_coef_rate=3, clip_vloss_coef=inf, ent_coef=0.0, vf_coef=0.5, max_grad_norm=inf, target_kl=inf, logprob_noise_level=1.0, sampling_noise_level=1.0, logprob_clamp_min=-5.0, logprob_clamp_max=2.0, clip_advantage_lower_quantile=0, clip_advantage_upper_quantile=1, n_critic_warmup_itrs=0, use_normalized_rewards=True, batch_size=512, train_itrs=100, save_interval=20, grad_accum_steps=8, policy_checkpoint_path=None, restore='all')
04:53:27|INFO|Policy: fpo-policy, Config: FPOPolicyConfig(algo='dppo', device=device(type='cpu'), obs_dim=11, action_dim=3, flow_steps=10, timestep_embed_dim=8, action_horizon=4, feather_std=0.0, policy_mlp_output_scale=0.25, normalize_observations=True, hidden_dims=(32, 32, 32, 32), value_hidden_dims=(256, 256, 256, 256, 256), state_keys=('obs',))
04:53:27|INFO|Seeded python, numpy and torch with 1. One env client is then reproducible; several are not, because batch composition depends on when their requests arrive.
04:53:27|INFO|Checkpoint Manager created: 
<plugrl_server.common.checkpoint_manager.CheckpointManager object at 0x7e14ec8edd10> at /home/guangzhao/zuogou/plugrl/e30/experiments/e30-fpo-dppo-factors/results/chunk4/dppo/fpo-policy/chunk4-seed1
04:53:27|INFO|Policy created...
04:53:27|INFO|Initialized RolloutBuffer buffer_size=1024 action_shape=(1024, 10, 4, 3) value_shape=(1024,)
04:53:27|INFO|Algorithm created: 
<plugrl_server.algorithm.dppo.dppo.DPPOAlgorithm object at 0x7e14ecdefc90>
04:53:27|INFO|Agent Server is listening on 0.0.0.0:9711
/home/guangzhao/zuogou/plugrl/plugrl-server/.venv/lib/python3.11/site-packages/torch/utils/data/dataloader.py:665: UserWarning: 'pin_memory' argument is set as true but no accelerator is found, then device pinned memory won't be used.
  warnings.warn(warn_msg)
04:54:55|INFO|Checkpoint saved at step 20481 to /home/guangzhao/zuogou/plugrl/e30/experiments/e30-fpo-dppo-factors/results/chunk4/dppo/fpo-policy/chunk4-seed1/20481
04:56:24|INFO|Checkpoint saved at step 40961 to /home/guangzhao/zuogou/plugrl/e30/experiments/e30-fpo-dppo-factors/results/chunk4/dppo/fpo-policy/chunk4-seed1/40961
04:57:51|INFO|Checkpoint saved at step 61441 to /home/guangzhao/zuogou/plugrl/e30/experiments/e30-fpo-dppo-factors/results/chunk4/dppo/fpo-policy/chunk4-seed1/61441
04:59:22|INFO|Checkpoint saved at step 81921 to /home/guangzhao/zuogou/plugrl/e30/experiments/e30-fpo-dppo-factors/results/chunk4/dppo/fpo-policy/chunk4-seed1/81921
05:00:59|INFO|Checkpoint saved at step 102400 to /home/guangzhao/zuogou/plugrl/e30/experiments/e30-fpo-dppo-factors/results/chunk4/dppo/fpo-policy/chunk4-seed1/102400
05:00:59|INFO|Stopping server as the algorithm signaled to stop.
05:00:59|INFO|Shutdown started: aborting pending infer requests.
05:00:59|INFO|Shutdown cleanup finished: pending_futures=1, drained_requests=1
05:00:59|INFO|Shutdown closing 1 websocket connection(s).
05:00:59|INFO|Shutdown interrupted an in-flight inference request from ('127.0.0.1', 43538).
05:00:59|INFO|WebSocket server closed.
05:00:59|INFO|Scheduler task cancelled and cleaned up.
