19:16:37|INFO|plugrl_server version: 0.1.0
19:16:37|INFO|Algorithm: fpo, Config: FPOAlgoConfig(global_steps=40960, buffer_size=4096, output_mode='u_but_supervise_as_eps', fpo_playground_trick=True, treat_truncated_as_done=False, discounting=0.995, reward_scaling=10.0, gae_lambda=0.95, batch_size=1024, num_updates_per_batch=16, learning_rate=0.0003, value_loss_coeff=0.25, clipping_epsilon=0.05, normalize_advantage=True, n_critic_warmup_itrs=0, max_policy_drift=0.0, n_samples_per_action=8, discretize_t_for_training=True, average_losses_before_exp=True, cfm_loss_steps=None, cfm_loss_dims=None, cfm_loss_sum_over_steps=False, ratio_per_sample=False, critic_learning_rate=None, adam_eps=1e-08, weight_decay=0.0, actor_adam_beta2=0.999, max_grad_norm=None, normalize_advantage_per_minibatch=False, cfm_loss_huber_delta=None, save_interval=5, policy_checkpoint_path=None, restore='all', master_weights_device=None)
19:16:37|INFO|Policy: fpo-policy, Config: FPOPolicyConfig(algo='fpo', device=device(type='cpu'), obs_dim=17, action_dim=6, flow_steps=10, timestep_embed_dim=8, action_horizon=1, feather_std=0.0, policy_mlp_output_scale=0.25, normalize_observations=True, freeze_obs_stats=False, hidden_dims=(32, 32, 32, 32), value_hidden_dims=(256, 256, 256, 256, 256), state_keys=('obs',))
19:16:37|INFO|Seeded python, numpy and torch with 0. One env client is then reproducible; several are not, because batch composition depends on when their requests arrive.
19:16:37|INFO|Checkpoint Manager created: 
<plugrl_server.common.checkpoint_manager.CheckpointManager object at 0x745a62148e50> at /home/guangzhao/zuogou/plugrl/e47/reg-train/fpo/fpo-policy/halfcheetah-fix
19:16:37|INFO|Policy created...
19:16:37|INFO|Initialized RolloutBuffer buffer_size=4096 action_shape=(4096, 1, 6) value_shape=(4096, 1)
19:16:37|INFO|Algorithm created: 
<plugrl_server.algorithm.fpo.fpo.FPOAlgorithm object at 0x745a61abf350>
19:16:37|INFO|Agent Server is listening on 0.0.0.0:9912
19:17:09|INFO|Checkpoint saved at step 20480 to /home/guangzhao/zuogou/plugrl/e47/reg-train/fpo/fpo-policy/halfcheetah-fix/20480
19:17:40|INFO|Checkpoint saved at step 40960 to /home/guangzhao/zuogou/plugrl/e47/reg-train/fpo/fpo-policy/halfcheetah-fix/40960
19:17:40|INFO|Stopping server as the algorithm signaled to stop.
19:17:40|INFO|Shutdown started: aborting pending infer requests.
19:17:40|INFO|Shutdown cleanup finished: pending_futures=1, drained_requests=1
19:17:40|INFO|Shutdown closing 1 websocket connection(s).
19:17:40|INFO|Shutdown interrupted an in-flight inference request from ('127.0.0.1', 35378).
19:17:40|INFO|WebSocket server closed.
19:17:40|INFO|Scheduler task cancelled and cleaned up.
